src/cli/doctor-cli.ts(20,33): error TS2307: Cannot find module '@zeo/env' or its corresponding type declarations.
src/cli/doctor-cli.ts(26,17): error TS1309: The current file is a CommonJS module and cannot use 'await' at the top level.
src/cli/doctor-cli.ts(41,41): error TS1470: The 'import.meta' meta-property is not allowed in files which will build into CommonJS output.
src/cli/doctor-cli.ts(1038,13): error TS7006: Parameter 'e' implicitly has an 'any' type.
src/cli/doctor-cli.ts(1166,25): error TS18046: 'e' is of type 'unknown'.
src/cli/llm-cli.ts(54,9): error TS2551: Property 'ZEO_LLM_PROVIDER' does not exist on type 'ReachConfig'. Did you mean 'ZEO_PROVIDER'?
src/cli/llm-cli.ts(61,9): error TS2551: Property 'ZEO_LLM_MODEL' does not exist on type 'ReachConfig'. Did you mean 'ZEO_MODEL'?
src/cli/llm-cli.ts(68,9): error TS2339: Property 'ZEO_LLM_BASE_URL' does not exist on type 'ReachConfig'.
src/cli/llm-cli.ts(74,9): error TS2339: Property 'ZEO_LLM_API_KEY' does not exist on type 'ReachConfig'.
src/cli/llm-cli.ts(80,27): error TS2339: Property 'ZEO_LLM_SEED' does not exist on type 'ReachConfig'.
src/cli/perf-cli.ts(30,8): error TS2307: Cannot find module '@zeo/perf' or its corresponding type declarations.
src/cli/perf-cli.ts(32,3): error TS2305: Module '"@zeo/core"' has no exported member 'makeNegotiationExample'.
src/cli/perf-cli.ts(33,3): error TS2305: Module '"@zeo/core"' has no exported member 'makeOpsExample'.
src/cli/perf-cli.ts(34,3): error TS2305: Module '"@zeo/core"' has no exported member 'runDecision'.
src/cli/perf-cli.ts(35,3): error TS2305: Module '"@zeo/core"' has no exported member 'computeDeterministicSeed'.
src/cli/perf-cli.ts(36,3): error TS2305: Module '"@zeo/core"' has no exported member 'hashDecisionSpec'.
src/cli/perf-cli.ts(37,3): error TS2305: Module '"@zeo/core"' has no exported member 'canonicalizeDecisionSpec'.
src/cli/perf-cli.ts(39,28): error TS2307: Cannot find module '@zeo/replay' or its corresponding type declarations.
src/cli/perf-cli.ts(40,10): error TS2614: Module '"@zeo/contracts"' has no exported member 'ZeoError'. Did you mean to use 'import ZeoError from "@zeo/contracts"' instead?
src/cli/perf-cli.ts(40,45): error TS2614: Module '"@zeo/contracts"' has no exported member 'ReplayOptions'. Did you mean to use 'import ReplayOptions from "@zeo/contracts"' instead?
src/cli/perf-cli.ts(666,34): error TS2339: Property 'cases' does not exist on type 'ReplayDataset'.
src/cli/perf-cli.ts(668,31): error TS2339: Property 'cases' does not exist on type 'ReplayDataset'.
src/cli/perf-cli.ts(669,30): error TS2339: Property 'cases' does not exist on type 'ReplayDataset'.
src/cli/perf-cli.ts(670,53): error TS2339: Property 'cases' does not exist on type 'ReplayDataset'.
src/cli/perf-cli.ts(722,26): error TS2339: Property 'datasetId' does not exist on type 'ReplayDataset'.
src/cli/plugins-cli.ts(60,71): error TS2345: Argument of type 'string | undefined' is not assignable to parameter of type 'string'.
  Type 'undefined' is not assignable to type 'string'.
src/cli/render-cli.ts(40,17): error TS18046: 'policy.id' is of type 'unknown'.
src/cli/render-cli.ts(40,60): error TS18046: 'policy.id' is of type 'unknown'.
src/cli/render-cli.ts(66,9): error TS18046: 'b.severity' is of type 'unknown'.
src/cli/render-cli.ts(66,22): error TS18046: 'a.severity' is of type 'unknown'.
src/cli/render-cli.ts(67,26): error TS2345: Argument of type '{}' is not assignable to parameter of type 'string'.
src/cli/render-cli.ts(68,26): error TS2345: Argument of type 'unknown' is not assignable to parameter of type 'string'.
src/cli/render-cli.ts(80,21): error TS18046: 'b.severity' is of type 'unknown'.
src/cli/render-cli.ts(80,34): error TS18046: 'a.severity' is of type 'unknown'.
src/cli/render-cli.ts(80,65): error TS2345: Argument of type 'unknown' is not assignable to parameter of type 'string'.
src/cli/status-cli.ts(3,37): error TS2307: Cannot find module '@zeo/ledger' or its corresponding type declarations.
src/cli/status-cli.ts(11,33): error TS7006: Parameter 'a' implicitly has an 'any' type.
src/cli/status-cli.ts(14,28): error TS7006: Parameter 'a' implicitly has an 'any' type.
src/cli/status-cli.ts(14,31): error TS7006: Parameter 'b' implicitly has an 'any' type.
src/cli/status-cli.ts(22,19): error TS7006: Parameter 'a' implicitly has an 'any' type.
src/cli/studio-cli.ts(56,9): error TS2769: No overload matches this call.
  The last overload gave the following error.
    Type '{ PORT: string | number; TZ?: string | undefined; NODE_ENV?: string; }' is not assignable to type 'ProcessEnv'.
      Property 'PORT' is incompatible with index signature.
        Type 'string | number' is not assignable to type 'string | undefined'.
          Type 'number' is not assignable to type 'string'.
src/cli/studio-cli.ts(62,9): error TS2769: No overload matches this call.
  The last overload gave the following error.
    Type '{ PORT: string | number; TZ?: string | undefined; NODE_ENV?: string; }' is not assignable to type 'ProcessEnv'.
      Property 'PORT' is incompatible with index signature.
        Type 'string | number' is not assignable to type 'string | undefined'.
          Type 'number' is not assignable to type 'string'.
src/cli/studio-cli.ts(131,27): error TS2339: Property 'loadSnapshot' does not exist on type '{ default: typeof import("C:/Users/scott/Documents/GitHub/Reach/src/core/shim"); activateDeterministicMode(opts: { seed: string; clock?: { now: () => string; timestamp: () => number; } | undefined; }): void; ... 21 more ...; HASH_VERSION: "sha256-cjson-v1"; }'.
src/cli/studio-cli.ts(173,33): error TS2339: Property 'replayRun' does not exist on type '{ default: typeof import("C:/Users/scott/Documents/GitHub/Reach/src/core/shim"); activateDeterministicMode(opts: { seed: string; clock?: { now: () => string; timestamp: () => number; } | undefined; }): void; ... 21 more ...; HASH_VERSION: "sha256-cjson-v1"; }'.
src/cli/studio-cli.ts(188,26): error TS2339: Property 'loadEvidenceGraph' does not exist on type '{ default: typeof import("C:/Users/scott/Documents/GitHub/Reach/src/core/shim"); activateDeterministicMode(opts: { seed: string; clock?: { now: () => string; timestamp: () => number; } | undefined; }): void; ... 21 more ...; HASH_VERSION: "sha256-cjson-v1"; }'.
src/cli/studio-cli.ts(195,31): error TS2339: Property 'getDefaultToolRegistry' does not exist on type '{ default: typeof import("C:/Users/scott/Documents/GitHub/Reach/src/core/shim"); activateDeterministicMode(opts: { seed: string; clock?: { now: () => string; timestamp: () => number; } | undefined; }): void; ... 21 more ...; HASH_VERSION: "sha256-cjson-v1"; }'.
src/cli/workflow-cli.ts(190,5): error TS2353: Object literal may only specify known properties, and 'decisionType' does not exist in type 'DecisionSpec'.
src/cli/workflow-cli.ts(355,3): error TS2322: Type 'string | undefined' is not assignable to type 'string'.
  Type 'undefined' is not assignable to type 'string'.
src/cli/workflow-cli.ts(509,28): error TS2345: Argument of type 'NonSharedBuffer' is not assignable to parameter of type 'string'.
src/cli/workflow-cli.ts(679,20): error TS2345: Argument of type 'string | undefined' is not assignable to parameter of type 'string'.
  Type 'undefined' is not assignable to type 'string'.
src/cli/workflow-cli.ts(714,30): error TS7006: Parameter 'e' implicitly has an 'any' type.
src/cli/workflow-cli.ts(720,65): error TS7006: Parameter 'f' implicitly has an 'any' type.
src/cli/workflow-cli.ts(747,59): error TS7006: Parameter 'item' implicitly has an 'any' type.
src/cli/workflow-cli.ts(1447,33): error TS2345: Argument of type 'NonSharedBuffer' is not assignable to parameter of type 'string'.
src/cli/workflow-cli.ts(1886,9): error TS2345: Argument of type 'boolean | undefined' is not assignable to parameter of type 'boolean'.
  Type 'undefined' is not assignable to type 'boolean'.
src/cli/workflow-cli.ts(1953,7): error TS2367: This comparison appears to be unintentional because the types '"evidence" | "decision" | "template" | "streaks" | "review"' and '"summary"' have no overlap.
src/lib/observability.ts(66,32): error TS2345: Argument of type '"none" | "safe" | "strict"' is not assignable to parameter of type 'RedactMode'.
  Type '"none"' is not assignable to type 'RedactMode'.
