apps/arcade/src/__tests__/readylayer-suite.test.ts(51,45): error TS2835: Relative import paths need explicit file extensions in ECMAScript imports when '--moduleResolution' is 'node16' or 'nodenext'. Did you mean '../lib/cloud-schemas.js'?
apps/arcade/src/__tests__/readylayer-suite.test.ts(76,42): error TS2835: Relative import paths need explicit file extensions in ECMAScript imports when '--moduleResolution' is 'node16' or 'nodenext'. Did you mean '../lib/alert-service.js'?
apps/arcade/src/app/api/ci/ingest/route.ts(11,31): error TS2307: Cannot find module '@/lib/cloud-auth' or its corresponding type declarations.
apps/arcade/src/app/api/ci/ingest/route.ts(12,61): error TS2307: Cannot find module '@/lib/cloud-db' or its corresponding type declarations.
apps/arcade/src/app/api/ci/ingest/route.ts(13,43): error TS2307: Cannot find module '@/lib/cloud-schemas' or its corresponding type declarations.
apps/arcade/src/app/api/ci/ingest/route.ts(14,25): error TS2307: Cannot find module '@/lib/gate-engine' or its corresponding type declarations.
apps/arcade/src/app/api/ci/ingest/route.ts(15,24): error TS2307: Cannot find module '@/lib/logger' or its corresponding type declarations.
apps/arcade/src/app/api/ci/ingest/route.ts(50,38): error TS7006: Parameter 'g' implicitly has an 'any' type.
apps/arcade/src/app/api/ci/ingest/route.ts(60,55): error TS7006: Parameter 'err' implicitly has an 'any' type.
apps/arcade/src/app/api/github/webhook/route.ts(9,48): error TS2307: Cannot find module '@/lib/cloud-db' or its corresponding type declarations.
apps/arcade/src/app/api/github/webhook/route.ts(10,55): error TS2307: Cannot find module '@/lib/gate-engine' or its corresponding type declarations.
apps/arcade/src/app/api/github/webhook/route.ts(11,24): error TS2307: Cannot find module '@/lib/logger' or its corresponding type declarations.
apps/arcade/src/app/api/github/webhook/route.ts(103,49): error TS7006: Parameter 'err' implicitly has an 'any' type.
apps/arcade/src/app/api/monitor/ingest/route.ts(9,31): error TS2307: Cannot find module '@/lib/cloud-auth' or its corresponding type declarations.
apps/arcade/src/app/api/monitor/ingest/route.ts(10,45): error TS2307: Cannot find module '@/lib/cloud-db' or its corresponding type declarations.
apps/arcade/src/app/api/monitor/ingest/route.ts(11,48): error TS2307: Cannot find module '@/lib/cloud-schemas' or its corresponding type declarations.
apps/arcade/src/app/api/monitor/ingest/route.ts(12,45): error TS2307: Cannot find module '@/lib/alert-service' or its corresponding type declarations.
apps/arcade/src/app/api/run/route.ts(2,26): error TS2307: Cannot find module '@/lib/packs' or its corresponding type declarations.
apps/arcade/src/app/api/run/route.ts(3,32): error TS2307: Cannot find module '@/lib/ratelimit' or its corresponding type declarations.
apps/arcade/src/app/api/run/route.ts(4,31): error TS2307: Cannot find module '@/lib/sanitize' or its corresponding type declarations.
apps/arcade/src/app/api/run/route.ts(5,24): error TS2307: Cannot find module '@/lib/logger' or its corresponding type declarations.
apps/arcade/src/app/api/v1/alerts/[id]/route.ts(2,72): error TS2307: Cannot find module '@/lib/cloud-auth' or its corresponding type declarations.
apps/arcade/src/app/api/v1/alerts/[id]/route.ts(3,50): error TS2307: Cannot find module '@/lib/cloud-db' or its corresponding type declarations.
apps/arcade/src/app/api/v1/alerts/[id]/route.ts(4,50): error TS2307: Cannot find module '@/lib/cloud-schemas' or its corresponding type declarations.
apps/arcade/src/app/api/v1/alerts/route.ts(2,72): error TS2307: Cannot find module '@/lib/cloud-auth' or its corresponding type declarations.
apps/arcade/src/app/api/v1/alerts/route.ts(3,49): error TS2307: Cannot find module '@/lib/cloud-db' or its corresponding type declarations.
apps/arcade/src/app/api/v1/alerts/route.ts(4,50): error TS2307: Cannot find module '@/lib/cloud-schemas' or its corresponding type declarations.
apps/arcade/src/app/api/v1/api-keys/[id]/route.ts(2,72): error TS2307: Cannot find module '@/lib/cloud-auth' or its corresponding type declarations.
apps/arcade/src/app/api/v1/api-keys/[id]/route.ts(3,30): error TS2307: Cannot find module '@/lib/cloud-db' or its corresponding type declarations.
apps/arcade/src/app/api/v1/api-keys/route.ts(2,72): error TS2307: Cannot find module '@/lib/cloud-auth' or its corresponding type declarations.
apps/arcade/src/app/api/v1/api-keys/route.ts(3,43): error TS2307: Cannot find module '@/lib/cloud-db' or its corresponding type declarations.
apps/arcade/src/app/api/v1/api-keys/route.ts(4,47): error TS2307: Cannot find module '@/lib/cloud-schemas' or its corresponding type declarations.
apps/arcade/src/app/api/v1/api-keys/route.ts(5,24): error TS2307: Cannot find module '@/lib/logger' or its corresponding type declarations.
apps/arcade/src/app/api/v1/api-keys/route.ts(12,47): error TS7006: Parameter 'k' implicitly has an 'any' type.
apps/arcade/src/app/api/v1/audit/route.ts(2,49): error TS2307: Cannot find module '@/lib/cloud-auth' or its corresponding type declarations.
apps/arcade/src/app/api/v1/audit/route.ts(3,33): error TS2307: Cannot find module '@/lib/cloud-db' or its corresponding type declarations.
apps/arcade/src/app/api/v1/auth/github/callback/route.ts(2,21): error TS2307: Cannot find module '@/lib/env' or its corresponding type declarations.
apps/arcade/src/app/api/v1/auth/github/callback/route.ts(3,54): error TS2307: Cannot find module '@/lib/cloud-auth' or its corresponding type declarations.
apps/arcade/src/app/api/v1/auth/github/callback/route.ts(4,24): error TS2307: Cannot find module '@/lib/logger' or its corresponding type declarations.
apps/arcade/src/app/api/v1/auth/github/callback/route.ts(5,29): error TS2307: Cannot find module '@/lib/analytics-server' or its corresponding type declarations.
apps/arcade/src/app/api/v1/auth/github/callback/route.ts(116,22): error TS2307: Cannot find module '@/lib/cloud-db' or its corresponding type declarations.
apps/arcade/src/app/api/v1/auth/github/route.ts(2,21): error TS2307: Cannot find module '@/lib/env' or its corresponding type declarations.
apps/arcade/src/app/api/v1/auth/github/route.ts(3,36): error TS2307: Cannot find module '@/lib/cloud-auth' or its corresponding type declarations.
apps/arcade/src/app/api/v1/auth/github/route.ts(4,29): error TS2307: Cannot find module '@/lib/analytics-server' or its corresponding type declarations.
apps/arcade/src/app/api/v1/auth/login/route.ts(2,67): error TS2307: Cannot find module '@/lib/cloud-db' or its corresponding type declarations.
apps/arcade/src/app/api/v1/auth/login/route.ts(3,32): error TS2307: Cannot find module '@/lib/cloud-db' or its corresponding type declarations.
apps/arcade/src/app/api/v1/auth/login/route.ts(4,40): error TS2307: Cannot find module '@/lib/cloud-schemas' or its corresponding type declarations.
apps/arcade/src/app/api/v1/auth/login/route.ts(5,54): error TS2307: Cannot find module '@/lib/cloud-auth' or its corresponding type declarations.
apps/arcade/src/app/api/v1/auth/login/route.ts(6,24): error TS2307: Cannot find module '@/lib/logger' or its corresponding type declarations.
apps/arcade/src/app/api/v1/auth/logout/route.ts(2,31): error TS2307: Cannot find module '@/lib/cloud-db' or its corresponding type declarations.
apps/arcade/src/app/api/v1/auth/logout/route.ts(3,36): error TS2307: Cannot find module '@/lib/cloud-auth' or its corresponding type declarations.
apps/arcade/src/app/api/v1/auth/magic-link/route.ts(2,36): error TS2307: Cannot find module '@/lib/cloud-auth' or its corresponding type declarations.
apps/arcade/src/app/api/v1/auth/magic-link/route.ts(3,32): error TS2307: Cannot find module '@/lib/ratelimit' or its corresponding type declarations.
apps/arcade/src/app/api/v1/auth/magic-link/route.ts(4,24): error TS2307: Cannot find module '@/lib/logger' or its corresponding type declarations.
apps/arcade/src/app/api/v1/auth/magic-link/route.ts(5,29): error TS2307: Cannot find module '@/lib/analytics-server' or its corresponding type declarations.
apps/arcade/src/app/api/v1/auth/magic-link/route.ts(100,22): error TS2307: Cannot find module '@/lib/cloud-db' or its corresponding type declarations.
apps/arcade/src/app/api/v1/auth/magic-link/route.ts(101,47): error TS2307: Cannot find module '@/lib/cloud-auth' or its corresponding type declarations.
apps/arcade/src/app/api/v1/auth/me/route.ts(2,49): error TS2307: Cannot find module '@/lib/cloud-auth' or its corresponding type declarations.
apps/arcade/src/app/api/v1/auth/me/route.ts(3,49): error TS2307: Cannot find module '@/lib/cloud-db' or its corresponding type declarations.
apps/arcade/src/app/api/v1/auth/me/route.ts(4,24): error TS2307: Cannot find module '@/lib/logger' or its corresponding type declarations.
apps/arcade/src/app/api/v1/auth/me/route.ts(14,49): error TS7006: Parameter 'k' implicitly has an 'any' type.
apps/arcade/src/app/api/v1/auth/register/route.ts(9,8): error TS2307: Cannot find module '@/lib/cloud-db' or its corresponding type declarations.
apps/arcade/src/app/api/v1/auth/register/route.ts(10,43): error TS2307: Cannot find module '@/lib/cloud-schemas' or its corresponding type declarations.
apps/arcade/src/app/api/v1/auth/register/route.ts(11,54): error TS2307: Cannot find module '@/lib/cloud-auth' or its corresponding type declarations.
apps/arcade/src/app/api/v1/auth/register/route.ts(12,24): error TS2307: Cannot find module '@/lib/logger' or its corresponding type declarations.
apps/arcade/src/app/api/v1/billing/checkout/route.ts(2,49): error TS2307: Cannot find module '@/lib/cloud-auth' or its corresponding type declarations.
apps/arcade/src/app/api/v1/billing/checkout/route.ts(3,32): error TS2307: Cannot find module '@/lib/cloud-db' or its corresponding type declarations.
apps/arcade/src/app/api/v1/billing/checkout/route.ts(4,61): error TS2307: Cannot find module '@/lib/stripe' or its corresponding type declarations.
apps/arcade/src/app/api/v1/billing/checkout/route.ts(5,43): error TS2307: Cannot find module '@/lib/cloud-schemas' or its corresponding type declarations.
apps/arcade/src/app/api/v1/billing/checkout/route.ts(6,21): error TS2307: Cannot find module '@/lib/env' or its corresponding type declarations.
apps/arcade/src/app/api/v1/billing/checkout/route.ts(7,24): error TS2307: Cannot find module '@/lib/logger' or its corresponding type declarations.
apps/arcade/src/app/api/v1/billing/checkout/route.ts(43,72): error TS18046: 'err' is of type 'unknown'.
apps/arcade/src/app/api/v1/billing/portal/route.ts(2,49): error TS2307: Cannot find module '@/lib/cloud-auth' or its corresponding type declarations.
apps/arcade/src/app/api/v1/billing/portal/route.ts(3,32): error TS2307: Cannot find module '@/lib/cloud-db' or its corresponding type declarations.
apps/arcade/src/app/api/v1/billing/portal/route.ts(4,59): error TS2307: Cannot find module '@/lib/stripe' or its corresponding type declarations.
apps/arcade/src/app/api/v1/billing/portal/route.ts(5,24): error TS2307: Cannot find module '@/lib/logger' or its corresponding type declarations.
apps/arcade/src/app/api/v1/billing/portal/route.ts(26,72): error TS18046: 'err' is of type 'unknown'.
apps/arcade/src/app/api/v1/billing/route.ts(2,49): error TS2307: Cannot find module '@/lib/cloud-auth' or its corresponding type declarations.
apps/arcade/src/app/api/v1/billing/route.ts(3,47): error TS2307: Cannot find module '@/lib/cloud-db' or its corresponding type declarations.
apps/arcade/src/app/api/v1/billing/webhook/route.ts(9,80): error TS2307: Cannot find module '@/lib/stripe' or its corresponding type declarations.
apps/arcade/src/app/api/v1/billing/webhook/route.ts(15,8): error TS2307: Cannot find module '@/lib/cloud-db' or its corresponding type declarations.
apps/arcade/src/app/api/v1/billing/webhook/route.ts(18,21): error TS2307: Cannot find module '@/lib/env' or its corresponding type declarations.
apps/arcade/src/app/api/v1/billing/webhook/route.ts(19,24): error TS2307: Cannot find module '@/lib/logger' or its corresponding type declarations.
apps/arcade/src/app/api/v1/billing/webhook/route.ts(60,41): error TS18046: 'err' is of type 'unknown'.
apps/arcade/src/app/api/v1/billing/webhook/route.ts(127,52): error TS2307: Cannot find module '@/lib/cloud-db' or its corresponding type declarations.
apps/arcade/src/app/api/v1/events/route.ts(2,29): error TS2307: Cannot find module '@/lib/analytics-server' or its corresponding type declarations.
apps/arcade/src/app/api/v1/events/route.ts(3,37): error TS2307: Cannot find module '@/lib/analytics' or its corresponding type declarations.
apps/arcade/src/app/api/v1/events/route.ts(4,32): error TS2307: Cannot find module '@/lib/ratelimit' or its corresponding type declarations.
apps/arcade/src/app/api/v1/events/route.ts(5,24): error TS2307: Cannot find module '@/lib/logger' or its corresponding type declarations.
apps/arcade/src/app/api/v1/execute/route.ts(2,32): error TS2307: Cannot find module '@/lib/ratelimit' or its corresponding type declarations.
apps/arcade/src/app/api/v1/execute/route.ts(3,29): error TS2307: Cannot find module '@/lib/analytics-server' or its corresponding type declarations.
apps/arcade/src/app/api/v1/execute/route.ts(4,47): error TS2307: Cannot find module '@/lib/runtime' or its corresponding type declarations.
apps/arcade/src/app/api/v1/execute/route.ts(5,53): error TS2307: Cannot find module '@/lib/runtime' or its corresponding type declarations.
apps/arcade/src/app/api/v1/gates/[id]/route.ts(2,72): error TS2307: Cannot find module '@/lib/cloud-auth' or its corresponding type declarations.
apps/arcade/src/app/api/v1/gates/[id]/route.ts(3,63): error TS2307: Cannot find module '@/lib/cloud-db' or its corresponding type declarations.
apps/arcade/src/app/api/v1/gates/[id]/route.ts(4,45): error TS2307: Cannot find module '@/lib/cloud-schemas' or its corresponding type declarations.
apps/arcade/src/app/api/v1/gates/[id]/run/route.ts(2,59): error TS2307: Cannot find module '@/lib/cloud-auth' or its corresponding type declarations.
apps/arcade/src/app/api/v1/gates/[id]/run/route.ts(3,40): error TS2307: Cannot find module '@/lib/cloud-db' or its corresponding type declarations.
apps/arcade/src/app/api/v1/gates/[id]/run/route.ts(4,49): error TS2307: Cannot find module '@/lib/cloud-schemas' or its corresponding type declarations.
apps/arcade/src/app/api/v1/gates/[id]/run/route.ts(5,25): error TS2307: Cannot find module '@/lib/gate-engine' or its corresponding type declarations.
apps/arcade/src/app/api/v1/gates/[id]/run/route.ts(38,49): error TS7006: Parameter 'err' implicitly has an 'any' type.
apps/arcade/src/app/api/v1/gates/route.ts(2,72): error TS2307: Cannot find module '@/lib/cloud-auth' or its corresponding type declarations.
apps/arcade/src/app/api/v1/gates/route.ts(3,39): error TS2307: Cannot find module '@/lib/cloud-db' or its corresponding type declarations.
apps/arcade/src/app/api/v1/gates/route.ts(4,45): error TS2307: Cannot find module '@/lib/cloud-schemas' or its corresponding type declarations.
apps/arcade/src/app/api/v1/marketplace/[id]/install/route.ts(2,59): error TS2307: Cannot find module '@/lib/cloud-auth' or its corresponding type declarations.
apps/arcade/src/app/api/v1/marketplace/[id]/install/route.ts(3,75): error TS2307: Cannot find module '@/lib/cloud-db' or its corresponding type declarations.
apps/arcade/src/app/api/v1/marketplace/[id]/report/route.ts(2,59): error TS2307: Cannot find module '@/lib/cloud-auth' or its corresponding type declarations.
apps/arcade/src/app/api/v1/marketplace/[id]/report/route.ts(3,50): error TS2307: Cannot find module '@/lib/cloud-db' or its corresponding type declarations.
apps/arcade/src/app/api/v1/marketplace/[id]/report/route.ts(4,41): error TS2307: Cannot find module '@/lib/cloud-schemas' or its corresponding type declarations.
apps/arcade/src/app/api/v1/marketplace/[id]/review/route.ts(2,59): error TS2307: Cannot find module '@/lib/cloud-auth' or its corresponding type declarations.
apps/arcade/src/app/api/v1/marketplace/[id]/review/route.ts(3,51): error TS2307: Cannot find module '@/lib/cloud-db' or its corresponding type declarations.
apps/arcade/src/app/api/v1/marketplace/[id]/review/route.ts(4,41): error TS2307: Cannot find module '@/lib/cloud-schemas' or its corresponding type declarations.
apps/arcade/src/app/api/v1/marketplace/[id]/route.ts(2,58): error TS2307: Cannot find module '@/lib/cloud-db' or its corresponding type declarations.
apps/arcade/src/app/api/v1/marketplace/[id]/route.ts(3,36): error TS2307: Cannot find module '@/lib/cloud-auth' or its corresponding type declarations.
apps/arcade/src/app/api/v1/marketplace/[id]/route.ts(4,24): error TS2307: Cannot find module '@/lib/logger' or its corresponding type declarations.
apps/arcade/src/app/api/v1/marketplace/[id]/route.ts(24,33): error TS7006: Parameter 'v' implicitly has an 'any' type.
apps/arcade/src/app/api/v1/marketplace/publish/route.ts(12,72): error TS2307: Cannot find module '@/lib/cloud-auth' or its corresponding type declarations.
apps/arcade/src/app/api/v1/marketplace/publish/route.ts(13,63): error TS2307: Cannot find module '@/lib/cloud-db' or its corresponding type declarations.
apps/arcade/src/app/api/v1/marketplace/publish/route.ts(14,47): error TS2307: Cannot find module '@/lib/cloud-schemas' or its corresponding type declarations.
apps/arcade/src/app/api/v1/marketplace/publish/route.ts(38,43): error TS7006: Parameter 'e' implicitly has an 'any' type.
apps/arcade/src/app/api/v1/marketplace/publish/route.ts(52,45): error TS7006: Parameter 't' implicitly has an 'any' type.
apps/arcade/src/app/api/v1/marketplace/route.ts(2,29): error TS2307: Cannot find module '@/lib/cloud-db' or its corresponding type declarations.
apps/arcade/src/app/api/v1/marketplace/route.ts(3,46): error TS2307: Cannot find module '@/lib/cloud-schemas' or its corresponding type declarations.
apps/arcade/src/app/api/v1/marketplace/route.ts(4,36): error TS2307: Cannot find module '@/lib/cloud-auth' or its corresponding type declarations.
apps/arcade/src/app/api/v1/marketplace/route.ts(5,24): error TS2307: Cannot find module '@/lib/logger' or its corresponding type declarations.
apps/arcade/src/app/api/v1/playground/route.ts(2,32): error TS2307: Cannot find module '@/lib/ratelimit' or its corresponding type declarations.
apps/arcade/src/app/api/v1/playground/route.ts(3,29): error TS2307: Cannot find module '@/lib/analytics-server' or its corresponding type declarations.
apps/arcade/src/app/api/v1/projects/[id]/route.ts(2,49): error TS2307: Cannot find module '@/lib/cloud-auth' or its corresponding type declarations.
apps/arcade/src/app/api/v1/projects/[id]/route.ts(3,28): error TS2307: Cannot find module '@/lib/cloud-db' or its corresponding type declarations.
apps/arcade/src/app/api/v1/projects/route.ts(2,72): error TS2307: Cannot find module '@/lib/cloud-auth' or its corresponding type declarations.
apps/arcade/src/app/api/v1/projects/route.ts(3,45): error TS2307: Cannot find module '@/lib/cloud-db' or its corresponding type declarations.
apps/arcade/src/app/api/v1/projects/route.ts(4,48): error TS2307: Cannot find module '@/lib/cloud-schemas' or its corresponding type declarations.
apps/arcade/src/app/api/v1/providers/route.ts(2,53): error TS2307: Cannot find module '@/lib/runtime' or its corresponding type declarations.
apps/arcade/src/app/api/v1/reports/[id]/route.ts(9,49): error TS2307: Cannot find module '@/lib/cloud-auth' or its corresponding type declarations.
apps/arcade/src/app/api/v1/reports/[id]/route.ts(10,44): error TS2307: Cannot find module '@/lib/cloud-db' or its corresponding type declarations.
apps/arcade/src/app/api/v1/reports/[id]/share/route.ts(2,59): error TS2307: Cannot find module '@/lib/cloud-auth' or its corresponding type declarations.
apps/arcade/src/app/api/v1/reports/[id]/share/route.ts(3,35): error TS2307: Cannot find module '@/lib/cloud-db' or its corresponding type declarations.
apps/arcade/src/app/api/v1/reports/[id]/share/route.ts(4,52): error TS2307: Cannot find module '@/lib/cloud-schemas' or its corresponding type declarations.
apps/arcade/src/app/api/v1/reports/[id]/share/route.ts(5,21): error TS2307: Cannot find module '@/lib/env' or its corresponding type declarations.
apps/arcade/src/app/api/v1/reports/share/[slug]/route.ts(7,66): error TS2307: Cannot find module '@/lib/cloud-db' or its corresponding type declarations.
apps/arcade/src/app/api/v1/scenarios/[id]/route.ts(2,72): error TS2307: Cannot find module '@/lib/cloud-auth' or its corresponding type declarations.
apps/arcade/src/app/api/v1/scenarios/[id]/route.ts(3,79): error TS2307: Cannot find module '@/lib/cloud-db' or its corresponding type declarations.
apps/arcade/src/app/api/v1/scenarios/[id]/route.ts(4,49): error TS2307: Cannot find module '@/lib/cloud-schemas' or its corresponding type declarations.
apps/arcade/src/app/api/v1/scenarios/[id]/run/route.ts(2,59): error TS2307: Cannot find module '@/lib/cloud-auth' or its corresponding type declarations.
apps/arcade/src/app/api/v1/scenarios/[id]/run/route.ts(3,48): error TS2307: Cannot find module '@/lib/cloud-db' or its corresponding type declarations.
apps/arcade/src/app/api/v1/scenarios/[id]/run/route.ts(4,31): error TS2307: Cannot find module '@/lib/simulation-runner' or its corresponding type declarations.
apps/arcade/src/app/api/v1/scenarios/[id]/run/route.ts(28,59): error TS7006: Parameter 'err' implicitly has an 'any' type.
apps/arcade/src/app/api/v1/scenarios/route.ts(2,59): error TS2307: Cannot find module '@/lib/cloud-auth' or its corresponding type declarations.
apps/arcade/src/app/api/v1/scenarios/route.ts(3,47): error TS2307: Cannot find module '@/lib/cloud-db' or its corresponding type declarations.
apps/arcade/src/app/api/v1/scenarios/route.ts(4,49): error TS2307: Cannot find module '@/lib/cloud-schemas' or its corresponding type declarations.
apps/arcade/src/app/api/v1/seed/route.ts(15,8): error TS2307: Cannot find module '@/lib/cloud-db' or its corresponding type declarations.
apps/arcade/src/app/api/v1/signals/[id]/route.ts(2,72): error TS2307: Cannot find module '@/lib/cloud-auth' or its corresponding type declarations.
apps/arcade/src/app/api/v1/signals/[id]/route.ts(3,72): error TS2307: Cannot find module '@/lib/cloud-db' or its corresponding type declarations.
apps/arcade/src/app/api/v1/signals/[id]/route.ts(4,47): error TS2307: Cannot find module '@/lib/cloud-schemas' or its corresponding type declarations.
apps/arcade/src/app/api/v1/signals/route.ts(2,59): error TS2307: Cannot find module '@/lib/cloud-auth' or its corresponding type declarations.
apps/arcade/src/app/api/v1/signals/route.ts(3,43): error TS2307: Cannot find module '@/lib/cloud-db' or its corresponding type declarations.
apps/arcade/src/app/api/v1/signals/route.ts(4,47): error TS2307: Cannot find module '@/lib/cloud-schemas' or its corresponding type declarations.
apps/arcade/src/app/api/v1/skills/route.ts(2,76): error TS2307: Cannot find module '@/lib/runtime' or its corresponding type declarations.
apps/arcade/src/app/api/v1/tenants/route.ts(2,59): error TS2307: Cannot find module '@/lib/cloud-auth' or its corresponding type declarations.
apps/arcade/src/app/api/v1/tenants/route.ts(9,8): error TS2307: Cannot find module '@/lib/cloud-db' or its corresponding type declarations.
apps/arcade/src/app/api/v1/tenants/route.ts(10,47): error TS2307: Cannot find module '@/lib/cloud-schemas' or its corresponding type declarations.
apps/arcade/src/app/api/v1/tools/route.ts(2,54): error TS2307: Cannot find module '@/lib/runtime' or its corresponding type declarations.
apps/arcade/src/app/api/v1/tools/route.ts(3,31): error TS2307: Cannot find module '@/lib/runtime' or its corresponding type declarations.
apps/arcade/src/app/api/v1/workflow-runs/[id]/route.ts(2,49): error TS2307: Cannot find module '@/lib/cloud-auth' or its corresponding type declarations.
apps/arcade/src/app/api/v1/workflow-runs/[id]/route.ts(3,32): error TS2307: Cannot find module '@/lib/cloud-db' or its corresponding type declarations.
apps/arcade/src/app/api/v1/workflow-runs/route.ts(2,49): error TS2307: Cannot find module '@/lib/cloud-auth' or its corresponding type declarations.
apps/arcade/src/app/api/v1/workflow-runs/route.ts(3,34): error TS2307: Cannot find module '@/lib/cloud-db' or its corresponding type declarations.
apps/arcade/src/app/api/v1/workflows/[id]/route.ts(2,72): error TS2307: Cannot find module '@/lib/cloud-auth' or its corresponding type declarations.
apps/arcade/src/app/api/v1/workflows/[id]/route.ts(3,45): error TS2307: Cannot find module '@/lib/cloud-db' or its corresponding type declarations.
apps/arcade/src/app/api/v1/workflows/[id]/route.ts(4,49): error TS2307: Cannot find module '@/lib/cloud-schemas' or its corresponding type declarations.
apps/arcade/src/app/api/v1/workflows/[id]/runs/route.ts(2,72): error TS2307: Cannot find module '@/lib/cloud-auth' or its corresponding type declarations.
apps/arcade/src/app/api/v1/workflows/[id]/runs/route.ts(10,8): error TS2307: Cannot find module '@/lib/cloud-db' or its corresponding type declarations.
apps/arcade/src/app/api/v1/workflows/[id]/runs/route.ts(11,46): error TS2307: Cannot find module '@/lib/cloud-schemas' or its corresponding type declarations.
apps/arcade/src/app/api/v1/workflows/route.ts(2,72): error TS2307: Cannot find module '@/lib/cloud-auth' or its corresponding type declarations.
apps/arcade/src/app/api/v1/workflows/route.ts(3,47): error TS2307: Cannot find module '@/lib/cloud-db' or its corresponding type declarations.
apps/arcade/src/app/api/v1/workflows/route.ts(4,49): error TS2307: Cannot find module '@/lib/cloud-schemas' or its corresponding type declarations.
apps/arcade/src/app/architecture/page.tsx(1,43): error TS2307: Cannot find module '@/components/stitch/web/pages/ArchitectureVisualization' or its corresponding type declarations.
apps/arcade/src/app/architecture/page.tsx(10,10): error TS17004: Cannot use JSX unless the '--jsx' flag is provided.
apps/arcade/src/app/changelog/page.tsx(1,28): error TS2307: Cannot find module '@/lib/brand' or its corresponding type declarations.
apps/arcade/src/app/changelog/page.tsx(62,5): error TS17004: Cannot use JSX unless the '--jsx' flag is provided.
apps/arcade/src/app/changelog/page.tsx(63,7): error TS17004: Cannot use JSX unless the '--jsx' flag is provided.
apps/arcade/src/app/changelog/page.tsx(64,9): error TS17004: Cannot use JSX unless the '--jsx' flag is provided.
apps/arcade/src/app/changelog/page.tsx(65,9): error TS17004: Cannot use JSX unless the '--jsx' flag is provided.
apps/arcade/src/app/changelog/page.tsx(69,9): error TS17004: Cannot use JSX unless the '--jsx' flag is provided.
apps/arcade/src/app/changelog/page.tsx(71,13): error TS17004: Cannot use JSX unless the '--jsx' flag is provided.
apps/arcade/src/app/changelog/page.tsx(72,15): error TS17004: Cannot use JSX unless the '--jsx' flag is provided.
apps/arcade/src/app/changelog/page.tsx(73,15): error TS17004: Cannot use JSX unless the '--jsx' flag is provided.
apps/arcade/src/app/changelog/page.tsx(74,17): error TS17004: Cannot use JSX unless the '--jsx' flag is provided.
apps/arcade/src/app/changelog/page.tsx(75,17): error TS17004: Cannot use JSX unless the '--jsx' flag is provided.
apps/arcade/src/app/changelog/page.tsx(76,17): error TS17004: Cannot use JSX unless the '--jsx' flag is provided.
apps/arcade/src/app/changelog/page.tsx(78,15): error TS17004: Cannot use JSX unless the '--jsx' flag is provided.
apps/arcade/src/app/changelog/page.tsx(79,15): error TS17004: Cannot use JSX unless the '--jsx' flag is provided.
apps/arcade/src/app/changelog/page.tsx(81,19): error TS17004: Cannot use JSX unless the '--jsx' flag is provided.
apps/arcade/src/app/changelog/page.tsx(82,21): error TS17004: Cannot use JSX unless the '--jsx' flag is provided.
apps/arcade/src/app/cloud/layout.tsx(23,5): error TS17004: Cannot use JSX unless the '--jsx' flag is provided.
apps/arcade/src/app/cloud/layout.tsx(25,7): error TS17004: Cannot use JSX unless the '--jsx' flag is provided.
apps/arcade/src/app/cloud/layout.tsx(28,9): error TS17004: Cannot use JSX unless the '--jsx' flag is provided.
apps/arcade/src/app/cloud/layout.tsx(30,13): error TS17004: Cannot use JSX unless the '--jsx' flag is provided.
apps/arcade/src/app/cloud/layout.tsx(32,11): error TS17004: Cannot use JSX unless the '--jsx' flag is provided.
apps/arcade/src/app/cloud/layout.tsx(40,9): error TS17004: Cannot use JSX unless the '--jsx' flag is provided.
apps/arcade/src/app/cloud/layout.tsx(45,15): error TS17004: Cannot use JSX unless the '--jsx' flag is provided.
apps/arcade/src/app/cloud/layout.tsx(54,17): error TS17004: Cannot use JSX unless the '--jsx' flag is provided.
apps/arcade/src/app/cloud/layout.tsx(55,33): error TS17004: Cannot use JSX unless the '--jsx' flag is provided.
apps/arcade/src/app/cloud/layout.tsx(60,9): error TS17004: Cannot use JSX unless the '--jsx' flag is provided.
apps/arcade/src/app/cloud/layout.tsx(62,13): error TS17004: Cannot use JSX unless the '--jsx' flag is provided.
apps/arcade/src/app/cloud/layout.tsx(76,7): error TS17004: Cannot use JSX unless the '--jsx' flag is provided.
apps/arcade/src/app/cloud/login/page.tsx(6,23): error TS2307: Cannot find module '@/lib/analytics' or its corresponding type declarations.
apps/arcade/src/app/cloud/login/page.tsx(7,24): error TS2307: Cannot find module '@/lib/routes' or its corresponding type declarations.
apps/arcade/src/app/cloud/login/page.tsx(103,5): error TS17004: Cannot use JSX unless the '--jsx' flag is provided.
apps/arcade/src/app/cloud/login/page.tsx(104,7): error TS17004: Cannot use JSX unless the '--jsx' flag is provided.
apps/arcade/src/app/cloud/login/page.tsx(105,9): error TS17004: Cannot use JSX unless the '--jsx' flag is provided.
apps/arcade/src/app/cloud/login/page.tsx(106,11): error TS17004: Cannot use JSX unless the '--jsx' flag is provided.
apps/arcade/src/app/cloud/login/page.tsx(107,13): error TS17004: Cannot use JSX unless the '--jsx' flag is provided.
apps/arcade/src/app/cloud/login/page.tsx(110,9): error TS17004: Cannot use JSX unless the '--jsx' flag is provided.
apps/arcade/src/app/cloud/login/page.tsx(111,9): error TS17004: Cannot use JSX unless the '--jsx' flag is provided.
apps/arcade/src/app/cloud/login/page.tsx(114,7): error TS17004: Cannot use JSX unless the '--jsx' flag is provided.
apps/arcade/src/app/cloud/login/page.tsx(116,11): error TS17004: Cannot use JSX unless the '--jsx' flag is provided.
apps/arcade/src/app/cloud/login/page.tsx(121,11): error TS17004: Cannot use JSX unless the '--jsx' flag is provided.
apps/arcade/src/app/cloud/login/page.tsx(126,9): error TS17004: Cannot use JSX unless the '--jsx' flag is provided.
apps/arcade/src/app/cloud/login/page.tsx(131,11): error TS17004: Cannot use JSX unless the '--jsx' flag is provided.
apps/arcade/src/app/cloud/login/page.tsx(132,13): error TS17004: Cannot use JSX unless the '--jsx' flag is provided.
apps/arcade/src/app/cloud/login/page.tsx(141,9): error TS17004: Cannot use JSX unless the '--jsx' flag is provided.
apps/arcade/src/app/cloud/login/page.tsx(142,11): error TS17004: Cannot use JSX unless the '--jsx' flag is provided.
apps/arcade/src/app/cloud/login/page.tsx(143,13): error TS17004: Cannot use JSX unless the '--jsx' flag is provided.
apps/arcade/src/app/cloud/login/page.tsx(145,11): error TS17004: Cannot use JSX unless the '--jsx' flag is provided.
apps/arcade/src/app/cloud/login/page.tsx(146,13): error TS17004: Cannot use JSX unless the '--jsx' flag is provided.
apps/arcade/src/app/cloud/login/page.tsx(150,9): error TS17004: Cannot use JSX unless the '--jsx' flag is provided.
apps/arcade/src/app/cloud/login/page.tsx(151,11): error TS17004: Cannot use JSX unless the '--jsx' flag is provided.
apps/arcade/src/app/cloud/login/page.tsx(160,11): error TS17004: Cannot use JSX unless the '--jsx' flag is provided.
apps/arcade/src/app/cloud/login/page.tsx(172,11): error TS17004: Cannot use JSX unless the '--jsx' flag is provided.
apps/arcade/src/app/cloud/login/page.tsx(173,13): error TS17004: Cannot use JSX unless the '--jsx' flag is provided.
apps/arcade/src/app/cloud/login/page.tsx(174,15): error TS17004: Cannot use JSX unless the '--jsx' flag is provided.
apps/arcade/src/app/cloud/login/page.tsx(175,15): error TS17004: Cannot use JSX unless the '--jsx' flag is provided.
apps/arcade/src/app/cloud/login/page.tsx(185,13): error TS17004: Cannot use JSX unless the '--jsx' flag is provided.
apps/arcade/src/app/cloud/login/page.tsx(196,11): error TS17004: Cannot use JSX unless the '--jsx' flag is provided.
apps/arcade/src/app/cloud/login/page.tsx(197,13): error TS17004: Cannot use JSX unless the '--jsx' flag is provided.
apps/arcade/src/app/cloud/login/page.tsx(198,15): error TS17004: Cannot use JSX unless the '--jsx' flag is provided.
apps/arcade/src/app/cloud/login/page.tsx(199,15): error TS17004: Cannot use JSX unless the '--jsx' flag is provided.
apps/arcade/src/app/cloud/login/page.tsx(209,13): error TS17004: Cannot use JSX unless the '--jsx' flag is provided.
apps/arcade/src/app/cloud/login/page.tsx(210,15): error TS17004: Cannot use JSX unless the '--jsx' flag is provided.
apps/arcade/src/app/cloud/login/page.tsx(211,15): error TS17004: Cannot use JSX unless the '--jsx' flag is provided.
apps/arcade/src/app/cloud/login/page.tsx(220,13): error TS17004: Cannot use JSX unless the '--jsx' flag is provided.
apps/arcade/src/app/cloud/login/page.tsx(230,9): error TS17004: Cannot use JSX unless the '--jsx' flag is provided.
apps/arcade/src/app/cloud/login/page.tsx(232,11): error TS17004: Cannot use JSX unless the '--jsx' flag is provided.
apps/arcade/src/app/cloud/login/page.tsx(243,5): error TS17004: Cannot use JSX unless the '--jsx' flag is provided.
apps/arcade/src/app/cloud/login/page.tsx(244,7): error TS17004: Cannot use JSX unless the '--jsx' flag is provided.
apps/arcade/src/app/cloud/login/page.tsx(244,27): error TS17004: Cannot use JSX unless the '--jsx' flag is provided.
apps/arcade/src/app/cloud/login/page.tsx(245,9): error TS17004: Cannot use JSX unless the '--jsx' flag is provided.
apps/arcade/src/app/cloud/page.tsx(21,5): error TS17004: Cannot use JSX unless the '--jsx' flag is provided.
apps/arcade/src/app/cloud/page.tsx(22,7): error TS17004: Cannot use JSX unless the '--jsx' flag is provided.
apps/arcade/src/app/cloud/page.tsx(23,7): error TS17004: Cannot use JSX unless the '--jsx' flag is provided.
apps/arcade/src/app/cloud/page.tsx(24,15): error TS17004: Cannot use JSX unless the '--jsx' flag is provided.
apps/arcade/src/app/cloud/page.tsx(57,12): error TS17004: Cannot use JSX unless the '--jsx' flag is provided.
apps/arcade/src/app/cloud/page.tsx(62,7): error TS17004: Cannot use JSX unless the '--jsx' flag is provided.
apps/arcade/src/app/cloud/page.tsx(63,9): error TS17004: Cannot use JSX unless the '--jsx' flag is provided.
apps/arcade/src/app/cloud/page.tsx(64,9): error TS17004: Cannot use JSX unless the '--jsx' flag is provided.
apps/arcade/src/app/cloud/page.tsx(82,5): error TS17004: Cannot use JSX unless the '--jsx' flag is provided.
apps/arcade/src/app/cloud/page.tsx(83,7): error TS17004: Cannot use JSX unless the '--jsx' flag is provided.
apps/arcade/src/app/cloud/page.tsx(84,9): error TS17004: Cannot use JSX unless the '--jsx' flag is provided.
apps/arcade/src/app/cloud/page.tsx(85,9): error TS17004: Cannot use JSX unless the '--jsx' flag is provided.
apps/arcade/src/app/cloud/page.tsx(86,33): error TS17004: Cannot use JSX unless the '--jsx' flag is provided.
apps/arcade/src/app/cloud/page.tsx(92,7): error TS17004: Cannot use JSX unless the '--jsx' flag is provided.
apps/arcade/src/app/cloud/page.tsx(93,9): error TS17004: Cannot use JSX unless the '--jsx' flag is provided.
apps/arcade/src/app/cloud/page.tsx(94,9): error TS17004: Cannot use JSX unless the '--jsx' flag is provided.
apps/arcade/src/app/cloud/page.tsx(103,9): error TS17004: Cannot use JSX unless the '--jsx' flag is provided.
apps/arcade/src/app/cloud/page.tsx(104,9): error TS17004: Cannot use JSX unless the '--jsx' flag is provided.
apps/arcade/src/app/cloud/page.tsx(107,7): error TS17004: Cannot use JSX unless the '--jsx' flag is provided.
apps/arcade/src/app/cloud/page.tsx(109,9): error TS17004: Cannot use JSX unless the '--jsx' flag is provided.
apps/arcade/src/app/cloud/page.tsx(110,11): error TS17004: Cannot use JSX unless the '--jsx' flag is provided.
apps/arcade/src/app/cloud/page.tsx(111,13): error TS17004: Cannot use JSX unless the '--jsx' flag is provided.
apps/arcade/src/app/cloud/page.tsx(112,13): error TS17004: Cannot use JSX unless the '--jsx' flag is provided.
apps/arcade/src/app/cloud/page.tsx(117,13): error TS17004: Cannot use JSX unless the '--jsx' flag is provided.
apps/arcade/src/app/cloud/page.tsx(119,17): error TS17004: Cannot use JSX unless the '--jsx' flag is provided.
apps/arcade/src/app/cloud/page.tsx(120,19): error TS17004: Cannot use JSX unless the '--jsx' flag is provided.
apps/arcade/src/app/cloud/page.tsx(125,21): error TS17004: Cannot use JSX unless the '--jsx' flag is provided.
apps/arcade/src/app/cloud/page.tsx(126,21): error TS17004: Cannot use JSX unless the '--jsx' flag is provided.
apps/arcade/src/app/cloud/page.tsx(132,13): error TS17004: Cannot use JSX unless the '--jsx' flag is provided.
apps/arcade/src/app/cloud/page.tsx(134,15): error TS17004: Cannot use JSX unless the '--jsx' flag is provided.
apps/arcade/src/app/cloud/page.tsx(142,9): error TS17004: Cannot use JSX unless the '--jsx' flag is provided.
apps/arcade/src/app/cloud/page.tsx(143,11): error TS17004: Cannot use JSX unless the '--jsx' flag is provided.
apps/arcade/src/app/cloud/page.tsx(144,13): error TS17004: Cannot use JSX unless the '--jsx' flag is provided.
apps/arcade/src/app/cloud/page.tsx(145,13): error TS17004: Cannot use JSX unless the '--jsx' flag is provided.
apps/arcade/src/app/cloud/page.tsx(150,13): error TS17004: Cannot use JSX unless the '--jsx' flag is provided.
apps/arcade/src/app/cloud/page.tsx(152,17): error TS17004: Cannot use JSX unless the '--jsx' flag is provided.
apps/arcade/src/app/cloud/page.tsx(153,19): error TS17004: Cannot use JSX unless the '--jsx' flag is provided.
apps/arcade/src/app/cloud/page.tsx(154,19): error TS17004: Cannot use JSX unless the '--jsx' flag is provided.
apps/arcade/src/app/cloud/page.tsx(159,13): error TS17004: Cannot use JSX unless the '--jsx' flag is provided.
apps/arcade/src/app/cloud/page.tsx(165,7): error TS17004: Cannot use JSX unless the '--jsx' flag is provided.
apps/arcade/src/app/cloud/page.tsx(166,9): error TS17004: Cannot use JSX unless the '--jsx' flag is provided.
apps/arcade/src/app/cloud/page.tsx(173,9): error TS17004: Cannot use JSX unless the '--jsx' flag is provided.
apps/arcade/src/app/cloud/page.tsx(179,9): error TS17004: Cannot use JSX unless the '--jsx' flag is provided.
apps/arcade/src/app/cloud/register/page.tsx(6,23): error TS2307: Cannot find module '@/lib/analytics' or its corresponding type declarations.
apps/arcade/src/app/cloud/register/page.tsx(7,24): error TS2307: Cannot find module '@/lib/routes' or its corresponding type declarations.
apps/arcade/src/app/cloud/register/page.tsx(8,21): error TS2307: Cannot find module '@/lib/copy' or its corresponding type declarations.
apps/arcade/src/app/cloud/register/page.tsx(59,5): error TS17004: Cannot use JSX unless the '--jsx' flag is provided.
apps/arcade/src/app/cloud/register/page.tsx(60,7): error TS17004: Cannot use JSX unless the '--jsx' flag is provided.
apps/arcade/src/app/cloud/register/page.tsx(62,9): error TS17004: Cannot use JSX unless the '--jsx' flag is provided.
apps/arcade/src/app/cloud/register/page.tsx(63,11): error TS17004: Cannot use JSX unless the '--jsx' flag is provided.
apps/arcade/src/app/cloud/register/page.tsx(64,13): error TS17004: Cannot use JSX unless the '--jsx' flag is provided.
apps/arcade/src/app/cloud/register/page.tsx(65,15): error TS17004: Cannot use JSX unless the '--jsx' flag is provided.
apps/arcade/src/app/cloud/register/page.tsx(68,11): error TS17004: Cannot use JSX unless the '--jsx' flag is provided.
apps/arcade/src/app/cloud/register/page.tsx(69,11): error TS17004: Cannot use JSX unless the '--jsx' flag is provided.
apps/arcade/src/app/cloud/register/page.tsx(72,9): error TS17004: Cannot use JSX unless the '--jsx' flag is provided.
apps/arcade/src/app/cloud/register/page.tsx(74,13): error TS17004: Cannot use JSX unless the '--jsx' flag is provided.
apps/arcade/src/app/cloud/register/page.tsx(79,13): error TS17004: Cannot use JSX unless the '--jsx' flag is provided.
apps/arcade/src/app/cloud/register/page.tsx(85,11): error TS17004: Cannot use JSX unless the '--jsx' flag is provided.
apps/arcade/src/app/cloud/register/page.tsx(90,13): error TS17004: Cannot use JSX unless the '--jsx' flag is provided.
apps/arcade/src/app/cloud/register/page.tsx(91,15): error TS17004: Cannot use JSX unless the '--jsx' flag is provided.
apps/arcade/src/app/cloud/register/page.tsx(99,11): error TS17004: Cannot use JSX unless the '--jsx' flag is provided.
apps/arcade/src/app/cloud/register/page.tsx(103,11): error TS17004: Cannot use JSX unless the '--jsx' flag is provided.
apps/arcade/src/app/cloud/register/page.tsx(104,13): error TS17004: Cannot use JSX unless the '--jsx' flag is provided.
apps/arcade/src/app/cloud/register/page.tsx(105,15): error TS17004: Cannot use JSX unless the '--jsx' flag is provided.
apps/arcade/src/app/cloud/register/page.tsx(107,13): error TS17004: Cannot use JSX unless the '--jsx' flag is provided.
apps/arcade/src/app/cloud/register/page.tsx(108,15): error TS17004: Cannot use JSX unless the '--jsx' flag is provided.
apps/arcade/src/app/cloud/register/page.tsx(113,11): error TS17004: Cannot use JSX unless the '--jsx' flag is provided.
apps/arcade/src/app/cloud/register/page.tsx(114,13): error TS17004: Cannot use JSX unless the '--jsx' flag is provided.
apps/arcade/src/app/cloud/register/page.tsx(115,15): error TS17004: Cannot use JSX unless the '--jsx' flag is provided.
apps/arcade/src/app/cloud/register/page.tsx(116,15): error TS17004: Cannot use JSX unless the '--jsx' flag is provided.
apps/arcade/src/app/cloud/register/page.tsx(126,13): error TS17004: Cannot use JSX unless the '--jsx' flag is provided.
apps/arcade/src/app/cloud/register/page.tsx(135,11): error TS17004: Cannot use JSX unless the '--jsx' flag is provided.
apps/arcade/src/app/cloud/register/page.tsx(137,13): error TS17004: Cannot use JSX unless the '--jsx' flag is provided.
apps/arcade/src/app/cloud/register/page.tsx(142,11): error TS17004: Cannot use JSX unless the '--jsx' flag is provided.
apps/arcade/src/app/cloud/register/page.tsx(144,13): error TS17004: Cannot use JSX unless the '--jsx' flag is provided.
apps/arcade/src/app/cloud/register/page.tsx(148,13): error TS17004: Cannot use JSX unless the '--jsx' flag is provided.
apps/arcade/src/app/console/agents/page.tsx(1,31): error TS2307: Cannot find module '@/components/stitch/console/pages/AgentRegistry' or its corresponding type declarations.
apps/arcade/src/app/console/agents/page.tsx(2,31): error TS2307: Cannot find module '@/components/stitch/console/ConsoleLayout' or its corresponding type declarations.
apps/arcade/src/app/console/agents/page.tsx(10,5): error TS17004: Cannot use JSX unless the '--jsx' flag is provided.
apps/arcade/src/app/console/agents/page.tsx(11,7): error TS17004: Cannot use JSX unless the '--jsx' flag is provided.
apps/arcade/src/app/console/alerts/page.tsx(1,30): error TS2307: Cannot find module '@/components/stitch/console/pages/AlertsCenter' or its corresponding type declarations.
apps/arcade/src/app/console/alerts/page.tsx(2,31): error TS2307: Cannot find module '@/components/stitch/console/ConsoleLayout' or its corresponding type declarations.
apps/arcade/src/app/console/alerts/page.tsx(10,5): error TS17004: Cannot use JSX unless the '--jsx' flag is provided.
apps/arcade/src/app/console/alerts/page.tsx(11,7): error TS17004: Cannot use JSX unless the '--jsx' flag is provided.
apps/arcade/src/app/console/artifacts/page.tsx(1,34): error TS2307: Cannot find module '@/components/stitch/console/pages/ArtifactRegistry' or its corresponding type declarations.
apps/arcade/src/app/console/artifacts/page.tsx(2,31): error TS2307: Cannot find module '@/components/stitch/console/ConsoleLayout' or its corresponding type declarations.
apps/arcade/src/app/console/artifacts/page.tsx(10,5): error TS17004: Cannot use JSX unless the '--jsx' flag is provided.
apps/arcade/src/app/console/artifacts/page.tsx(11,7): error TS17004: Cannot use JSX unless the '--jsx' flag is provided.
apps/arcade/src/app/console/billing/page.tsx(1,35): error TS2307: Cannot find module '@/components/stitch/console/pages/BillingChargeback' or its corresponding type declarations.
apps/arcade/src/app/console/billing/page.tsx(2,31): error TS2307: Cannot find module '@/components/stitch/console/ConsoleLayout' or its corresponding type declarations.
apps/arcade/src/app/console/billing/page.tsx(10,5): error TS17004: Cannot use JSX unless the '--jsx' flag is provided.
apps/arcade/src/app/console/billing/page.tsx(11,7): error TS17004: Cannot use JSX unless the '--jsx' flag is provided.
apps/arcade/src/app/console/cost/page.tsx(1,34): error TS2307: Cannot find module '@/components/stitch/console/pages/CostOptimization' or its corresponding type declarations.
apps/arcade/src/app/console/cost/page.tsx(2,31): error TS2307: Cannot find module '@/components/stitch/console/ConsoleLayout' or its corresponding type declarations.
apps/arcade/src/app/console/cost/page.tsx(10,5): error TS17004: Cannot use JSX unless the '--jsx' flag is provided.
apps/arcade/src/app/console/cost/page.tsx(11,7): error TS17004: Cannot use JSX unless the '--jsx' flag is provided.
apps/arcade/src/app/console/datasets/page.tsx(1,35): error TS2307: Cannot find module '@/components/stitch/console/pages/DatasetManagement' or its corresponding type declarations.
apps/arcade/src/app/console/datasets/page.tsx(2,31): error TS2307: Cannot find module '@/components/stitch/console/ConsoleLayout' or its corresponding type declarations.
apps/arcade/src/app/console/datasets/page.tsx(10,5): error TS17004: Cannot use JSX unless the '--jsx' flag is provided.
apps/arcade/src/app/console/datasets/page.tsx(11,7): error TS17004: Cannot use JSX unless the '--jsx' flag is provided.
apps/arcade/src/app/console/ecosystem/page.tsx(1,39): error TS2307: Cannot find module '@/components/stitch/console/pages/EcosystemCoordination' or its corresponding type declarations.
apps/arcade/src/app/console/ecosystem/page.tsx(2,31): error TS2307: Cannot find module '@/components/stitch/console/ConsoleLayout' or its corresponding type declarations.
apps/arcade/src/app/console/ecosystem/page.tsx(10,5): error TS17004: Cannot use JSX unless the '--jsx' flag is provided.
apps/arcade/src/app/console/ecosystem/page.tsx(11,7): error TS17004: Cannot use JSX unless the '--jsx' flag is provided.
apps/arcade/src/app/console/error.tsx(17,5): error TS17004: Cannot use JSX unless the '--jsx' flag is provided.
apps/arcade/src/app/console/error.tsx(18,7): error TS17004: Cannot use JSX unless the '--jsx' flag is provided.
apps/arcade/src/app/console/error.tsx(19,9): error TS17004: Cannot use JSX unless the '--jsx' flag is provided.
apps/arcade/src/app/console/error.tsx(20,11): error TS17004: Cannot use JSX unless the '--jsx' flag is provided.
apps/arcade/src/app/console/error.tsx(22,9): error TS17004: Cannot use JSX unless the '--jsx' flag is provided.
apps/arcade/src/app/console/error.tsx(25,9): error TS17004: Cannot use JSX unless the '--jsx' flag is provided.
apps/arcade/src/app/console/error.tsx(28,9): error TS17004: Cannot use JSX unless the '--jsx' flag is provided.
apps/arcade/src/app/console/error.tsx(29,11): error TS17004: Cannot use JSX unless the '--jsx' flag is provided.
apps/arcade/src/app/console/error.tsx(36,11): error TS17004: Cannot use JSX unless the '--jsx' flag is provided.
apps/arcade/src/app/console/error.tsx(44,11): error TS17004: Cannot use JSX unless the '--jsx' flag is provided.
apps/arcade/src/app/console/evaluation/page.tsx(1,34): error TS2307: Cannot find module '@/components/stitch/console/pages/EvaluationEngine' or its corresponding type declarations.
apps/arcade/src/app/console/evaluation/page.tsx(2,31): error TS2307: Cannot find module '@/components/stitch/console/ConsoleLayout' or its corresponding type declarations.
apps/arcade/src/app/console/evaluation/page.tsx(10,5): error TS17004: Cannot use JSX unless the '--jsx' flag is provided.
apps/arcade/src/app/console/evaluation/page.tsx(11,7): error TS17004: Cannot use JSX unless the '--jsx' flag is provided.
apps/arcade/src/app/console/founder/page.tsx(2,49): error TS2307: Cannot find module '@/lib/db/founder' or its corresponding type declarations.
apps/arcade/src/app/console/founder/page.tsx(9,5): error TS17004: Cannot use JSX unless the '--jsx' flag is provided.
apps/arcade/src/app/console/founder/page.tsx(10,7): error TS17004: Cannot use JSX unless the '--jsx' flag is provided.
apps/arcade/src/app/console/founder/page.tsx(11,9): error TS17004: Cannot use JSX unless the '--jsx' flag is provided.
apps/arcade/src/app/console/founder/page.tsx(12,11): error TS17004: Cannot use JSX unless the '--jsx' flag is provided.
apps/arcade/src/app/console/founder/page.tsx(13,11): error TS17004: Cannot use JSX unless the '--jsx' flag is provided.
apps/arcade/src/app/console/founder/page.tsx(17,9): error TS17004: Cannot use JSX unless the '--jsx' flag is provided.
apps/arcade/src/app/console/founder/page.tsx(18,11): error TS17004: Cannot use JSX unless the '--jsx' flag is provided.
apps/arcade/src/app/console/founder/page.tsx(19,11): error TS17004: Cannot use JSX unless the '--jsx' flag is provided.
apps/arcade/src/app/console/founder/page.tsx(24,7): error TS17004: Cannot use JSX unless the '--jsx' flag is provided.
apps/arcade/src/app/console/founder/page.tsx(25,9): error TS17004: Cannot use JSX unless the '--jsx' flag is provided.
apps/arcade/src/app/console/founder/page.tsx(32,9): error TS17004: Cannot use JSX unless the '--jsx' flag is provided.
apps/arcade/src/app/console/founder/page.tsx(39,9): error TS17004: Cannot use JSX unless the '--jsx' flag is provided.
apps/arcade/src/app/console/founder/page.tsx(46,9): error TS17004: Cannot use JSX unless the '--jsx' flag is provided.
apps/arcade/src/app/console/founder/page.tsx(55,7): error TS17004: Cannot use JSX unless the '--jsx' flag is provided.
apps/arcade/src/app/console/founder/page.tsx(57,9): error TS17004: Cannot use JSX unless the '--jsx' flag is provided.
apps/arcade/src/app/console/founder/page.tsx(58,11): error TS17004: Cannot use JSX unless the '--jsx' flag is provided.
apps/arcade/src/app/console/founder/page.tsx(59,13): error TS17004: Cannot use JSX unless the '--jsx' flag is provided.
apps/arcade/src/app/console/founder/page.tsx(62,11): error TS17004: Cannot use JSX unless the '--jsx' flag is provided.
apps/arcade/src/app/console/founder/page.tsx(63,13): error TS17004: Cannot use JSX unless the '--jsx' flag is provided.
apps/arcade/src/app/console/founder/page.tsx(64,13): error TS17004: Cannot use JSX unless the '--jsx' flag is provided.
apps/arcade/src/app/console/founder/page.tsx(65,13): error TS17004: Cannot use JSX unless the '--jsx' flag is provided.
apps/arcade/src/app/console/founder/page.tsx(66,13): error TS17004: Cannot use JSX unless the '--jsx' flag is provided.
apps/arcade/src/app/console/founder/page.tsx(69,11): error TS17004: Cannot use JSX unless the '--jsx' flag is provided.
apps/arcade/src/app/console/founder/page.tsx(70,13): error TS17004: Cannot use JSX unless the '--jsx' flag is provided.
apps/arcade/src/app/console/founder/page.tsx(71,13): error TS17004: Cannot use JSX unless the '--jsx' flag is provided.
apps/arcade/src/app/console/founder/page.tsx(79,9): error TS17004: Cannot use JSX unless the '--jsx' flag is provided.
apps/arcade/src/app/console/founder/page.tsx(80,11): error TS17004: Cannot use JSX unless the '--jsx' flag is provided.
apps/arcade/src/app/console/founder/page.tsx(82,13): error TS17004: Cannot use JSX unless the '--jsx' flag is provided.
apps/arcade/src/app/console/founder/page.tsx(84,11): error TS17004: Cannot use JSX unless the '--jsx' flag is provided.
apps/arcade/src/app/console/founder/page.tsx(85,13): error TS17004: Cannot use JSX unless the '--jsx' flag is provided.
apps/arcade/src/app/console/founder/page.tsx(86,15): error TS17004: Cannot use JSX unless the '--jsx' flag is provided.
apps/arcade/src/app/console/founder/page.tsx(87,17): error TS17004: Cannot use JSX unless the '--jsx' flag is provided.
apps/arcade/src/app/console/founder/page.tsx(88,19): error TS17004: Cannot use JSX unless the '--jsx' flag is provided.
apps/arcade/src/app/console/founder/page.tsx(89,19): error TS17004: Cannot use JSX unless the '--jsx' flag is provided.
apps/arcade/src/app/console/founder/page.tsx(92,19): error TS17004: Cannot use JSX unless the '--jsx' flag is provided.
apps/arcade/src/app/console/founder/page.tsx(93,19): error TS17004: Cannot use JSX unless the '--jsx' flag is provided.
apps/arcade/src/app/console/founder/page.tsx(96,15): error TS17004: Cannot use JSX unless the '--jsx' flag is provided.
apps/arcade/src/app/console/founder/page.tsx(98,19): error TS17004: Cannot use JSX unless the '--jsx' flag is provided.
apps/arcade/src/app/console/founder/page.tsx(99,21): error TS17004: Cannot use JSX unless the '--jsx' flag is provided.
apps/arcade/src/app/console/founder/page.tsx(100,23): error TS17004: Cannot use JSX unless the '--jsx' flag is provided.
apps/arcade/src/app/console/founder/page.tsx(101,23): error TS17004: Cannot use JSX unless the '--jsx' flag is provided.
apps/arcade/src/app/console/founder/page.tsx(105,21): error TS17004: Cannot use JSX unless the '--jsx' flag is provided.
apps/arcade/src/app/console/founder/page.tsx(106,23): error TS17004: Cannot use JSX unless the '--jsx' flag is provided.
apps/arcade/src/app/console/founder/page.tsx(112,21): error TS17004: Cannot use JSX unless the '--jsx' flag is provided.
apps/arcade/src/app/console/founder/page.tsx(114,25): error TS17004: Cannot use JSX unless the '--jsx' flag is provided.
apps/arcade/src/app/console/founder/page.tsx(116,25): error TS17004: Cannot use JSX unless the '--jsx' flag is provided.
apps/arcade/src/app/console/founder/page.tsx(119,21): error TS17004: Cannot use JSX unless the '--jsx' flag is provided.
apps/arcade/src/app/console/founder/page.tsx(120,23): error TS17004: Cannot use JSX unless the '--jsx' flag is provided.
apps/arcade/src/app/console/founder/page.tsx(145,5): error TS17004: Cannot use JSX unless the '--jsx' flag is provided.
apps/arcade/src/app/console/founder/page.tsx(146,7): error TS17004: Cannot use JSX unless the '--jsx' flag is provided.
apps/arcade/src/app/console/founder/page.tsx(147,7): error TS17004: Cannot use JSX unless the '--jsx' flag is provided.
apps/arcade/src/app/console/founder/page.tsx(148,7): error TS17004: Cannot use JSX unless the '--jsx' flag is provided.
apps/arcade/src/app/console/founder/page.tsx(149,9): error TS17004: Cannot use JSX unless the '--jsx' flag is provided.
apps/arcade/src/app/console/founder/page.tsx(150,9): error TS17004: Cannot use JSX unless the '--jsx' flag is provided.
apps/arcade/src/app/console/founder/page.tsx(161,5): error TS17004: Cannot use JSX unless the '--jsx' flag is provided.
apps/arcade/src/app/console/founder/page.tsx(162,7): error TS17004: Cannot use JSX unless the '--jsx' flag is provided.
apps/arcade/src/app/console/founder/page.tsx(163,9): error TS17004: Cannot use JSX unless the '--jsx' flag is provided.
apps/arcade/src/app/console/founder/page.tsx(164,9): error TS17004: Cannot use JSX unless the '--jsx' flag is provided.
apps/arcade/src/app/console/founder/page.tsx(168,7): error TS17004: Cannot use JSX unless the '--jsx' flag is provided.
apps/arcade/src/app/console/founder/page.tsx(169,9): error TS17004: Cannot use JSX unless the '--jsx' flag is provided.
apps/arcade/src/app/console/governance/config-as-code/page.tsx(4,31): error TS2307: Cannot find module '@/components/stitch/console/ConsoleLayout' or its corresponding type declarations.
apps/arcade/src/app/console/governance/config-as-code/page.tsx(12,8): error TS2307: Cannot find module '@/lib/config-snapshot/schema' or its corresponding type declarations.
apps/arcade/src/app/console/governance/config-as-code/page.tsx(30,12): error TS17004: Cannot use JSX unless the '--jsx' flag is provided.
apps/arcade/src/app/console/governance/config-as-code/page.tsx(34,5): error TS17004: Cannot use JSX unless the '--jsx' flag is provided.
apps/arcade/src/app/console/governance/config-as-code/page.tsx(35,7): error TS17004: Cannot use JSX unless the '--jsx' flag is provided.
apps/arcade/src/app/console/governance/config-as-code/page.tsx(36,9): error TS17004: Cannot use JSX unless the '--jsx' flag is provided.
apps/arcade/src/app/console/governance/config-as-code/page.tsx(37,11): error TS17004: Cannot use JSX unless the '--jsx' flag is provided.
apps/arcade/src/app/console/governance/config-as-code/page.tsx(38,13): error TS17004: Cannot use JSX unless the '--jsx' flag is provided.
apps/arcade/src/app/console/governance/config-as-code/page.tsx(41,13): error TS17004: Cannot use JSX unless the '--jsx' flag is provided.
apps/arcade/src/app/console/governance/config-as-code/page.tsx(44,13): error TS17004: Cannot use JSX unless the '--jsx' flag is provided.
apps/arcade/src/app/console/governance/config-as-code/page.tsx(49,9): error TS17004: Cannot use JSX unless the '--jsx' flag is provided.
apps/arcade/src/app/console/governance/config-as-code/page.tsx(51,13): error TS17004: Cannot use JSX unless the '--jsx' flag is provided.
apps/arcade/src/app/console/governance/config-as-code/page.tsx(52,15): error TS17004: Cannot use JSX unless the '--jsx' flag is provided.
apps/arcade/src/app/console/governance/config-as-code/page.tsx(53,15): error TS17004: Cannot use JSX unless the '--jsx' flag is provided.
apps/arcade/src/app/console/governance/config-as-code/page.tsx(56,15): error TS17004: Cannot use JSX unless the '--jsx' flag is provided.
apps/arcade/src/app/console/governance/config-as-code/page.tsx(124,5): error TS17004: Cannot use JSX unless the '--jsx' flag is provided.
apps/arcade/src/app/console/governance/config-as-code/page.tsx(125,7): error TS17004: Cannot use JSX unless the '--jsx' flag is provided.
apps/arcade/src/app/console/governance/config-as-code/page.tsx(126,9): error TS17004: Cannot use JSX unless the '--jsx' flag is provided.
apps/arcade/src/app/console/governance/config-as-code/page.tsx(127,11): error TS17004: Cannot use JSX unless the '--jsx' flag is provided.
apps/arcade/src/app/console/governance/config-as-code/page.tsx(130,11): error TS17004: Cannot use JSX unless the '--jsx' flag is provided.
apps/arcade/src/app/console/governance/config-as-code/page.tsx(135,9): error TS17004: Cannot use JSX unless the '--jsx' flag is provided.
apps/arcade/src/app/console/governance/config-as-code/page.tsx(137,11): error TS17004: Cannot use JSX unless the '--jsx' flag is provided.
apps/arcade/src/app/console/governance/config-as-code/page.tsx(138,13): error TS17004: Cannot use JSX unless the '--jsx' flag is provided.
apps/arcade/src/app/console/governance/config-as-code/page.tsx(141,13): error TS17004: Cannot use JSX unless the '--jsx' flag is provided.
apps/arcade/src/app/console/governance/config-as-code/page.tsx(144,13): error TS17004: Cannot use JSX unless the '--jsx' flag is provided.
apps/arcade/src/app/console/governance/config-as-code/page.tsx(149,15): error TS17004: Cannot use JSX unless the '--jsx' flag is provided.
apps/arcade/src/app/console/governance/config-as-code/page.tsx(155,11): error TS17004: Cannot use JSX unless the '--jsx' flag is provided.
apps/arcade/src/app/console/governance/config-as-code/page.tsx(156,13): error TS17004: Cannot use JSX unless the '--jsx' flag is provided.
apps/arcade/src/app/console/governance/config-as-code/page.tsx(159,13): error TS17004: Cannot use JSX unless the '--jsx' flag is provided.
apps/arcade/src/app/console/governance/config-as-code/page.tsx(162,13): error TS17004: Cannot use JSX unless the '--jsx' flag is provided.
apps/arcade/src/app/console/governance/config-as-code/page.tsx(170,15): error TS17004: Cannot use JSX unless the '--jsx' flag is provided.
apps/arcade/src/app/console/governance/config-as-code/page.tsx(171,17): error TS17004: Cannot use JSX unless the '--jsx' flag is provided.
apps/arcade/src/app/console/governance/config-as-code/page.tsx(176,15): error TS17004: Cannot use JSX unless the '--jsx' flag is provided.
apps/arcade/src/app/console/governance/config-as-code/page.tsx(177,17): error TS17004: Cannot use JSX unless the '--jsx' flag is provided.
apps/arcade/src/app/console/governance/config-as-code/page.tsx(181,17): error TS17004: Cannot use JSX unless the '--jsx' flag is provided.
apps/arcade/src/app/console/governance/config-as-code/page.tsx(182,17): error TS17004: Cannot use JSX unless the '--jsx' flag is provided.
apps/arcade/src/app/console/governance/config-as-code/page.tsx(183,19): error TS17004: Cannot use JSX unless the '--jsx' flag is provided.
apps/arcade/src/app/console/governance/config-as-code/page.tsx(189,21): error TS17004: Cannot use JSX unless the '--jsx' flag is provided.
apps/arcade/src/app/console/governance/config-as-code/page.tsx(193,21): error TS17004: Cannot use JSX unless the '--jsx' flag is provided.
apps/arcade/src/app/console/governance/page.tsx(1,38): error TS2307: Cannot find module '@/components/stitch/console/pages/GovernanceCompliance' or its corresponding type declarations.
apps/arcade/src/app/console/governance/page.tsx(2,31): error TS2307: Cannot find module '@/components/stitch/console/ConsoleLayout' or its corresponding type declarations.
apps/arcade/src/app/console/governance/page.tsx(10,5): error TS17004: Cannot use JSX unless the '--jsx' flag is provided.
apps/arcade/src/app/console/governance/page.tsx(11,7): error TS17004: Cannot use JSX unless the '--jsx' flag is provided.
apps/arcade/src/app/console/integrations/page.tsx(1,33): error TS2307: Cannot find module '@/components/stitch/console/pages/IntegrationsHub' or its corresponding type declarations.
apps/arcade/src/app/console/integrations/page.tsx(2,31): error TS2307: Cannot find module '@/components/stitch/console/ConsoleLayout' or its corresponding type declarations.
apps/arcade/src/app/console/integrations/page.tsx(10,5): error TS17004: Cannot use JSX unless the '--jsx' flag is provided.
apps/arcade/src/app/console/integrations/page.tsx(11,7): error TS17004: Cannot use JSX unless the '--jsx' flag is provided.
apps/arcade/src/app/console/layout.tsx(2,31): error TS2307: Cannot find module '@/lib/cloud-auth' or its corresponding type declarations.
apps/arcade/src/app/console/layout.tsx(3,24): error TS2307: Cannot find module '@/lib/routes' or its corresponding type declarations.
apps/arcade/src/app/console/layout.tsx(24,10): error TS17004: Cannot use JSX unless the '--jsx' flag is provided.
apps/arcade/src/app/console/loading.tsx(3,5): error TS17004: Cannot use JSX unless the '--jsx' flag is provided.
apps/arcade/src/app/console/loading.tsx(4,7): error TS17004: Cannot use JSX unless the '--jsx' flag is provided.
apps/arcade/src/app/console/loading.tsx(5,9): error TS17004: Cannot use JSX unless the '--jsx' flag is provided.
apps/arcade/src/app/console/loading.tsx(6,9): error TS17004: Cannot use JSX unless the '--jsx' flag is provided.
apps/arcade/src/app/console/nav/page.tsx(1,34): error TS2307: Cannot find module '@/components/stitch/console/pages/MasterNavigation' or its corresponding type declarations.
apps/arcade/src/app/console/nav/page.tsx(2,31): error TS2307: Cannot find module '@/components/stitch/console/ConsoleLayout' or its corresponding type declarations.
apps/arcade/src/app/console/nav/page.tsx(10,5): error TS17004: Cannot use JSX unless the '--jsx' flag is provided.
apps/arcade/src/app/console/nav/page.tsx(11,7): error TS17004: Cannot use JSX unless the '--jsx' flag is provided.
apps/arcade/src/app/console/ops/page.tsx(4,31): error TS2307: Cannot find module '@/components/stitch/console/ConsoleLayout' or its corresponding type declarations.
apps/arcade/src/app/console/ops/page.tsx(5,32): error TS2307: Cannot find module '@/components/DegradedBanner' or its corresponding type declarations.
apps/arcade/src/app/console/ops/page.tsx(6,33): error TS2307: Cannot find module '@/lib/viewmodels/system-status' or its corresponding type declarations.
apps/arcade/src/app/console/ops/page.tsx(71,5): error TS17004: Cannot use JSX unless the '--jsx' flag is provided.
apps/arcade/src/app/console/ops/page.tsx(72,7): error TS17004: Cannot use JSX unless the '--jsx' flag is provided.
apps/arcade/src/app/console/ops/page.tsx(73,7): error TS17004: Cannot use JSX unless the '--jsx' flag is provided.
apps/arcade/src/app/console/ops/page.tsx(74,9): error TS17004: Cannot use JSX unless the '--jsx' flag is provided.
apps/arcade/src/app/console/ops/page.tsx(75,11): error TS17004: Cannot use JSX unless the '--jsx' flag is provided.
apps/arcade/src/app/console/ops/page.tsx(76,11): error TS17004: Cannot use JSX unless the '--jsx' flag is provided.
apps/arcade/src/app/console/ops/page.tsx(82,9): error TS17004: Cannot use JSX unless the '--jsx' flag is provided.
apps/arcade/src/app/console/ops/page.tsx(89,11): error TS17004: Cannot use JSX unless the '--jsx' flag is provided.
apps/arcade/src/app/console/ops/page.tsx(94,11): error TS17004: Cannot use JSX unless the '--jsx' flag is provided.
apps/arcade/src/app/console/ops/page.tsx(95,13): error TS17004: Cannot use JSX unless the '--jsx' flag is provided.
apps/arcade/src/app/console/ops/page.tsx(100,13): error TS17004: Cannot use JSX unless the '--jsx' flag is provided.
apps/arcade/src/app/console/ops/page.tsx(109,9): error TS17004: Cannot use JSX unless the '--jsx' flag is provided.
apps/arcade/src/app/console/ops/page.tsx(111,13): error TS17004: Cannot use JSX unless the '--jsx' flag is provided.
apps/arcade/src/app/console/ops/page.tsx(115,15): error TS17004: Cannot use JSX unless the '--jsx' flag is provided.
apps/arcade/src/app/console/ops/page.tsx(116,17): error TS17004: Cannot use JSX unless the '--jsx' flag is provided.
apps/arcade/src/app/console/ops/page.tsx(121,17): error TS17004: Cannot use JSX unless the '--jsx' flag is provided.
apps/arcade/src/app/console/ops/page.tsx(122,19): error TS17004: Cannot use JSX unless the '--jsx' flag is provided.
apps/arcade/src/app/console/ops/page.tsx(125,19): error TS17004: Cannot use JSX unless the '--jsx' flag is provided.
apps/arcade/src/app/console/ops/page.tsx(128,15): error TS17004: Cannot use JSX unless the '--jsx' flag is provided.
apps/arcade/src/app/console/ops/page.tsx(138,17): error TS17004: Cannot use JSX unless the '--jsx' flag is provided.
apps/arcade/src/app/console/ops/page.tsx(147,9): error TS17004: Cannot use JSX unless the '--jsx' flag is provided.
apps/arcade/src/app/console/ops/page.tsx(148,11): error TS17004: Cannot use JSX unless the '--jsx' flag is provided.
apps/arcade/src/app/console/ops/page.tsx(151,11): error TS17004: Cannot use JSX unless the '--jsx' flag is provided.
apps/arcade/src/app/console/ops/page.tsx(152,13): error TS17004: Cannot use JSX unless the '--jsx' flag is provided.
apps/arcade/src/app/console/ops/page.tsx(160,13): error TS17004: Cannot use JSX unless the '--jsx' flag is provided.
apps/arcade/src/app/console/ops/page.tsx(164,11): error TS17004: Cannot use JSX unless the '--jsx' flag is provided.
apps/arcade/src/app/console/ops/page.tsx(171,11): error TS17004: Cannot use JSX unless the '--jsx' flag is provided.
apps/arcade/src/app/console/ops/page.tsx(172,13): error TS17004: Cannot use JSX unless the '--jsx' flag is provided.
apps/arcade/src/app/console/ops/page.tsx(175,13): error TS17004: Cannot use JSX unless the '--jsx' flag is provided.
apps/arcade/src/app/console/ops/page.tsx(176,15): error TS17004: Cannot use JSX unless the '--jsx' flag is provided.
apps/arcade/src/app/console/ops/page.tsx(177,17): error TS17004: Cannot use JSX unless the '--jsx' flag is provided.
apps/arcade/src/app/console/ops/page.tsx(178,19): error TS17004: Cannot use JSX unless the '--jsx' flag is provided.
apps/arcade/src/app/console/ops/page.tsx(179,21): error TS17004: Cannot use JSX unless the '--jsx' flag is provided.
apps/arcade/src/app/console/ops/page.tsx(182,21): error TS17004: Cannot use JSX unless the '--jsx' flag is provided.
apps/arcade/src/app/console/ops/page.tsx(185,21): error TS17004: Cannot use JSX unless the '--jsx' flag is provided.
apps/arcade/src/app/console/ops/page.tsx(190,17): error TS17004: Cannot use JSX unless the '--jsx' flag is provided.
apps/arcade/src/app/console/ops/page.tsx(192,21): error TS17004: Cannot use JSX unless the '--jsx' flag is provided.
apps/arcade/src/app/console/ops/page.tsx(193,23): error TS17004: Cannot use JSX unless the '--jsx' flag is provided.
apps/arcade/src/app/console/ops/page.tsx(196,23): error TS17004: Cannot use JSX unless the '--jsx' flag is provided.
apps/arcade/src/app/console/ops/page.tsx(199,23): error TS17004: Cannot use JSX unless the '--jsx' flag is provided.
apps/arcade/src/app/console/page.tsx(1,31): error TS2307: Cannot find module '@/lib/viewmodels/health' or its corresponding type declarations.
apps/arcade/src/app/console/page.tsx(2,30): error TS2307: Cannot find module '@/lib/viewmodels/agents' or its corresponding type declarations.
apps/arcade/src/app/console/page.tsx(3,40): error TS2307: Cannot find module '@/components/stitch/console/pages/MissionControlOverview' or its corresponding type declarations.
apps/arcade/src/app/console/page.tsx(4,31): error TS2307: Cannot find module '@/components/stitch/console/ConsoleLayout' or its corresponding type declarations.
apps/arcade/src/app/console/page.tsx(15,5): error TS17004: Cannot use JSX unless the '--jsx' flag is provided.
apps/arcade/src/app/console/page.tsx(16,7): error TS17004: Cannot use JSX unless the '--jsx' flag is provided.
apps/arcade/src/app/console/runners/page.tsx(1,37): error TS2307: Cannot find module '@/components/stitch/console/pages/RunnerOrchestration' or its corresponding type declarations.
apps/arcade/src/app/console/runners/page.tsx(2,31): error TS2307: Cannot find module '@/components/stitch/console/ConsoleLayout' or its corresponding type declarations.
apps/arcade/src/app/console/runners/page.tsx(10,5): error TS17004: Cannot use JSX unless the '--jsx' flag is provided.
apps/arcade/src/app/console/runners/page.tsx(11,7): error TS17004: Cannot use JSX unless the '--jsx' flag is provided.
apps/arcade/src/app/console/safety/page.tsx(1,42): error TS2307: Cannot find module '@/components/stitch/console/pages/AdversarialSafetyMonitor' or its corresponding type declarations.
apps/arcade/src/app/console/safety/page.tsx(2,31): error TS2307: Cannot find module '@/components/stitch/console/ConsoleLayout' or its corresponding type declarations.
apps/arcade/src/app/console/safety/page.tsx(10,5): error TS17004: Cannot use JSX unless the '--jsx' flag is provided.
apps/arcade/src/app/console/safety/page.tsx(11,7): error TS17004: Cannot use JSX unless the '--jsx' flag is provided.
apps/arcade/src/app/console/traces/page.tsx(1,31): error TS2307: Cannot find module '@/components/stitch/console/pages/TraceExplorer' or its corresponding type declarations.
apps/arcade/src/app/console/traces/page.tsx(2,31): error TS2307: Cannot find module '@/components/stitch/console/ConsoleLayout' or its corresponding type declarations.
apps/arcade/src/app/console/traces/page.tsx(10,5): error TS17004: Cannot use JSX unless the '--jsx' flag is provided.
apps/arcade/src/app/console/traces/page.tsx(11,7): error TS17004: Cannot use JSX unless the '--jsx' flag is provided.
apps/arcade/src/app/contact/page.tsx(22,7): error TS17004: Cannot use JSX unless the '--jsx' flag is provided.
apps/arcade/src/app/contact/page.tsx(23,9): error TS17004: Cannot use JSX unless the '--jsx' flag is provided.
apps/arcade/src/app/contact/page.tsx(24,11): error TS17004: Cannot use JSX unless the '--jsx' flag is provided.
apps/arcade/src/app/contact/page.tsx(25,11): error TS17004: Cannot use JSX unless the '--jsx' flag is provided.
apps/arcade/src/app/contact/page.tsx(26,11): error TS17004: Cannot use JSX unless the '--jsx' flag is provided.
apps/arcade/src/app/contact/page.tsx(29,11): error TS17004: Cannot use JSX unless the '--jsx' flag is provided.
apps/arcade/src/app/contact/page.tsx(38,5): error TS17004: Cannot use JSX unless the '--jsx' flag is provided.
apps/arcade/src/app/contact/page.tsx(39,7): error TS17004: Cannot use JSX unless the '--jsx' flag is provided.
apps/arcade/src/app/contact/page.tsx(40,9): error TS17004: Cannot use JSX unless the '--jsx' flag is provided.
apps/arcade/src/app/contact/page.tsx(41,11): error TS17004: Cannot use JSX unless the '--jsx' flag is provided.
apps/arcade/src/app/contact/page.tsx(42,11): error TS17004: Cannot use JSX unless the '--jsx' flag is provided.
apps/arcade/src/app/contact/page.tsx(45,9): error TS17004: Cannot use JSX unless the '--jsx' flag is provided.
apps/arcade/src/app/contact/page.tsx(47,11): error TS17004: Cannot use JSX unless the '--jsx' flag is provided.
apps/arcade/src/app/contact/page.tsx(48,13): error TS17004: Cannot use JSX unless the '--jsx' flag is provided.
apps/arcade/src/app/contact/page.tsx(49,13): error TS17004: Cannot use JSX unless the '--jsx' flag is provided.
apps/arcade/src/app/contact/page.tsx(50,15): error TS17004: Cannot use JSX unless the '--jsx' flag is provided.
apps/arcade/src/app/contact/page.tsx(51,17): error TS17004: Cannot use JSX unless the '--jsx' flag is provided.
apps/arcade/src/app/contact/page.tsx(52,17): error TS17004: Cannot use JSX unless the '--jsx' flag is provided.
apps/arcade/src/app/contact/page.tsx(62,15): error TS17004: Cannot use JSX unless the '--jsx' flag is provided.
apps/arcade/src/app/contact/page.tsx(63,17): error TS17004: Cannot use JSX unless the '--jsx' flag is provided.
apps/arcade/src/app/contact/page.tsx(64,17): error TS17004: Cannot use JSX unless the '--jsx' flag is provided.
apps/arcade/src/app/contact/page.tsx(74,15): error TS17004: Cannot use JSX unless the '--jsx' flag is provided.
apps/arcade/src/app/contact/page.tsx(75,17): error TS17004: Cannot use JSX unless the '--jsx' flag is provided.
apps/arcade/src/app/contact/page.tsx(76,17): error TS17004: Cannot use JSX unless the '--jsx' flag is provided.
apps/arcade/src/app/contact/page.tsx(85,15): error TS17004: Cannot use JSX unless the '--jsx' flag is provided.
apps/arcade/src/app/contact/page.tsx(86,17): error TS17004: Cannot use JSX unless the '--jsx' flag is provided.
apps/arcade/src/app/contact/page.tsx(87,17): error TS17004: Cannot use JSX unless the '--jsx' flag is provided.
apps/arcade/src/app/contact/page.tsx(92,19): error TS17004: Cannot use JSX unless the '--jsx' flag is provided.
apps/arcade/src/app/contact/page.tsx(93,19): error TS17004: Cannot use JSX unless the '--jsx' flag is provided.
apps/arcade/src/app/contact/page.tsx(94,19): error TS17004: Cannot use JSX unless the '--jsx' flag is provided.
apps/arcade/src/app/contact/page.tsx(95,19): error TS17004: Cannot use JSX unless the '--jsx' flag is provided.
apps/arcade/src/app/contact/page.tsx(99,15): error TS17004: Cannot use JSX unless the '--jsx' flag is provided.
apps/arcade/src/app/contact/page.tsx(100,17): error TS17004: Cannot use JSX unless the '--jsx' flag is provided.
apps/arcade/src/app/contact/page.tsx(101,17): error TS17004: Cannot use JSX unless the '--jsx' flag is provided.
apps/arcade/src/app/contact/page.tsx(111,15): error TS17004: Cannot use JSX unless the '--jsx' flag is provided.
apps/arcade/src/app/contact/page.tsx(118,11): error TS17004: Cannot use JSX unless the '--jsx' flag is provided.
apps/arcade/src/app/contact/page.tsx(119,13): error TS17004: Cannot use JSX unless the '--jsx' flag is provided.
apps/arcade/src/app/contact/page.tsx(120,15): error TS17004: Cannot use JSX unless the '--jsx' flag is provided.
apps/arcade/src/app/contact/page.tsx(121,15): error TS17004: Cannot use JSX unless the '--jsx' flag is provided.
apps/arcade/src/app/contact/page.tsx(122,15): error TS17004: Cannot use JSX unless the '--jsx' flag is provided.
apps/arcade/src/app/contact/page.tsx(125,13): error TS17004: Cannot use JSX unless the '--jsx' flag is provided.
apps/arcade/src/app/contact/page.tsx(126,15): error TS17004: Cannot use JSX unless the '--jsx' flag is provided.
apps/arcade/src/app/contact/page.tsx(127,15): error TS17004: Cannot use JSX unless the '--jsx' flag is provided.
apps/arcade/src/app/contact/page.tsx(128,15): error TS17004: Cannot use JSX unless the '--jsx' flag is provided.
apps/arcade/src/app/contact/page.tsx(131,13): error TS17004: Cannot use JSX unless the '--jsx' flag is provided.
apps/arcade/src/app/contact/page.tsx(132,15): error TS17004: Cannot use JSX unless the '--jsx' flag is provided.
apps/arcade/src/app/contact/page.tsx(133,15): error TS17004: Cannot use JSX unless the '--jsx' flag is provided.
apps/arcade/src/app/contact/page.tsx(134,15): error TS17004: Cannot use JSX unless the '--jsx' flag is provided.
apps/arcade/src/app/contact/page.tsx(137,13): error TS17004: Cannot use JSX unless the '--jsx' flag is provided.
apps/arcade/src/app/contact/page.tsx(138,15): error TS17004: Cannot use JSX unless the '--jsx' flag is provided.
apps/arcade/src/app/contact/page.tsx(139,15): error TS17004: Cannot use JSX unless the '--jsx' flag is provided.
apps/arcade/src/app/contact/page.tsx(140,17): error TS17004: Cannot use JSX unless the '--jsx' flag is provided.
apps/arcade/src/app/contact/page.tsx(146,17): error TS17004: Cannot use JSX unless the '--jsx' flag is provided.
apps/arcade/src/app/contact/page.tsx(152,17): error TS17004: Cannot use JSX unless the '--jsx' flag is provided.
apps/arcade/src/app/contact/page.tsx(158,17): error TS17004: Cannot use JSX unless the '--jsx' flag is provided.
apps/arcade/src/app/contact/page.tsx(167,13): error TS17004: Cannot use JSX unless the '--jsx' flag is provided.
apps/arcade/src/app/contact/page.tsx(168,15): error TS17004: Cannot use JSX unless the '--jsx' flag is provided.
apps/arcade/src/app/contact/page.tsx(169,15): error TS17004: Cannot use JSX unless the '--jsx' flag is provided.
apps/arcade/src/app/contact/page.tsx(170,15): error TS17004: Cannot use JSX unless the '--jsx' flag is provided.
apps/arcade/src/app/dashboard/error.tsx(17,5): error TS17004: Cannot use JSX unless the '--jsx' flag is provided.
apps/arcade/src/app/dashboard/error.tsx(18,7): error TS17004: Cannot use JSX unless the '--jsx' flag is provided.
apps/arcade/src/app/dashboard/error.tsx(19,9): error TS17004: Cannot use JSX unless the '--jsx' flag is provided.
apps/arcade/src/app/dashboard/error.tsx(20,9): error TS17004: Cannot use JSX unless the '--jsx' flag is provided.
apps/arcade/src/app/dashboard/error.tsx(21,9): error TS17004: Cannot use JSX unless the '--jsx' flag is provided.
apps/arcade/src/app/dashboard/error.tsx(24,9): error TS17004: Cannot use JSX unless the '--jsx' flag is provided.
apps/arcade/src/app/dashboard/error.tsx(25,11): error TS17004: Cannot use JSX unless the '--jsx' flag is provided.
apps/arcade/src/app/dashboard/error.tsx(28,11): error TS17004: Cannot use JSX unless the '--jsx' flag is provided.
apps/arcade/src/app/dashboard/error.tsx(33,11): error TS17004: Cannot use JSX unless the '--jsx' flag is provided.
apps/arcade/src/app/dashboard/page.tsx(6,49): error TS2307: Cannot find module '@/lib/copy' or its corresponding type declarations.
apps/arcade/src/app/dashboard/page.tsx(7,23): error TS2307: Cannot find module '@/lib/analytics' or its corresponding type declarations.
apps/arcade/src/app/dashboard/page.tsx(8,24): error TS2307: Cannot find module '@/lib/routes' or its corresponding type declarations.
apps/arcade/src/app/dashboard/page.tsx(85,5): error TS17004: Cannot use JSX unless the '--jsx' flag is provided.
apps/arcade/src/app/dashboard/page.tsx(86,7): error TS17004: Cannot use JSX unless the '--jsx' flag is provided.
apps/arcade/src/app/dashboard/page.tsx(88,9): error TS17004: Cannot use JSX unless the '--jsx' flag is provided.
apps/arcade/src/app/dashboard/page.tsx(89,11): error TS17004: Cannot use JSX unless the '--jsx' flag is provided.
apps/arcade/src/app/dashboard/page.tsx(90,11): error TS17004: Cannot use JSX unless the '--jsx' flag is provided.
apps/arcade/src/app/dashboard/page.tsx(94,9): error TS17004: Cannot use JSX unless the '--jsx' flag is provided.
apps/arcade/src/app/dashboard/page.tsx(95,11): error TS17004: Cannot use JSX unless the '--jsx' flag is provided.
apps/arcade/src/app/dashboard/page.tsx(96,13): error TS17004: Cannot use JSX unless the '--jsx' flag is provided.
apps/arcade/src/app/dashboard/page.tsx(99,13): error TS17004: Cannot use JSX unless the '--jsx' flag is provided.
apps/arcade/src/app/dashboard/page.tsx(101,11): error TS17004: Cannot use JSX unless the '--jsx' flag is provided.
apps/arcade/src/app/dashboard/page.tsx(102,13): error TS17004: Cannot use JSX unless the '--jsx' flag is provided.
apps/arcade/src/app/dashboard/page.tsx(111,11): error TS17004: Cannot use JSX unless the '--jsx' flag is provided.
apps/arcade/src/app/dashboard/page.tsx(112,13): error TS17004: Cannot use JSX unless the '--jsx' flag is provided.
apps/arcade/src/app/dashboard/page.tsx(113,13): error TS17004: Cannot use JSX unless the '--jsx' flag is provided.
apps/arcade/src/app/dashboard/page.tsx(114,13): error TS17004: Cannot use JSX unless the '--jsx' flag is provided.
apps/arcade/src/app/dashboard/page.tsx(117,13): error TS17004: Cannot use JSX unless the '--jsx' flag is provided.
apps/arcade/src/app/dashboard/page.tsx(124,9): error TS17004: Cannot use JSX unless the '--jsx' flag is provided.
apps/arcade/src/app/dashboard/page.tsx(125,27): error TS7006: Parameter 'item' implicitly has an 'any' type.
apps/arcade/src/app/dashboard/page.tsx(125,33): error TS7006: Parameter 'index' implicitly has an 'any' type.
apps/arcade/src/app/dashboard/page.tsx(130,15): error TS17004: Cannot use JSX unless the '--jsx' flag is provided.
apps/arcade/src/app/dashboard/page.tsx(140,17): error TS17004: Cannot use JSX unless the '--jsx' flag is provided.
apps/arcade/src/app/dashboard/page.tsx(142,19): error TS17004: Cannot use JSX unless the '--jsx' flag is provided.
apps/arcade/src/app/dashboard/page.tsx(153,19): error TS17004: Cannot use JSX unless the '--jsx' flag is provided.
apps/arcade/src/app/dashboard/page.tsx(154,21): error TS17004: Cannot use JSX unless the '--jsx' flag is provided.
apps/arcade/src/app/dashboard/page.tsx(155,23): error TS17004: Cannot use JSX unless the '--jsx' flag is provided.
apps/arcade/src/app/dashboard/page.tsx(156,25): error TS17004: Cannot use JSX unless the '--jsx' flag is provided.
apps/arcade/src/app/dashboard/page.tsx(162,27): error TS17004: Cannot use JSX unless the '--jsx' flag is provided.
apps/arcade/src/app/dashboard/page.tsx(166,23): error TS17004: Cannot use JSX unless the '--jsx' flag is provided.
apps/arcade/src/app/dashboard/page.tsx(168,27): error TS17004: Cannot use JSX unless the '--jsx' flag is provided.
apps/arcade/src/app/dashboard/page.tsx(170,27): error TS17004: Cannot use JSX unless the '--jsx' flag is provided.
apps/arcade/src/app/dashboard/page.tsx(171,29): error TS17004: Cannot use JSX unless the '--jsx' flag is provided.
apps/arcade/src/app/dashboard/page.tsx(177,29): error TS17004: Cannot use JSX unless the '--jsx' flag is provided.
apps/arcade/src/app/dashboard/page.tsx(196,9): error TS17004: Cannot use JSX unless the '--jsx' flag is provided.
apps/arcade/src/app/dashboard/page.tsx(197,11): error TS17004: Cannot use JSX unless the '--jsx' flag is provided.
apps/arcade/src/app/dashboard/page.tsx(198,11): error TS17004: Cannot use JSX unless the '--jsx' flag is provided.
apps/arcade/src/app/dashboard/page.tsx(199,13): error TS17004: Cannot use JSX unless the '--jsx' flag is provided.
apps/arcade/src/app/dashboard/page.tsx(203,15): error TS17004: Cannot use JSX unless the '--jsx' flag is provided.
apps/arcade/src/app/dashboard/page.tsx(204,15): error TS17004: Cannot use JSX unless the '--jsx' flag is provided.
apps/arcade/src/app/dashboard/page.tsx(207,15): error TS17004: Cannot use JSX unless the '--jsx' flag is provided.
apps/arcade/src/app/dashboard/page.tsx(209,13): error TS17004: Cannot use JSX unless the '--jsx' flag is provided.
apps/arcade/src/app/dashboard/page.tsx(213,15): error TS17004: Cannot use JSX unless the '--jsx' flag is provided.
apps/arcade/src/app/dashboard/page.tsx(214,15): error TS17004: Cannot use JSX unless the '--jsx' flag is provided.
apps/arcade/src/app/dashboard/page.tsx(217,15): error TS17004: Cannot use JSX unless the '--jsx' flag is provided.
apps/arcade/src/app/dashboard/page.tsx(219,13): error TS17004: Cannot use JSX unless the '--jsx' flag is provided.
apps/arcade/src/app/dashboard/page.tsx(223,15): error TS17004: Cannot use JSX unless the '--jsx' flag is provided.
apps/arcade/src/app/dashboard/page.tsx(224,15): error TS17004: Cannot use JSX unless the '--jsx' flag is provided.
apps/arcade/src/app/dashboard/page.tsx(227,15): error TS17004: Cannot use JSX unless the '--jsx' flag is provided.
apps/arcade/src/app/dashboard/page.tsx(229,13): error TS17004: Cannot use JSX unless the '--jsx' flag is provided.
apps/arcade/src/app/dashboard/page.tsx(233,15): error TS17004: Cannot use JSX unless the '--jsx' flag is provided.
apps/arcade/src/app/dashboard/page.tsx(234,15): error TS17004: Cannot use JSX unless the '--jsx' flag is provided.
apps/arcade/src/app/dashboard/page.tsx(237,15): error TS17004: Cannot use JSX unless the '--jsx' flag is provided.
apps/arcade/src/app/dashboard/page.tsx(239,13): error TS17004: Cannot use JSX unless the '--jsx' flag is provided.
apps/arcade/src/app/dashboard/page.tsx(243,15): error TS17004: Cannot use JSX unless the '--jsx' flag is provided.
apps/arcade/src/app/dashboard/page.tsx(244,15): error TS17004: Cannot use JSX unless the '--jsx' flag is provided.
apps/arcade/src/app/dashboard/page.tsx(247,15): error TS17004: Cannot use JSX unless the '--jsx' flag is provided.
apps/arcade/src/app/dashboard/page.tsx(249,13): error TS17004: Cannot use JSX unless the '--jsx' flag is provided.
apps/arcade/src/app/dashboard/page.tsx(253,15): error TS17004: Cannot use JSX unless the '--jsx' flag is provided.
apps/arcade/src/app/dashboard/page.tsx(254,15): error TS17004: Cannot use JSX unless the '--jsx' flag is provided.
apps/arcade/src/app/dashboard/page.tsx(257,15): error TS17004: Cannot use JSX unless the '--jsx' flag is provided.
apps/arcade/src/app/docs/agents/page.tsx(11,5): error TS17004: Cannot use JSX unless the '--jsx' flag is provided.
apps/arcade/src/app/docs/agents/page.tsx(12,7): error TS17004: Cannot use JSX unless the '--jsx' flag is provided.
apps/arcade/src/app/docs/agents/page.tsx(13,9): error TS17004: Cannot use JSX unless the '--jsx' flag is provided.
apps/arcade/src/app/docs/agents/page.tsx(14,9): error TS17004: Cannot use JSX unless the '--jsx' flag is provided.
apps/arcade/src/app/docs/agents/page.tsx(20,7): error TS17004: Cannot use JSX unless the '--jsx' flag is provided.
apps/arcade/src/app/docs/agents/page.tsx(21,9): error TS17004: Cannot use JSX unless the '--jsx' flag is provided.
apps/arcade/src/app/docs/agents/page.tsx(22,9): error TS17004: Cannot use JSX unless the '--jsx' flag is provided.
apps/arcade/src/app/docs/agents/page.tsx(26,9): error TS17004: Cannot use JSX unless the '--jsx' flag is provided.
apps/arcade/src/app/docs/agents/page.tsx(27,11): error TS17004: Cannot use JSX unless the '--jsx' flag is provided.
apps/arcade/src/app/docs/agents/page.tsx(28,13): error TS17004: Cannot use JSX unless the '--jsx' flag is provided.
apps/arcade/src/app/docs/agents/page.tsx(29,13): error TS17004: Cannot use JSX unless the '--jsx' flag is provided.
apps/arcade/src/app/docs/agents/page.tsx(31,47): error TS17004: Cannot use JSX unless the '--jsx' flag is provided.
apps/arcade/src/app/docs/agents/page.tsx(35,11): error TS17004: Cannot use JSX unless the '--jsx' flag is provided.
apps/arcade/src/app/docs/agents/page.tsx(36,13): error TS17004: Cannot use JSX unless the '--jsx' flag is provided.
apps/arcade/src/app/docs/agents/page.tsx(37,13): error TS17004: Cannot use JSX unless the '--jsx' flag is provided.
apps/arcade/src/app/docs/agents/page.tsx(42,11): error TS17004: Cannot use JSX unless the '--jsx' flag is provided.
apps/arcade/src/app/docs/agents/page.tsx(43,13): error TS17004: Cannot use JSX unless the '--jsx' flag is provided.
apps/arcade/src/app/docs/agents/page.tsx(44,13): error TS17004: Cannot use JSX unless the '--jsx' flag is provided.
apps/arcade/src/app/docs/agents/page.tsx(49,11): error TS17004: Cannot use JSX unless the '--jsx' flag is provided.
apps/arcade/src/app/docs/agents/page.tsx(50,13): error TS17004: Cannot use JSX unless the '--jsx' flag is provided.
apps/arcade/src/app/docs/agents/page.tsx(51,13): error TS17004: Cannot use JSX unless the '--jsx' flag is provided.
apps/arcade/src/app/docs/agents/page.tsx(59,7): error TS17004: Cannot use JSX unless the '--jsx' flag is provided.
apps/arcade/src/app/docs/agents/page.tsx(60,9): error TS17004: Cannot use JSX unless the '--jsx' flag is provided.
apps/arcade/src/app/docs/agents/page.tsx(61,9): error TS17004: Cannot use JSX unless the '--jsx' flag is provided.
apps/arcade/src/app/docs/agents/page.tsx(62,11): error TS17004: Cannot use JSX unless the '--jsx' flag is provided.
apps/arcade/src/app/docs/agents/page.tsx(63,13): error TS17004: Cannot use JSX unless the '--jsx' flag is provided.
apps/arcade/src/app/docs/agents/page.tsx(64,15): error TS17004: Cannot use JSX unless the '--jsx' flag is provided.
apps/arcade/src/app/docs/agents/page.tsx(65,15): error TS17004: Cannot use JSX unless the '--jsx' flag is provided.
apps/arcade/src/app/docs/agents/page.tsx(66,17): error TS17004: Cannot use JSX unless the '--jsx' flag is provided.
apps/arcade/src/app/docs/agents/page.tsx(70,13): error TS17004: Cannot use JSX unless the '--jsx' flag is provided.
apps/arcade/src/app/docs/agents/page.tsx(71,15): error TS17004: Cannot use JSX unless the '--jsx' flag is provided.
apps/arcade/src/app/docs/agents/page.tsx(72,15): error TS17004: Cannot use JSX unless the '--jsx' flag is provided.
apps/arcade/src/app/docs/agents/page.tsx(73,17): error TS17004: Cannot use JSX unless the '--jsx' flag is provided.
apps/arcade/src/app/docs/agents/page.tsx(77,13): error TS17004: Cannot use JSX unless the '--jsx' flag is provided.
apps/arcade/src/app/docs/agents/page.tsx(78,15): error TS17004: Cannot use JSX unless the '--jsx' flag is provided.
apps/arcade/src/app/docs/agents/page.tsx(79,15): error TS17004: Cannot use JSX unless the '--jsx' flag is provided.
apps/arcade/src/app/docs/agents/page.tsx(80,17): error TS17004: Cannot use JSX unless the '--jsx' flag is provided.
apps/arcade/src/app/docs/agents/page.tsx(84,13): error TS17004: Cannot use JSX unless the '--jsx' flag is provided.
apps/arcade/src/app/docs/agents/page.tsx(85,15): error TS17004: Cannot use JSX unless the '--jsx' flag is provided.
apps/arcade/src/app/docs/agents/page.tsx(86,15): error TS17004: Cannot use JSX unless the '--jsx' flag is provided.
apps/arcade/src/app/docs/agents/page.tsx(87,17): error TS17004: Cannot use JSX unless the '--jsx' flag is provided.
apps/arcade/src/app/docs/agents/page.tsx(95,7): error TS17004: Cannot use JSX unless the '--jsx' flag is provided.
apps/arcade/src/app/docs/agents/page.tsx(96,9): error TS17004: Cannot use JSX unless the '--jsx' flag is provided.
apps/arcade/src/app/docs/agents/page.tsx(97,9): error TS17004: Cannot use JSX unless the '--jsx' flag is provided.
apps/arcade/src/app/docs/agents/page.tsx(101,9): error TS17004: Cannot use JSX unless the '--jsx' flag is provided.
apps/arcade/src/app/docs/agents/page.tsx(102,73): error TS17004: Cannot use JSX unless the '--jsx' flag is provided.
apps/arcade/src/app/docs/agents/page.tsx(103,81): error TS17004: Cannot use JSX unless the '--jsx' flag is provided.
apps/arcade/src/app/docs/agents/page.tsx(108,7): error TS17004: Cannot use JSX unless the '--jsx' flag is provided.
apps/arcade/src/app/docs/agents/page.tsx(109,9): error TS17004: Cannot use JSX unless the '--jsx' flag is provided.
apps/arcade/src/app/docs/agents/page.tsx(110,9): error TS17004: Cannot use JSX unless the '--jsx' flag is provided.
apps/arcade/src/app/docs/agents/page.tsx(113,9): error TS17004: Cannot use JSX unless the '--jsx' flag is provided.
apps/arcade/src/app/docs/agents/page.tsx(114,11): error TS17004: Cannot use JSX unless the '--jsx' flag is provided.
apps/arcade/src/app/docs/agents/page.tsx(115,13): error TS17004: Cannot use JSX unless the '--jsx' flag is provided.
apps/arcade/src/app/docs/agents/page.tsx(117,11): error TS17004: Cannot use JSX unless the '--jsx' flag is provided.
apps/arcade/src/app/docs/agents/page.tsx(118,13): error TS17004: Cannot use JSX unless the '--jsx' flag is provided.
apps/arcade/src/app/docs/agents/page.tsx(120,11): error TS17004: Cannot use JSX unless the '--jsx' flag is provided.
apps/arcade/src/app/docs/agents/page.tsx(121,13): error TS17004: Cannot use JSX unless the '--jsx' flag is provided.
apps/arcade/src/app/docs/agents/page.tsx(127,7): error TS17004: Cannot use JSX unless the '--jsx' flag is provided.
apps/arcade/src/app/docs/agents/page.tsx(128,9): error TS17004: Cannot use JSX unless the '--jsx' flag is provided.
apps/arcade/src/app/docs/agents/page.tsx(129,9): error TS17004: Cannot use JSX unless the '--jsx' flag is provided.
apps/arcade/src/app/docs/agents/page.tsx(130,11): error TS17004: Cannot use JSX unless the '--jsx' flag is provided.
apps/arcade/src/app/docs/api/page.tsx(10,5): error TS17004: Cannot use JSX unless the '--jsx' flag is provided.
apps/arcade/src/app/docs/api/page.tsx(11,7): error TS17004: Cannot use JSX unless the '--jsx' flag is provided.
apps/arcade/src/app/docs/api/page.tsx(12,9): error TS17004: Cannot use JSX unless the '--jsx' flag is provided.
apps/arcade/src/app/docs/api/page.tsx(13,9): error TS17004: Cannot use JSX unless the '--jsx' flag is provided.
apps/arcade/src/app/docs/api/page.tsx(19,7): error TS17004: Cannot use JSX unless the '--jsx' flag is provided.
apps/arcade/src/app/docs/api/page.tsx(20,9): error TS17004: Cannot use JSX unless the '--jsx' flag is provided.
apps/arcade/src/app/docs/api/page.tsx(21,9): error TS17004: Cannot use JSX unless the '--jsx' flag is provided.
apps/arcade/src/app/docs/api/page.tsx(22,11): error TS17004: Cannot use JSX unless the '--jsx' flag is provided.
apps/arcade/src/app/docs/api/page.tsx(23,13): error TS17004: Cannot use JSX unless the '--jsx' flag is provided.
apps/arcade/src/app/docs/api/page.tsx(24,13): error TS17004: Cannot use JSX unless the '--jsx' flag is provided.
apps/arcade/src/app/docs/api/page.tsx(25,25): error TS17004: Cannot use JSX unless the '--jsx' flag is provided.
apps/arcade/src/app/docs/api/page.tsx(27,13): error TS17004: Cannot use JSX unless the '--jsx' flag is provided.
apps/arcade/src/app/docs/api/page.tsx(32,11): error TS17004: Cannot use JSX unless the '--jsx' flag is provided.
apps/arcade/src/app/docs/api/page.tsx(33,13): error TS17004: Cannot use JSX unless the '--jsx' flag is provided.
apps/arcade/src/app/docs/api/page.tsx(34,13): error TS17004: Cannot use JSX unless the '--jsx' flag is provided.
apps/arcade/src/app/docs/api/page.tsx(35,25): error TS17004: Cannot use JSX unless the '--jsx' flag is provided.
apps/arcade/src/app/docs/api/page.tsx(37,13): error TS17004: Cannot use JSX unless the '--jsx' flag is provided.
apps/arcade/src/app/docs/api/page.tsx(42,11): error TS17004: Cannot use JSX unless the '--jsx' flag is provided.
apps/arcade/src/app/docs/api/page.tsx(43,13): error TS17004: Cannot use JSX unless the '--jsx' flag is provided.
apps/arcade/src/app/docs/api/page.tsx(44,13): error TS17004: Cannot use JSX unless the '--jsx' flag is provided.
apps/arcade/src/app/docs/api/page.tsx(45,25): error TS17004: Cannot use JSX unless the '--jsx' flag is provided.
apps/arcade/src/app/docs/api/page.tsx(47,13): error TS17004: Cannot use JSX unless the '--jsx' flag is provided.
apps/arcade/src/app/docs/api/page.tsx(54,7): error TS17004: Cannot use JSX unless the '--jsx' flag is provided.
apps/arcade/src/app/docs/api/page.tsx(55,9): error TS17004: Cannot use JSX unless the '--jsx' flag is provided.
apps/arcade/src/app/docs/api/page.tsx(56,9): error TS17004: Cannot use JSX unless the '--jsx' flag is provided.
apps/arcade/src/app/docs/api/page.tsx(57,56): error TS17004: Cannot use JSX unless the '--jsx' flag is provided.
apps/arcade/src/app/docs/api/page.tsx(60,9): error TS17004: Cannot use JSX unless the '--jsx' flag is provided.
apps/arcade/src/app/docs/api/page.tsx(61,11): error TS17004: Cannot use JSX unless the '--jsx' flag is provided.
apps/arcade/src/app/docs/api/page.tsx(61,70): error TS17004: Cannot use JSX unless the '--jsx' flag is provided.
apps/arcade/src/app/docs/api/page.tsx(66,7): error TS17004: Cannot use JSX unless the '--jsx' flag is provided.
apps/arcade/src/app/docs/api/page.tsx(67,9): error TS17004: Cannot use JSX unless the '--jsx' flag is provided.
apps/arcade/src/app/docs/api/page.tsx(69,9): error TS17004: Cannot use JSX unless the '--jsx' flag is provided.
apps/arcade/src/app/docs/api/page.tsx(70,11): error TS17004: Cannot use JSX unless the '--jsx' flag is provided.
apps/arcade/src/app/docs/api/page.tsx(71,13): error TS17004: Cannot use JSX unless the '--jsx' flag is provided.
apps/arcade/src/app/docs/api/page.tsx(72,13): error TS17004: Cannot use JSX unless the '--jsx' flag is provided.
apps/arcade/src/app/docs/api/page.tsx(73,67): error TS17004: Cannot use JSX unless the '--jsx' flag is provided.
apps/arcade/src/app/docs/api/page.tsx(76,13): error TS17004: Cannot use JSX unless the '--jsx' flag is provided.
apps/arcade/src/app/docs/api/page.tsx(95,11): error TS17004: Cannot use JSX unless the '--jsx' flag is provided.
apps/arcade/src/app/docs/api/page.tsx(96,13): error TS17004: Cannot use JSX unless the '--jsx' flag is provided.
apps/arcade/src/app/docs/api/page.tsx(97,13): error TS17004: Cannot use JSX unless the '--jsx' flag is provided.
apps/arcade/src/app/docs/api/page.tsx(100,13): error TS17004: Cannot use JSX unless the '--jsx' flag is provided.
apps/arcade/src/app/docs/api/page.tsx(115,7): error TS17004: Cannot use JSX unless the '--jsx' flag is provided.
apps/arcade/src/app/docs/api/page.tsx(116,9): error TS17004: Cannot use JSX unless the '--jsx' flag is provided.
apps/arcade/src/app/docs/api/page.tsx(117,9): error TS17004: Cannot use JSX unless the '--jsx' flag is provided.
apps/arcade/src/app/docs/api/page.tsx(118,11): error TS17004: Cannot use JSX unless the '--jsx' flag is provided.
apps/arcade/src/app/docs/architecture/page.tsx(11,5): error TS17004: Cannot use JSX unless the '--jsx' flag is provided.
apps/arcade/src/app/docs/architecture/page.tsx(12,7): error TS17004: Cannot use JSX unless the '--jsx' flag is provided.
apps/arcade/src/app/docs/architecture/page.tsx(13,9): error TS17004: Cannot use JSX unless the '--jsx' flag is provided.
apps/arcade/src/app/docs/architecture/page.tsx(14,9): error TS17004: Cannot use JSX unless the '--jsx' flag is provided.
apps/arcade/src/app/docs/architecture/page.tsx(20,7): error TS17004: Cannot use JSX unless the '--jsx' flag is provided.
apps/arcade/src/app/docs/architecture/page.tsx(21,9): error TS17004: Cannot use JSX unless the '--jsx' flag is provided.
apps/arcade/src/app/docs/architecture/page.tsx(22,9): error TS17004: Cannot use JSX unless the '--jsx' flag is provided.
apps/arcade/src/app/docs/architecture/page.tsx(23,11): error TS17004: Cannot use JSX unless the '--jsx' flag is provided.
apps/arcade/src/app/docs/architecture/page.tsx(24,13): error TS17004: Cannot use JSX unless the '--jsx' flag is provided.
apps/arcade/src/app/docs/architecture/page.tsx(25,13): error TS17004: Cannot use JSX unless the '--jsx' flag is provided.
apps/arcade/src/app/docs/architecture/page.tsx(31,11): error TS17004: Cannot use JSX unless the '--jsx' flag is provided.
apps/arcade/src/app/docs/architecture/page.tsx(32,13): error TS17004: Cannot use JSX unless the '--jsx' flag is provided.
apps/arcade/src/app/docs/architecture/page.tsx(33,13): error TS17004: Cannot use JSX unless the '--jsx' flag is provided.
apps/arcade/src/app/docs/architecture/page.tsx(42,7): error TS17004: Cannot use JSX unless the '--jsx' flag is provided.
apps/arcade/src/app/docs/architecture/page.tsx(43,9): error TS17004: Cannot use JSX unless the '--jsx' flag is provided.
apps/arcade/src/app/docs/architecture/page.tsx(44,9): error TS17004: Cannot use JSX unless the '--jsx' flag is provided.
apps/arcade/src/app/docs/architecture/page.tsx(48,9): error TS17004: Cannot use JSX unless the '--jsx' flag is provided.
apps/arcade/src/app/docs/architecture/page.tsx(49,11): error TS17004: Cannot use JSX unless the '--jsx' flag is provided.
apps/arcade/src/app/docs/architecture/page.tsx(50,13): error TS17004: Cannot use JSX unless the '--jsx' flag is provided.
apps/arcade/src/app/docs/architecture/page.tsx(51,13): error TS17004: Cannot use JSX unless the '--jsx' flag is provided.
apps/arcade/src/app/docs/architecture/page.tsx(52,43): error TS17004: Cannot use JSX unless the '--jsx' flag is provided.
apps/arcade/src/app/docs/architecture/page.tsx(57,11): error TS17004: Cannot use JSX unless the '--jsx' flag is provided.
apps/arcade/src/app/docs/architecture/page.tsx(58,13): error TS17004: Cannot use JSX unless the '--jsx' flag is provided.
apps/arcade/src/app/docs/architecture/page.tsx(59,13): error TS17004: Cannot use JSX unless the '--jsx' flag is provided.
apps/arcade/src/app/docs/architecture/page.tsx(64,11): error TS17004: Cannot use JSX unless the '--jsx' flag is provided.
apps/arcade/src/app/docs/architecture/page.tsx(65,13): error TS17004: Cannot use JSX unless the '--jsx' flag is provided.
apps/arcade/src/app/docs/architecture/page.tsx(66,13): error TS17004: Cannot use JSX unless the '--jsx' flag is provided.
apps/arcade/src/app/docs/architecture/page.tsx(71,11): error TS17004: Cannot use JSX unless the '--jsx' flag is provided.
apps/arcade/src/app/docs/architecture/page.tsx(72,13): error TS17004: Cannot use JSX unless the '--jsx' flag is provided.
apps/arcade/src/app/docs/architecture/page.tsx(73,13): error TS17004: Cannot use JSX unless the '--jsx' flag is provided.
apps/arcade/src/app/docs/architecture/page.tsx(81,7): error TS17004: Cannot use JSX unless the '--jsx' flag is provided.
apps/arcade/src/app/docs/architecture/page.tsx(82,9): error TS17004: Cannot use JSX unless the '--jsx' flag is provided.
apps/arcade/src/app/docs/architecture/page.tsx(83,9): error TS17004: Cannot use JSX unless the '--jsx' flag is provided.
apps/arcade/src/app/docs/architecture/page.tsx(84,11): error TS17004: Cannot use JSX unless the '--jsx' flag is provided.
apps/arcade/src/app/docs/architecture/page.tsx(88,11): error TS17004: Cannot use JSX unless the '--jsx' flag is provided.
apps/arcade/src/app/docs/architecture/page.tsx(89,13): error TS17004: Cannot use JSX unless the '--jsx' flag is provided.
apps/arcade/src/app/docs/architecture/page.tsx(90,13): error TS17004: Cannot use JSX unless the '--jsx' flag is provided.
apps/arcade/src/app/docs/architecture/page.tsx(91,13): error TS17004: Cannot use JSX unless the '--jsx' flag is provided.
apps/arcade/src/app/docs/architecture/page.tsx(92,13): error TS17004: Cannot use JSX unless the '--jsx' flag is provided.
apps/arcade/src/app/docs/architecture/page.tsx(93,13): error TS17004: Cannot use JSX unless the '--jsx' flag is provided.
apps/arcade/src/app/docs/architecture/page.tsx(98,7): error TS17004: Cannot use JSX unless the '--jsx' flag is provided.
apps/arcade/src/app/docs/architecture/page.tsx(99,9): error TS17004: Cannot use JSX unless the '--jsx' flag is provided.
apps/arcade/src/app/docs/architecture/page.tsx(100,9): error TS17004: Cannot use JSX unless the '--jsx' flag is provided.
apps/arcade/src/app/docs/architecture/page.tsx(121,7): error TS17004: Cannot use JSX unless the '--jsx' flag is provided.
apps/arcade/src/app/docs/architecture/page.tsx(122,9): error TS17004: Cannot use JSX unless the '--jsx' flag is provided.
apps/arcade/src/app/docs/architecture/page.tsx(123,9): error TS17004: Cannot use JSX unless the '--jsx' flag is provided.
apps/arcade/src/app/docs/architecture/page.tsx(124,11): error TS17004: Cannot use JSX unless the '--jsx' flag is provided.
apps/arcade/src/app/docs/auth/page.tsx(3,5): error TS17004: Cannot use JSX unless the '--jsx' flag is provided.
apps/arcade/src/app/docs/auth/page.tsx(4,7): error TS17004: Cannot use JSX unless the '--jsx' flag is provided.
apps/arcade/src/app/docs/auth/page.tsx(5,9): error TS17004: Cannot use JSX unless the '--jsx' flag is provided.
apps/arcade/src/app/docs/auth/page.tsx(6,11): error TS17004: Cannot use JSX unless the '--jsx' flag is provided.
apps/arcade/src/app/docs/auth/page.tsx(11,9): error TS17004: Cannot use JSX unless the '--jsx' flag is provided.
apps/arcade/src/app/docs/auth/page.tsx(12,9): error TS17004: Cannot use JSX unless the '--jsx' flag is provided.
apps/arcade/src/app/docs/auth/page.tsx(16,9): error TS17004: Cannot use JSX unless the '--jsx' flag is provided.
apps/arcade/src/app/docs/auth/page.tsx(17,11): error TS17004: Cannot use JSX unless the '--jsx' flag is provided.
apps/arcade/src/app/docs/auth/page.tsx(18,13): error TS17004: Cannot use JSX unless the '--jsx' flag is provided.
apps/arcade/src/app/docs/auth/page.tsx(19,13): error TS17004: Cannot use JSX unless the '--jsx' flag is provided.
apps/arcade/src/app/docs/auth/page.tsx(23,13): error TS17004: Cannot use JSX unless the '--jsx' flag is provided.
apps/arcade/src/app/docs/auth/page.tsx(24,15): error TS17004: Cannot use JSX unless the '--jsx' flag is provided.
apps/arcade/src/app/docs/auth/page.tsx(28,11): error TS17004: Cannot use JSX unless the '--jsx' flag is provided.
apps/arcade/src/app/docs/auth/page.tsx(29,13): error TS17004: Cannot use JSX unless the '--jsx' flag is provided.
apps/arcade/src/app/docs/auth/page.tsx(30,13): error TS17004: Cannot use JSX unless the '--jsx' flag is provided.
apps/arcade/src/app/docs/auth/page.tsx(31,13): error TS17004: Cannot use JSX unless the '--jsx' flag is provided.
apps/arcade/src/app/docs/auth/page.tsx(32,15): error TS17004: Cannot use JSX unless the '--jsx' flag is provided.
apps/arcade/src/app/docs/auth/page.tsx(33,15): error TS17004: Cannot use JSX unless the '--jsx' flag is provided.
apps/arcade/src/app/docs/auth/page.tsx(34,15): error TS17004: Cannot use JSX unless the '--jsx' flag is provided.
apps/arcade/src/app/docs/auth/page.tsx(35,15): error TS17004: Cannot use JSX unless the '--jsx' flag is provided.
apps/arcade/src/app/docs/auth/page.tsx(36,15): error TS17004: Cannot use JSX unless the '--jsx' flag is provided.
apps/arcade/src/app/docs/auth/page.tsx(37,15): error TS17004: Cannot use JSX unless the '--jsx' flag is provided.
apps/arcade/src/app/docs/auth/page.tsx(38,15): error TS17004: Cannot use JSX unless the '--jsx' flag is provided.
apps/arcade/src/app/docs/auth/page.tsx(39,15): error TS17004: Cannot use JSX unless the '--jsx' flag is provided.
apps/arcade/src/app/docs/auth/page.tsx(43,11): error TS17004: Cannot use JSX unless the '--jsx' flag is provided.
apps/arcade/src/app/docs/auth/page.tsx(44,13): error TS17004: Cannot use JSX unless the '--jsx' flag is provided.
apps/arcade/src/app/docs/auth/page.tsx(45,13): error TS17004: Cannot use JSX unless the '--jsx' flag is provided.
apps/arcade/src/app/docs/auth/page.tsx(48,13): error TS17004: Cannot use JSX unless the '--jsx' flag is provided.
apps/arcade/src/app/docs/auth/page.tsx(49,15): error TS17004: Cannot use JSX unless the '--jsx' flag is provided.
apps/arcade/src/app/docs/auth/page.tsx(50,15): error TS17004: Cannot use JSX unless the '--jsx' flag is provided.
apps/arcade/src/app/docs/auth/page.tsx(51,15): error TS17004: Cannot use JSX unless the '--jsx' flag is provided.
apps/arcade/src/app/docs/auth/page.tsx(52,15): error TS17004: Cannot use JSX unless the '--jsx' flag is provided.
apps/arcade/src/app/docs/auth/page.tsx(53,15): error TS17004: Cannot use JSX unless the '--jsx' flag is provided.
apps/arcade/src/app/docs/auth/page.tsx(54,15): error TS17004: Cannot use JSX unless the '--jsx' flag is provided.
apps/arcade/src/app/docs/auth/page.tsx(58,11): error TS17004: Cannot use JSX unless the '--jsx' flag is provided.
apps/arcade/src/app/docs/auth/page.tsx(59,13): error TS17004: Cannot use JSX unless the '--jsx' flag is provided.
apps/arcade/src/app/docs/auth/page.tsx(60,13): error TS17004: Cannot use JSX unless the '--jsx' flag is provided.
apps/arcade/src/app/docs/auth/page.tsx(61,13): error TS17004: Cannot use JSX unless the '--jsx' flag is provided.
apps/arcade/src/app/docs/auth/page.tsx(62,15): error TS17004: Cannot use JSX unless the '--jsx' flag is provided.
apps/arcade/src/app/docs/auth/page.tsx(63,15): error TS17004: Cannot use JSX unless the '--jsx' flag is provided.
apps/arcade/src/app/docs/auth/page.tsx(64,15): error TS17004: Cannot use JSX unless the '--jsx' flag is provided.
apps/arcade/src/app/docs/auth/page.tsx(65,15): error TS17004: Cannot use JSX unless the '--jsx' flag is provided.
apps/arcade/src/app/docs/auth/page.tsx(66,15): error TS17004: Cannot use JSX unless the '--jsx' flag is provided.
apps/arcade/src/app/docs/auth/page.tsx(67,15): error TS17004: Cannot use JSX unless the '--jsx' flag is provided.
apps/arcade/src/app/docs/auth/page.tsx(68,15): error TS17004: Cannot use JSX unless the '--jsx' flag is provided.
apps/arcade/src/app/docs/auth/page.tsx(69,15): error TS17004: Cannot use JSX unless the '--jsx' flag is provided.
apps/arcade/src/app/docs/auth/page.tsx(70,15): error TS17004: Cannot use JSX unless the '--jsx' flag is provided.
apps/arcade/src/app/docs/auth/page.tsx(71,15): error TS17004: Cannot use JSX unless the '--jsx' flag is provided.
apps/arcade/src/app/docs/auth/page.tsx(75,11): error TS17004: Cannot use JSX unless the '--jsx' flag is provided.
apps/arcade/src/app/docs/auth/page.tsx(76,13): error TS17004: Cannot use JSX unless the '--jsx' flag is provided.
apps/arcade/src/app/docs/auth/page.tsx(77,13): error TS17004: Cannot use JSX unless the '--jsx' flag is provided.
apps/arcade/src/app/docs/auth/page.tsx(78,13): error TS17004: Cannot use JSX unless the '--jsx' flag is provided.
apps/arcade/src/app/docs/auth/page.tsx(79,15): error TS17004: Cannot use JSX unless the '--jsx' flag is provided.
apps/arcade/src/app/docs/auth/page.tsx(80,17): error TS17004: Cannot use JSX unless the '--jsx' flag is provided.
apps/arcade/src/app/docs/auth/page.tsx(81,17): error TS17004: Cannot use JSX unless the '--jsx' flag is provided.
apps/arcade/src/app/docs/auth/page.tsx(83,15): error TS17004: Cannot use JSX unless the '--jsx' flag is provided.
apps/arcade/src/app/docs/auth/page.tsx(84,17): error TS17004: Cannot use JSX unless the '--jsx' flag is provided.
apps/arcade/src/app/docs/auth/page.tsx(85,17): error TS17004: Cannot use JSX unless the '--jsx' flag is provided.
apps/arcade/src/app/docs/auth/page.tsx(87,15): error TS17004: Cannot use JSX unless the '--jsx' flag is provided.
apps/arcade/src/app/docs/auth/page.tsx(88,17): error TS17004: Cannot use JSX unless the '--jsx' flag is provided.
apps/arcade/src/app/docs/auth/page.tsx(89,17): error TS17004: Cannot use JSX unless the '--jsx' flag is provided.
apps/arcade/src/app/docs/auth/page.tsx(91,15): error TS17004: Cannot use JSX unless the '--jsx' flag is provided.
apps/arcade/src/app/docs/auth/page.tsx(92,17): error TS17004: Cannot use JSX unless the '--jsx' flag is provided.
apps/arcade/src/app/docs/auth/page.tsx(93,17): error TS17004: Cannot use JSX unless the '--jsx' flag is provided.
apps/arcade/src/app/docs/auth/page.tsx(95,15): error TS17004: Cannot use JSX unless the '--jsx' flag is provided.
apps/arcade/src/app/docs/auth/page.tsx(96,17): error TS17004: Cannot use JSX unless the '--jsx' flag is provided.
apps/arcade/src/app/docs/auth/page.tsx(97,17): error TS17004: Cannot use JSX unless the '--jsx' flag is provided.
apps/arcade/src/app/docs/auth/page.tsx(99,15): error TS17004: Cannot use JSX unless the '--jsx' flag is provided.
apps/arcade/src/app/docs/auth/page.tsx(100,17): error TS17004: Cannot use JSX unless the '--jsx' flag is provided.
apps/arcade/src/app/docs/auth/page.tsx(101,17): error TS17004: Cannot use JSX unless the '--jsx' flag is provided.
apps/arcade/src/app/docs/auth/page.tsx(106,11): error TS17004: Cannot use JSX unless the '--jsx' flag is provided.
apps/arcade/src/app/docs/auth/page.tsx(107,13): error TS17004: Cannot use JSX unless the '--jsx' flag is provided.
apps/arcade/src/app/docs/auth/page.tsx(108,13): error TS17004: Cannot use JSX unless the '--jsx' flag is provided.
apps/arcade/src/app/docs/auth/page.tsx(109,15): error TS17004: Cannot use JSX unless the '--jsx' flag is provided.
apps/arcade/src/app/docs/auth/page.tsx(110,15): error TS17004: Cannot use JSX unless the '--jsx' flag is provided.
apps/arcade/src/app/docs/auth/page.tsx(111,15): error TS17004: Cannot use JSX unless the '--jsx' flag is provided.
apps/arcade/src/app/docs/auth/page.tsx(112,15): error TS17004: Cannot use JSX unless the '--jsx' flag is provided.
apps/arcade/src/app/docs/auth/page.tsx(113,15): error TS17004: Cannot use JSX unless the '--jsx' flag is provided.
apps/arcade/src/app/docs/auth/page.tsx(114,15): error TS17004: Cannot use JSX unless the '--jsx' flag is provided.
apps/arcade/src/app/docs/auth/page.tsx(118,11): error TS17004: Cannot use JSX unless the '--jsx' flag is provided.
apps/arcade/src/app/docs/auth/page.tsx(119,13): error TS17004: Cannot use JSX unless the '--jsx' flag is provided.
apps/arcade/src/app/docs/auth/page.tsx(120,13): error TS17004: Cannot use JSX unless the '--jsx' flag is provided.
apps/arcade/src/app/docs/auth/page.tsx(123,13): error TS17004: Cannot use JSX unless the '--jsx' flag is provided.
apps/arcade/src/app/docs/auth/page.tsx(124,15): error TS17004: Cannot use JSX unless the '--jsx' flag is provided.
apps/arcade/src/app/docs/auth/page.tsx(125,17): error TS17004: Cannot use JSX unless the '--jsx' flag is provided.
apps/arcade/src/app/docs/auth/page.tsx(126,17): error TS17004: Cannot use JSX unless the '--jsx' flag is provided.
apps/arcade/src/app/docs/auth/page.tsx(128,15): error TS17004: Cannot use JSX unless the '--jsx' flag is provided.
apps/arcade/src/app/docs/auth/page.tsx(129,17): error TS17004: Cannot use JSX unless the '--jsx' flag is provided.
apps/arcade/src/app/docs/auth/page.tsx(130,17): error TS17004: Cannot use JSX unless the '--jsx' flag is provided.
apps/arcade/src/app/docs/cli/page.tsx(10,5): error TS17004: Cannot use JSX unless the '--jsx' flag is provided.
apps/arcade/src/app/docs/cli/page.tsx(11,7): error TS17004: Cannot use JSX unless the '--jsx' flag is provided.
apps/arcade/src/app/docs/cli/page.tsx(12,9): error TS17004: Cannot use JSX unless the '--jsx' flag is provided.
apps/arcade/src/app/docs/cli/page.tsx(13,9): error TS17004: Cannot use JSX unless the '--jsx' flag is provided.
apps/arcade/src/app/docs/cli/page.tsx(14,15): error TS17004: Cannot use JSX unless the '--jsx' flag is provided.
apps/arcade/src/app/docs/cli/page.tsx(19,7): error TS17004: Cannot use JSX unless the '--jsx' flag is provided.
apps/arcade/src/app/docs/cli/page.tsx(20,9): error TS17004: Cannot use JSX unless the '--jsx' flag is provided.
apps/arcade/src/app/docs/cli/page.tsx(22,9): error TS17004: Cannot use JSX unless the '--jsx' flag is provided.
apps/arcade/src/app/docs/cli/page.tsx(23,11): error TS17004: Cannot use JSX unless the '--jsx' flag is provided.
apps/arcade/src/app/docs/cli/page.tsx(24,11): error TS17004: Cannot use JSX unless the '--jsx' flag is provided.
apps/arcade/src/app/docs/cli/page.tsx(28,11): error TS17004: Cannot use JSX unless the '--jsx' flag is provided.
apps/arcade/src/app/docs/cli/page.tsx(29,13): error TS17004: Cannot use JSX unless the '--jsx' flag is provided.
apps/arcade/src/app/docs/cli/page.tsx(30,13): error TS17004: Cannot use JSX unless the '--jsx' flag is provided.
apps/arcade/src/app/docs/cli/page.tsx(31,15): error TS17004: Cannot use JSX unless the '--jsx' flag is provided.
apps/arcade/src/app/docs/cli/page.tsx(32,15): error TS17004: Cannot use JSX unless the '--jsx' flag is provided.
apps/arcade/src/app/docs/cli/page.tsx(33,15): error TS17004: Cannot use JSX unless the '--jsx' flag is provided.
apps/arcade/src/app/docs/cli/page.tsx(34,15): error TS17004: Cannot use JSX unless the '--jsx' flag is provided.
apps/arcade/src/app/docs/cli/page.tsx(35,15): error TS17004: Cannot use JSX unless the '--jsx' flag is provided.
apps/arcade/src/app/docs/cli/page.tsx(36,15): error TS17004: Cannot use JSX unless the '--jsx' flag is provided.
apps/arcade/src/app/docs/cli/page.tsx(37,15): error TS17004: Cannot use JSX unless the '--jsx' flag is provided.
apps/arcade/src/app/docs/cli/page.tsx(38,15): error TS17004: Cannot use JSX unless the '--jsx' flag is provided.
apps/arcade/src/app/docs/cli/page.tsx(41,11): error TS17004: Cannot use JSX unless the '--jsx' flag is provided.
apps/arcade/src/app/docs/cli/page.tsx(42,30): error TS17004: Cannot use JSX unless the '--jsx' flag is provided.
apps/arcade/src/app/docs/cli/page.tsx(43,47): error TS17004: Cannot use JSX unless the '--jsx' flag is provided.
apps/arcade/src/app/docs/cli/page.tsx(44,51): error TS17004: Cannot use JSX unless the '--jsx' flag is provided.
apps/arcade/src/app/docs/cli/page.tsx(45,52): error TS17004: Cannot use JSX unless the '--jsx' flag is provided.
apps/arcade/src/app/docs/cli/page.tsx(51,7): error TS17004: Cannot use JSX unless the '--jsx' flag is provided.
apps/arcade/src/app/docs/cli/page.tsx(52,9): error TS17004: Cannot use JSX unless the '--jsx' flag is provided.
apps/arcade/src/app/docs/cli/page.tsx(53,9): error TS17004: Cannot use JSX unless the '--jsx' flag is provided.
apps/arcade/src/app/docs/cli/page.tsx(54,11): error TS17004: Cannot use JSX unless the '--jsx' flag is provided.
apps/arcade/src/app/docs/cli/page.tsx(55,13): error TS17004: Cannot use JSX unless the '--jsx' flag is provided.
apps/arcade/src/app/docs/cli/page.tsx(56,13): error TS17004: Cannot use JSX unless the '--jsx' flag is provided.
apps/arcade/src/app/docs/cli/page.tsx(60,13): error TS17004: Cannot use JSX unless the '--jsx' flag is provided.
apps/arcade/src/app/docs/cli/page.tsx(63,11): error TS17004: Cannot use JSX unless the '--jsx' flag is provided.
apps/arcade/src/app/docs/cli/page.tsx(64,13): error TS17004: Cannot use JSX unless the '--jsx' flag is provided.
apps/arcade/src/app/docs/cli/page.tsx(65,13): error TS17004: Cannot use JSX unless the '--jsx' flag is provided.
apps/arcade/src/app/docs/cli/page.tsx(69,13): error TS17004: Cannot use JSX unless the '--jsx' flag is provided.
apps/arcade/src/app/docs/cli/page.tsx(74,11): error TS17004: Cannot use JSX unless the '--jsx' flag is provided.
apps/arcade/src/app/docs/cli/page.tsx(75,13): error TS17004: Cannot use JSX unless the '--jsx' flag is provided.
apps/arcade/src/app/docs/cli/page.tsx(76,13): error TS17004: Cannot use JSX unless the '--jsx' flag is provided.
apps/arcade/src/app/docs/cli/page.tsx(80,13): error TS17004: Cannot use JSX unless the '--jsx' flag is provided.
apps/arcade/src/app/docs/cli/page.tsx(85,7): error TS17004: Cannot use JSX unless the '--jsx' flag is provided.
apps/arcade/src/app/docs/cli/page.tsx(86,9): error TS17004: Cannot use JSX unless the '--jsx' flag is provided.
apps/arcade/src/app/docs/cli/page.tsx(87,9): error TS17004: Cannot use JSX unless the '--jsx' flag is provided.
apps/arcade/src/app/docs/cli/page.tsx(88,11): error TS17004: Cannot use JSX unless the '--jsx' flag is provided.
apps/arcade/src/app/docs/cli/page.tsx(89,13): error TS17004: Cannot use JSX unless the '--jsx' flag is provided.
apps/arcade/src/app/docs/cli/page.tsx(90,13): error TS17004: Cannot use JSX unless the '--jsx' flag is provided.
apps/arcade/src/app/docs/cli/page.tsx(95,11): error TS17004: Cannot use JSX unless the '--jsx' flag is provided.
apps/arcade/src/app/docs/cli/page.tsx(96,13): error TS17004: Cannot use JSX unless the '--jsx' flag is provided.
apps/arcade/src/app/docs/cli/page.tsx(97,13): error TS17004: Cannot use JSX unless the '--jsx' flag is provided.
apps/arcade/src/app/docs/cli/page.tsx(105,7): error TS17004: Cannot use JSX unless the '--jsx' flag is provided.
apps/arcade/src/app/docs/cli/page.tsx(106,9): error TS17004: Cannot use JSX unless the '--jsx' flag is provided.
apps/arcade/src/app/docs/cli/page.tsx(107,9): error TS17004: Cannot use JSX unless the '--jsx' flag is provided.
apps/arcade/src/app/docs/cli/page.tsx(108,11): error TS17004: Cannot use JSX unless the '--jsx' flag is provided.
apps/arcade/src/app/docs/configuration/page.tsx(3,5): error TS17004: Cannot use JSX unless the '--jsx' flag is provided.
apps/arcade/src/app/docs/configuration/page.tsx(4,7): error TS17004: Cannot use JSX unless the '--jsx' flag is provided.
apps/arcade/src/app/docs/configuration/page.tsx(5,9): error TS17004: Cannot use JSX unless the '--jsx' flag is provided.
apps/arcade/src/app/docs/configuration/page.tsx(6,11): error TS17004: Cannot use JSX unless the '--jsx' flag is provided.
apps/arcade/src/app/docs/configuration/page.tsx(11,9): error TS17004: Cannot use JSX unless the '--jsx' flag is provided.
apps/arcade/src/app/docs/configuration/page.tsx(12,9): error TS17004: Cannot use JSX unless the '--jsx' flag is provided.
apps/arcade/src/app/docs/configuration/page.tsx(16,9): error TS17004: Cannot use JSX unless the '--jsx' flag is provided.
apps/arcade/src/app/docs/configuration/page.tsx(17,11): error TS17004: Cannot use JSX unless the '--jsx' flag is provided.
apps/arcade/src/app/docs/configuration/page.tsx(18,13): error TS17004: Cannot use JSX unless the '--jsx' flag is provided.
apps/arcade/src/app/docs/configuration/page.tsx(19,13): error TS17004: Cannot use JSX unless the '--jsx' flag is provided.
apps/arcade/src/app/docs/configuration/page.tsx(23,13): error TS17004: Cannot use JSX unless the '--jsx' flag is provided.
apps/arcade/src/app/docs/configuration/page.tsx(24,15): error TS17004: Cannot use JSX unless the '--jsx' flag is provided.
apps/arcade/src/app/docs/configuration/page.tsx(25,15): error TS17004: Cannot use JSX unless the '--jsx' flag is provided.
apps/arcade/src/app/docs/configuration/page.tsx(26,15): error TS17004: Cannot use JSX unless the '--jsx' flag is provided.
apps/arcade/src/app/docs/configuration/page.tsx(27,15): error TS17004: Cannot use JSX unless the '--jsx' flag is provided.
apps/arcade/src/app/docs/configuration/page.tsx(28,15): error TS17004: Cannot use JSX unless the '--jsx' flag is provided.
apps/arcade/src/app/docs/configuration/page.tsx(32,11): error TS17004: Cannot use JSX unless the '--jsx' flag is provided.
apps/arcade/src/app/docs/configuration/page.tsx(33,13): error TS17004: Cannot use JSX unless the '--jsx' flag is provided.
apps/arcade/src/app/docs/configuration/page.tsx(34,13): error TS17004: Cannot use JSX unless the '--jsx' flag is provided.
apps/arcade/src/app/docs/configuration/page.tsx(37,13): error TS17004: Cannot use JSX unless the '--jsx' flag is provided.
apps/arcade/src/app/docs/configuration/page.tsx(38,15): error TS17004: Cannot use JSX unless the '--jsx' flag is provided.
apps/arcade/src/app/docs/configuration/page.tsx(39,15): error TS17004: Cannot use JSX unless the '--jsx' flag is provided.
apps/arcade/src/app/docs/configuration/page.tsx(40,15): error TS17004: Cannot use JSX unless the '--jsx' flag is provided.
apps/arcade/src/app/docs/configuration/page.tsx(41,15): error TS17004: Cannot use JSX unless the '--jsx' flag is provided.
apps/arcade/src/app/docs/configuration/page.tsx(45,11): error TS17004: Cannot use JSX unless the '--jsx' flag is provided.
apps/arcade/src/app/docs/configuration/page.tsx(46,13): error TS17004: Cannot use JSX unless the '--jsx' flag is provided.
apps/arcade/src/app/docs/configuration/page.tsx(47,13): error TS17004: Cannot use JSX unless the '--jsx' flag is provided.
apps/arcade/src/app/docs/configuration/page.tsx(50,13): error TS17004: Cannot use JSX unless the '--jsx' flag is provided.
apps/arcade/src/app/docs/configuration/page.tsx(51,15): error TS17004: Cannot use JSX unless the '--jsx' flag is provided.
apps/arcade/src/app/docs/configuration/page.tsx(52,15): error TS17004: Cannot use JSX unless the '--jsx' flag is provided.
apps/arcade/src/app/docs/configuration/page.tsx(53,15): error TS17004: Cannot use JSX unless the '--jsx' flag is provided.
apps/arcade/src/app/docs/configuration/page.tsx(54,15): error TS17004: Cannot use JSX unless the '--jsx' flag is provided.
apps/arcade/src/app/docs/configuration/page.tsx(55,15): error TS17004: Cannot use JSX unless the '--jsx' flag is provided.
apps/arcade/src/app/docs/configuration/page.tsx(56,15): error TS17004: Cannot use JSX unless the '--jsx' flag is provided.
apps/arcade/src/app/docs/configuration/page.tsx(57,15): error TS17004: Cannot use JSX unless the '--jsx' flag is provided.
apps/arcade/src/app/docs/configuration/page.tsx(58,15): error TS17004: Cannot use JSX unless the '--jsx' flag is provided.
apps/arcade/src/app/docs/configuration/page.tsx(59,15): error TS17004: Cannot use JSX unless the '--jsx' flag is provided.
apps/arcade/src/app/docs/configuration/page.tsx(60,15): error TS17004: Cannot use JSX unless the '--jsx' flag is provided.
apps/arcade/src/app/docs/configuration/page.tsx(61,15): error TS17004: Cannot use JSX unless the '--jsx' flag is provided.
apps/arcade/src/app/docs/configuration/page.tsx(65,11): error TS17004: Cannot use JSX unless the '--jsx' flag is provided.
apps/arcade/src/app/docs/configuration/page.tsx(66,13): error TS17004: Cannot use JSX unless the '--jsx' flag is provided.
apps/arcade/src/app/docs/configuration/page.tsx(67,13): error TS17004: Cannot use JSX unless the '--jsx' flag is provided.
apps/arcade/src/app/docs/configuration/page.tsx(68,13): error TS17004: Cannot use JSX unless the '--jsx' flag is provided.
apps/arcade/src/app/docs/configuration/page.tsx(69,15): error TS17004: Cannot use JSX unless the '--jsx' flag is provided.
apps/arcade/src/app/docs/configuration/page.tsx(70,15): error TS17004: Cannot use JSX unless the '--jsx' flag is provided.
apps/arcade/src/app/docs/configuration/page.tsx(71,15): error TS17004: Cannot use JSX unless the '--jsx' flag is provided.
apps/arcade/src/app/docs/configuration/page.tsx(72,15): error TS17004: Cannot use JSX unless the '--jsx' flag is provided.
apps/arcade/src/app/docs/configuration/page.tsx(73,15): error TS17004: Cannot use JSX unless the '--jsx' flag is provided.
apps/arcade/src/app/docs/configuration/page.tsx(74,15): error TS17004: Cannot use JSX unless the '--jsx' flag is provided.
apps/arcade/src/app/docs/configuration/page.tsx(75,15): error TS17004: Cannot use JSX unless the '--jsx' flag is provided.
apps/arcade/src/app/docs/configuration/page.tsx(76,15): error TS17004: Cannot use JSX unless the '--jsx' flag is provided.
apps/arcade/src/app/docs/configuration/page.tsx(77,15): error TS17004: Cannot use JSX unless the '--jsx' flag is provided.
apps/arcade/src/app/docs/configuration/page.tsx(81,11): error TS17004: Cannot use JSX unless the '--jsx' flag is provided.
apps/arcade/src/app/docs/configuration/page.tsx(82,13): error TS17004: Cannot use JSX unless the '--jsx' flag is provided.
apps/arcade/src/app/docs/configuration/page.tsx(83,13): error TS17004: Cannot use JSX unless the '--jsx' flag is provided.
apps/arcade/src/app/docs/configuration/page.tsx(86,13): error TS17004: Cannot use JSX unless the '--jsx' flag is provided.
apps/arcade/src/app/docs/configuration/page.tsx(87,15): error TS17004: Cannot use JSX unless the '--jsx' flag is provided.
apps/arcade/src/app/docs/configuration/page.tsx(88,15): error TS17004: Cannot use JSX unless the '--jsx' flag is provided.
apps/arcade/src/app/docs/configuration/page.tsx(89,15): error TS17004: Cannot use JSX unless the '--jsx' flag is provided.
apps/arcade/src/app/docs/configuration/page.tsx(90,15): error TS17004: Cannot use JSX unless the '--jsx' flag is provided.
apps/arcade/src/app/docs/configuration/page.tsx(91,15): error TS17004: Cannot use JSX unless the '--jsx' flag is provided.
apps/arcade/src/app/docs/dashboard/page.tsx(3,5): error TS17004: Cannot use JSX unless the '--jsx' flag is provided.
apps/arcade/src/app/docs/dashboard/page.tsx(4,7): error TS17004: Cannot use JSX unless the '--jsx' flag is provided.
apps/arcade/src/app/docs/dashboard/page.tsx(5,9): error TS17004: Cannot use JSX unless the '--jsx' flag is provided.
apps/arcade/src/app/docs/dashboard/page.tsx(6,11): error TS17004: Cannot use JSX unless the '--jsx' flag is provided.
apps/arcade/src/app/docs/dashboard/page.tsx(11,9): error TS17004: Cannot use JSX unless the '--jsx' flag is provided.
apps/arcade/src/app/docs/dashboard/page.tsx(12,9): error TS17004: Cannot use JSX unless the '--jsx' flag is provided.
apps/arcade/src/app/docs/dashboard/page.tsx(16,9): error TS17004: Cannot use JSX unless the '--jsx' flag is provided.
apps/arcade/src/app/docs/dashboard/page.tsx(17,11): error TS17004: Cannot use JSX unless the '--jsx' flag is provided.
apps/arcade/src/app/docs/dashboard/page.tsx(18,13): error TS17004: Cannot use JSX unless the '--jsx' flag is provided.
apps/arcade/src/app/docs/dashboard/page.tsx(19,13): error TS17004: Cannot use JSX unless the '--jsx' flag is provided.
apps/arcade/src/app/docs/dashboard/page.tsx(26,11): error TS17004: Cannot use JSX unless the '--jsx' flag is provided.
apps/arcade/src/app/docs/dashboard/page.tsx(27,13): error TS17004: Cannot use JSX unless the '--jsx' flag is provided.
apps/arcade/src/app/docs/dashboard/page.tsx(28,13): error TS17004: Cannot use JSX unless the '--jsx' flag is provided.
apps/arcade/src/app/docs/dashboard/page.tsx(29,15): error TS17004: Cannot use JSX unless the '--jsx' flag is provided.
apps/arcade/src/app/docs/dashboard/page.tsx(30,17): error TS17004: Cannot use JSX unless the '--jsx' flag is provided.
apps/arcade/src/app/docs/dashboard/page.tsx(31,17): error TS17004: Cannot use JSX unless the '--jsx' flag is provided.
apps/arcade/src/app/docs/dashboard/page.tsx(35,15): error TS17004: Cannot use JSX unless the '--jsx' flag is provided.
apps/arcade/src/app/docs/dashboard/page.tsx(36,17): error TS17004: Cannot use JSX unless the '--jsx' flag is provided.
apps/arcade/src/app/docs/dashboard/page.tsx(37,17): error TS17004: Cannot use JSX unless the '--jsx' flag is provided.
apps/arcade/src/app/docs/dashboard/page.tsx(41,15): error TS17004: Cannot use JSX unless the '--jsx' flag is provided.
apps/arcade/src/app/docs/dashboard/page.tsx(42,17): error TS17004: Cannot use JSX unless the '--jsx' flag is provided.
apps/arcade/src/app/docs/dashboard/page.tsx(43,17): error TS17004: Cannot use JSX unless the '--jsx' flag is provided.
apps/arcade/src/app/docs/dashboard/page.tsx(47,15): error TS17004: Cannot use JSX unless the '--jsx' flag is provided.
apps/arcade/src/app/docs/dashboard/page.tsx(48,17): error TS17004: Cannot use JSX unless the '--jsx' flag is provided.
apps/arcade/src/app/docs/dashboard/page.tsx(49,17): error TS17004: Cannot use JSX unless the '--jsx' flag is provided.
apps/arcade/src/app/docs/dashboard/page.tsx(56,11): error TS17004: Cannot use JSX unless the '--jsx' flag is provided.
apps/arcade/src/app/docs/dashboard/page.tsx(57,13): error TS17004: Cannot use JSX unless the '--jsx' flag is provided.
apps/arcade/src/app/docs/dashboard/page.tsx(58,13): error TS17004: Cannot use JSX unless the '--jsx' flag is provided.
apps/arcade/src/app/docs/dashboard/page.tsx(59,13): error TS17004: Cannot use JSX unless the '--jsx' flag is provided.
apps/arcade/src/app/docs/dashboard/page.tsx(60,15): error TS17004: Cannot use JSX unless the '--jsx' flag is provided.
apps/arcade/src/app/docs/dashboard/page.tsx(62,13): error TS17004: Cannot use JSX unless the '--jsx' flag is provided.
apps/arcade/src/app/docs/dashboard/page.tsx(63,13): error TS17004: Cannot use JSX unless the '--jsx' flag is provided.
apps/arcade/src/app/docs/dashboard/page.tsx(64,15): error TS17004: Cannot use JSX unless the '--jsx' flag is provided.
apps/arcade/src/app/docs/dashboard/page.tsx(68,11): error TS17004: Cannot use JSX unless the '--jsx' flag is provided.
apps/arcade/src/app/docs/dashboard/page.tsx(69,13): error TS17004: Cannot use JSX unless the '--jsx' flag is provided.
apps/arcade/src/app/docs/dashboard/page.tsx(70,13): error TS17004: Cannot use JSX unless the '--jsx' flag is provided.
apps/arcade/src/app/docs/dashboard/page.tsx(71,15): error TS17004: Cannot use JSX unless the '--jsx' flag is provided.
apps/arcade/src/app/docs/dashboard/page.tsx(72,17): error TS17004: Cannot use JSX unless the '--jsx' flag is provided.
apps/arcade/src/app/docs/dashboard/page.tsx(73,17): error TS17004: Cannot use JSX unless the '--jsx' flag is provided.
apps/arcade/src/app/docs/dashboard/page.tsx(75,15): error TS17004: Cannot use JSX unless the '--jsx' flag is provided.
apps/arcade/src/app/docs/dashboard/page.tsx(76,17): error TS17004: Cannot use JSX unless the '--jsx' flag is provided.
apps/arcade/src/app/docs/dashboard/page.tsx(77,17): error TS17004: Cannot use JSX unless the '--jsx' flag is provided.
apps/arcade/src/app/docs/dashboard/page.tsx(79,15): error TS17004: Cannot use JSX unless the '--jsx' flag is provided.
apps/arcade/src/app/docs/dashboard/page.tsx(80,17): error TS17004: Cannot use JSX unless the '--jsx' flag is provided.
apps/arcade/src/app/docs/dashboard/page.tsx(81,17): error TS17004: Cannot use JSX unless the '--jsx' flag is provided.
apps/arcade/src/app/docs/dashboard/page.tsx(83,15): error TS17004: Cannot use JSX unless the '--jsx' flag is provided.
apps/arcade/src/app/docs/dashboard/page.tsx(84,17): error TS17004: Cannot use JSX unless the '--jsx' flag is provided.
apps/arcade/src/app/docs/dashboard/page.tsx(85,17): error TS17004: Cannot use JSX unless the '--jsx' flag is provided.
apps/arcade/src/app/docs/dashboard/page.tsx(87,15): error TS17004: Cannot use JSX unless the '--jsx' flag is provided.
apps/arcade/src/app/docs/dashboard/page.tsx(88,17): error TS17004: Cannot use JSX unless the '--jsx' flag is provided.
apps/arcade/src/app/docs/dashboard/page.tsx(89,17): error TS17004: Cannot use JSX unless the '--jsx' flag is provided.
apps/arcade/src/app/docs/dashboard/page.tsx(94,11): error TS17004: Cannot use JSX unless the '--jsx' flag is provided.
apps/arcade/src/app/docs/dashboard/page.tsx(95,13): error TS17004: Cannot use JSX unless the '--jsx' flag is provided.
apps/arcade/src/app/docs/dashboard/page.tsx(96,13): error TS17004: Cannot use JSX unless the '--jsx' flag is provided.
apps/arcade/src/app/docs/dashboard/page.tsx(97,15): error TS17004: Cannot use JSX unless the '--jsx' flag is provided.
apps/arcade/src/app/docs/dashboard/page.tsx(98,17): error TS17004: Cannot use JSX unless the '--jsx' flag is provided.
apps/arcade/src/app/docs/dashboard/page.tsx(99,17): error TS17004: Cannot use JSX unless the '--jsx' flag is provided.
apps/arcade/src/app/docs/dashboard/page.tsx(101,15): error TS17004: Cannot use JSX unless the '--jsx' flag is provided.
apps/arcade/src/app/docs/dashboard/page.tsx(102,17): error TS17004: Cannot use JSX unless the '--jsx' flag is provided.
apps/arcade/src/app/docs/dashboard/page.tsx(103,17): error TS17004: Cannot use JSX unless the '--jsx' flag is provided.
apps/arcade/src/app/docs/dashboard/page.tsx(105,15): error TS17004: Cannot use JSX unless the '--jsx' flag is provided.
apps/arcade/src/app/docs/dashboard/page.tsx(106,17): error TS17004: Cannot use JSX unless the '--jsx' flag is provided.
apps/arcade/src/app/docs/dashboard/page.tsx(107,17): error TS17004: Cannot use JSX unless the '--jsx' flag is provided.
apps/arcade/src/app/docs/dashboard/page.tsx(109,15): error TS17004: Cannot use JSX unless the '--jsx' flag is provided.
apps/arcade/src/app/docs/dashboard/page.tsx(110,17): error TS17004: Cannot use JSX unless the '--jsx' flag is provided.
apps/arcade/src/app/docs/dashboard/page.tsx(111,17): error TS17004: Cannot use JSX unless the '--jsx' flag is provided.
apps/arcade/src/app/docs/deployment/page.tsx(11,5): error TS17004: Cannot use JSX unless the '--jsx' flag is provided.
apps/arcade/src/app/docs/deployment/page.tsx(12,7): error TS17004: Cannot use JSX unless the '--jsx' flag is provided.
apps/arcade/src/app/docs/deployment/page.tsx(13,9): error TS17004: Cannot use JSX unless the '--jsx' flag is provided.
apps/arcade/src/app/docs/deployment/page.tsx(14,9): error TS17004: Cannot use JSX unless the '--jsx' flag is provided.
apps/arcade/src/app/docs/deployment/page.tsx(20,7): error TS17004: Cannot use JSX unless the '--jsx' flag is provided.
apps/arcade/src/app/docs/deployment/page.tsx(21,9): error TS17004: Cannot use JSX unless the '--jsx' flag is provided.
apps/arcade/src/app/docs/deployment/page.tsx(22,9): error TS17004: Cannot use JSX unless the '--jsx' flag is provided.
apps/arcade/src/app/docs/deployment/page.tsx(23,11): error TS17004: Cannot use JSX unless the '--jsx' flag is provided.
apps/arcade/src/app/docs/deployment/page.tsx(24,13): error TS17004: Cannot use JSX unless the '--jsx' flag is provided.
apps/arcade/src/app/docs/deployment/page.tsx(25,13): error TS17004: Cannot use JSX unless the '--jsx' flag is provided.
apps/arcade/src/app/docs/deployment/page.tsx(29,13): error TS17004: Cannot use JSX unless the '--jsx' flag is provided.
apps/arcade/src/app/docs/deployment/page.tsx(30,15): error TS17004: Cannot use JSX unless the '--jsx' flag is provided.
apps/arcade/src/app/docs/deployment/page.tsx(35,11): error TS17004: Cannot use JSX unless the '--jsx' flag is provided.
apps/arcade/src/app/docs/deployment/page.tsx(36,13): error TS17004: Cannot use JSX unless the '--jsx' flag is provided.
apps/arcade/src/app/docs/deployment/page.tsx(37,13): error TS17004: Cannot use JSX unless the '--jsx' flag is provided.
apps/arcade/src/app/docs/deployment/page.tsx(41,13): error TS17004: Cannot use JSX unless the '--jsx' flag is provided.
apps/arcade/src/app/docs/deployment/page.tsx(42,15): error TS17004: Cannot use JSX unless the '--jsx' flag is provided.
apps/arcade/src/app/docs/deployment/page.tsx(50,7): error TS17004: Cannot use JSX unless the '--jsx' flag is provided.
apps/arcade/src/app/docs/deployment/page.tsx(51,9): error TS17004: Cannot use JSX unless the '--jsx' flag is provided.
apps/arcade/src/app/docs/deployment/page.tsx(52,9): error TS17004: Cannot use JSX unless the '--jsx' flag is provided.
apps/arcade/src/app/docs/deployment/page.tsx(55,9): error TS17004: Cannot use JSX unless the '--jsx' flag is provided.
apps/arcade/src/app/docs/deployment/page.tsx(69,9): error TS17004: Cannot use JSX unless the '--jsx' flag is provided.
apps/arcade/src/app/docs/deployment/page.tsx(70,11): error TS17004: Cannot use JSX unless the '--jsx' flag is provided.
apps/arcade/src/app/docs/deployment/page.tsx(76,7): error TS17004: Cannot use JSX unless the '--jsx' flag is provided.
apps/arcade/src/app/docs/deployment/page.tsx(77,9): error TS17004: Cannot use JSX unless the '--jsx' flag is provided.
apps/arcade/src/app/docs/deployment/page.tsx(80,9): error TS17004: Cannot use JSX unless the '--jsx' flag is provided.
apps/arcade/src/app/docs/deployment/page.tsx(81,11): error TS17004: Cannot use JSX unless the '--jsx' flag is provided.
apps/arcade/src/app/docs/deployment/page.tsx(82,13): error TS17004: Cannot use JSX unless the '--jsx' flag is provided.
apps/arcade/src/app/docs/deployment/page.tsx(83,15): error TS17004: Cannot use JSX unless the '--jsx' flag is provided.
apps/arcade/src/app/docs/deployment/page.tsx(84,15): error TS17004: Cannot use JSX unless the '--jsx' flag is provided.
apps/arcade/src/app/docs/deployment/page.tsx(85,15): error TS17004: Cannot use JSX unless the '--jsx' flag is provided.
apps/arcade/src/app/docs/deployment/page.tsx(88,11): error TS17004: Cannot use JSX unless the '--jsx' flag is provided.
apps/arcade/src/app/docs/deployment/page.tsx(89,13): error TS17004: Cannot use JSX unless the '--jsx' flag is provided.
apps/arcade/src/app/docs/deployment/page.tsx(90,15): error TS17004: Cannot use JSX unless the '--jsx' flag is provided.
apps/arcade/src/app/docs/deployment/page.tsx(91,15): error TS17004: Cannot use JSX unless the '--jsx' flag is provided.
apps/arcade/src/app/docs/deployment/page.tsx(92,15): error TS17004: Cannot use JSX unless the '--jsx' flag is provided.
apps/arcade/src/app/docs/deployment/page.tsx(94,13): error TS17004: Cannot use JSX unless the '--jsx' flag is provided.
apps/arcade/src/app/docs/deployment/page.tsx(95,15): error TS17004: Cannot use JSX unless the '--jsx' flag is provided.
apps/arcade/src/app/docs/deployment/page.tsx(96,15): error TS17004: Cannot use JSX unless the '--jsx' flag is provided.
apps/arcade/src/app/docs/deployment/page.tsx(97,15): error TS17004: Cannot use JSX unless the '--jsx' flag is provided.
apps/arcade/src/app/docs/deployment/page.tsx(99,13): error TS17004: Cannot use JSX unless the '--jsx' flag is provided.
apps/arcade/src/app/docs/deployment/page.tsx(100,15): error TS17004: Cannot use JSX unless the '--jsx' flag is provided.
apps/arcade/src/app/docs/deployment/page.tsx(101,15): error TS17004: Cannot use JSX unless the '--jsx' flag is provided.
apps/arcade/src/app/docs/deployment/page.tsx(102,15): error TS17004: Cannot use JSX unless the '--jsx' flag is provided.
apps/arcade/src/app/docs/deployment/page.tsx(104,13): error TS17004: Cannot use JSX unless the '--jsx' flag is provided.
apps/arcade/src/app/docs/deployment/page.tsx(105,15): error TS17004: Cannot use JSX unless the '--jsx' flag is provided.
apps/arcade/src/app/docs/deployment/page.tsx(106,15): error TS17004: Cannot use JSX unless the '--jsx' flag is provided.
apps/arcade/src/app/docs/deployment/page.tsx(107,15): error TS17004: Cannot use JSX unless the '--jsx' flag is provided.
apps/arcade/src/app/docs/deployment/page.tsx(113,7): error TS17004: Cannot use JSX unless the '--jsx' flag is provided.
apps/arcade/src/app/docs/deployment/page.tsx(114,9): error TS17004: Cannot use JSX unless the '--jsx' flag is provided.
apps/arcade/src/app/docs/deployment/page.tsx(115,9): error TS17004: Cannot use JSX unless the '--jsx' flag is provided.
apps/arcade/src/app/docs/deployment/page.tsx(116,30): error TS17004: Cannot use JSX unless the '--jsx' flag is provided.
apps/arcade/src/app/docs/deployment/page.tsx(119,9): error TS17004: Cannot use JSX unless the '--jsx' flag is provided.
apps/arcade/src/app/docs/deployment/page.tsx(122,11): error TS17004: Cannot use JSX unless the '--jsx' flag is provided.
apps/arcade/src/app/docs/deployment/page.tsx(126,7): error TS17004: Cannot use JSX unless the '--jsx' flag is provided.
apps/arcade/src/app/docs/deployment/page.tsx(127,9): error TS17004: Cannot use JSX unless the '--jsx' flag is provided.
apps/arcade/src/app/docs/deployment/page.tsx(128,9): error TS17004: Cannot use JSX unless the '--jsx' flag is provided.
apps/arcade/src/app/docs/deployment/page.tsx(129,11): error TS17004: Cannot use JSX unless the '--jsx' flag is provided.
apps/arcade/src/app/docs/endpoints/page.tsx(3,5): error TS17004: Cannot use JSX unless the '--jsx' flag is provided.
apps/arcade/src/app/docs/endpoints/page.tsx(4,7): error TS17004: Cannot use JSX unless the '--jsx' flag is provided.
apps/arcade/src/app/docs/endpoints/page.tsx(5,9): error TS17004: Cannot use JSX unless the '--jsx' flag is provided.
apps/arcade/src/app/docs/endpoints/page.tsx(6,11): error TS17004: Cannot use JSX unless the '--jsx' flag is provided.
apps/arcade/src/app/docs/endpoints/page.tsx(11,9): error TS17004: Cannot use JSX unless the '--jsx' flag is provided.
apps/arcade/src/app/docs/endpoints/page.tsx(12,9): error TS17004: Cannot use JSX unless the '--jsx' flag is provided.
apps/arcade/src/app/docs/endpoints/page.tsx(14,9): error TS17004: Cannot use JSX unless the '--jsx' flag is provided.
apps/arcade/src/app/docs/endpoints/page.tsx(15,11): error TS17004: Cannot use JSX unless the '--jsx' flag is provided.
apps/arcade/src/app/docs/endpoints/page.tsx(16,13): error TS17004: Cannot use JSX unless the '--jsx' flag is provided.
apps/arcade/src/app/docs/endpoints/page.tsx(17,13): error TS17004: Cannot use JSX unless the '--jsx' flag is provided.
apps/arcade/src/app/docs/endpoints/page.tsx(18,15): error TS17004: Cannot use JSX unless the '--jsx' flag is provided.
apps/arcade/src/app/docs/endpoints/page.tsx(22,11): error TS17004: Cannot use JSX unless the '--jsx' flag is provided.
apps/arcade/src/app/docs/endpoints/page.tsx(23,13): error TS17004: Cannot use JSX unless the '--jsx' flag is provided.
apps/arcade/src/app/docs/endpoints/page.tsx(25,13): error TS17004: Cannot use JSX unless the '--jsx' flag is provided.
apps/arcade/src/app/docs/endpoints/page.tsx(26,15): error TS17004: Cannot use JSX unless the '--jsx' flag is provided.
apps/arcade/src/app/docs/endpoints/page.tsx(27,17): error TS17004: Cannot use JSX unless the '--jsx' flag is provided.
apps/arcade/src/app/docs/endpoints/page.tsx(28,19): error TS17004: Cannot use JSX unless the '--jsx' flag is provided.
apps/arcade/src/app/docs/endpoints/page.tsx(29,19): error TS17004: Cannot use JSX unless the '--jsx' flag is provided.
apps/arcade/src/app/docs/endpoints/page.tsx(31,17): error TS17004: Cannot use JSX unless the '--jsx' flag is provided.
apps/arcade/src/app/docs/endpoints/page.tsx(32,17): error TS17004: Cannot use JSX unless the '--jsx' flag is provided.
apps/arcade/src/app/docs/endpoints/page.tsx(33,19): error TS17004: Cannot use JSX unless the '--jsx' flag is provided.
apps/arcade/src/app/docs/endpoints/page.tsx(34,19): error TS17004: Cannot use JSX unless the '--jsx' flag is provided.
apps/arcade/src/app/docs/endpoints/page.tsx(38,15): error TS17004: Cannot use JSX unless the '--jsx' flag is provided.
apps/arcade/src/app/docs/endpoints/page.tsx(39,17): error TS17004: Cannot use JSX unless the '--jsx' flag is provided.
apps/arcade/src/app/docs/endpoints/page.tsx(40,19): error TS17004: Cannot use JSX unless the '--jsx' flag is provided.
apps/arcade/src/app/docs/endpoints/page.tsx(41,19): error TS17004: Cannot use JSX unless the '--jsx' flag is provided.
apps/arcade/src/app/docs/endpoints/page.tsx(43,17): error TS17004: Cannot use JSX unless the '--jsx' flag is provided.
apps/arcade/src/app/docs/endpoints/page.tsx(44,17): error TS17004: Cannot use JSX unless the '--jsx' flag is provided.
apps/arcade/src/app/docs/endpoints/page.tsx(45,19): error TS17004: Cannot use JSX unless the '--jsx' flag is provided.
apps/arcade/src/app/docs/endpoints/page.tsx(46,19): error TS17004: Cannot use JSX unless the '--jsx' flag is provided.
apps/arcade/src/app/docs/endpoints/page.tsx(47,19): error TS17004: Cannot use JSX unless the '--jsx' flag is provided.
apps/arcade/src/app/docs/endpoints/page.tsx(48,19): error TS17004: Cannot use JSX unless the '--jsx' flag is provided.
apps/arcade/src/app/docs/endpoints/page.tsx(52,15): error TS17004: Cannot use JSX unless the '--jsx' flag is provided.
apps/arcade/src/app/docs/endpoints/page.tsx(53,17): error TS17004: Cannot use JSX unless the '--jsx' flag is provided.
apps/arcade/src/app/docs/endpoints/page.tsx(54,19): error TS17004: Cannot use JSX unless the '--jsx' flag is provided.
apps/arcade/src/app/docs/endpoints/page.tsx(55,19): error TS17004: Cannot use JSX unless the '--jsx' flag is provided.
apps/arcade/src/app/docs/endpoints/page.tsx(57,17): error TS17004: Cannot use JSX unless the '--jsx' flag is provided.
apps/arcade/src/app/docs/endpoints/page.tsx(60,15): error TS17004: Cannot use JSX unless the '--jsx' flag is provided.
apps/arcade/src/app/docs/endpoints/page.tsx(61,17): error TS17004: Cannot use JSX unless the '--jsx' flag is provided.
apps/arcade/src/app/docs/endpoints/page.tsx(62,19): error TS17004: Cannot use JSX unless the '--jsx' flag is provided.
apps/arcade/src/app/docs/endpoints/page.tsx(63,19): error TS17004: Cannot use JSX unless the '--jsx' flag is provided.
apps/arcade/src/app/docs/endpoints/page.tsx(65,17): error TS17004: Cannot use JSX unless the '--jsx' flag is provided.
apps/arcade/src/app/docs/endpoints/page.tsx(68,15): error TS17004: Cannot use JSX unless the '--jsx' flag is provided.
apps/arcade/src/app/docs/endpoints/page.tsx(69,17): error TS17004: Cannot use JSX unless the '--jsx' flag is provided.
apps/arcade/src/app/docs/endpoints/page.tsx(70,19): error TS17004: Cannot use JSX unless the '--jsx' flag is provided.
apps/arcade/src/app/docs/endpoints/page.tsx(71,19): error TS17004: Cannot use JSX unless the '--jsx' flag is provided.
apps/arcade/src/app/docs/endpoints/page.tsx(73,17): error TS17004: Cannot use JSX unless the '--jsx' flag is provided.
apps/arcade/src/app/docs/endpoints/page.tsx(76,15): error TS17004: Cannot use JSX unless the '--jsx' flag is provided.
apps/arcade/src/app/docs/endpoints/page.tsx(77,17): error TS17004: Cannot use JSX unless the '--jsx' flag is provided.
apps/arcade/src/app/docs/endpoints/page.tsx(78,19): error TS17004: Cannot use JSX unless the '--jsx' flag is provided.
apps/arcade/src/app/docs/endpoints/page.tsx(79,19): error TS17004: Cannot use JSX unless the '--jsx' flag is provided.
apps/arcade/src/app/docs/endpoints/page.tsx(81,17): error TS17004: Cannot use JSX unless the '--jsx' flag is provided.
apps/arcade/src/app/docs/endpoints/page.tsx(86,11): error TS17004: Cannot use JSX unless the '--jsx' flag is provided.
apps/arcade/src/app/docs/endpoints/page.tsx(87,13): error TS17004: Cannot use JSX unless the '--jsx' flag is provided.
apps/arcade/src/app/docs/endpoints/page.tsx(89,13): error TS17004: Cannot use JSX unless the '--jsx' flag is provided.
apps/arcade/src/app/docs/endpoints/page.tsx(90,15): error TS17004: Cannot use JSX unless the '--jsx' flag is provided.
apps/arcade/src/app/docs/endpoints/page.tsx(91,17): error TS17004: Cannot use JSX unless the '--jsx' flag is provided.
apps/arcade/src/app/docs/endpoints/page.tsx(92,19): error TS17004: Cannot use JSX unless the '--jsx' flag is provided.
apps/arcade/src/app/docs/endpoints/page.tsx(93,19): error TS17004: Cannot use JSX unless the '--jsx' flag is provided.
apps/arcade/src/app/docs/endpoints/page.tsx(95,17): error TS17004: Cannot use JSX unless the '--jsx' flag is provided.
apps/arcade/src/app/docs/endpoints/page.tsx(98,15): error TS17004: Cannot use JSX unless the '--jsx' flag is provided.
apps/arcade/src/app/docs/endpoints/page.tsx(99,17): error TS17004: Cannot use JSX unless the '--jsx' flag is provided.
apps/arcade/src/app/docs/endpoints/page.tsx(100,19): error TS17004: Cannot use JSX unless the '--jsx' flag is provided.
apps/arcade/src/app/docs/endpoints/page.tsx(101,19): error TS17004: Cannot use JSX unless the '--jsx' flag is provided.
apps/arcade/src/app/docs/endpoints/page.tsx(103,17): error TS17004: Cannot use JSX unless the '--jsx' flag is provided.
apps/arcade/src/app/docs/endpoints/page.tsx(106,15): error TS17004: Cannot use JSX unless the '--jsx' flag is provided.
apps/arcade/src/app/docs/endpoints/page.tsx(107,17): error TS17004: Cannot use JSX unless the '--jsx' flag is provided.
apps/arcade/src/app/docs/endpoints/page.tsx(108,19): error TS17004: Cannot use JSX unless the '--jsx' flag is provided.
apps/arcade/src/app/docs/endpoints/page.tsx(109,19): error TS17004: Cannot use JSX unless the '--jsx' flag is provided.
apps/arcade/src/app/docs/endpoints/page.tsx(111,17): error TS17004: Cannot use JSX unless the '--jsx' flag is provided.
apps/arcade/src/app/docs/endpoints/page.tsx(116,11): error TS17004: Cannot use JSX unless the '--jsx' flag is provided.
apps/arcade/src/app/docs/endpoints/page.tsx(117,13): error TS17004: Cannot use JSX unless the '--jsx' flag is provided.
apps/arcade/src/app/docs/endpoints/page.tsx(119,13): error TS17004: Cannot use JSX unless the '--jsx' flag is provided.
apps/arcade/src/app/docs/endpoints/page.tsx(120,15): error TS17004: Cannot use JSX unless the '--jsx' flag is provided.
apps/arcade/src/app/docs/endpoints/page.tsx(121,17): error TS17004: Cannot use JSX unless the '--jsx' flag is provided.
apps/arcade/src/app/docs/endpoints/page.tsx(122,19): error TS17004: Cannot use JSX unless the '--jsx' flag is provided.
apps/arcade/src/app/docs/endpoints/page.tsx(123,19): error TS17004: Cannot use JSX unless the '--jsx' flag is provided.
apps/arcade/src/app/docs/endpoints/page.tsx(125,17): error TS17004: Cannot use JSX unless the '--jsx' flag is provided.
apps/arcade/src/app/docs/endpoints/page.tsx(128,15): error TS17004: Cannot use JSX unless the '--jsx' flag is provided.
apps/arcade/src/app/docs/endpoints/page.tsx(129,17): error TS17004: Cannot use JSX unless the '--jsx' flag is provided.
apps/arcade/src/app/docs/endpoints/page.tsx(130,19): error TS17004: Cannot use JSX unless the '--jsx' flag is provided.
apps/arcade/src/app/docs/endpoints/page.tsx(131,19): error TS17004: Cannot use JSX unless the '--jsx' flag is provided.
apps/arcade/src/app/docs/endpoints/page.tsx(133,17): error TS17004: Cannot use JSX unless the '--jsx' flag is provided.
apps/arcade/src/app/docs/endpoints/page.tsx(136,15): error TS17004: Cannot use JSX unless the '--jsx' flag is provided.
apps/arcade/src/app/docs/endpoints/page.tsx(137,17): error TS17004: Cannot use JSX unless the '--jsx' flag is provided.
apps/arcade/src/app/docs/endpoints/page.tsx(138,19): error TS17004: Cannot use JSX unless the '--jsx' flag is provided.
apps/arcade/src/app/docs/endpoints/page.tsx(139,19): error TS17004: Cannot use JSX unless the '--jsx' flag is provided.
apps/arcade/src/app/docs/endpoints/page.tsx(141,17): error TS17004: Cannot use JSX unless the '--jsx' flag is provided.
apps/arcade/src/app/docs/endpoints/page.tsx(146,11): error TS17004: Cannot use JSX unless the '--jsx' flag is provided.
apps/arcade/src/app/docs/endpoints/page.tsx(147,13): error TS17004: Cannot use JSX unless the '--jsx' flag is provided.
apps/arcade/src/app/docs/endpoints/page.tsx(148,13): error TS17004: Cannot use JSX unless the '--jsx' flag is provided.
apps/arcade/src/app/docs/endpoints/page.tsx(149,13): error TS17004: Cannot use JSX unless the '--jsx' flag is provided.
apps/arcade/src/app/docs/endpoints/page.tsx(150,15): error TS17004: Cannot use JSX unless the '--jsx' flag is provided.
apps/arcade/src/app/docs/endpoints/page.tsx(151,15): error TS17004: Cannot use JSX unless the '--jsx' flag is provided.
apps/arcade/src/app/docs/endpoints/page.tsx(152,15): error TS17004: Cannot use JSX unless the '--jsx' flag is provided.
apps/arcade/src/app/docs/endpoints/page.tsx(153,15): error TS17004: Cannot use JSX unless the '--jsx' flag is provided.
apps/arcade/src/app/docs/endpoints/page.tsx(154,15): error TS17004: Cannot use JSX unless the '--jsx' flag is provided.
apps/arcade/src/app/docs/endpoints/page.tsx(155,15): error TS17004: Cannot use JSX unless the '--jsx' flag is provided.
apps/arcade/src/app/docs/endpoints/page.tsx(156,15): error TS17004: Cannot use JSX unless the '--jsx' flag is provided.
apps/arcade/src/app/docs/endpoints/page.tsx(157,15): error TS17004: Cannot use JSX unless the '--jsx' flag is provided.
apps/arcade/src/app/docs/endpoints/page.tsx(161,11): error TS17004: Cannot use JSX unless the '--jsx' flag is provided.
apps/arcade/src/app/docs/endpoints/page.tsx(162,13): error TS17004: Cannot use JSX unless the '--jsx' flag is provided.
apps/arcade/src/app/docs/endpoints/page.tsx(163,13): error TS17004: Cannot use JSX unless the '--jsx' flag is provided.
apps/arcade/src/app/docs/endpoints/page.tsx(164,13): error TS17004: Cannot use JSX unless the '--jsx' flag is provided.
apps/arcade/src/app/docs/endpoints/page.tsx(165,15): error TS17004: Cannot use JSX unless the '--jsx' flag is provided.
apps/arcade/src/app/docs/endpoints/page.tsx(166,15): error TS17004: Cannot use JSX unless the '--jsx' flag is provided.
apps/arcade/src/app/docs/endpoints/page.tsx(167,15): error TS17004: Cannot use JSX unless the '--jsx' flag is provided.
apps/arcade/src/app/docs/endpoints/page.tsx(168,15): error TS17004: Cannot use JSX unless the '--jsx' flag is provided.
apps/arcade/src/app/docs/endpoints/page.tsx(169,15): error TS17004: Cannot use JSX unless the '--jsx' flag is provided.
apps/arcade/src/app/docs/endpoints/page.tsx(170,15): error TS17004: Cannot use JSX unless the '--jsx' flag is provided.
apps/arcade/src/app/docs/endpoints/page.tsx(171,15): error TS17004: Cannot use JSX unless the '--jsx' flag is provided.
apps/arcade/src/app/docs/endpoints/page.tsx(172,15): error TS17004: Cannot use JSX unless the '--jsx' flag is provided.
apps/arcade/src/app/docs/endpoints/page.tsx(176,11): error TS17004: Cannot use JSX unless the '--jsx' flag is provided.
apps/arcade/src/app/docs/endpoints/page.tsx(177,13): error TS17004: Cannot use JSX unless the '--jsx' flag is provided.
apps/arcade/src/app/docs/endpoints/page.tsx(178,13): error TS17004: Cannot use JSX unless the '--jsx' flag is provided.
apps/arcade/src/app/docs/endpoints/page.tsx(179,15): error TS17004: Cannot use JSX unless the '--jsx' flag is provided.
apps/arcade/src/app/docs/endpoints/page.tsx(180,17): error TS17004: Cannot use JSX unless the '--jsx' flag is provided.
apps/arcade/src/app/docs/endpoints/page.tsx(181,17): error TS17004: Cannot use JSX unless the '--jsx' flag is provided.
apps/arcade/src/app/docs/endpoints/page.tsx(183,15): error TS17004: Cannot use JSX unless the '--jsx' flag is provided.
apps/arcade/src/app/docs/endpoints/page.tsx(184,17): error TS17004: Cannot use JSX unless the '--jsx' flag is provided.
apps/arcade/src/app/docs/endpoints/page.tsx(185,17): error TS17004: Cannot use JSX unless the '--jsx' flag is provided.
apps/arcade/src/app/docs/endpoints/page.tsx(187,15): error TS17004: Cannot use JSX unless the '--jsx' flag is provided.
apps/arcade/src/app/docs/endpoints/page.tsx(188,17): error TS17004: Cannot use JSX unless the '--jsx' flag is provided.
apps/arcade/src/app/docs/endpoints/page.tsx(189,17): error TS17004: Cannot use JSX unless the '--jsx' flag is provided.
apps/arcade/src/app/docs/engine/page.tsx(10,5): error TS17004: Cannot use JSX unless the '--jsx' flag is provided.
apps/arcade/src/app/docs/engine/page.tsx(11,7): error TS17004: Cannot use JSX unless the '--jsx' flag is provided.
apps/arcade/src/app/docs/engine/page.tsx(12,9): error TS17004: Cannot use JSX unless the '--jsx' flag is provided.
apps/arcade/src/app/docs/engine/page.tsx(13,9): error TS17004: Cannot use JSX unless the '--jsx' flag is provided.
apps/arcade/src/app/docs/engine/page.tsx(19,7): error TS17004: Cannot use JSX unless the '--jsx' flag is provided.
apps/arcade/src/app/docs/engine/page.tsx(20,9): error TS17004: Cannot use JSX unless the '--jsx' flag is provided.
apps/arcade/src/app/docs/engine/page.tsx(21,9): error TS17004: Cannot use JSX unless the '--jsx' flag is provided.
apps/arcade/src/app/docs/engine/page.tsx(25,9): error TS17004: Cannot use JSX unless the '--jsx' flag is provided.
apps/arcade/src/app/docs/engine/page.tsx(30,7): error TS17004: Cannot use JSX unless the '--jsx' flag is provided.
apps/arcade/src/app/docs/engine/page.tsx(31,9): error TS17004: Cannot use JSX unless the '--jsx' flag is provided.
apps/arcade/src/app/docs/engine/page.tsx(32,9): error TS17004: Cannot use JSX unless the '--jsx' flag is provided.
apps/arcade/src/app/docs/engine/page.tsx(33,11): error TS17004: Cannot use JSX unless the '--jsx' flag is provided.
apps/arcade/src/app/docs/engine/page.tsx(34,13): error TS17004: Cannot use JSX unless the '--jsx' flag is provided.
apps/arcade/src/app/docs/engine/page.tsx(36,11): error TS17004: Cannot use JSX unless the '--jsx' flag is provided.
apps/arcade/src/app/docs/engine/page.tsx(37,13): error TS17004: Cannot use JSX unless the '--jsx' flag is provided.
apps/arcade/src/app/docs/engine/page.tsx(39,11): error TS17004: Cannot use JSX unless the '--jsx' flag is provided.
apps/arcade/src/app/docs/engine/page.tsx(40,13): error TS17004: Cannot use JSX unless the '--jsx' flag is provided.
apps/arcade/src/app/docs/errors/page.tsx(33,5): error TS17004: Cannot use JSX unless the '--jsx' flag is provided.
apps/arcade/src/app/docs/errors/page.tsx(34,7): error TS17004: Cannot use JSX unless the '--jsx' flag is provided.
apps/arcade/src/app/docs/errors/page.tsx(35,9): error TS17004: Cannot use JSX unless the '--jsx' flag is provided.
apps/arcade/src/app/docs/errors/page.tsx(36,9): error TS17004: Cannot use JSX unless the '--jsx' flag is provided.
apps/arcade/src/app/docs/errors/page.tsx(41,7): error TS17004: Cannot use JSX unless the '--jsx' flag is provided.
apps/arcade/src/app/docs/errors/page.tsx(42,9): error TS17004: Cannot use JSX unless the '--jsx' flag is provided.
apps/arcade/src/app/docs/errors/page.tsx(43,11): error TS17004: Cannot use JSX unless the '--jsx' flag is provided.
apps/arcade/src/app/docs/errors/page.tsx(44,13): error TS17004: Cannot use JSX unless the '--jsx' flag is provided.
apps/arcade/src/app/docs/errors/page.tsx(45,15): error TS17004: Cannot use JSX unless the '--jsx' flag is provided.
apps/arcade/src/app/docs/errors/page.tsx(46,15): error TS17004: Cannot use JSX unless the '--jsx' flag is provided.
apps/arcade/src/app/docs/errors/page.tsx(47,15): error TS17004: Cannot use JSX unless the '--jsx' flag is provided.
apps/arcade/src/app/docs/errors/page.tsx(50,11): error TS17004: Cannot use JSX unless the '--jsx' flag is provided.
apps/arcade/src/app/docs/errors/page.tsx(52,15): error TS17004: Cannot use JSX unless the '--jsx' flag is provided.
apps/arcade/src/app/docs/errors/page.tsx(53,17): error TS17004: Cannot use JSX unless the '--jsx' flag is provided.
apps/arcade/src/app/docs/errors/page.tsx(56,17): error TS17004: Cannot use JSX unless the '--jsx' flag is provided.
apps/arcade/src/app/docs/errors/page.tsx(57,17): error TS17004: Cannot use JSX unless the '--jsx' flag is provided.
apps/arcade/src/app/docs/execution/page.tsx(9,5): error TS17004: Cannot use JSX unless the '--jsx' flag is provided.
apps/arcade/src/app/docs/execution/page.tsx(10,7): error TS17004: Cannot use JSX unless the '--jsx' flag is provided.
apps/arcade/src/app/docs/execution/page.tsx(11,7): error TS17004: Cannot use JSX unless the '--jsx' flag is provided.
apps/arcade/src/app/docs/execution/page.tsx(16,7): error TS17004: Cannot use JSX unless the '--jsx' flag is provided.
apps/arcade/src/app/docs/execution/page.tsx(17,7): error TS17004: Cannot use JSX unless the '--jsx' flag is provided.
apps/arcade/src/app/docs/execution/page.tsx(18,7): error TS17004: Cannot use JSX unless the '--jsx' flag is provided.
apps/arcade/src/app/docs/execution/page.tsx(19,9): error TS17004: Cannot use JSX unless the '--jsx' flag is provided.
apps/arcade/src/app/docs/execution/page.tsx(20,11): error TS17004: Cannot use JSX unless the '--jsx' flag is provided.
apps/arcade/src/app/docs/execution/page.tsx(22,9): error TS17004: Cannot use JSX unless the '--jsx' flag is provided.
apps/arcade/src/app/docs/execution/page.tsx(23,11): error TS17004: Cannot use JSX unless the '--jsx' flag is provided.
apps/arcade/src/app/docs/execution/page.tsx(25,9): error TS17004: Cannot use JSX unless the '--jsx' flag is provided.
apps/arcade/src/app/docs/execution/page.tsx(26,11): error TS17004: Cannot use JSX unless the '--jsx' flag is provided.
apps/arcade/src/app/docs/execution/page.tsx(28,9): error TS17004: Cannot use JSX unless the '--jsx' flag is provided.
apps/arcade/src/app/docs/execution/page.tsx(29,11): error TS17004: Cannot use JSX unless the '--jsx' flag is provided.
apps/arcade/src/app/docs/execution/page.tsx(31,9): error TS17004: Cannot use JSX unless the '--jsx' flag is provided.
apps/arcade/src/app/docs/execution/page.tsx(32,11): error TS17004: Cannot use JSX unless the '--jsx' flag is provided.
apps/arcade/src/app/docs/execution/page.tsx(34,9): error TS17004: Cannot use JSX unless the '--jsx' flag is provided.
apps/arcade/src/app/docs/execution/page.tsx(35,11): error TS17004: Cannot use JSX unless the '--jsx' flag is provided.
apps/arcade/src/app/docs/execution/page.tsx(39,7): error TS17004: Cannot use JSX unless the '--jsx' flag is provided.
apps/arcade/src/app/docs/execution/page.tsx(40,7): error TS17004: Cannot use JSX unless the '--jsx' flag is provided.
apps/arcade/src/app/docs/execution/page.tsx(46,7): error TS17004: Cannot use JSX unless the '--jsx' flag is provided.
apps/arcade/src/app/docs/execution/page.tsx(47,7): error TS17004: Cannot use JSX unless the '--jsx' flag is provided.
apps/arcade/src/app/docs/execution/page.tsx(48,7): error TS17004: Cannot use JSX unless the '--jsx' flag is provided.
apps/arcade/src/app/docs/execution/page.tsx(49,9): error TS17004: Cannot use JSX unless the '--jsx' flag is provided.
apps/arcade/src/app/docs/execution/page.tsx(50,11): error TS17004: Cannot use JSX unless the '--jsx' flag is provided.
apps/arcade/src/app/docs/execution/page.tsx(51,13): error TS17004: Cannot use JSX unless the '--jsx' flag is provided.
apps/arcade/src/app/docs/execution/page.tsx(52,13): error TS17004: Cannot use JSX unless the '--jsx' flag is provided.
apps/arcade/src/app/docs/execution/page.tsx(55,9): error TS17004: Cannot use JSX unless the '--jsx' flag is provided.
apps/arcade/src/app/docs/execution/page.tsx(56,11): error TS17004: Cannot use JSX unless the '--jsx' flag is provided.
apps/arcade/src/app/docs/execution/page.tsx(57,13): error TS17004: Cannot use JSX unless the '--jsx' flag is provided.
apps/arcade/src/app/docs/execution/page.tsx(58,15): error TS17004: Cannot use JSX unless the '--jsx' flag is provided.
apps/arcade/src/app/docs/execution/page.tsx(60,13): error TS17004: Cannot use JSX unless the '--jsx' flag is provided.
apps/arcade/src/app/docs/execution/page.tsx(62,11): error TS17004: Cannot use JSX unless the '--jsx' flag is provided.
apps/arcade/src/app/docs/execution/page.tsx(63,13): error TS17004: Cannot use JSX unless the '--jsx' flag is provided.
apps/arcade/src/app/docs/execution/page.tsx(64,15): error TS17004: Cannot use JSX unless the '--jsx' flag is provided.
apps/arcade/src/app/docs/execution/page.tsx(66,13): error TS17004: Cannot use JSX unless the '--jsx' flag is provided.
apps/arcade/src/app/docs/execution/page.tsx(68,11): error TS17004: Cannot use JSX unless the '--jsx' flag is provided.
apps/arcade/src/app/docs/execution/page.tsx(69,13): error TS17004: Cannot use JSX unless the '--jsx' flag is provided.
apps/arcade/src/app/docs/execution/page.tsx(70,15): error TS17004: Cannot use JSX unless the '--jsx' flag is provided.
apps/arcade/src/app/docs/execution/page.tsx(72,13): error TS17004: Cannot use JSX unless the '--jsx' flag is provided.
apps/arcade/src/app/docs/execution/page.tsx(74,11): error TS17004: Cannot use JSX unless the '--jsx' flag is provided.
apps/arcade/src/app/docs/execution/page.tsx(75,13): error TS17004: Cannot use JSX unless the '--jsx' flag is provided.
apps/arcade/src/app/docs/execution/page.tsx(76,15): error TS17004: Cannot use JSX unless the '--jsx' flag is provided.
apps/arcade/src/app/docs/execution/page.tsx(78,13): error TS17004: Cannot use JSX unless the '--jsx' flag is provided.
apps/arcade/src/app/docs/execution/page.tsx(83,7): error TS17004: Cannot use JSX unless the '--jsx' flag is provided.
apps/arcade/src/app/docs/execution/page.tsx(84,7): error TS17004: Cannot use JSX unless the '--jsx' flag is provided.
apps/arcade/src/app/docs/execution/page.tsx(85,9): error TS17004: Cannot use JSX unless the '--jsx' flag is provided.
apps/arcade/src/app/docs/execution/page.tsx(96,7): error TS17004: Cannot use JSX unless the '--jsx' flag is provided.
apps/arcade/src/app/docs/execution/page.tsx(97,7): error TS17004: Cannot use JSX unless the '--jsx' flag is provided.
apps/arcade/src/app/docs/execution/page.tsx(98,9): error TS17004: Cannot use JSX unless the '--jsx' flag is provided.
apps/arcade/src/app/docs/execution/page.tsx(99,11): error TS17004: Cannot use JSX unless the '--jsx' flag is provided.
apps/arcade/src/app/docs/execution/page.tsx(100,13): error TS17004: Cannot use JSX unless the '--jsx' flag is provided.
apps/arcade/src/app/docs/execution/page.tsx(101,13): error TS17004: Cannot use JSX unless the '--jsx' flag is provided.
apps/arcade/src/app/docs/execution/page.tsx(104,9): error TS17004: Cannot use JSX unless the '--jsx' flag is provided.
apps/arcade/src/app/docs/execution/page.tsx(105,11): error TS17004: Cannot use JSX unless the '--jsx' flag is provided.
apps/arcade/src/app/docs/execution/page.tsx(106,13): error TS17004: Cannot use JSX unless the '--jsx' flag is provided.
apps/arcade/src/app/docs/execution/page.tsx(107,15): error TS17004: Cannot use JSX unless the '--jsx' flag is provided.
apps/arcade/src/app/docs/execution/page.tsx(109,13): error TS17004: Cannot use JSX unless the '--jsx' flag is provided.
apps/arcade/src/app/docs/execution/page.tsx(111,11): error TS17004: Cannot use JSX unless the '--jsx' flag is provided.
apps/arcade/src/app/docs/execution/page.tsx(112,13): error TS17004: Cannot use JSX unless the '--jsx' flag is provided.
apps/arcade/src/app/docs/execution/page.tsx(113,15): error TS17004: Cannot use JSX unless the '--jsx' flag is provided.
apps/arcade/src/app/docs/execution/page.tsx(115,13): error TS17004: Cannot use JSX unless the '--jsx' flag is provided.
apps/arcade/src/app/docs/execution/page.tsx(117,11): error TS17004: Cannot use JSX unless the '--jsx' flag is provided.
apps/arcade/src/app/docs/execution/page.tsx(118,13): error TS17004: Cannot use JSX unless the '--jsx' flag is provided.
apps/arcade/src/app/docs/execution/page.tsx(119,15): error TS17004: Cannot use JSX unless the '--jsx' flag is provided.
apps/arcade/src/app/docs/execution/page.tsx(121,13): error TS17004: Cannot use JSX unless the '--jsx' flag is provided.
apps/arcade/src/app/docs/execution/page.tsx(123,11): error TS17004: Cannot use JSX unless the '--jsx' flag is provided.
apps/arcade/src/app/docs/execution/page.tsx(124,13): error TS17004: Cannot use JSX unless the '--jsx' flag is provided.
apps/arcade/src/app/docs/execution/page.tsx(125,15): error TS17004: Cannot use JSX unless the '--jsx' flag is provided.
apps/arcade/src/app/docs/execution/page.tsx(127,13): error TS17004: Cannot use JSX unless the '--jsx' flag is provided.
apps/arcade/src/app/docs/getting-started/page.tsx(11,5): error TS17004: Cannot use JSX unless the '--jsx' flag is provided.
apps/arcade/src/app/docs/getting-started/page.tsx(12,7): error TS17004: Cannot use JSX unless the '--jsx' flag is provided.
apps/arcade/src/app/docs/getting-started/page.tsx(13,9): error TS17004: Cannot use JSX unless the '--jsx' flag is provided.
apps/arcade/src/app/docs/getting-started/page.tsx(14,9): error TS17004: Cannot use JSX unless the '--jsx' flag is provided.
apps/arcade/src/app/docs/getting-started/page.tsx(20,7): error TS17004: Cannot use JSX unless the '--jsx' flag is provided.
apps/arcade/src/app/docs/getting-started/page.tsx(21,9): error TS17004: Cannot use JSX unless the '--jsx' flag is provided.
apps/arcade/src/app/docs/getting-started/page.tsx(22,9): error TS17004: Cannot use JSX unless the '--jsx' flag is provided.
apps/arcade/src/app/docs/getting-started/page.tsx(23,11): error TS17004: Cannot use JSX unless the '--jsx' flag is provided.
apps/arcade/src/app/docs/getting-started/page.tsx(24,13): error TS17004: Cannot use JSX unless the '--jsx' flag is provided.
apps/arcade/src/app/docs/getting-started/page.tsx(25,13): error TS17004: Cannot use JSX unless the '--jsx' flag is provided.
apps/arcade/src/app/docs/getting-started/page.tsx(28,13): error TS17004: Cannot use JSX unless the '--jsx' flag is provided.
apps/arcade/src/app/docs/getting-started/page.tsx(29,15): error TS17004: Cannot use JSX unless the '--jsx' flag is provided.
apps/arcade/src/app/docs/getting-started/page.tsx(30,15): error TS17004: Cannot use JSX unless the '--jsx' flag is provided.
apps/arcade/src/app/docs/getting-started/page.tsx(33,15): error TS17004: Cannot use JSX unless the '--jsx' flag is provided.
apps/arcade/src/app/docs/getting-started/page.tsx(34,15): error TS17004: Cannot use JSX unless the '--jsx' flag is provided.
apps/arcade/src/app/docs/getting-started/page.tsx(37,11): error TS17004: Cannot use JSX unless the '--jsx' flag is provided.
apps/arcade/src/app/docs/getting-started/page.tsx(38,13): error TS17004: Cannot use JSX unless the '--jsx' flag is provided.
apps/arcade/src/app/docs/getting-started/page.tsx(39,13): error TS17004: Cannot use JSX unless the '--jsx' flag is provided.
apps/arcade/src/app/docs/getting-started/page.tsx(42,13): error TS17004: Cannot use JSX unless the '--jsx' flag is provided.
apps/arcade/src/app/docs/getting-started/page.tsx(43,15): error TS17004: Cannot use JSX unless the '--jsx' flag is provided.
apps/arcade/src/app/docs/getting-started/page.tsx(44,15): error TS17004: Cannot use JSX unless the '--jsx' flag is provided.
apps/arcade/src/app/docs/getting-started/page.tsx(50,7): error TS17004: Cannot use JSX unless the '--jsx' flag is provided.
apps/arcade/src/app/docs/getting-started/page.tsx(51,9): error TS17004: Cannot use JSX unless the '--jsx' flag is provided.
apps/arcade/src/app/docs/getting-started/page.tsx(52,9): error TS17004: Cannot use JSX unless the '--jsx' flag is provided.
apps/arcade/src/app/docs/getting-started/page.tsx(53,74): error TS17004: Cannot use JSX unless the '--jsx' flag is provided.
apps/arcade/src/app/docs/getting-started/page.tsx(55,9): error TS17004: Cannot use JSX unless the '--jsx' flag is provided.
apps/arcade/src/app/docs/getting-started/page.tsx(56,11): error TS17004: Cannot use JSX unless the '--jsx' flag is provided.
apps/arcade/src/app/docs/getting-started/page.tsx(57,30): error TS17004: Cannot use JSX unless the '--jsx' flag is provided.
apps/arcade/src/app/docs/getting-started/page.tsx(58,43): error TS17004: Cannot use JSX unless the '--jsx' flag is provided.
apps/arcade/src/app/docs/getting-started/page.tsx(59,44): error TS17004: Cannot use JSX unless the '--jsx' flag is provided.
apps/arcade/src/app/docs/getting-started/page.tsx(65,7): error TS17004: Cannot use JSX unless the '--jsx' flag is provided.
apps/arcade/src/app/docs/getting-started/page.tsx(66,9): error TS17004: Cannot use JSX unless the '--jsx' flag is provided.
apps/arcade/src/app/docs/getting-started/page.tsx(67,9): error TS17004: Cannot use JSX unless the '--jsx' flag is provided.
apps/arcade/src/app/docs/getting-started/page.tsx(68,15): error TS17004: Cannot use JSX unless the '--jsx' flag is provided.
apps/arcade/src/app/docs/getting-started/page.tsx(71,9): error TS17004: Cannot use JSX unless the '--jsx' flag is provided.
apps/arcade/src/app/docs/getting-started/page.tsx(72,11): error TS17004: Cannot use JSX unless the '--jsx' flag is provided.
apps/arcade/src/app/docs/getting-started/page.tsx(73,13): error TS17004: Cannot use JSX unless the '--jsx' flag is provided.
apps/arcade/src/app/docs/getting-started/page.tsx(76,13): error TS17004: Cannot use JSX unless the '--jsx' flag is provided.
apps/arcade/src/app/docs/getting-started/page.tsx(77,15): error TS17004: Cannot use JSX unless the '--jsx' flag is provided.
apps/arcade/src/app/docs/getting-started/page.tsx(78,15): error TS17004: Cannot use JSX unless the '--jsx' flag is provided.
apps/arcade/src/app/docs/getting-started/page.tsx(83,11): error TS17004: Cannot use JSX unless the '--jsx' flag is provided.
apps/arcade/src/app/docs/getting-started/page.tsx(84,13): error TS17004: Cannot use JSX unless the '--jsx' flag is provided.
apps/arcade/src/app/docs/getting-started/page.tsx(87,13): error TS17004: Cannot use JSX unless the '--jsx' flag is provided.
apps/arcade/src/app/docs/getting-started/page.tsx(88,15): error TS17004: Cannot use JSX unless the '--jsx' flag is provided.
apps/arcade/src/app/docs/getting-started/page.tsx(89,15): error TS17004: Cannot use JSX unless the '--jsx' flag is provided.
apps/arcade/src/app/docs/getting-started/page.tsx(94,11): error TS17004: Cannot use JSX unless the '--jsx' flag is provided.
apps/arcade/src/app/docs/getting-started/page.tsx(95,13): error TS17004: Cannot use JSX unless the '--jsx' flag is provided.
apps/arcade/src/app/docs/getting-started/page.tsx(98,13): error TS17004: Cannot use JSX unless the '--jsx' flag is provided.
apps/arcade/src/app/docs/getting-started/page.tsx(99,15): error TS17004: Cannot use JSX unless the '--jsx' flag is provided.
apps/arcade/src/app/docs/getting-started/page.tsx(100,15): error TS17004: Cannot use JSX unless the '--jsx' flag is provided.
apps/arcade/src/app/docs/getting-started/page.tsx(108,7): error TS17004: Cannot use JSX unless the '--jsx' flag is provided.
apps/arcade/src/app/docs/getting-started/page.tsx(109,9): error TS17004: Cannot use JSX unless the '--jsx' flag is provided.
apps/arcade/src/app/docs/getting-started/page.tsx(110,9): error TS17004: Cannot use JSX unless the '--jsx' flag is provided.
apps/arcade/src/app/docs/getting-started/page.tsx(111,11): error TS17004: Cannot use JSX unless the '--jsx' flag is provided.
apps/arcade/src/app/docs/getting-started/page.tsx(115,13): error TS17004: Cannot use JSX unless the '--jsx' flag is provided.
apps/arcade/src/app/docs/getting-started/page.tsx(116,13): error TS17004: Cannot use JSX unless the '--jsx' flag is provided.
apps/arcade/src/app/docs/getting-started/page.tsx(120,11): error TS17004: Cannot use JSX unless the '--jsx' flag is provided.
apps/arcade/src/app/docs/getting-started/page.tsx(124,13): error TS17004: Cannot use JSX unless the '--jsx' flag is provided.
apps/arcade/src/app/docs/getting-started/page.tsx(125,13): error TS17004: Cannot use JSX unless the '--jsx' flag is provided.
apps/arcade/src/app/docs/getting-started/page.tsx(132,7): error TS17004: Cannot use JSX unless the '--jsx' flag is provided.
apps/arcade/src/app/docs/getting-started/page.tsx(133,9): error TS17004: Cannot use JSX unless the '--jsx' flag is provided.
apps/arcade/src/app/docs/getting-started/page.tsx(134,9): error TS17004: Cannot use JSX unless the '--jsx' flag is provided.
apps/arcade/src/app/docs/getting-started/page.tsx(135,11): error TS17004: Cannot use JSX unless the '--jsx' flag is provided.
apps/arcade/src/app/docs/governance/page.tsx(3,5): error TS17004: Cannot use JSX unless the '--jsx' flag is provided.
apps/arcade/src/app/docs/governance/page.tsx(4,7): error TS17004: Cannot use JSX unless the '--jsx' flag is provided.
apps/arcade/src/app/docs/governance/page.tsx(5,9): error TS17004: Cannot use JSX unless the '--jsx' flag is provided.
apps/arcade/src/app/docs/governance/page.tsx(6,11): error TS17004: Cannot use JSX unless the '--jsx' flag is provided.
apps/arcade/src/app/docs/governance/page.tsx(11,9): error TS17004: Cannot use JSX unless the '--jsx' flag is provided.
apps/arcade/src/app/docs/governance/page.tsx(12,9): error TS17004: Cannot use JSX unless the '--jsx' flag is provided.
apps/arcade/src/app/docs/governance/page.tsx(16,9): error TS17004: Cannot use JSX unless the '--jsx' flag is provided.
apps/arcade/src/app/docs/governance/page.tsx(17,11): error TS17004: Cannot use JSX unless the '--jsx' flag is provided.
apps/arcade/src/app/docs/governance/page.tsx(18,13): error TS17004: Cannot use JSX unless the '--jsx' flag is provided.
apps/arcade/src/app/docs/governance/page.tsx(19,13): error TS17004: Cannot use JSX unless the '--jsx' flag is provided.
apps/arcade/src/app/docs/governance/page.tsx(26,11): error TS17004: Cannot use JSX unless the '--jsx' flag is provided.
apps/arcade/src/app/docs/governance/page.tsx(27,13): error TS17004: Cannot use JSX unless the '--jsx' flag is provided.
apps/arcade/src/app/docs/governance/page.tsx(28,13): error TS17004: Cannot use JSX unless the '--jsx' flag is provided.
apps/arcade/src/app/docs/governance/page.tsx(29,15): error TS17004: Cannot use JSX unless the '--jsx' flag is provided.
apps/arcade/src/app/docs/governance/page.tsx(30,17): error TS17004: Cannot use JSX unless the '--jsx' flag is provided.
apps/arcade/src/app/docs/governance/page.tsx(31,17): error TS17004: Cannot use JSX unless the '--jsx' flag is provided.
apps/arcade/src/app/docs/governance/page.tsx(36,15): error TS17004: Cannot use JSX unless the '--jsx' flag is provided.
apps/arcade/src/app/docs/governance/page.tsx(37,17): error TS17004: Cannot use JSX unless the '--jsx' flag is provided.
apps/arcade/src/app/docs/governance/page.tsx(38,17): error TS17004: Cannot use JSX unless the '--jsx' flag is provided.
apps/arcade/src/app/docs/governance/page.tsx(39,19): error TS17004: Cannot use JSX unless the '--jsx' flag is provided.
apps/arcade/src/app/docs/governance/page.tsx(40,19): error TS17004: Cannot use JSX unless the '--jsx' flag is provided.
apps/arcade/src/app/docs/governance/page.tsx(41,19): error TS17004: Cannot use JSX unless the '--jsx' flag is provided.
apps/arcade/src/app/docs/governance/page.tsx(42,19): error TS17004: Cannot use JSX unless the '--jsx' flag is provided.
apps/arcade/src/app/docs/governance/page.tsx(48,11): error TS17004: Cannot use JSX unless the '--jsx' flag is provided.
apps/arcade/src/app/docs/governance/page.tsx(49,13): error TS17004: Cannot use JSX unless the '--jsx' flag is provided.
apps/arcade/src/app/docs/governance/page.tsx(50,13): error TS17004: Cannot use JSX unless the '--jsx' flag is provided.
apps/arcade/src/app/docs/governance/page.tsx(53,13): error TS17004: Cannot use JSX unless the '--jsx' flag is provided.
apps/arcade/src/app/docs/governance/page.tsx(54,15): error TS17004: Cannot use JSX unless the '--jsx' flag is provided.
apps/arcade/src/app/docs/governance/page.tsx(55,15): error TS17004: Cannot use JSX unless the '--jsx' flag is provided.
apps/arcade/src/app/docs/governance/page.tsx(56,15): error TS17004: Cannot use JSX unless the '--jsx' flag is provided.
apps/arcade/src/app/docs/governance/page.tsx(57,15): error TS17004: Cannot use JSX unless the '--jsx' flag is provided.
apps/arcade/src/app/docs/governance/page.tsx(58,15): error TS17004: Cannot use JSX unless the '--jsx' flag is provided.
apps/arcade/src/app/docs/governance/page.tsx(59,15): error TS17004: Cannot use JSX unless the '--jsx' flag is provided.
apps/arcade/src/app/docs/governance/page.tsx(60,15): error TS17004: Cannot use JSX unless the '--jsx' flag is provided.
apps/arcade/src/app/docs/governance/page.tsx(61,15): error TS17004: Cannot use JSX unless the '--jsx' flag is provided.
apps/arcade/src/app/docs/governance/page.tsx(62,15): error TS17004: Cannot use JSX unless the '--jsx' flag is provided.
apps/arcade/src/app/docs/governance/page.tsx(63,15): error TS17004: Cannot use JSX unless the '--jsx' flag is provided.
apps/arcade/src/app/docs/governance/page.tsx(64,15): error TS17004: Cannot use JSX unless the '--jsx' flag is provided.
apps/arcade/src/app/docs/governance/page.tsx(65,15): error TS17004: Cannot use JSX unless the '--jsx' flag is provided.
apps/arcade/src/app/docs/governance/page.tsx(69,11): error TS17004: Cannot use JSX unless the '--jsx' flag is provided.
apps/arcade/src/app/docs/governance/page.tsx(70,13): error TS17004: Cannot use JSX unless the '--jsx' flag is provided.
apps/arcade/src/app/docs/governance/page.tsx(71,13): error TS17004: Cannot use JSX unless the '--jsx' flag is provided.
apps/arcade/src/app/docs/governance/page.tsx(72,15): error TS17004: Cannot use JSX unless the '--jsx' flag is provided.
apps/arcade/src/app/docs/governance/page.tsx(73,17): error TS17004: Cannot use JSX unless the '--jsx' flag is provided.
apps/arcade/src/app/docs/governance/page.tsx(74,17): error TS17004: Cannot use JSX unless the '--jsx' flag is provided.
apps/arcade/src/app/docs/governance/page.tsx(78,15): error TS17004: Cannot use JSX unless the '--jsx' flag is provided.
apps/arcade/src/app/docs/governance/page.tsx(79,17): error TS17004: Cannot use JSX unless the '--jsx' flag is provided.
apps/arcade/src/app/docs/governance/page.tsx(80,17): error TS17004: Cannot use JSX unless the '--jsx' flag is provided.
apps/arcade/src/app/docs/governance/page.tsx(84,15): error TS17004: Cannot use JSX unless the '--jsx' flag is provided.
apps/arcade/src/app/docs/governance/page.tsx(85,17): error TS17004: Cannot use JSX unless the '--jsx' flag is provided.
apps/arcade/src/app/docs/governance/page.tsx(86,17): error TS17004: Cannot use JSX unless the '--jsx' flag is provided.
apps/arcade/src/app/docs/governance/page.tsx(90,15): error TS17004: Cannot use JSX unless the '--jsx' flag is provided.
apps/arcade/src/app/docs/governance/page.tsx(91,17): error TS17004: Cannot use JSX unless the '--jsx' flag is provided.
apps/arcade/src/app/docs/governance/page.tsx(92,17): error TS17004: Cannot use JSX unless the '--jsx' flag is provided.
apps/arcade/src/app/docs/governance/page.tsx(99,11): error TS17004: Cannot use JSX unless the '--jsx' flag is provided.
apps/arcade/src/app/docs/governance/page.tsx(100,13): error TS17004: Cannot use JSX unless the '--jsx' flag is provided.
apps/arcade/src/app/docs/governance/page.tsx(101,13): error TS17004: Cannot use JSX unless the '--jsx' flag is provided.
apps/arcade/src/app/docs/governance/page.tsx(102,13): error TS17004: Cannot use JSX unless the '--jsx' flag is provided.
apps/arcade/src/app/docs/governance/page.tsx(103,15): error TS17004: Cannot use JSX unless the '--jsx' flag is provided.
apps/arcade/src/app/docs/governance/page.tsx(104,15): error TS17004: Cannot use JSX unless the '--jsx' flag is provided.
apps/arcade/src/app/docs/governance/page.tsx(105,15): error TS17004: Cannot use JSX unless the '--jsx' flag is provided.
apps/arcade/src/app/docs/governance/page.tsx(106,15): error TS17004: Cannot use JSX unless the '--jsx' flag is provided.
apps/arcade/src/app/docs/governance/page.tsx(107,15): error TS17004: Cannot use JSX unless the '--jsx' flag is provided.
apps/arcade/src/app/docs/governance/page.tsx(108,15): error TS17004: Cannot use JSX unless the '--jsx' flag is provided.
apps/arcade/src/app/docs/governance/page.tsx(109,15): error TS17004: Cannot use JSX unless the '--jsx' flag is provided.
apps/arcade/src/app/docs/governance/page.tsx(110,15): error TS17004: Cannot use JSX unless the '--jsx' flag is provided.
apps/arcade/src/app/docs/governance/page.tsx(114,11): error TS17004: Cannot use JSX unless the '--jsx' flag is provided.
apps/arcade/src/app/docs/governance/page.tsx(115,13): error TS17004: Cannot use JSX unless the '--jsx' flag is provided.
apps/arcade/src/app/docs/governance/page.tsx(116,13): error TS17004: Cannot use JSX unless the '--jsx' flag is provided.
apps/arcade/src/app/docs/governance/page.tsx(117,13): error TS17004: Cannot use JSX unless the '--jsx' flag is provided.
apps/arcade/src/app/docs/governance/page.tsx(118,15): error TS17004: Cannot use JSX unless the '--jsx' flag is provided.
apps/arcade/src/app/docs/governance/page.tsx(119,19): error TS17004: Cannot use JSX unless the '--jsx' flag is provided.
apps/arcade/src/app/docs/governance/page.tsx(122,15): error TS17004: Cannot use JSX unless the '--jsx' flag is provided.
apps/arcade/src/app/docs/governance/page.tsx(123,19): error TS17004: Cannot use JSX unless the '--jsx' flag is provided.
apps/arcade/src/app/docs/governance/page.tsx(126,15): error TS17004: Cannot use JSX unless the '--jsx' flag is provided.
apps/arcade/src/app/docs/governance/page.tsx(127,19): error TS17004: Cannot use JSX unless the '--jsx' flag is provided.
apps/arcade/src/app/docs/governance/page.tsx(130,15): error TS17004: Cannot use JSX unless the '--jsx' flag is provided.
apps/arcade/src/app/docs/governance/page.tsx(131,19): error TS17004: Cannot use JSX unless the '--jsx' flag is provided.
apps/arcade/src/app/docs/installation/page.tsx(3,5): error TS17004: Cannot use JSX unless the '--jsx' flag is provided.
apps/arcade/src/app/docs/installation/page.tsx(4,7): error TS17004: Cannot use JSX unless the '--jsx' flag is provided.
apps/arcade/src/app/docs/installation/page.tsx(5,9): error TS17004: Cannot use JSX unless the '--jsx' flag is provided.
apps/arcade/src/app/docs/installation/page.tsx(6,11): error TS17004: Cannot use JSX unless the '--jsx' flag is provided.
apps/arcade/src/app/docs/installation/page.tsx(11,9): error TS17004: Cannot use JSX unless the '--jsx' flag is provided.
apps/arcade/src/app/docs/installation/page.tsx(12,9): error TS17004: Cannot use JSX unless the '--jsx' flag is provided.
apps/arcade/src/app/docs/installation/page.tsx(16,9): error TS17004: Cannot use JSX unless the '--jsx' flag is provided.
apps/arcade/src/app/docs/installation/page.tsx(17,11): error TS17004: Cannot use JSX unless the '--jsx' flag is provided.
apps/arcade/src/app/docs/installation/page.tsx(18,13): error TS17004: Cannot use JSX unless the '--jsx' flag is provided.
apps/arcade/src/app/docs/installation/page.tsx(19,13): error TS17004: Cannot use JSX unless the '--jsx' flag is provided.
apps/arcade/src/app/docs/installation/page.tsx(20,15): error TS17004: Cannot use JSX unless the '--jsx' flag is provided.
apps/arcade/src/app/docs/installation/page.tsx(21,15): error TS17004: Cannot use JSX unless the '--jsx' flag is provided.
apps/arcade/src/app/docs/installation/page.tsx(22,15): error TS17004: Cannot use JSX unless the '--jsx' flag is provided.
apps/arcade/src/app/docs/installation/page.tsx(23,15): error TS17004: Cannot use JSX unless the '--jsx' flag is provided.
apps/arcade/src/app/docs/installation/page.tsx(27,11): error TS17004: Cannot use JSX unless the '--jsx' flag is provided.
apps/arcade/src/app/docs/installation/page.tsx(28,13): error TS17004: Cannot use JSX unless the '--jsx' flag is provided.
apps/arcade/src/app/docs/installation/page.tsx(29,13): error TS17004: Cannot use JSX unless the '--jsx' flag is provided.
apps/arcade/src/app/docs/installation/page.tsx(32,13): error TS17004: Cannot use JSX unless the '--jsx' flag is provided.
apps/arcade/src/app/docs/installation/page.tsx(33,15): error TS17004: Cannot use JSX unless the '--jsx' flag is provided.
apps/arcade/src/app/docs/installation/page.tsx(35,13): error TS17004: Cannot use JSX unless the '--jsx' flag is provided.
apps/arcade/src/app/docs/installation/page.tsx(36,13): error TS17004: Cannot use JSX unless the '--jsx' flag is provided.
apps/arcade/src/app/docs/installation/page.tsx(37,15): error TS17004: Cannot use JSX unless the '--jsx' flag is provided.
apps/arcade/src/app/docs/installation/page.tsx(41,11): error TS17004: Cannot use JSX unless the '--jsx' flag is provided.
apps/arcade/src/app/docs/installation/page.tsx(42,13): error TS17004: Cannot use JSX unless the '--jsx' flag is provided.
apps/arcade/src/app/docs/installation/page.tsx(43,13): error TS17004: Cannot use JSX unless the '--jsx' flag is provided.
apps/arcade/src/app/docs/installation/page.tsx(46,13): error TS17004: Cannot use JSX unless the '--jsx' flag is provided.
apps/arcade/src/app/docs/installation/page.tsx(47,15): error TS17004: Cannot use JSX unless the '--jsx' flag is provided.
apps/arcade/src/app/docs/installation/page.tsx(49,13): error TS17004: Cannot use JSX unless the '--jsx' flag is provided.
apps/arcade/src/app/docs/installation/page.tsx(50,13): error TS17004: Cannot use JSX unless the '--jsx' flag is provided.
apps/arcade/src/app/docs/installation/page.tsx(51,15): error TS17004: Cannot use JSX unless the '--jsx' flag is provided.
apps/arcade/src/app/docs/installation/page.tsx(55,11): error TS17004: Cannot use JSX unless the '--jsx' flag is provided.
apps/arcade/src/app/docs/installation/page.tsx(56,13): error TS17004: Cannot use JSX unless the '--jsx' flag is provided.
apps/arcade/src/app/docs/installation/page.tsx(57,13): error TS17004: Cannot use JSX unless the '--jsx' flag is provided.
apps/arcade/src/app/docs/installation/page.tsx(58,13): error TS17004: Cannot use JSX unless the '--jsx' flag is provided.
apps/arcade/src/app/docs/installation/page.tsx(59,15): error TS17004: Cannot use JSX unless the '--jsx' flag is provided.
apps/arcade/src/app/docs/installation/page.tsx(60,15): error TS17004: Cannot use JSX unless the '--jsx' flag is provided.
apps/arcade/src/app/docs/installation/page.tsx(61,15): error TS17004: Cannot use JSX unless the '--jsx' flag is provided.
apps/arcade/src/app/docs/installation/page.tsx(62,15): error TS17004: Cannot use JSX unless the '--jsx' flag is provided.
apps/arcade/src/app/docs/installation/page.tsx(63,15): error TS17004: Cannot use JSX unless the '--jsx' flag is provided.
apps/arcade/src/app/docs/installation/page.tsx(67,11): error TS17004: Cannot use JSX unless the '--jsx' flag is provided.
apps/arcade/src/app/docs/installation/page.tsx(68,13): error TS17004: Cannot use JSX unless the '--jsx' flag is provided.
apps/arcade/src/app/docs/installation/page.tsx(69,13): error TS17004: Cannot use JSX unless the '--jsx' flag is provided.
apps/arcade/src/app/docs/installation/page.tsx(70,15): error TS17004: Cannot use JSX unless the '--jsx' flag is provided.
apps/arcade/src/app/docs/installation/page.tsx(71,17): error TS17004: Cannot use JSX unless the '--jsx' flag is provided.
apps/arcade/src/app/docs/installation/page.tsx(72,17): error TS17004: Cannot use JSX unless the '--jsx' flag is provided.
apps/arcade/src/app/docs/installation/page.tsx(76,17): error TS17004: Cannot use JSX unless the '--jsx' flag is provided.
apps/arcade/src/app/docs/installation/page.tsx(77,19): error TS17004: Cannot use JSX unless the '--jsx' flag is provided.
apps/arcade/src/app/docs/installation/page.tsx(80,15): error TS17004: Cannot use JSX unless the '--jsx' flag is provided.
apps/arcade/src/app/docs/installation/page.tsx(81,17): error TS17004: Cannot use JSX unless the '--jsx' flag is provided.
apps/arcade/src/app/docs/installation/page.tsx(82,17): error TS17004: Cannot use JSX unless the '--jsx' flag is provided.
apps/arcade/src/app/docs/integrations/page.tsx(10,5): error TS17004: Cannot use JSX unless the '--jsx' flag is provided.
apps/arcade/src/app/docs/integrations/page.tsx(11,7): error TS17004: Cannot use JSX unless the '--jsx' flag is provided.
apps/arcade/src/app/docs/integrations/page.tsx(12,9): error TS17004: Cannot use JSX unless the '--jsx' flag is provided.
apps/arcade/src/app/docs/integrations/page.tsx(13,9): error TS17004: Cannot use JSX unless the '--jsx' flag is provided.
apps/arcade/src/app/docs/integrations/page.tsx(19,7): error TS17004: Cannot use JSX unless the '--jsx' flag is provided.
apps/arcade/src/app/docs/integrations/page.tsx(20,9): error TS17004: Cannot use JSX unless the '--jsx' flag is provided.
apps/arcade/src/app/docs/integrations/page.tsx(21,9): error TS17004: Cannot use JSX unless the '--jsx' flag is provided.
apps/arcade/src/app/docs/integrations/page.tsx(22,11): error TS17004: Cannot use JSX unless the '--jsx' flag is provided.
apps/arcade/src/app/docs/integrations/page.tsx(23,11): error TS17004: Cannot use JSX unless the '--jsx' flag is provided.
apps/arcade/src/app/docs/integrations/page.tsx(27,11): error TS17004: Cannot use JSX unless the '--jsx' flag is provided.
apps/arcade/src/app/docs/integrations/page.tsx(28,13): error TS17004: Cannot use JSX unless the '--jsx' flag is provided.
apps/arcade/src/app/docs/integrations/page.tsx(29,15): error TS17004: Cannot use JSX unless the '--jsx' flag is provided.
apps/arcade/src/app/docs/integrations/page.tsx(31,13): error TS17004: Cannot use JSX unless the '--jsx' flag is provided.
apps/arcade/src/app/docs/integrations/page.tsx(32,15): error TS17004: Cannot use JSX unless the '--jsx' flag is provided.
apps/arcade/src/app/docs/integrations/page.tsx(34,13): error TS17004: Cannot use JSX unless the '--jsx' flag is provided.
apps/arcade/src/app/docs/integrations/page.tsx(35,15): error TS17004: Cannot use JSX unless the '--jsx' flag is provided.
apps/arcade/src/app/docs/integrations/page.tsx(37,13): error TS17004: Cannot use JSX unless the '--jsx' flag is provided.
apps/arcade/src/app/docs/integrations/page.tsx(38,15): error TS17004: Cannot use JSX unless the '--jsx' flag is provided.
apps/arcade/src/app/docs/integrations/page.tsx(41,11): error TS17004: Cannot use JSX unless the '--jsx' flag is provided.
apps/arcade/src/app/docs/integrations/page.tsx(47,7): error TS17004: Cannot use JSX unless the '--jsx' flag is provided.
apps/arcade/src/app/docs/integrations/page.tsx(48,9): error TS17004: Cannot use JSX unless the '--jsx' flag is provided.
apps/arcade/src/app/docs/integrations/page.tsx(49,9): error TS17004: Cannot use JSX unless the '--jsx' flag is provided.
apps/arcade/src/app/docs/integrations/page.tsx(50,9): error TS17004: Cannot use JSX unless the '--jsx' flag is provided.
apps/arcade/src/app/docs/integrations/page.tsx(51,11): error TS17004: Cannot use JSX unless the '--jsx' flag is provided.
apps/arcade/src/app/docs/integrations/page.tsx(52,13): error TS17004: Cannot use JSX unless the '--jsx' flag is provided.
apps/arcade/src/app/docs/integrations/page.tsx(53,13): error TS17004: Cannot use JSX unless the '--jsx' flag is provided.
apps/arcade/src/app/docs/integrations/page.tsx(56,13): error TS17004: Cannot use JSX unless the '--jsx' flag is provided.
apps/arcade/src/app/docs/integrations/page.tsx(58,11): error TS17004: Cannot use JSX unless the '--jsx' flag is provided.
apps/arcade/src/app/docs/integrations/page.tsx(59,13): error TS17004: Cannot use JSX unless the '--jsx' flag is provided.
apps/arcade/src/app/docs/integrations/page.tsx(60,13): error TS17004: Cannot use JSX unless the '--jsx' flag is provided.
apps/arcade/src/app/docs/integrations/page.tsx(63,13): error TS17004: Cannot use JSX unless the '--jsx' flag is provided.
apps/arcade/src/app/docs/integrations/page.tsx(70,7): error TS17004: Cannot use JSX unless the '--jsx' flag is provided.
apps/arcade/src/app/docs/integrations/page.tsx(71,9): error TS17004: Cannot use JSX unless the '--jsx' flag is provided.
apps/arcade/src/app/docs/integrations/page.tsx(72,9): error TS17004: Cannot use JSX unless the '--jsx' flag is provided.
apps/arcade/src/app/docs/integrations/page.tsx(75,9): error TS17004: Cannot use JSX unless the '--jsx' flag is provided.
apps/arcade/src/app/docs/integrations/page.tsx(76,11): error TS17004: Cannot use JSX unless the '--jsx' flag is provided.
apps/arcade/src/app/docs/integrations/page.tsx(77,11): error TS17004: Cannot use JSX unless the '--jsx' flag is provided.
apps/arcade/src/app/docs/integrations/page.tsx(78,13): error TS17004: Cannot use JSX unless the '--jsx' flag is provided.
apps/arcade/src/app/docs/integrations/page.tsx(81,13): error TS17004: Cannot use JSX unless the '--jsx' flag is provided.
apps/arcade/src/app/docs/integrations/page.tsx(84,13): error TS17004: Cannot use JSX unless the '--jsx' flag is provided.
apps/arcade/src/app/docs/integrations/page.tsx(87,13): error TS17004: Cannot use JSX unless the '--jsx' flag is provided.
apps/arcade/src/app/docs/integrations/page.tsx(94,7): error TS17004: Cannot use JSX unless the '--jsx' flag is provided.
apps/arcade/src/app/docs/integrations/page.tsx(95,9): error TS17004: Cannot use JSX unless the '--jsx' flag is provided.
apps/arcade/src/app/docs/integrations/page.tsx(96,9): error TS17004: Cannot use JSX unless the '--jsx' flag is provided.
apps/arcade/src/app/docs/integrations/page.tsx(97,11): error TS17004: Cannot use JSX unless the '--jsx' flag is provided.
apps/arcade/src/app/docs/layout.tsx(3,30): error TS2307: Cannot find module '@/lib/docs/nav' or its corresponding type declarations.
apps/arcade/src/app/docs/layout.tsx(7,5): error TS17004: Cannot use JSX unless the '--jsx' flag is provided.
apps/arcade/src/app/docs/layout.tsx(9,7): error TS17004: Cannot use JSX unless the '--jsx' flag is provided.
apps/arcade/src/app/docs/layout.tsx(10,9): error TS17004: Cannot use JSX unless the '--jsx' flag is provided.
apps/arcade/src/app/docs/layout.tsx(11,30): error TS7006: Parameter 'section' implicitly has an 'any' type.
apps/arcade/src/app/docs/layout.tsx(12,13): error TS17004: Cannot use JSX unless the '--jsx' flag is provided.
apps/arcade/src/app/docs/layout.tsx(13,15): error TS17004: Cannot use JSX unless the '--jsx' flag is provided.
apps/arcade/src/app/docs/layout.tsx(16,15): error TS17004: Cannot use JSX unless the '--jsx' flag is provided.
apps/arcade/src/app/docs/layout.tsx(17,37): error TS7006: Parameter 'item' implicitly has an 'any' type.
apps/arcade/src/app/docs/layout.tsx(18,19): error TS17004: Cannot use JSX unless the '--jsx' flag is provided.
apps/arcade/src/app/docs/layout.tsx(19,21): error TS17004: Cannot use JSX unless the '--jsx' flag is provided.
apps/arcade/src/app/docs/layout.tsx(34,7): error TS17004: Cannot use JSX unless the '--jsx' flag is provided.
apps/arcade/src/app/docs/layout.tsx(35,9): error TS17004: Cannot use JSX unless the '--jsx' flag is provided.
apps/arcade/src/app/docs/marketplace/page.tsx(3,5): error TS17004: Cannot use JSX unless the '--jsx' flag is provided.
apps/arcade/src/app/docs/marketplace/page.tsx(4,7): error TS17004: Cannot use JSX unless the '--jsx' flag is provided.
apps/arcade/src/app/docs/marketplace/page.tsx(5,9): error TS17004: Cannot use JSX unless the '--jsx' flag is provided.
apps/arcade/src/app/docs/marketplace/page.tsx(6,11): error TS17004: Cannot use JSX unless the '--jsx' flag is provided.
apps/arcade/src/app/docs/marketplace/page.tsx(11,9): error TS17004: Cannot use JSX unless the '--jsx' flag is provided.
apps/arcade/src/app/docs/marketplace/page.tsx(12,9): error TS17004: Cannot use JSX unless the '--jsx' flag is provided.
apps/arcade/src/app/docs/marketplace/page.tsx(16,9): error TS17004: Cannot use JSX unless the '--jsx' flag is provided.
apps/arcade/src/app/docs/marketplace/page.tsx(17,11): error TS17004: Cannot use JSX unless the '--jsx' flag is provided.
apps/arcade/src/app/docs/marketplace/page.tsx(18,13): error TS17004: Cannot use JSX unless the '--jsx' flag is provided.
apps/arcade/src/app/docs/marketplace/page.tsx(19,13): error TS17004: Cannot use JSX unless the '--jsx' flag is provided.
apps/arcade/src/app/docs/marketplace/page.tsx(26,11): error TS17004: Cannot use JSX unless the '--jsx' flag is provided.
apps/arcade/src/app/docs/marketplace/page.tsx(27,13): error TS17004: Cannot use JSX unless the '--jsx' flag is provided.
apps/arcade/src/app/docs/marketplace/page.tsx(28,13): error TS17004: Cannot use JSX unless the '--jsx' flag is provided.
apps/arcade/src/app/docs/marketplace/page.tsx(29,15): error TS17004: Cannot use JSX unless the '--jsx' flag is provided.
apps/arcade/src/app/docs/marketplace/page.tsx(30,17): error TS17004: Cannot use JSX unless the '--jsx' flag is provided.
apps/arcade/src/app/docs/marketplace/page.tsx(31,17): error TS17004: Cannot use JSX unless the '--jsx' flag is provided.
apps/arcade/src/app/docs/marketplace/page.tsx(36,15): error TS17004: Cannot use JSX unless the '--jsx' flag is provided.
apps/arcade/src/app/docs/marketplace/page.tsx(37,17): error TS17004: Cannot use JSX unless the '--jsx' flag is provided.
apps/arcade/src/app/docs/marketplace/page.tsx(38,17): error TS17004: Cannot use JSX unless the '--jsx' flag is provided.
apps/arcade/src/app/docs/marketplace/page.tsx(42,15): error TS17004: Cannot use JSX unless the '--jsx' flag is provided.
apps/arcade/src/app/docs/marketplace/page.tsx(43,17): error TS17004: Cannot use JSX unless the '--jsx' flag is provided.
apps/arcade/src/app/docs/marketplace/page.tsx(44,17): error TS17004: Cannot use JSX unless the '--jsx' flag is provided.
apps/arcade/src/app/docs/marketplace/page.tsx(48,15): error TS17004: Cannot use JSX unless the '--jsx' flag is provided.
apps/arcade/src/app/docs/marketplace/page.tsx(49,17): error TS17004: Cannot use JSX unless the '--jsx' flag is provided.
apps/arcade/src/app/docs/marketplace/page.tsx(50,17): error TS17004: Cannot use JSX unless the '--jsx' flag is provided.
apps/arcade/src/app/docs/marketplace/page.tsx(57,11): error TS17004: Cannot use JSX unless the '--jsx' flag is provided.
apps/arcade/src/app/docs/marketplace/page.tsx(58,13): error TS17004: Cannot use JSX unless the '--jsx' flag is provided.
apps/arcade/src/app/docs/marketplace/page.tsx(59,13): error TS17004: Cannot use JSX unless the '--jsx' flag is provided.
apps/arcade/src/app/docs/marketplace/page.tsx(60,13): error TS17004: Cannot use JSX unless the '--jsx' flag is provided.
apps/arcade/src/app/docs/marketplace/page.tsx(61,15): error TS17004: Cannot use JSX unless the '--jsx' flag is provided.
apps/arcade/src/app/docs/marketplace/page.tsx(62,15): error TS17004: Cannot use JSX unless the '--jsx' flag is provided.
apps/arcade/src/app/docs/marketplace/page.tsx(63,15): error TS17004: Cannot use JSX unless the '--jsx' flag is provided.
apps/arcade/src/app/docs/marketplace/page.tsx(64,15): error TS17004: Cannot use JSX unless the '--jsx' flag is provided.
apps/arcade/src/app/docs/marketplace/page.tsx(65,15): error TS17004: Cannot use JSX unless the '--jsx' flag is provided.
apps/arcade/src/app/docs/marketplace/page.tsx(66,15): error TS17004: Cannot use JSX unless the '--jsx' flag is provided.
apps/arcade/src/app/docs/marketplace/page.tsx(67,15): error TS17004: Cannot use JSX unless the '--jsx' flag is provided.
apps/arcade/src/app/docs/marketplace/page.tsx(68,15): error TS17004: Cannot use JSX unless the '--jsx' flag is provided.
apps/arcade/src/app/docs/marketplace/page.tsx(72,11): error TS17004: Cannot use JSX unless the '--jsx' flag is provided.
apps/arcade/src/app/docs/marketplace/page.tsx(73,13): error TS17004: Cannot use JSX unless the '--jsx' flag is provided.
apps/arcade/src/app/docs/marketplace/page.tsx(74,13): error TS17004: Cannot use JSX unless the '--jsx' flag is provided.
apps/arcade/src/app/docs/marketplace/page.tsx(75,13): error TS17004: Cannot use JSX unless the '--jsx' flag is provided.
apps/arcade/src/app/docs/marketplace/page.tsx(76,15): error TS17004: Cannot use JSX unless the '--jsx' flag is provided.
apps/arcade/src/app/docs/marketplace/page.tsx(77,17): error TS17004: Cannot use JSX unless the '--jsx' flag is provided.
apps/arcade/src/app/docs/marketplace/page.tsx(78,17): error TS17004: Cannot use JSX unless the '--jsx' flag is provided.
apps/arcade/src/app/docs/marketplace/page.tsx(80,15): error TS17004: Cannot use JSX unless the '--jsx' flag is provided.
apps/arcade/src/app/docs/marketplace/page.tsx(81,17): error TS17004: Cannot use JSX unless the '--jsx' flag is provided.
apps/arcade/src/app/docs/marketplace/page.tsx(82,17): error TS17004: Cannot use JSX unless the '--jsx' flag is provided.
apps/arcade/src/app/docs/marketplace/page.tsx(84,15): error TS17004: Cannot use JSX unless the '--jsx' flag is provided.
apps/arcade/src/app/docs/marketplace/page.tsx(85,17): error TS17004: Cannot use JSX unless the '--jsx' flag is provided.
apps/arcade/src/app/docs/marketplace/page.tsx(86,17): error TS17004: Cannot use JSX unless the '--jsx' flag is provided.
apps/arcade/src/app/docs/marketplace/page.tsx(88,15): error TS17004: Cannot use JSX unless the '--jsx' flag is provided.
apps/arcade/src/app/docs/marketplace/page.tsx(89,17): error TS17004: Cannot use JSX unless the '--jsx' flag is provided.
apps/arcade/src/app/docs/marketplace/page.tsx(90,17): error TS17004: Cannot use JSX unless the '--jsx' flag is provided.
apps/arcade/src/app/docs/marketplace/page.tsx(93,13): error TS17004: Cannot use JSX unless the '--jsx' flag is provided.
apps/arcade/src/app/docs/marketplace/page.tsx(94,15): error TS17004: Cannot use JSX unless the '--jsx' flag is provided.
apps/arcade/src/app/docs/marketplace/page.tsx(98,11): error TS17004: Cannot use JSX unless the '--jsx' flag is provided.
apps/arcade/src/app/docs/marketplace/page.tsx(99,13): error TS17004: Cannot use JSX unless the '--jsx' flag is provided.
apps/arcade/src/app/docs/marketplace/page.tsx(100,13): error TS17004: Cannot use JSX unless the '--jsx' flag is provided.
apps/arcade/src/app/docs/marketplace/page.tsx(101,13): error TS17004: Cannot use JSX unless the '--jsx' flag is provided.
apps/arcade/src/app/docs/marketplace/page.tsx(102,15): error TS17004: Cannot use JSX unless the '--jsx' flag is provided.
apps/arcade/src/app/docs/marketplace/page.tsx(103,15): error TS17004: Cannot use JSX unless the '--jsx' flag is provided.
apps/arcade/src/app/docs/marketplace/page.tsx(104,15): error TS17004: Cannot use JSX unless the '--jsx' flag is provided.
apps/arcade/src/app/docs/marketplace/page.tsx(105,15): error TS17004: Cannot use JSX unless the '--jsx' flag is provided.
apps/arcade/src/app/docs/marketplace/page.tsx(106,15): error TS17004: Cannot use JSX unless the '--jsx' flag is provided.
apps/arcade/src/app/docs/marketplace/page.tsx(107,15): error TS17004: Cannot use JSX unless the '--jsx' flag is provided.
apps/arcade/src/app/docs/marketplace/page.tsx(111,11): error TS17004: Cannot use JSX unless the '--jsx' flag is provided.
apps/arcade/src/app/docs/marketplace/page.tsx(112,13): error TS17004: Cannot use JSX unless the '--jsx' flag is provided.
apps/arcade/src/app/docs/marketplace/page.tsx(113,13): error TS17004: Cannot use JSX unless the '--jsx' flag is provided.
apps/arcade/src/app/docs/marketplace/page.tsx(114,15): error TS17004: Cannot use JSX unless the '--jsx' flag is provided.
apps/arcade/src/app/docs/marketplace/page.tsx(115,17): error TS17004: Cannot use JSX unless the '--jsx' flag is provided.
apps/arcade/src/app/docs/marketplace/page.tsx(116,17): error TS17004: Cannot use JSX unless the '--jsx' flag is provided.
apps/arcade/src/app/docs/marketplace/page.tsx(118,15): error TS17004: Cannot use JSX unless the '--jsx' flag is provided.
apps/arcade/src/app/docs/marketplace/page.tsx(119,17): error TS17004: Cannot use JSX unless the '--jsx' flag is provided.
apps/arcade/src/app/docs/marketplace/page.tsx(120,17): error TS17004: Cannot use JSX unless the '--jsx' flag is provided.
apps/arcade/src/app/docs/marketplace/page.tsx(122,15): error TS17004: Cannot use JSX unless the '--jsx' flag is provided.
apps/arcade/src/app/docs/marketplace/page.tsx(123,17): error TS17004: Cannot use JSX unless the '--jsx' flag is provided.
apps/arcade/src/app/docs/marketplace/page.tsx(124,17): error TS17004: Cannot use JSX unless the '--jsx' flag is provided.
apps/arcade/src/app/docs/mcp/page.tsx(11,5): error TS17004: Cannot use JSX unless the '--jsx' flag is provided.
apps/arcade/src/app/docs/mcp/page.tsx(12,7): error TS17004: Cannot use JSX unless the '--jsx' flag is provided.
apps/arcade/src/app/docs/mcp/page.tsx(13,9): error TS17004: Cannot use JSX unless the '--jsx' flag is provided.
apps/arcade/src/app/docs/mcp/page.tsx(14,9): error TS17004: Cannot use JSX unless the '--jsx' flag is provided.
apps/arcade/src/app/docs/mcp/page.tsx(20,7): error TS17004: Cannot use JSX unless the '--jsx' flag is provided.
apps/arcade/src/app/docs/mcp/page.tsx(21,9): error TS17004: Cannot use JSX unless the '--jsx' flag is provided.
apps/arcade/src/app/docs/mcp/page.tsx(22,9): error TS17004: Cannot use JSX unless the '--jsx' flag is provided.
apps/arcade/src/app/docs/mcp/page.tsx(26,9): error TS17004: Cannot use JSX unless the '--jsx' flag is provided.
apps/arcade/src/app/docs/mcp/page.tsx(27,11): error TS17004: Cannot use JSX unless the '--jsx' flag is provided.
apps/arcade/src/app/docs/mcp/page.tsx(28,13): error TS17004: Cannot use JSX unless the '--jsx' flag is provided.
apps/arcade/src/app/docs/mcp/page.tsx(29,13): error TS17004: Cannot use JSX unless the '--jsx' flag is provided.
apps/arcade/src/app/docs/mcp/page.tsx(34,11): error TS17004: Cannot use JSX unless the '--jsx' flag is provided.
apps/arcade/src/app/docs/mcp/page.tsx(35,13): error TS17004: Cannot use JSX unless the '--jsx' flag is provided.
apps/arcade/src/app/docs/mcp/page.tsx(36,13): error TS17004: Cannot use JSX unless the '--jsx' flag is provided.
apps/arcade/src/app/docs/mcp/page.tsx(41,11): error TS17004: Cannot use JSX unless the '--jsx' flag is provided.
apps/arcade/src/app/docs/mcp/page.tsx(42,13): error TS17004: Cannot use JSX unless the '--jsx' flag is provided.
apps/arcade/src/app/docs/mcp/page.tsx(43,13): error TS17004: Cannot use JSX unless the '--jsx' flag is provided.
apps/arcade/src/app/docs/mcp/page.tsx(51,7): error TS17004: Cannot use JSX unless the '--jsx' flag is provided.
apps/arcade/src/app/docs/mcp/page.tsx(52,9): error TS17004: Cannot use JSX unless the '--jsx' flag is provided.
apps/arcade/src/app/docs/mcp/page.tsx(53,9): error TS17004: Cannot use JSX unless the '--jsx' flag is provided.
apps/arcade/src/app/docs/mcp/page.tsx(54,56): error TS17004: Cannot use JSX unless the '--jsx' flag is provided.
apps/arcade/src/app/docs/mcp/page.tsx(56,9): error TS17004: Cannot use JSX unless the '--jsx' flag is provided.
apps/arcade/src/app/docs/mcp/page.tsx(57,11): error TS17004: Cannot use JSX unless the '--jsx' flag is provided.
apps/arcade/src/app/docs/mcp/page.tsx(58,11): error TS17004: Cannot use JSX unless the '--jsx' flag is provided.
apps/arcade/src/app/docs/mcp/page.tsx(74,7): error TS17004: Cannot use JSX unless the '--jsx' flag is provided.
apps/arcade/src/app/docs/mcp/page.tsx(75,9): error TS17004: Cannot use JSX unless the '--jsx' flag is provided.
apps/arcade/src/app/docs/mcp/page.tsx(78,9): error TS17004: Cannot use JSX unless the '--jsx' flag is provided.
apps/arcade/src/app/docs/mcp/page.tsx(89,7): error TS17004: Cannot use JSX unless the '--jsx' flag is provided.
apps/arcade/src/app/docs/mcp/page.tsx(90,9): error TS17004: Cannot use JSX unless the '--jsx' flag is provided.
apps/arcade/src/app/docs/mcp/page.tsx(91,9): error TS17004: Cannot use JSX unless the '--jsx' flag is provided.
apps/arcade/src/app/docs/mcp/page.tsx(93,11): error TS17004: Cannot use JSX unless the '--jsx' flag is provided.
apps/arcade/src/app/docs/mcp/page.tsx(95,9): error TS17004: Cannot use JSX unless the '--jsx' flag is provided.
apps/arcade/src/app/docs/mcp/page.tsx(96,11): error TS17004: Cannot use JSX unless the '--jsx' flag is provided.
apps/arcade/src/app/docs/mcp/page.tsx(97,13): error TS17004: Cannot use JSX unless the '--jsx' flag is provided.
apps/arcade/src/app/docs/mcp/page.tsx(98,13): error TS17004: Cannot use JSX unless the '--jsx' flag is provided.
apps/arcade/src/app/docs/mcp/page.tsx(99,15): error TS17004: Cannot use JSX unless the '--jsx' flag is provided.
apps/arcade/src/app/docs/mcp/page.tsx(100,17): error TS17004: Cannot use JSX unless the '--jsx' flag is provided.
apps/arcade/src/app/docs/mcp/page.tsx(102,15): error TS17004: Cannot use JSX unless the '--jsx' flag is provided.
apps/arcade/src/app/docs/mcp/page.tsx(103,17): error TS17004: Cannot use JSX unless the '--jsx' flag is provided.
apps/arcade/src/app/docs/mcp/page.tsx(105,15): error TS17004: Cannot use JSX unless the '--jsx' flag is provided.
apps/arcade/src/app/docs/mcp/page.tsx(106,17): error TS17004: Cannot use JSX unless the '--jsx' flag is provided.
apps/arcade/src/app/docs/mcp/page.tsx(110,11): error TS17004: Cannot use JSX unless the '--jsx' flag is provided.
apps/arcade/src/app/docs/mcp/page.tsx(111,13): error TS17004: Cannot use JSX unless the '--jsx' flag is provided.
apps/arcade/src/app/docs/mcp/page.tsx(112,13): error TS17004: Cannot use JSX unless the '--jsx' flag is provided.
apps/arcade/src/app/docs/mcp/page.tsx(115,15): error TS17004: Cannot use JSX unless the '--jsx' flag is provided.
apps/arcade/src/app/docs/mcp/page.tsx(121,7): error TS17004: Cannot use JSX unless the '--jsx' flag is provided.
apps/arcade/src/app/docs/mcp/page.tsx(122,9): error TS17004: Cannot use JSX unless the '--jsx' flag is provided.
apps/arcade/src/app/docs/mcp/page.tsx(123,9): error TS17004: Cannot use JSX unless the '--jsx' flag is provided.
apps/arcade/src/app/docs/mcp/page.tsx(124,11): error TS17004: Cannot use JSX unless the '--jsx' flag is provided.
apps/arcade/src/app/docs/observability/page.tsx(10,5): error TS17004: Cannot use JSX unless the '--jsx' flag is provided.
apps/arcade/src/app/docs/observability/page.tsx(11,7): error TS17004: Cannot use JSX unless the '--jsx' flag is provided.
apps/arcade/src/app/docs/observability/page.tsx(12,9): error TS17004: Cannot use JSX unless the '--jsx' flag is provided.
apps/arcade/src/app/docs/observability/page.tsx(13,9): error TS17004: Cannot use JSX unless the '--jsx' flag is provided.
apps/arcade/src/app/docs/observability/page.tsx(18,7): error TS17004: Cannot use JSX unless the '--jsx' flag is provided.
apps/arcade/src/app/docs/observability/page.tsx(19,9): error TS17004: Cannot use JSX unless the '--jsx' flag is provided.
apps/arcade/src/app/docs/observability/page.tsx(20,11): error TS17004: Cannot use JSX unless the '--jsx' flag is provided.
apps/arcade/src/app/docs/observability/page.tsx(21,11): error TS17004: Cannot use JSX unless the '--jsx' flag is provided.
apps/arcade/src/app/docs/observability/page.tsx(26,9): error TS17004: Cannot use JSX unless the '--jsx' flag is provided.
apps/arcade/src/app/docs/observability/page.tsx(27,11): error TS17004: Cannot use JSX unless the '--jsx' flag is provided.
apps/arcade/src/app/docs/observability/page.tsx(28,11): error TS17004: Cannot use JSX unless the '--jsx' flag is provided.
apps/arcade/src/app/docs/observability/page.tsx(35,7): error TS17004: Cannot use JSX unless the '--jsx' flag is provided.
apps/arcade/src/app/docs/observability/page.tsx(36,9): error TS17004: Cannot use JSX unless the '--jsx' flag is provided.
apps/arcade/src/app/docs/observability/page.tsx(37,9): error TS17004: Cannot use JSX unless the '--jsx' flag is provided.
apps/arcade/src/app/docs/observability/page.tsx(38,11): error TS17004: Cannot use JSX unless the '--jsx' flag is provided.
apps/arcade/src/app/docs/observability/page.tsx(39,13): error TS17004: Cannot use JSX unless the '--jsx' flag is provided.
apps/arcade/src/app/docs/observability/page.tsx(41,11): error TS17004: Cannot use JSX unless the '--jsx' flag is provided.
apps/arcade/src/app/docs/observability/page.tsx(42,13): error TS17004: Cannot use JSX unless the '--jsx' flag is provided.
apps/arcade/src/app/docs/observability/page.tsx(44,11): error TS17004: Cannot use JSX unless the '--jsx' flag is provided.
apps/arcade/src/app/docs/observability/page.tsx(45,13): error TS17004: Cannot use JSX unless the '--jsx' flag is provided.
apps/arcade/src/app/docs/orchestration/page.tsx(3,5): error TS17004: Cannot use JSX unless the '--jsx' flag is provided.
apps/arcade/src/app/docs/orchestration/page.tsx(4,7): error TS17004: Cannot use JSX unless the '--jsx' flag is provided.
apps/arcade/src/app/docs/orchestration/page.tsx(5,9): error TS17004: Cannot use JSX unless the '--jsx' flag is provided.
apps/arcade/src/app/docs/orchestration/page.tsx(6,11): error TS17004: Cannot use JSX unless the '--jsx' flag is provided.
apps/arcade/src/app/docs/orchestration/page.tsx(11,9): error TS17004: Cannot use JSX unless the '--jsx' flag is provided.
apps/arcade/src/app/docs/orchestration/page.tsx(12,9): error TS17004: Cannot use JSX unless the '--jsx' flag is provided.
apps/arcade/src/app/docs/orchestration/page.tsx(17,9): error TS17004: Cannot use JSX unless the '--jsx' flag is provided.
apps/arcade/src/app/docs/orchestration/page.tsx(18,11): error TS17004: Cannot use JSX unless the '--jsx' flag is provided.
apps/arcade/src/app/docs/orchestration/page.tsx(19,13): error TS17004: Cannot use JSX unless the '--jsx' flag is provided.
apps/arcade/src/app/docs/orchestration/page.tsx(20,13): error TS17004: Cannot use JSX unless the '--jsx' flag is provided.
apps/arcade/src/app/docs/orchestration/page.tsx(27,11): error TS17004: Cannot use JSX unless the '--jsx' flag is provided.
apps/arcade/src/app/docs/orchestration/page.tsx(28,13): error TS17004: Cannot use JSX unless the '--jsx' flag is provided.
apps/arcade/src/app/docs/orchestration/page.tsx(29,13): error TS17004: Cannot use JSX unless the '--jsx' flag is provided.
apps/arcade/src/app/docs/orchestration/page.tsx(30,15): error TS17004: Cannot use JSX unless the '--jsx' flag is provided.
apps/arcade/src/app/docs/orchestration/page.tsx(31,17): error TS17004: Cannot use JSX unless the '--jsx' flag is provided.
apps/arcade/src/app/docs/orchestration/page.tsx(32,17): error TS17004: Cannot use JSX unless the '--jsx' flag is provided.
apps/arcade/src/app/docs/orchestration/page.tsx(37,15): error TS17004: Cannot use JSX unless the '--jsx' flag is provided.
apps/arcade/src/app/docs/orchestration/page.tsx(38,17): error TS17004: Cannot use JSX unless the '--jsx' flag is provided.
apps/arcade/src/app/docs/orchestration/page.tsx(39,17): error TS17004: Cannot use JSX unless the '--jsx' flag is provided.
apps/arcade/src/app/docs/orchestration/page.tsx(44,15): error TS17004: Cannot use JSX unless the '--jsx' flag is provided.
apps/arcade/src/app/docs/orchestration/page.tsx(45,17): error TS17004: Cannot use JSX unless the '--jsx' flag is provided.
apps/arcade/src/app/docs/orchestration/page.tsx(46,17): error TS17004: Cannot use JSX unless the '--jsx' flag is provided.
apps/arcade/src/app/docs/orchestration/page.tsx(54,11): error TS17004: Cannot use JSX unless the '--jsx' flag is provided.
apps/arcade/src/app/docs/orchestration/page.tsx(55,13): error TS17004: Cannot use JSX unless the '--jsx' flag is provided.
apps/arcade/src/app/docs/orchestration/page.tsx(56,13): error TS17004: Cannot use JSX unless the '--jsx' flag is provided.
apps/arcade/src/app/docs/orchestration/page.tsx(57,15): error TS17004: Cannot use JSX unless the '--jsx' flag is provided.
apps/arcade/src/app/docs/orchestration/page.tsx(58,17): error TS17004: Cannot use JSX unless the '--jsx' flag is provided.
apps/arcade/src/app/docs/orchestration/page.tsx(59,17): error TS17004: Cannot use JSX unless the '--jsx' flag is provided.
apps/arcade/src/app/docs/orchestration/page.tsx(63,15): error TS17004: Cannot use JSX unless the '--jsx' flag is provided.
apps/arcade/src/app/docs/orchestration/page.tsx(64,17): error TS17004: Cannot use JSX unless the '--jsx' flag is provided.
apps/arcade/src/app/docs/orchestration/page.tsx(65,17): error TS17004: Cannot use JSX unless the '--jsx' flag is provided.
apps/arcade/src/app/docs/orchestration/page.tsx(69,15): error TS17004: Cannot use JSX unless the '--jsx' flag is provided.
apps/arcade/src/app/docs/orchestration/page.tsx(70,17): error TS17004: Cannot use JSX unless the '--jsx' flag is provided.
apps/arcade/src/app/docs/orchestration/page.tsx(71,17): error TS17004: Cannot use JSX unless the '--jsx' flag is provided.
apps/arcade/src/app/docs/orchestration/page.tsx(75,15): error TS17004: Cannot use JSX unless the '--jsx' flag is provided.
apps/arcade/src/app/docs/orchestration/page.tsx(76,17): error TS17004: Cannot use JSX unless the '--jsx' flag is provided.
apps/arcade/src/app/docs/orchestration/page.tsx(77,17): error TS17004: Cannot use JSX unless the '--jsx' flag is provided.
apps/arcade/src/app/docs/orchestration/page.tsx(84,11): error TS17004: Cannot use JSX unless the '--jsx' flag is provided.
apps/arcade/src/app/docs/orchestration/page.tsx(85,13): error TS17004: Cannot use JSX unless the '--jsx' flag is provided.
apps/arcade/src/app/docs/orchestration/page.tsx(86,13): error TS17004: Cannot use JSX unless the '--jsx' flag is provided.
apps/arcade/src/app/docs/orchestration/page.tsx(87,15): error TS17004: Cannot use JSX unless the '--jsx' flag is provided.
apps/arcade/src/app/docs/orchestration/page.tsx(88,15): error TS17004: Cannot use JSX unless the '--jsx' flag is provided.
apps/arcade/src/app/docs/orchestration/page.tsx(89,15): error TS17004: Cannot use JSX unless the '--jsx' flag is provided.
apps/arcade/src/app/docs/orchestration/page.tsx(90,15): error TS17004: Cannot use JSX unless the '--jsx' flag is provided.
apps/arcade/src/app/docs/orchestration/page.tsx(91,15): error TS17004: Cannot use JSX unless the '--jsx' flag is provided.
apps/arcade/src/app/docs/orchestration/page.tsx(92,15): error TS17004: Cannot use JSX unless the '--jsx' flag is provided.
apps/arcade/src/app/docs/orchestration/page.tsx(93,15): error TS17004: Cannot use JSX unless the '--jsx' flag is provided.
apps/arcade/src/app/docs/orchestration/page.tsx(94,15): error TS17004: Cannot use JSX unless the '--jsx' flag is provided.
apps/arcade/src/app/docs/orchestration/page.tsx(95,15): error TS17004: Cannot use JSX unless the '--jsx' flag is provided.
apps/arcade/src/app/docs/orchestration/page.tsx(96,15): error TS17004: Cannot use JSX unless the '--jsx' flag is provided.
apps/arcade/src/app/docs/orchestration/page.tsx(97,15): error TS17004: Cannot use JSX unless the '--jsx' flag is provided.
apps/arcade/src/app/docs/orchestration/page.tsx(98,15): error TS17004: Cannot use JSX unless the '--jsx' flag is provided.
apps/arcade/src/app/docs/orchestration/page.tsx(99,15): error TS17004: Cannot use JSX unless the '--jsx' flag is provided.
apps/arcade/src/app/docs/orchestration/page.tsx(100,15): error TS17004: Cannot use JSX unless the '--jsx' flag is provided.
apps/arcade/src/app/docs/orchestration/page.tsx(101,15): error TS17004: Cannot use JSX unless the '--jsx' flag is provided.
apps/arcade/src/app/docs/orchestration/page.tsx(102,15): error TS17004: Cannot use JSX unless the '--jsx' flag is provided.
apps/arcade/src/app/docs/orchestration/page.tsx(103,15): error TS17004: Cannot use JSX unless the '--jsx' flag is provided.
apps/arcade/src/app/docs/orchestration/page.tsx(104,15): error TS17004: Cannot use JSX unless the '--jsx' flag is provided.
apps/arcade/src/app/docs/orchestration/page.tsx(108,11): error TS17004: Cannot use JSX unless the '--jsx' flag is provided.
apps/arcade/src/app/docs/orchestration/page.tsx(109,13): error TS17004: Cannot use JSX unless the '--jsx' flag is provided.
apps/arcade/src/app/docs/orchestration/page.tsx(110,13): error TS17004: Cannot use JSX unless the '--jsx' flag is provided.
apps/arcade/src/app/docs/orchestration/page.tsx(113,13): error TS17004: Cannot use JSX unless the '--jsx' flag is provided.
apps/arcade/src/app/docs/orchestration/page.tsx(114,15): error TS17004: Cannot use JSX unless the '--jsx' flag is provided.
apps/arcade/src/app/docs/orchestration/page.tsx(115,19): error TS17004: Cannot use JSX unless the '--jsx' flag is provided.
apps/arcade/src/app/docs/orchestration/page.tsx(117,15): error TS17004: Cannot use JSX unless the '--jsx' flag is provided.
apps/arcade/src/app/docs/orchestration/page.tsx(118,19): error TS17004: Cannot use JSX unless the '--jsx' flag is provided.
apps/arcade/src/app/docs/orchestration/page.tsx(120,15): error TS17004: Cannot use JSX unless the '--jsx' flag is provided.
apps/arcade/src/app/docs/orchestration/page.tsx(121,19): error TS17004: Cannot use JSX unless the '--jsx' flag is provided.
apps/arcade/src/app/docs/orchestration/page.tsx(123,15): error TS17004: Cannot use JSX unless the '--jsx' flag is provided.
apps/arcade/src/app/docs/orchestration/page.tsx(124,19): error TS17004: Cannot use JSX unless the '--jsx' flag is provided.
apps/arcade/src/app/docs/orchestration/page.tsx(129,11): error TS17004: Cannot use JSX unless the '--jsx' flag is provided.
apps/arcade/src/app/docs/orchestration/page.tsx(130,13): error TS17004: Cannot use JSX unless the '--jsx' flag is provided.
apps/arcade/src/app/docs/orchestration/page.tsx(131,13): error TS17004: Cannot use JSX unless the '--jsx' flag is provided.
apps/arcade/src/app/docs/orchestration/page.tsx(132,15): error TS17004: Cannot use JSX unless the '--jsx' flag is provided.
apps/arcade/src/app/docs/orchestration/page.tsx(133,17): error TS17004: Cannot use JSX unless the '--jsx' flag is provided.
apps/arcade/src/app/docs/orchestration/page.tsx(134,17): error TS17004: Cannot use JSX unless the '--jsx' flag is provided.
apps/arcade/src/app/docs/orchestration/page.tsx(135,19): error TS17004: Cannot use JSX unless the '--jsx' flag is provided.
apps/arcade/src/app/docs/orchestration/page.tsx(139,15): error TS17004: Cannot use JSX unless the '--jsx' flag is provided.
apps/arcade/src/app/docs/orchestration/page.tsx(140,17): error TS17004: Cannot use JSX unless the '--jsx' flag is provided.
apps/arcade/src/app/docs/orchestration/page.tsx(141,17): error TS17004: Cannot use JSX unless the '--jsx' flag is provided.
apps/arcade/src/app/docs/orchestration/page.tsx(142,19): error TS17004: Cannot use JSX unless the '--jsx' flag is provided.
apps/arcade/src/app/docs/orchestration/page.tsx(146,15): error TS17004: Cannot use JSX unless the '--jsx' flag is provided.
apps/arcade/src/app/docs/orchestration/page.tsx(147,17): error TS17004: Cannot use JSX unless the '--jsx' flag is provided.
apps/arcade/src/app/docs/orchestration/page.tsx(148,17): error TS17004: Cannot use JSX unless the '--jsx' flag is provided.
apps/arcade/src/app/docs/orchestration/page.tsx(149,19): error TS17004: Cannot use JSX unless the '--jsx' flag is provided.
apps/arcade/src/app/docs/page.tsx(51,5): error TS17004: Cannot use JSX unless the '--jsx' flag is provided.
apps/arcade/src/app/docs/page.tsx(52,7): error TS17004: Cannot use JSX unless the '--jsx' flag is provided.
apps/arcade/src/app/docs/page.tsx(53,9): error TS17004: Cannot use JSX unless the '--jsx' flag is provided.
apps/arcade/src/app/docs/page.tsx(54,11): error TS17004: Cannot use JSX unless the '--jsx' flag is provided.
apps/arcade/src/app/docs/page.tsx(55,24): error TS17004: Cannot use JSX unless the '--jsx' flag is provided.
apps/arcade/src/app/docs/page.tsx(57,11): error TS17004: Cannot use JSX unless the '--jsx' flag is provided.
apps/arcade/src/app/docs/page.tsx(63,9): error TS17004: Cannot use JSX unless the '--jsx' flag is provided.
apps/arcade/src/app/docs/page.tsx(65,13): error TS17004: Cannot use JSX unless the '--jsx' flag is provided.
apps/arcade/src/app/docs/page.tsx(70,15): error TS17004: Cannot use JSX unless the '--jsx' flag is provided.
apps/arcade/src/app/docs/page.tsx(73,15): error TS17004: Cannot use JSX unless the '--jsx' flag is provided.
apps/arcade/src/app/docs/page.tsx(74,17): error TS17004: Cannot use JSX unless the '--jsx' flag is provided.
apps/arcade/src/app/docs/page.tsx(77,17): error TS17004: Cannot use JSX unless the '--jsx' flag is provided.
apps/arcade/src/app/docs/page.tsx(79,15): error TS17004: Cannot use JSX unless the '--jsx' flag is provided.
apps/arcade/src/app/docs/page.tsx(80,39): error TS17004: Cannot use JSX unless the '--jsx' flag is provided.
apps/arcade/src/app/docs/page.tsx(86,9): error TS17004: Cannot use JSX unless the '--jsx' flag is provided.
apps/arcade/src/app/docs/page.tsx(87,11): error TS17004: Cannot use JSX unless the '--jsx' flag is provided.
apps/arcade/src/app/docs/page.tsx(88,13): error TS17004: Cannot use JSX unless the '--jsx' flag is provided.
apps/arcade/src/app/docs/page.tsx(89,15): error TS17004: Cannot use JSX unless the '--jsx' flag is provided.
apps/arcade/src/app/docs/page.tsx(90,15): error TS17004: Cannot use JSX unless the '--jsx' flag is provided.
apps/arcade/src/app/docs/page.tsx(94,15): error TS17004: Cannot use JSX unless the '--jsx' flag is provided.
apps/arcade/src/app/docs/page.tsx(95,17): error TS17004: Cannot use JSX unless the '--jsx' flag is provided.
apps/arcade/src/app/docs/page.tsx(98,17): error TS17004: Cannot use JSX unless the '--jsx' flag is provided.
apps/arcade/src/app/docs/page.tsx(103,13): error TS17004: Cannot use JSX unless the '--jsx' flag is provided.
apps/arcade/src/app/docs/page.tsx(104,15): error TS17004: Cannot use JSX unless the '--jsx' flag is provided.
apps/arcade/src/app/docs/pipelines/page.tsx(3,5): error TS17004: Cannot use JSX unless the '--jsx' flag is provided.
apps/arcade/src/app/docs/pipelines/page.tsx(4,7): error TS17004: Cannot use JSX unless the '--jsx' flag is provided.
apps/arcade/src/app/docs/pipelines/page.tsx(5,9): error TS17004: Cannot use JSX unless the '--jsx' flag is provided.
apps/arcade/src/app/docs/pipelines/page.tsx(6,11): error TS17004: Cannot use JSX unless the '--jsx' flag is provided.
apps/arcade/src/app/docs/pipelines/page.tsx(11,9): error TS17004: Cannot use JSX unless the '--jsx' flag is provided.
apps/arcade/src/app/docs/pipelines/page.tsx(12,9): error TS17004: Cannot use JSX unless the '--jsx' flag is provided.
apps/arcade/src/app/docs/pipelines/page.tsx(17,9): error TS17004: Cannot use JSX unless the '--jsx' flag is provided.
apps/arcade/src/app/docs/pipelines/page.tsx(18,11): error TS17004: Cannot use JSX unless the '--jsx' flag is provided.
apps/arcade/src/app/docs/pipelines/page.tsx(19,13): error TS17004: Cannot use JSX unless the '--jsx' flag is provided.
apps/arcade/src/app/docs/pipelines/page.tsx(20,13): error TS17004: Cannot use JSX unless the '--jsx' flag is provided.
apps/arcade/src/app/docs/pipelines/page.tsx(27,11): error TS17004: Cannot use JSX unless the '--jsx' flag is provided.
apps/arcade/src/app/docs/pipelines/page.tsx(28,13): error TS17004: Cannot use JSX unless the '--jsx' flag is provided.
apps/arcade/src/app/docs/pipelines/page.tsx(29,13): error TS17004: Cannot use JSX unless the '--jsx' flag is provided.
apps/arcade/src/app/docs/pipelines/page.tsx(30,15): error TS17004: Cannot use JSX unless the '--jsx' flag is provided.
apps/arcade/src/app/docs/pipelines/page.tsx(31,15): error TS17004: Cannot use JSX unless the '--jsx' flag is provided.
apps/arcade/src/app/docs/pipelines/page.tsx(32,15): error TS17004: Cannot use JSX unless the '--jsx' flag is provided.
apps/arcade/src/app/docs/pipelines/page.tsx(33,15): error TS17004: Cannot use JSX unless the '--jsx' flag is provided.
apps/arcade/src/app/docs/pipelines/page.tsx(34,15): error TS17004: Cannot use JSX unless the '--jsx' flag is provided.
apps/arcade/src/app/docs/pipelines/page.tsx(35,15): error TS17004: Cannot use JSX unless the '--jsx' flag is provided.
apps/arcade/src/app/docs/pipelines/page.tsx(36,15): error TS17004: Cannot use JSX unless the '--jsx' flag is provided.
apps/arcade/src/app/docs/pipelines/page.tsx(37,15): error TS17004: Cannot use JSX unless the '--jsx' flag is provided.
apps/arcade/src/app/docs/pipelines/page.tsx(38,15): error TS17004: Cannot use JSX unless the '--jsx' flag is provided.
apps/arcade/src/app/docs/pipelines/page.tsx(39,15): error TS17004: Cannot use JSX unless the '--jsx' flag is provided.
apps/arcade/src/app/docs/pipelines/page.tsx(40,15): error TS17004: Cannot use JSX unless the '--jsx' flag is provided.
apps/arcade/src/app/docs/pipelines/page.tsx(41,15): error TS17004: Cannot use JSX unless the '--jsx' flag is provided.
apps/arcade/src/app/docs/pipelines/page.tsx(42,15): error TS17004: Cannot use JSX unless the '--jsx' flag is provided.
apps/arcade/src/app/docs/pipelines/page.tsx(43,15): error TS17004: Cannot use JSX unless the '--jsx' flag is provided.
apps/arcade/src/app/docs/pipelines/page.tsx(44,15): error TS17004: Cannot use JSX unless the '--jsx' flag is provided.
apps/arcade/src/app/docs/pipelines/page.tsx(45,15): error TS17004: Cannot use JSX unless the '--jsx' flag is provided.
apps/arcade/src/app/docs/pipelines/page.tsx(46,15): error TS17004: Cannot use JSX unless the '--jsx' flag is provided.
apps/arcade/src/app/docs/pipelines/page.tsx(50,11): error TS17004: Cannot use JSX unless the '--jsx' flag is provided.
apps/arcade/src/app/docs/pipelines/page.tsx(51,13): error TS17004: Cannot use JSX unless the '--jsx' flag is provided.
apps/arcade/src/app/docs/pipelines/page.tsx(52,13): error TS17004: Cannot use JSX unless the '--jsx' flag is provided.
apps/arcade/src/app/docs/pipelines/page.tsx(53,15): error TS17004: Cannot use JSX unless the '--jsx' flag is provided.
apps/arcade/src/app/docs/pipelines/page.tsx(54,17): error TS17004: Cannot use JSX unless the '--jsx' flag is provided.
apps/arcade/src/app/docs/pipelines/page.tsx(55,17): error TS17004: Cannot use JSX unless the '--jsx' flag is provided.
apps/arcade/src/app/docs/pipelines/page.tsx(57,15): error TS17004: Cannot use JSX unless the '--jsx' flag is provided.
apps/arcade/src/app/docs/pipelines/page.tsx(58,17): error TS17004: Cannot use JSX unless the '--jsx' flag is provided.
apps/arcade/src/app/docs/pipelines/page.tsx(59,17): error TS17004: Cannot use JSX unless the '--jsx' flag is provided.
apps/arcade/src/app/docs/pipelines/page.tsx(64,15): error TS17004: Cannot use JSX unless the '--jsx' flag is provided.
apps/arcade/src/app/docs/pipelines/page.tsx(65,17): error TS17004: Cannot use JSX unless the '--jsx' flag is provided.
apps/arcade/src/app/docs/pipelines/page.tsx(66,17): error TS17004: Cannot use JSX unless the '--jsx' flag is provided.
apps/arcade/src/app/docs/pipelines/page.tsx(71,15): error TS17004: Cannot use JSX unless the '--jsx' flag is provided.
apps/arcade/src/app/docs/pipelines/page.tsx(72,17): error TS17004: Cannot use JSX unless the '--jsx' flag is provided.
apps/arcade/src/app/docs/pipelines/page.tsx(73,17): error TS17004: Cannot use JSX unless the '--jsx' flag is provided.
apps/arcade/src/app/docs/pipelines/page.tsx(78,11): error TS17004: Cannot use JSX unless the '--jsx' flag is provided.
apps/arcade/src/app/docs/pipelines/page.tsx(79,13): error TS17004: Cannot use JSX unless the '--jsx' flag is provided.
apps/arcade/src/app/docs/pipelines/page.tsx(80,13): error TS17004: Cannot use JSX unless the '--jsx' flag is provided.
apps/arcade/src/app/docs/pipelines/page.tsx(81,15): error TS17004: Cannot use JSX unless the '--jsx' flag is provided.
apps/arcade/src/app/docs/pipelines/page.tsx(82,17): error TS17004: Cannot use JSX unless the '--jsx' flag is provided.
apps/arcade/src/app/docs/pipelines/page.tsx(83,17): error TS17004: Cannot use JSX unless the '--jsx' flag is provided.
apps/arcade/src/app/docs/pipelines/page.tsx(85,15): error TS17004: Cannot use JSX unless the '--jsx' flag is provided.
apps/arcade/src/app/docs/pipelines/page.tsx(86,17): error TS17004: Cannot use JSX unless the '--jsx' flag is provided.
apps/arcade/src/app/docs/pipelines/page.tsx(87,17): error TS17004: Cannot use JSX unless the '--jsx' flag is provided.
apps/arcade/src/app/docs/pipelines/page.tsx(89,15): error TS17004: Cannot use JSX unless the '--jsx' flag is provided.
apps/arcade/src/app/docs/pipelines/page.tsx(90,17): error TS17004: Cannot use JSX unless the '--jsx' flag is provided.
apps/arcade/src/app/docs/pipelines/page.tsx(91,17): error TS17004: Cannot use JSX unless the '--jsx' flag is provided.
apps/arcade/src/app/docs/pipelines/page.tsx(93,15): error TS17004: Cannot use JSX unless the '--jsx' flag is provided.
apps/arcade/src/app/docs/pipelines/page.tsx(94,17): error TS17004: Cannot use JSX unless the '--jsx' flag is provided.
apps/arcade/src/app/docs/pipelines/page.tsx(95,17): error TS17004: Cannot use JSX unless the '--jsx' flag is provided.
apps/arcade/src/app/docs/pipelines/page.tsx(102,11): error TS17004: Cannot use JSX unless the '--jsx' flag is provided.
apps/arcade/src/app/docs/pipelines/page.tsx(103,13): error TS17004: Cannot use JSX unless the '--jsx' flag is provided.
apps/arcade/src/app/docs/pipelines/page.tsx(104,13): error TS17004: Cannot use JSX unless the '--jsx' flag is provided.
apps/arcade/src/app/docs/pipelines/page.tsx(107,13): error TS17004: Cannot use JSX unless the '--jsx' flag is provided.
apps/arcade/src/app/docs/pipelines/page.tsx(108,15): error TS17004: Cannot use JSX unless the '--jsx' flag is provided.
apps/arcade/src/app/docs/pipelines/page.tsx(109,15): error TS17004: Cannot use JSX unless the '--jsx' flag is provided.
apps/arcade/src/app/docs/pipelines/page.tsx(110,15): error TS17004: Cannot use JSX unless the '--jsx' flag is provided.
apps/arcade/src/app/docs/pipelines/page.tsx(111,15): error TS17004: Cannot use JSX unless the '--jsx' flag is provided.
apps/arcade/src/app/docs/pipelines/page.tsx(112,15): error TS17004: Cannot use JSX unless the '--jsx' flag is provided.
apps/arcade/src/app/docs/pipelines/page.tsx(113,15): error TS17004: Cannot use JSX unless the '--jsx' flag is provided.
apps/arcade/src/app/docs/pipelines/page.tsx(114,15): error TS17004: Cannot use JSX unless the '--jsx' flag is provided.
apps/arcade/src/app/docs/pipelines/page.tsx(115,15): error TS17004: Cannot use JSX unless the '--jsx' flag is provided.
apps/arcade/src/app/docs/pipelines/page.tsx(119,11): error TS17004: Cannot use JSX unless the '--jsx' flag is provided.
apps/arcade/src/app/docs/pipelines/page.tsx(120,13): error TS17004: Cannot use JSX unless the '--jsx' flag is provided.
apps/arcade/src/app/docs/pipelines/page.tsx(121,13): error TS17004: Cannot use JSX unless the '--jsx' flag is provided.
apps/arcade/src/app/docs/pipelines/page.tsx(122,13): error TS17004: Cannot use JSX unless the '--jsx' flag is provided.
apps/arcade/src/app/docs/pipelines/page.tsx(123,15): error TS17004: Cannot use JSX unless the '--jsx' flag is provided.
apps/arcade/src/app/docs/providers/page.tsx(8,5): error TS17004: Cannot use JSX unless the '--jsx' flag is provided.
apps/arcade/src/app/docs/providers/page.tsx(9,7): error TS17004: Cannot use JSX unless the '--jsx' flag is provided.
apps/arcade/src/app/docs/providers/page.tsx(10,7): error TS17004: Cannot use JSX unless the '--jsx' flag is provided.
apps/arcade/src/app/docs/providers/page.tsx(15,7): error TS17004: Cannot use JSX unless the '--jsx' flag is provided.
apps/arcade/src/app/docs/providers/page.tsx(16,7): error TS17004: Cannot use JSX unless the '--jsx' flag is provided.
apps/arcade/src/app/docs/providers/page.tsx(17,9): error TS17004: Cannot use JSX unless the '--jsx' flag is provided.
apps/arcade/src/app/docs/providers/page.tsx(18,11): error TS17004: Cannot use JSX unless the '--jsx' flag is provided.
apps/arcade/src/app/docs/providers/page.tsx(19,13): error TS17004: Cannot use JSX unless the '--jsx' flag is provided.
apps/arcade/src/app/docs/providers/page.tsx(20,13): error TS17004: Cannot use JSX unless the '--jsx' flag is provided.
apps/arcade/src/app/docs/providers/page.tsx(23,9): error TS17004: Cannot use JSX unless the '--jsx' flag is provided.
apps/arcade/src/app/docs/providers/page.tsx(24,11): error TS17004: Cannot use JSX unless the '--jsx' flag is provided.
apps/arcade/src/app/docs/providers/page.tsx(25,13): error TS17004: Cannot use JSX unless the '--jsx' flag is provided.
apps/arcade/src/app/docs/providers/page.tsx(26,15): error TS17004: Cannot use JSX unless the '--jsx' flag is provided.
apps/arcade/src/app/docs/providers/page.tsx(28,13): error TS17004: Cannot use JSX unless the '--jsx' flag is provided.
apps/arcade/src/app/docs/providers/page.tsx(30,11): error TS17004: Cannot use JSX unless the '--jsx' flag is provided.
apps/arcade/src/app/docs/providers/page.tsx(31,13): error TS17004: Cannot use JSX unless the '--jsx' flag is provided.
apps/arcade/src/app/docs/providers/page.tsx(32,15): error TS17004: Cannot use JSX unless the '--jsx' flag is provided.
apps/arcade/src/app/docs/providers/page.tsx(34,13): error TS17004: Cannot use JSX unless the '--jsx' flag is provided.
apps/arcade/src/app/docs/providers/page.tsx(36,11): error TS17004: Cannot use JSX unless the '--jsx' flag is provided.
apps/arcade/src/app/docs/providers/page.tsx(37,13): error TS17004: Cannot use JSX unless the '--jsx' flag is provided.
apps/arcade/src/app/docs/providers/page.tsx(38,15): error TS17004: Cannot use JSX unless the '--jsx' flag is provided.
apps/arcade/src/app/docs/providers/page.tsx(40,13): error TS17004: Cannot use JSX unless the '--jsx' flag is provided.
apps/arcade/src/app/docs/providers/page.tsx(45,7): error TS17004: Cannot use JSX unless the '--jsx' flag is provided.
apps/arcade/src/app/docs/providers/page.tsx(46,7): error TS17004: Cannot use JSX unless the '--jsx' flag is provided.
apps/arcade/src/app/docs/providers/page.tsx(51,7): error TS17004: Cannot use JSX unless the '--jsx' flag is provided.
apps/arcade/src/app/docs/providers/page.tsx(52,7): error TS17004: Cannot use JSX unless the '--jsx' flag is provided.
apps/arcade/src/app/docs/providers/page.tsx(53,9): error TS17004: Cannot use JSX unless the '--jsx' flag is provided.
apps/arcade/src/app/docs/providers/page.tsx(54,11): error TS17004: Cannot use JSX unless the '--jsx' flag is provided.
apps/arcade/src/app/docs/providers/page.tsx(56,9): error TS17004: Cannot use JSX unless the '--jsx' flag is provided.
apps/arcade/src/app/docs/providers/page.tsx(57,11): error TS17004: Cannot use JSX unless the '--jsx' flag is provided.
apps/arcade/src/app/docs/providers/page.tsx(59,9): error TS17004: Cannot use JSX unless the '--jsx' flag is provided.
apps/arcade/src/app/docs/providers/page.tsx(60,11): error TS17004: Cannot use JSX unless the '--jsx' flag is provided.
apps/arcade/src/app/docs/providers/page.tsx(64,7): error TS17004: Cannot use JSX unless the '--jsx' flag is provided.
apps/arcade/src/app/docs/providers/page.tsx(65,7): error TS17004: Cannot use JSX unless the '--jsx' flag is provided.
apps/arcade/src/app/docs/providers/page.tsx(66,9): error TS17004: Cannot use JSX unless the '--jsx' flag is provided.
apps/arcade/src/app/docs/providers/page.tsx(69,7): error TS17004: Cannot use JSX unless the '--jsx' flag is provided.
apps/arcade/src/app/docs/providers/page.tsx(70,7): error TS17004: Cannot use JSX unless the '--jsx' flag is provided.
apps/arcade/src/app/docs/quick-start/page.tsx(2,24): error TS2307: Cannot find module '@/lib/routes' or its corresponding type declarations.
apps/arcade/src/app/docs/quick-start/page.tsx(11,5): error TS17004: Cannot use JSX unless the '--jsx' flag is provided.
apps/arcade/src/app/docs/quick-start/page.tsx(12,7): error TS17004: Cannot use JSX unless the '--jsx' flag is provided.
apps/arcade/src/app/docs/quick-start/page.tsx(13,9): error TS17004: Cannot use JSX unless the '--jsx' flag is provided.
apps/arcade/src/app/docs/quick-start/page.tsx(14,11): error TS17004: Cannot use JSX unless the '--jsx' flag is provided.
apps/arcade/src/app/docs/quick-start/page.tsx(19,9): error TS17004: Cannot use JSX unless the '--jsx' flag is provided.
apps/arcade/src/app/docs/quick-start/page.tsx(20,9): error TS17004: Cannot use JSX unless the '--jsx' flag is provided.
apps/arcade/src/app/docs/quick-start/page.tsx(24,9): error TS17004: Cannot use JSX unless the '--jsx' flag is provided.
apps/arcade/src/app/docs/quick-start/page.tsx(26,11): error TS17004: Cannot use JSX unless the '--jsx' flag is provided.
apps/arcade/src/app/docs/quick-start/page.tsx(27,13): error TS17004: Cannot use JSX unless the '--jsx' flag is provided.
apps/arcade/src/app/docs/quick-start/page.tsx(28,15): error TS17004: Cannot use JSX unless the '--jsx' flag is provided.
apps/arcade/src/app/docs/quick-start/page.tsx(29,15): error TS17004: Cannot use JSX unless the '--jsx' flag is provided.
apps/arcade/src/app/docs/quick-start/page.tsx(31,13): error TS17004: Cannot use JSX unless the '--jsx' flag is provided.
apps/arcade/src/app/docs/quick-start/page.tsx(35,13): error TS17004: Cannot use JSX unless the '--jsx' flag is provided.
apps/arcade/src/app/docs/quick-start/page.tsx(41,11): error TS17004: Cannot use JSX unless the '--jsx' flag is provided.
apps/arcade/src/app/docs/quick-start/page.tsx(42,13): error TS17004: Cannot use JSX unless the '--jsx' flag is provided.
apps/arcade/src/app/docs/quick-start/page.tsx(43,15): error TS17004: Cannot use JSX unless the '--jsx' flag is provided.
apps/arcade/src/app/docs/quick-start/page.tsx(44,15): error TS17004: Cannot use JSX unless the '--jsx' flag is provided.
apps/arcade/src/app/docs/quick-start/page.tsx(46,13): error TS17004: Cannot use JSX unless the '--jsx' flag is provided.
apps/arcade/src/app/docs/quick-start/page.tsx(49,13): error TS17004: Cannot use JSX unless the '--jsx' flag is provided.
apps/arcade/src/app/docs/quick-start/page.tsx(50,15): error TS17004: Cannot use JSX unless the '--jsx' flag is provided.
apps/arcade/src/app/docs/quick-start/page.tsx(51,15): error TS17004: Cannot use JSX unless the '--jsx' flag is provided.
apps/arcade/src/app/docs/quick-start/page.tsx(56,11): error TS17004: Cannot use JSX unless the '--jsx' flag is provided.
apps/arcade/src/app/docs/quick-start/page.tsx(57,13): error TS17004: Cannot use JSX unless the '--jsx' flag is provided.
apps/arcade/src/app/docs/quick-start/page.tsx(58,15): error TS17004: Cannot use JSX unless the '--jsx' flag is provided.
apps/arcade/src/app/docs/quick-start/page.tsx(59,15): error TS17004: Cannot use JSX unless the '--jsx' flag is provided.
apps/arcade/src/app/docs/quick-start/page.tsx(61,13): error TS17004: Cannot use JSX unless the '--jsx' flag is provided.
apps/arcade/src/app/docs/quick-start/page.tsx(64,13): error TS17004: Cannot use JSX unless the '--jsx' flag is provided.
apps/arcade/src/app/docs/quick-start/page.tsx(65,15): error TS17004: Cannot use JSX unless the '--jsx' flag is provided.
apps/arcade/src/app/docs/quick-start/page.tsx(70,11): error TS17004: Cannot use JSX unless the '--jsx' flag is provided.
apps/arcade/src/app/docs/quick-start/page.tsx(71,13): error TS17004: Cannot use JSX unless the '--jsx' flag is provided.
apps/arcade/src/app/docs/quick-start/page.tsx(72,15): error TS17004: Cannot use JSX unless the '--jsx' flag is provided.
apps/arcade/src/app/docs/quick-start/page.tsx(73,15): error TS17004: Cannot use JSX unless the '--jsx' flag is provided.
apps/arcade/src/app/docs/quick-start/page.tsx(75,13): error TS17004: Cannot use JSX unless the '--jsx' flag is provided.
apps/arcade/src/app/docs/quick-start/page.tsx(78,13): error TS17004: Cannot use JSX unless the '--jsx' flag is provided.
apps/arcade/src/app/docs/quick-start/page.tsx(79,15): error TS17004: Cannot use JSX unless the '--jsx' flag is provided.
apps/arcade/src/app/docs/quick-start/page.tsx(84,11): error TS17004: Cannot use JSX unless the '--jsx' flag is provided.
apps/arcade/src/app/docs/quick-start/page.tsx(85,13): error TS17004: Cannot use JSX unless the '--jsx' flag is provided.
apps/arcade/src/app/docs/quick-start/page.tsx(86,15): error TS17004: Cannot use JSX unless the '--jsx' flag is provided.
apps/arcade/src/app/docs/quick-start/page.tsx(87,15): error TS17004: Cannot use JSX unless the '--jsx' flag is provided.
apps/arcade/src/app/docs/quick-start/page.tsx(89,13): error TS17004: Cannot use JSX unless the '--jsx' flag is provided.
apps/arcade/src/app/docs/quick-start/page.tsx(92,13): error TS17004: Cannot use JSX unless the '--jsx' flag is provided.
apps/arcade/src/app/docs/quick-start/page.tsx(101,11): error TS17004: Cannot use JSX unless the '--jsx' flag is provided.
apps/arcade/src/app/docs/quick-start/page.tsx(102,13): error TS17004: Cannot use JSX unless the '--jsx' flag is provided.
apps/arcade/src/app/docs/quick-start/page.tsx(103,13): error TS17004: Cannot use JSX unless the '--jsx' flag is provided.
apps/arcade/src/app/docs/quick-start/page.tsx(104,15): error TS17004: Cannot use JSX unless the '--jsx' flag is provided.
apps/arcade/src/app/docs/quick-start/page.tsx(106,17): error TS17004: Cannot use JSX unless the '--jsx' flag is provided.
apps/arcade/src/app/docs/quick-start/page.tsx(111,15): error TS17004: Cannot use JSX unless the '--jsx' flag is provided.
apps/arcade/src/app/docs/quick-start/page.tsx(113,17): error TS17004: Cannot use JSX unless the '--jsx' flag is provided.
apps/arcade/src/app/docs/quick-start/page.tsx(118,15): error TS17004: Cannot use JSX unless the '--jsx' flag is provided.
apps/arcade/src/app/docs/quick-start/page.tsx(120,17): error TS17004: Cannot use JSX unless the '--jsx' flag is provided.
apps/arcade/src/app/docs/security/page.tsx(11,5): error TS17004: Cannot use JSX unless the '--jsx' flag is provided.
apps/arcade/src/app/docs/security/page.tsx(12,7): error TS17004: Cannot use JSX unless the '--jsx' flag is provided.
apps/arcade/src/app/docs/security/page.tsx(13,9): error TS17004: Cannot use JSX unless the '--jsx' flag is provided.
apps/arcade/src/app/docs/security/page.tsx(14,9): error TS17004: Cannot use JSX unless the '--jsx' flag is provided.
apps/arcade/src/app/docs/security/page.tsx(20,7): error TS17004: Cannot use JSX unless the '--jsx' flag is provided.
apps/arcade/src/app/docs/security/page.tsx(21,9): error TS17004: Cannot use JSX unless the '--jsx' flag is provided.
apps/arcade/src/app/docs/security/page.tsx(24,9): error TS17004: Cannot use JSX unless the '--jsx' flag is provided.
apps/arcade/src/app/docs/security/page.tsx(25,64): error TS17004: Cannot use JSX unless the '--jsx' flag is provided.
apps/arcade/src/app/docs/security/page.tsx(28,9): error TS17004: Cannot use JSX unless the '--jsx' flag is provided.
apps/arcade/src/app/docs/security/page.tsx(29,11): error TS17004: Cannot use JSX unless the '--jsx' flag is provided.
apps/arcade/src/app/docs/security/page.tsx(30,13): error TS17004: Cannot use JSX unless the '--jsx' flag is provided.
apps/arcade/src/app/docs/security/page.tsx(31,15): error TS17004: Cannot use JSX unless the '--jsx' flag is provided.
apps/arcade/src/app/docs/security/page.tsx(32,15): error TS17004: Cannot use JSX unless the '--jsx' flag is provided.
apps/arcade/src/app/docs/security/page.tsx(33,17): error TS17004: Cannot use JSX unless the '--jsx' flag is provided.
apps/arcade/src/app/docs/security/page.tsx(34,17): error TS17004: Cannot use JSX unless the '--jsx' flag is provided.
apps/arcade/src/app/docs/security/page.tsx(40,13): error TS17004: Cannot use JSX unless the '--jsx' flag is provided.
apps/arcade/src/app/docs/security/page.tsx(41,15): error TS17004: Cannot use JSX unless the '--jsx' flag is provided.
apps/arcade/src/app/docs/security/page.tsx(42,15): error TS17004: Cannot use JSX unless the '--jsx' flag is provided.
apps/arcade/src/app/docs/security/page.tsx(43,17): error TS17004: Cannot use JSX unless the '--jsx' flag is provided.
apps/arcade/src/app/docs/security/page.tsx(44,17): error TS17004: Cannot use JSX unless the '--jsx' flag is provided.
apps/arcade/src/app/docs/security/page.tsx(54,7): error TS17004: Cannot use JSX unless the '--jsx' flag is provided.
apps/arcade/src/app/docs/security/page.tsx(55,9): error TS17004: Cannot use JSX unless the '--jsx' flag is provided.
apps/arcade/src/app/docs/security/page.tsx(58,9): error TS17004: Cannot use JSX unless the '--jsx' flag is provided.
apps/arcade/src/app/docs/security/page.tsx(59,47): error TS17004: Cannot use JSX unless the '--jsx' flag is provided.
apps/arcade/src/app/docs/security/page.tsx(63,9): error TS17004: Cannot use JSX unless the '--jsx' flag is provided.
apps/arcade/src/app/docs/security/page.tsx(64,11): error TS17004: Cannot use JSX unless the '--jsx' flag is provided.
apps/arcade/src/app/docs/security/page.tsx(65,11): error TS17004: Cannot use JSX unless the '--jsx' flag is provided.
apps/arcade/src/app/docs/security/page.tsx(66,13): error TS17004: Cannot use JSX unless the '--jsx' flag is provided.
apps/arcade/src/app/docs/security/page.tsx(67,13): error TS17004: Cannot use JSX unless the '--jsx' flag is provided.
apps/arcade/src/app/docs/security/page.tsx(71,13): error TS17004: Cannot use JSX unless the '--jsx' flag is provided.
apps/arcade/src/app/docs/security/page.tsx(74,13): error TS17004: Cannot use JSX unless the '--jsx' flag is provided.
apps/arcade/src/app/docs/security/page.tsx(82,7): error TS17004: Cannot use JSX unless the '--jsx' flag is provided.
apps/arcade/src/app/docs/security/page.tsx(83,9): error TS17004: Cannot use JSX unless the '--jsx' flag is provided.
apps/arcade/src/app/docs/security/page.tsx(86,9): error TS17004: Cannot use JSX unless the '--jsx' flag is provided.
apps/arcade/src/app/docs/security/page.tsx(90,9): error TS17004: Cannot use JSX unless the '--jsx' flag is provided.
apps/arcade/src/app/docs/security/page.tsx(91,11): error TS17004: Cannot use JSX unless the '--jsx' flag is provided.
apps/arcade/src/app/docs/security/page.tsx(92,13): error TS17004: Cannot use JSX unless the '--jsx' flag is provided.
apps/arcade/src/app/docs/security/page.tsx(93,13): error TS17004: Cannot use JSX unless the '--jsx' flag is provided.
apps/arcade/src/app/docs/security/page.tsx(98,11): error TS17004: Cannot use JSX unless the '--jsx' flag is provided.
apps/arcade/src/app/docs/security/page.tsx(99,13): error TS17004: Cannot use JSX unless the '--jsx' flag is provided.
apps/arcade/src/app/docs/security/page.tsx(100,13): error TS17004: Cannot use JSX unless the '--jsx' flag is provided.
apps/arcade/src/app/docs/security/page.tsx(108,7): error TS17004: Cannot use JSX unless the '--jsx' flag is provided.
apps/arcade/src/app/docs/security/page.tsx(109,9): error TS17004: Cannot use JSX unless the '--jsx' flag is provided.
apps/arcade/src/app/docs/security/page.tsx(110,9): error TS17004: Cannot use JSX unless the '--jsx' flag is provided.
apps/arcade/src/app/docs/security/page.tsx(113,9): error TS17004: Cannot use JSX unless the '--jsx' flag is provided.
apps/arcade/src/app/docs/security/page.tsx(128,7): error TS17004: Cannot use JSX unless the '--jsx' flag is provided.
apps/arcade/src/app/docs/security/page.tsx(129,9): error TS17004: Cannot use JSX unless the '--jsx' flag is provided.
apps/arcade/src/app/docs/security/page.tsx(130,9): error TS17004: Cannot use JSX unless the '--jsx' flag is provided.
apps/arcade/src/app/docs/security/page.tsx(131,11): error TS17004: Cannot use JSX unless the '--jsx' flag is provided.
apps/arcade/src/app/docs/skills/page.tsx(11,5): error TS17004: Cannot use JSX unless the '--jsx' flag is provided.
apps/arcade/src/app/docs/skills/page.tsx(12,7): error TS17004: Cannot use JSX unless the '--jsx' flag is provided.
apps/arcade/src/app/docs/skills/page.tsx(13,7): error TS17004: Cannot use JSX unless the '--jsx' flag is provided.
apps/arcade/src/app/docs/skills/page.tsx(18,7): error TS17004: Cannot use JSX unless the '--jsx' flag is provided.
apps/arcade/src/app/docs/skills/page.tsx(19,7): error TS17004: Cannot use JSX unless the '--jsx' flag is provided.
apps/arcade/src/app/docs/skills/page.tsx(20,7): error TS17004: Cannot use JSX unless the '--jsx' flag is provided.
apps/arcade/src/app/docs/skills/page.tsx(21,9): error TS17004: Cannot use JSX unless the '--jsx' flag is provided.
apps/arcade/src/app/docs/skills/page.tsx(22,11): error TS17004: Cannot use JSX unless the '--jsx' flag is provided.
apps/arcade/src/app/docs/skills/page.tsx(23,13): error TS17004: Cannot use JSX unless the '--jsx' flag is provided.
apps/arcade/src/app/docs/skills/page.tsx(24,13): error TS17004: Cannot use JSX unless the '--jsx' flag is provided.
apps/arcade/src/app/docs/skills/page.tsx(25,13): error TS17004: Cannot use JSX unless the '--jsx' flag is provided.
apps/arcade/src/app/docs/skills/page.tsx(28,9): error TS17004: Cannot use JSX unless the '--jsx' flag is provided.
apps/arcade/src/app/docs/skills/page.tsx(29,11): error TS17004: Cannot use JSX unless the '--jsx' flag is provided.
apps/arcade/src/app/docs/skills/page.tsx(30,13): error TS17004: Cannot use JSX unless the '--jsx' flag is provided.
apps/arcade/src/app/docs/skills/page.tsx(31,15): error TS17004: Cannot use JSX unless the '--jsx' flag is provided.
apps/arcade/src/app/docs/skills/page.tsx(33,13): error TS17004: Cannot use JSX unless the '--jsx' flag is provided.
apps/arcade/src/app/docs/skills/page.tsx(34,13): error TS17004: Cannot use JSX unless the '--jsx' flag is provided.
apps/arcade/src/app/docs/skills/page.tsx(36,11): error TS17004: Cannot use JSX unless the '--jsx' flag is provided.
apps/arcade/src/app/docs/skills/page.tsx(37,13): error TS17004: Cannot use JSX unless the '--jsx' flag is provided.
apps/arcade/src/app/docs/skills/page.tsx(38,15): error TS17004: Cannot use JSX unless the '--jsx' flag is provided.
apps/arcade/src/app/docs/skills/page.tsx(40,13): error TS17004: Cannot use JSX unless the '--jsx' flag is provided.
apps/arcade/src/app/docs/skills/page.tsx(41,13): error TS17004: Cannot use JSX unless the '--jsx' flag is provided.
apps/arcade/src/app/docs/skills/page.tsx(43,11): error TS17004: Cannot use JSX unless the '--jsx' flag is provided.
apps/arcade/src/app/docs/skills/page.tsx(44,13): error TS17004: Cannot use JSX unless the '--jsx' flag is provided.
apps/arcade/src/app/docs/skills/page.tsx(45,15): error TS17004: Cannot use JSX unless the '--jsx' flag is provided.
apps/arcade/src/app/docs/skills/page.tsx(47,13): error TS17004: Cannot use JSX unless the '--jsx' flag is provided.
apps/arcade/src/app/docs/skills/page.tsx(48,13): error TS17004: Cannot use JSX unless the '--jsx' flag is provided.
apps/arcade/src/app/docs/skills/page.tsx(50,11): error TS17004: Cannot use JSX unless the '--jsx' flag is provided.
apps/arcade/src/app/docs/skills/page.tsx(51,13): error TS17004: Cannot use JSX unless the '--jsx' flag is provided.
apps/arcade/src/app/docs/skills/page.tsx(52,15): error TS17004: Cannot use JSX unless the '--jsx' flag is provided.
apps/arcade/src/app/docs/skills/page.tsx(54,13): error TS17004: Cannot use JSX unless the '--jsx' flag is provided.
apps/arcade/src/app/docs/skills/page.tsx(55,13): error TS17004: Cannot use JSX unless the '--jsx' flag is provided.
apps/arcade/src/app/docs/skills/page.tsx(57,11): error TS17004: Cannot use JSX unless the '--jsx' flag is provided.
apps/arcade/src/app/docs/skills/page.tsx(58,13): error TS17004: Cannot use JSX unless the '--jsx' flag is provided.
apps/arcade/src/app/docs/skills/page.tsx(59,15): error TS17004: Cannot use JSX unless the '--jsx' flag is provided.
apps/arcade/src/app/docs/skills/page.tsx(61,13): error TS17004: Cannot use JSX unless the '--jsx' flag is provided.
apps/arcade/src/app/docs/skills/page.tsx(62,13): error TS17004: Cannot use JSX unless the '--jsx' flag is provided.
apps/arcade/src/app/docs/skills/page.tsx(64,11): error TS17004: Cannot use JSX unless the '--jsx' flag is provided.
apps/arcade/src/app/docs/skills/page.tsx(65,13): error TS17004: Cannot use JSX unless the '--jsx' flag is provided.
apps/arcade/src/app/docs/skills/page.tsx(66,15): error TS17004: Cannot use JSX unless the '--jsx' flag is provided.
apps/arcade/src/app/docs/skills/page.tsx(68,13): error TS17004: Cannot use JSX unless the '--jsx' flag is provided.
apps/arcade/src/app/docs/skills/page.tsx(69,13): error TS17004: Cannot use JSX unless the '--jsx' flag is provided.
apps/arcade/src/app/docs/skills/page.tsx(71,11): error TS17004: Cannot use JSX unless the '--jsx' flag is provided.
apps/arcade/src/app/docs/skills/page.tsx(72,13): error TS17004: Cannot use JSX unless the '--jsx' flag is provided.
apps/arcade/src/app/docs/skills/page.tsx(73,15): error TS17004: Cannot use JSX unless the '--jsx' flag is provided.
apps/arcade/src/app/docs/skills/page.tsx(75,13): error TS17004: Cannot use JSX unless the '--jsx' flag is provided.
apps/arcade/src/app/docs/skills/page.tsx(76,13): error TS17004: Cannot use JSX unless the '--jsx' flag is provided.
apps/arcade/src/app/docs/skills/page.tsx(81,7): error TS17004: Cannot use JSX unless the '--jsx' flag is provided.
apps/arcade/src/app/docs/skills/page.tsx(82,7): error TS17004: Cannot use JSX unless the '--jsx' flag is provided.
apps/arcade/src/app/docs/skills/page.tsx(83,9): error TS17004: Cannot use JSX unless the '--jsx' flag is provided.
apps/arcade/src/app/docs/skills/page.tsx(84,11): error TS17004: Cannot use JSX unless the '--jsx' flag is provided.
apps/arcade/src/app/docs/skills/page.tsx(87,9): error TS17004: Cannot use JSX unless the '--jsx' flag is provided.
apps/arcade/src/app/docs/skills/page.tsx(88,11): error TS17004: Cannot use JSX unless the '--jsx' flag is provided.
apps/arcade/src/app/docs/skills/page.tsx(90,9): error TS17004: Cannot use JSX unless the '--jsx' flag is provided.
apps/arcade/src/app/docs/skills/page.tsx(91,11): error TS17004: Cannot use JSX unless the '--jsx' flag is provided.
apps/arcade/src/app/docs/skills/page.tsx(93,9): error TS17004: Cannot use JSX unless the '--jsx' flag is provided.
apps/arcade/src/app/docs/skills/page.tsx(94,11): error TS17004: Cannot use JSX unless the '--jsx' flag is provided.
apps/arcade/src/app/docs/skills/page.tsx(96,9): error TS17004: Cannot use JSX unless the '--jsx' flag is provided.
apps/arcade/src/app/docs/skills/page.tsx(97,11): error TS17004: Cannot use JSX unless the '--jsx' flag is provided.
apps/arcade/src/app/docs/skills/page.tsx(99,9): error TS17004: Cannot use JSX unless the '--jsx' flag is provided.
apps/arcade/src/app/docs/skills/page.tsx(100,11): error TS17004: Cannot use JSX unless the '--jsx' flag is provided.
apps/arcade/src/app/docs/skills/page.tsx(104,7): error TS17004: Cannot use JSX unless the '--jsx' flag is provided.
apps/arcade/src/app/docs/skills/page.tsx(105,7): error TS17004: Cannot use JSX unless the '--jsx' flag is provided.
apps/arcade/src/app/docs/skills/page.tsx(110,7): error TS17004: Cannot use JSX unless the '--jsx' flag is provided.
apps/arcade/src/app/docs/skills/page.tsx(111,7): error TS17004: Cannot use JSX unless the '--jsx' flag is provided.
apps/arcade/src/app/docs/skills/page.tsx(116,7): error TS17004: Cannot use JSX unless the '--jsx' flag is provided.
apps/arcade/src/app/docs/skills/page.tsx(117,9): error TS17004: Cannot use JSX unless the '--jsx' flag is provided.
apps/arcade/src/app/docs/studio/page.tsx(3,5): error TS17004: Cannot use JSX unless the '--jsx' flag is provided.
apps/arcade/src/app/docs/studio/page.tsx(4,7): error TS17004: Cannot use JSX unless the '--jsx' flag is provided.
apps/arcade/src/app/docs/studio/page.tsx(5,9): error TS17004: Cannot use JSX unless the '--jsx' flag is provided.
apps/arcade/src/app/docs/studio/page.tsx(6,11): error TS17004: Cannot use JSX unless the '--jsx' flag is provided.
apps/arcade/src/app/docs/studio/page.tsx(11,9): error TS17004: Cannot use JSX unless the '--jsx' flag is provided.
apps/arcade/src/app/docs/studio/page.tsx(12,9): error TS17004: Cannot use JSX unless the '--jsx' flag is provided.
apps/arcade/src/app/docs/studio/page.tsx(16,9): error TS17004: Cannot use JSX unless the '--jsx' flag is provided.
apps/arcade/src/app/docs/studio/page.tsx(17,11): error TS17004: Cannot use JSX unless the '--jsx' flag is provided.
apps/arcade/src/app/docs/studio/page.tsx(18,13): error TS17004: Cannot use JSX unless the '--jsx' flag is provided.
apps/arcade/src/app/docs/studio/page.tsx(19,13): error TS17004: Cannot use JSX unless the '--jsx' flag is provided.
apps/arcade/src/app/docs/studio/page.tsx(26,11): error TS17004: Cannot use JSX unless the '--jsx' flag is provided.
apps/arcade/src/app/docs/studio/page.tsx(27,13): error TS17004: Cannot use JSX unless the '--jsx' flag is provided.
apps/arcade/src/app/docs/studio/page.tsx(28,13): error TS17004: Cannot use JSX unless the '--jsx' flag is provided.
apps/arcade/src/app/docs/studio/page.tsx(29,15): error TS17004: Cannot use JSX unless the '--jsx' flag is provided.
apps/arcade/src/app/docs/studio/page.tsx(30,17): error TS17004: Cannot use JSX unless the '--jsx' flag is provided.
apps/arcade/src/app/docs/studio/page.tsx(31,17): error TS17004: Cannot use JSX unless the '--jsx' flag is provided.
apps/arcade/src/app/docs/studio/page.tsx(35,15): error TS17004: Cannot use JSX unless the '--jsx' flag is provided.
apps/arcade/src/app/docs/studio/page.tsx(36,17): error TS17004: Cannot use JSX unless the '--jsx' flag is provided.
apps/arcade/src/app/docs/studio/page.tsx(37,17): error TS17004: Cannot use JSX unless the '--jsx' flag is provided.
apps/arcade/src/app/docs/studio/page.tsx(41,15): error TS17004: Cannot use JSX unless the '--jsx' flag is provided.
apps/arcade/src/app/docs/studio/page.tsx(42,17): error TS17004: Cannot use JSX unless the '--jsx' flag is provided.
apps/arcade/src/app/docs/studio/page.tsx(43,17): error TS17004: Cannot use JSX unless the '--jsx' flag is provided.
apps/arcade/src/app/docs/studio/page.tsx(47,15): error TS17004: Cannot use JSX unless the '--jsx' flag is provided.
apps/arcade/src/app/docs/studio/page.tsx(48,17): error TS17004: Cannot use JSX unless the '--jsx' flag is provided.
apps/arcade/src/app/docs/studio/page.tsx(49,17): error TS17004: Cannot use JSX unless the '--jsx' flag is provided.
apps/arcade/src/app/docs/studio/page.tsx(56,11): error TS17004: Cannot use JSX unless the '--jsx' flag is provided.
apps/arcade/src/app/docs/studio/page.tsx(57,13): error TS17004: Cannot use JSX unless the '--jsx' flag is provided.
apps/arcade/src/app/docs/studio/page.tsx(58,13): error TS17004: Cannot use JSX unless the '--jsx' flag is provided.
apps/arcade/src/app/docs/studio/page.tsx(59,13): error TS17004: Cannot use JSX unless the '--jsx' flag is provided.
apps/arcade/src/app/docs/studio/page.tsx(60,15): error TS17004: Cannot use JSX unless the '--jsx' flag is provided.
apps/arcade/src/app/docs/studio/page.tsx(62,13): error TS17004: Cannot use JSX unless the '--jsx' flag is provided.
apps/arcade/src/app/docs/studio/page.tsx(67,11): error TS17004: Cannot use JSX unless the '--jsx' flag is provided.
apps/arcade/src/app/docs/studio/page.tsx(68,13): error TS17004: Cannot use JSX unless the '--jsx' flag is provided.
apps/arcade/src/app/docs/studio/page.tsx(69,13): error TS17004: Cannot use JSX unless the '--jsx' flag is provided.
apps/arcade/src/app/docs/studio/page.tsx(70,15): error TS17004: Cannot use JSX unless the '--jsx' flag is provided.
apps/arcade/src/app/docs/studio/page.tsx(71,17): error TS17004: Cannot use JSX unless the '--jsx' flag is provided.
apps/arcade/src/app/docs/studio/page.tsx(72,17): error TS17004: Cannot use JSX unless the '--jsx' flag is provided.
apps/arcade/src/app/docs/studio/page.tsx(77,15): error TS17004: Cannot use JSX unless the '--jsx' flag is provided.
apps/arcade/src/app/docs/studio/page.tsx(78,17): error TS17004: Cannot use JSX unless the '--jsx' flag is provided.
apps/arcade/src/app/docs/studio/page.tsx(79,17): error TS17004: Cannot use JSX unless the '--jsx' flag is provided.
apps/arcade/src/app/docs/studio/page.tsx(81,15): error TS17004: Cannot use JSX unless the '--jsx' flag is provided.
apps/arcade/src/app/docs/studio/page.tsx(82,17): error TS17004: Cannot use JSX unless the '--jsx' flag is provided.
apps/arcade/src/app/docs/studio/page.tsx(83,17): error TS17004: Cannot use JSX unless the '--jsx' flag is provided.
apps/arcade/src/app/docs/studio/page.tsx(85,15): error TS17004: Cannot use JSX unless the '--jsx' flag is provided.
apps/arcade/src/app/docs/studio/page.tsx(86,17): error TS17004: Cannot use JSX unless the '--jsx' flag is provided.
apps/arcade/src/app/docs/studio/page.tsx(87,17): error TS17004: Cannot use JSX unless the '--jsx' flag is provided.
apps/arcade/src/app/docs/studio/page.tsx(92,11): error TS17004: Cannot use JSX unless the '--jsx' flag is provided.
apps/arcade/src/app/docs/studio/page.tsx(93,13): error TS17004: Cannot use JSX unless the '--jsx' flag is provided.
apps/arcade/src/app/docs/studio/page.tsx(94,13): error TS17004: Cannot use JSX unless the '--jsx' flag is provided.
apps/arcade/src/app/docs/studio/page.tsx(95,15): error TS17004: Cannot use JSX unless the '--jsx' flag is provided.
apps/arcade/src/app/docs/studio/page.tsx(96,17): error TS17004: Cannot use JSX unless the '--jsx' flag is provided.
apps/arcade/src/app/docs/studio/page.tsx(97,17): error TS17004: Cannot use JSX unless the '--jsx' flag is provided.
apps/arcade/src/app/docs/studio/page.tsx(99,15): error TS17004: Cannot use JSX unless the '--jsx' flag is provided.
apps/arcade/src/app/docs/studio/page.tsx(100,17): error TS17004: Cannot use JSX unless the '--jsx' flag is provided.
apps/arcade/src/app/docs/studio/page.tsx(101,17): error TS17004: Cannot use JSX unless the '--jsx' flag is provided.
apps/arcade/src/app/docs/studio/page.tsx(103,15): error TS17004: Cannot use JSX unless the '--jsx' flag is provided.
apps/arcade/src/app/docs/studio/page.tsx(104,17): error TS17004: Cannot use JSX unless the '--jsx' flag is provided.
apps/arcade/src/app/docs/studio/page.tsx(105,17): error TS17004: Cannot use JSX unless the '--jsx' flag is provided.
apps/arcade/src/app/docs/studio/page.tsx(107,15): error TS17004: Cannot use JSX unless the '--jsx' flag is provided.
apps/arcade/src/app/docs/studio/page.tsx(108,17): error TS17004: Cannot use JSX unless the '--jsx' flag is provided.
apps/arcade/src/app/docs/studio/page.tsx(109,17): error TS17004: Cannot use JSX unless the '--jsx' flag is provided.
apps/arcade/src/app/docs/studio/page.tsx(111,15): error TS17004: Cannot use JSX unless the '--jsx' flag is provided.
apps/arcade/src/app/docs/studio/page.tsx(112,17): error TS17004: Cannot use JSX unless the '--jsx' flag is provided.
apps/arcade/src/app/docs/studio/page.tsx(113,17): error TS17004: Cannot use JSX unless the '--jsx' flag is provided.
apps/arcade/src/app/docs/studio/page.tsx(118,11): error TS17004: Cannot use JSX unless the '--jsx' flag is provided.
apps/arcade/src/app/docs/studio/page.tsx(119,13): error TS17004: Cannot use JSX unless the '--jsx' flag is provided.
apps/arcade/src/app/docs/studio/page.tsx(120,13): error TS17004: Cannot use JSX unless the '--jsx' flag is provided.
apps/arcade/src/app/docs/studio/page.tsx(121,13): error TS17004: Cannot use JSX unless the '--jsx' flag is provided.
apps/arcade/src/app/docs/studio/page.tsx(122,15): error TS17004: Cannot use JSX unless the '--jsx' flag is provided.
apps/arcade/src/app/docs/studio/page.tsx(123,19): error TS17004: Cannot use JSX unless the '--jsx' flag is provided.
apps/arcade/src/app/docs/studio/page.tsx(125,15): error TS17004: Cannot use JSX unless the '--jsx' flag is provided.
apps/arcade/src/app/docs/studio/page.tsx(126,19): error TS17004: Cannot use JSX unless the '--jsx' flag is provided.
apps/arcade/src/app/docs/studio/page.tsx(128,15): error TS17004: Cannot use JSX unless the '--jsx' flag is provided.
apps/arcade/src/app/docs/studio/page.tsx(129,19): error TS17004: Cannot use JSX unless the '--jsx' flag is provided.
apps/arcade/src/app/docs/studio/page.tsx(131,15): error TS17004: Cannot use JSX unless the '--jsx' flag is provided.
apps/arcade/src/app/docs/studio/page.tsx(132,19): error TS17004: Cannot use JSX unless the '--jsx' flag is provided.
apps/arcade/src/app/docs/studio/page.tsx(134,15): error TS17004: Cannot use JSX unless the '--jsx' flag is provided.
apps/arcade/src/app/docs/studio/page.tsx(135,19): error TS17004: Cannot use JSX unless the '--jsx' flag is provided.
apps/arcade/src/app/docs/studio/page.tsx(140,11): error TS17004: Cannot use JSX unless the '--jsx' flag is provided.
apps/arcade/src/app/docs/studio/page.tsx(141,13): error TS17004: Cannot use JSX unless the '--jsx' flag is provided.
apps/arcade/src/app/docs/studio/page.tsx(142,13): error TS17004: Cannot use JSX unless the '--jsx' flag is provided.
apps/arcade/src/app/docs/studio/page.tsx(143,13): error TS17004: Cannot use JSX unless the '--jsx' flag is provided.
apps/arcade/src/app/docs/studio/page.tsx(144,15): error TS17004: Cannot use JSX unless the '--jsx' flag is provided.
apps/arcade/src/app/docs/studio/page.tsx(145,15): error TS17004: Cannot use JSX unless the '--jsx' flag is provided.
apps/arcade/src/app/docs/studio/page.tsx(146,15): error TS17004: Cannot use JSX unless the '--jsx' flag is provided.
apps/arcade/src/app/docs/studio/page.tsx(147,15): error TS17004: Cannot use JSX unless the '--jsx' flag is provided.
apps/arcade/src/app/docs/studio/page.tsx(148,15): error TS17004: Cannot use JSX unless the '--jsx' flag is provided.
apps/arcade/src/app/docs/tools/page.tsx(10,5): error TS17004: Cannot use JSX unless the '--jsx' flag is provided.
apps/arcade/src/app/docs/tools/page.tsx(11,7): error TS17004: Cannot use JSX unless the '--jsx' flag is provided.
apps/arcade/src/app/docs/tools/page.tsx(12,7): error TS17004: Cannot use JSX unless the '--jsx' flag is provided.
apps/arcade/src/app/docs/tools/page.tsx(17,7): error TS17004: Cannot use JSX unless the '--jsx' flag is provided.
apps/arcade/src/app/docs/tools/page.tsx(18,7): error TS17004: Cannot use JSX unless the '--jsx' flag is provided.
apps/arcade/src/app/docs/tools/page.tsx(19,9): error TS17004: Cannot use JSX unless the '--jsx' flag is provided.
apps/arcade/src/app/docs/tools/page.tsx(20,11): error TS17004: Cannot use JSX unless the '--jsx' flag is provided.
apps/arcade/src/app/docs/tools/page.tsx(21,13): error TS17004: Cannot use JSX unless the '--jsx' flag is provided.
apps/arcade/src/app/docs/tools/page.tsx(22,13): error TS17004: Cannot use JSX unless the '--jsx' flag is provided.
apps/arcade/src/app/docs/tools/page.tsx(25,9): error TS17004: Cannot use JSX unless the '--jsx' flag is provided.
apps/arcade/src/app/docs/tools/page.tsx(26,11): error TS17004: Cannot use JSX unless the '--jsx' flag is provided.
apps/arcade/src/app/docs/tools/page.tsx(27,13): error TS17004: Cannot use JSX unless the '--jsx' flag is provided.
apps/arcade/src/app/docs/tools/page.tsx(28,15): error TS17004: Cannot use JSX unless the '--jsx' flag is provided.
apps/arcade/src/app/docs/tools/page.tsx(30,13): error TS17004: Cannot use JSX unless the '--jsx' flag is provided.
apps/arcade/src/app/docs/tools/page.tsx(32,11): error TS17004: Cannot use JSX unless the '--jsx' flag is provided.
apps/arcade/src/app/docs/tools/page.tsx(33,13): error TS17004: Cannot use JSX unless the '--jsx' flag is provided.
apps/arcade/src/app/docs/tools/page.tsx(34,15): error TS17004: Cannot use JSX unless the '--jsx' flag is provided.
apps/arcade/src/app/docs/tools/page.tsx(36,13): error TS17004: Cannot use JSX unless the '--jsx' flag is provided.
apps/arcade/src/app/docs/tools/page.tsx(38,11): error TS17004: Cannot use JSX unless the '--jsx' flag is provided.
apps/arcade/src/app/docs/tools/page.tsx(39,13): error TS17004: Cannot use JSX unless the '--jsx' flag is provided.
apps/arcade/src/app/docs/tools/page.tsx(40,15): error TS17004: Cannot use JSX unless the '--jsx' flag is provided.
apps/arcade/src/app/docs/tools/page.tsx(42,13): error TS17004: Cannot use JSX unless the '--jsx' flag is provided.
apps/arcade/src/app/docs/tools/page.tsx(44,11): error TS17004: Cannot use JSX unless the '--jsx' flag is provided.
apps/arcade/src/app/docs/tools/page.tsx(45,13): error TS17004: Cannot use JSX unless the '--jsx' flag is provided.
apps/arcade/src/app/docs/tools/page.tsx(46,15): error TS17004: Cannot use JSX unless the '--jsx' flag is provided.
apps/arcade/src/app/docs/tools/page.tsx(48,13): error TS17004: Cannot use JSX unless the '--jsx' flag is provided.
apps/arcade/src/app/docs/tools/page.tsx(50,11): error TS17004: Cannot use JSX unless the '--jsx' flag is provided.
apps/arcade/src/app/docs/tools/page.tsx(51,13): error TS17004: Cannot use JSX unless the '--jsx' flag is provided.
apps/arcade/src/app/docs/tools/page.tsx(52,15): error TS17004: Cannot use JSX unless the '--jsx' flag is provided.
apps/arcade/src/app/docs/tools/page.tsx(54,13): error TS17004: Cannot use JSX unless the '--jsx' flag is provided.
apps/arcade/src/app/docs/tools/page.tsx(56,11): error TS17004: Cannot use JSX unless the '--jsx' flag is provided.
apps/arcade/src/app/docs/tools/page.tsx(57,13): error TS17004: Cannot use JSX unless the '--jsx' flag is provided.
apps/arcade/src/app/docs/tools/page.tsx(58,15): error TS17004: Cannot use JSX unless the '--jsx' flag is provided.
apps/arcade/src/app/docs/tools/page.tsx(60,13): error TS17004: Cannot use JSX unless the '--jsx' flag is provided.
apps/arcade/src/app/docs/tools/page.tsx(65,7): error TS17004: Cannot use JSX unless the '--jsx' flag is provided.
apps/arcade/src/app/docs/tools/page.tsx(66,7): error TS17004: Cannot use JSX unless the '--jsx' flag is provided.
apps/arcade/src/app/docs/tools/page.tsx(67,7): error TS17004: Cannot use JSX unless the '--jsx' flag is provided.
apps/arcade/src/app/docs/tools/page.tsx(68,9): error TS17004: Cannot use JSX unless the '--jsx' flag is provided.
apps/arcade/src/app/docs/tools/page.tsx(69,11): error TS17004: Cannot use JSX unless the '--jsx' flag is provided.
apps/arcade/src/app/docs/tools/page.tsx(71,9): error TS17004: Cannot use JSX unless the '--jsx' flag is provided.
apps/arcade/src/app/docs/tools/page.tsx(72,11): error TS17004: Cannot use JSX unless the '--jsx' flag is provided.
apps/arcade/src/app/docs/tools/page.tsx(74,9): error TS17004: Cannot use JSX unless the '--jsx' flag is provided.
apps/arcade/src/app/docs/tools/page.tsx(75,11): error TS17004: Cannot use JSX unless the '--jsx' flag is provided.
apps/arcade/src/app/docs/tools/page.tsx(77,9): error TS17004: Cannot use JSX unless the '--jsx' flag is provided.
apps/arcade/src/app/docs/tools/page.tsx(78,11): error TS17004: Cannot use JSX unless the '--jsx' flag is provided.
apps/arcade/src/app/docs/tools/page.tsx(82,7): error TS17004: Cannot use JSX unless the '--jsx' flag is provided.
apps/arcade/src/app/docs/tools/page.tsx(83,7): error TS17004: Cannot use JSX unless the '--jsx' flag is provided.
apps/arcade/src/app/docs/tools/page.tsx(88,7): error TS17004: Cannot use JSX unless the '--jsx' flag is provided.
apps/arcade/src/app/docs/tools/page.tsx(89,7): error TS17004: Cannot use JSX unless the '--jsx' flag is provided.
apps/arcade/src/app/docs/tools/page.tsx(90,9): error TS17004: Cannot use JSX unless the '--jsx' flag is provided.
apps/arcade/src/app/docs/tools/page.tsx(95,7): error TS17004: Cannot use JSX unless the '--jsx' flag is provided.
apps/arcade/src/app/docs/tools/page.tsx(96,9): error TS17004: Cannot use JSX unless the '--jsx' flag is provided.
apps/arcade/src/app/docs/webhooks/page.tsx(3,5): error TS17004: Cannot use JSX unless the '--jsx' flag is provided.
apps/arcade/src/app/docs/webhooks/page.tsx(4,7): error TS17004: Cannot use JSX unless the '--jsx' flag is provided.
apps/arcade/src/app/docs/webhooks/page.tsx(5,9): error TS17004: Cannot use JSX unless the '--jsx' flag is provided.
apps/arcade/src/app/docs/webhooks/page.tsx(6,11): error TS17004: Cannot use JSX unless the '--jsx' flag is provided.
apps/arcade/src/app/docs/webhooks/page.tsx(11,9): error TS17004: Cannot use JSX unless the '--jsx' flag is provided.
apps/arcade/src/app/docs/webhooks/page.tsx(12,9): error TS17004: Cannot use JSX unless the '--jsx' flag is provided.
apps/arcade/src/app/docs/webhooks/page.tsx(16,9): error TS17004: Cannot use JSX unless the '--jsx' flag is provided.
apps/arcade/src/app/docs/webhooks/page.tsx(17,11): error TS17004: Cannot use JSX unless the '--jsx' flag is provided.
apps/arcade/src/app/docs/webhooks/page.tsx(18,13): error TS17004: Cannot use JSX unless the '--jsx' flag is provided.
apps/arcade/src/app/docs/webhooks/page.tsx(19,13): error TS17004: Cannot use JSX unless the '--jsx' flag is provided.
apps/arcade/src/app/docs/webhooks/page.tsx(26,11): error TS17004: Cannot use JSX unless the '--jsx' flag is provided.
apps/arcade/src/app/docs/webhooks/page.tsx(27,13): error TS17004: Cannot use JSX unless the '--jsx' flag is provided.
apps/arcade/src/app/docs/webhooks/page.tsx(28,13): error TS17004: Cannot use JSX unless the '--jsx' flag is provided.
apps/arcade/src/app/docs/webhooks/page.tsx(29,13): error TS17004: Cannot use JSX unless the '--jsx' flag is provided.
apps/arcade/src/app/docs/webhooks/page.tsx(30,15): error TS17004: Cannot use JSX unless the '--jsx' flag is provided.
apps/arcade/src/app/docs/webhooks/page.tsx(31,15): error TS17004: Cannot use JSX unless the '--jsx' flag is provided.
apps/arcade/src/app/docs/webhooks/page.tsx(32,15): error TS17004: Cannot use JSX unless the '--jsx' flag is provided.
apps/arcade/src/app/docs/webhooks/page.tsx(33,15): error TS17004: Cannot use JSX unless the '--jsx' flag is provided.
apps/arcade/src/app/docs/webhooks/page.tsx(34,15): error TS17004: Cannot use JSX unless the '--jsx' flag is provided.
apps/arcade/src/app/docs/webhooks/page.tsx(35,15): error TS17004: Cannot use JSX unless the '--jsx' flag is provided.
apps/arcade/src/app/docs/webhooks/page.tsx(36,15): error TS17004: Cannot use JSX unless the '--jsx' flag is provided.
apps/arcade/src/app/docs/webhooks/page.tsx(37,15): error TS17004: Cannot use JSX unless the '--jsx' flag is provided.
apps/arcade/src/app/docs/webhooks/page.tsx(38,15): error TS17004: Cannot use JSX unless the '--jsx' flag is provided.
apps/arcade/src/app/docs/webhooks/page.tsx(42,11): error TS17004: Cannot use JSX unless the '--jsx' flag is provided.
apps/arcade/src/app/docs/webhooks/page.tsx(43,13): error TS17004: Cannot use JSX unless the '--jsx' flag is provided.
apps/arcade/src/app/docs/webhooks/page.tsx(44,13): error TS17004: Cannot use JSX unless the '--jsx' flag is provided.
apps/arcade/src/app/docs/webhooks/page.tsx(45,15): error TS17004: Cannot use JSX unless the '--jsx' flag is provided.
apps/arcade/src/app/docs/webhooks/page.tsx(46,17): error TS17004: Cannot use JSX unless the '--jsx' flag is provided.
apps/arcade/src/app/docs/webhooks/page.tsx(47,17): error TS17004: Cannot use JSX unless the '--jsx' flag is provided.
apps/arcade/src/app/docs/webhooks/page.tsx(49,15): error TS17004: Cannot use JSX unless the '--jsx' flag is provided.
apps/arcade/src/app/docs/webhooks/page.tsx(50,17): error TS17004: Cannot use JSX unless the '--jsx' flag is provided.
apps/arcade/src/app/docs/webhooks/page.tsx(51,17): error TS17004: Cannot use JSX unless the '--jsx' flag is provided.
apps/arcade/src/app/docs/webhooks/page.tsx(53,15): error TS17004: Cannot use JSX unless the '--jsx' flag is provided.
apps/arcade/src/app/docs/webhooks/page.tsx(54,17): error TS17004: Cannot use JSX unless the '--jsx' flag is provided.
apps/arcade/src/app/docs/webhooks/page.tsx(55,17): error TS17004: Cannot use JSX unless the '--jsx' flag is provided.
apps/arcade/src/app/docs/webhooks/page.tsx(57,15): error TS17004: Cannot use JSX unless the '--jsx' flag is provided.
apps/arcade/src/app/docs/webhooks/page.tsx(58,17): error TS17004: Cannot use JSX unless the '--jsx' flag is provided.
apps/arcade/src/app/docs/webhooks/page.tsx(59,17): error TS17004: Cannot use JSX unless the '--jsx' flag is provided.
apps/arcade/src/app/docs/webhooks/page.tsx(61,15): error TS17004: Cannot use JSX unless the '--jsx' flag is provided.
apps/arcade/src/app/docs/webhooks/page.tsx(62,17): error TS17004: Cannot use JSX unless the '--jsx' flag is provided.
apps/arcade/src/app/docs/webhooks/page.tsx(63,17): error TS17004: Cannot use JSX unless the '--jsx' flag is provided.
apps/arcade/src/app/docs/webhooks/page.tsx(65,15): error TS17004: Cannot use JSX unless the '--jsx' flag is provided.
apps/arcade/src/app/docs/webhooks/page.tsx(66,17): error TS17004: Cannot use JSX unless the '--jsx' flag is provided.
apps/arcade/src/app/docs/webhooks/page.tsx(67,17): error TS17004: Cannot use JSX unless the '--jsx' flag is provided.
apps/arcade/src/app/docs/webhooks/page.tsx(69,15): error TS17004: Cannot use JSX unless the '--jsx' flag is provided.
apps/arcade/src/app/docs/webhooks/page.tsx(70,17): error TS17004: Cannot use JSX unless the '--jsx' flag is provided.
apps/arcade/src/app/docs/webhooks/page.tsx(71,17): error TS17004: Cannot use JSX unless the '--jsx' flag is provided.
apps/arcade/src/app/docs/webhooks/page.tsx(73,15): error TS17004: Cannot use JSX unless the '--jsx' flag is provided.
apps/arcade/src/app/docs/webhooks/page.tsx(74,17): error TS17004: Cannot use JSX unless the '--jsx' flag is provided.
apps/arcade/src/app/docs/webhooks/page.tsx(75,17): error TS17004: Cannot use JSX unless the '--jsx' flag is provided.
apps/arcade/src/app/docs/webhooks/page.tsx(80,11): error TS17004: Cannot use JSX unless the '--jsx' flag is provided.
apps/arcade/src/app/docs/webhooks/page.tsx(81,13): error TS17004: Cannot use JSX unless the '--jsx' flag is provided.
apps/arcade/src/app/docs/webhooks/page.tsx(82,13): error TS17004: Cannot use JSX unless the '--jsx' flag is provided.
apps/arcade/src/app/docs/webhooks/page.tsx(85,13): error TS17004: Cannot use JSX unless the '--jsx' flag is provided.
apps/arcade/src/app/docs/webhooks/page.tsx(86,15): error TS17004: Cannot use JSX unless the '--jsx' flag is provided.
apps/arcade/src/app/docs/webhooks/page.tsx(87,15): error TS17004: Cannot use JSX unless the '--jsx' flag is provided.
apps/arcade/src/app/docs/webhooks/page.tsx(88,15): error TS17004: Cannot use JSX unless the '--jsx' flag is provided.
apps/arcade/src/app/docs/webhooks/page.tsx(89,15): error TS17004: Cannot use JSX unless the '--jsx' flag is provided.
apps/arcade/src/app/docs/webhooks/page.tsx(90,15): error TS17004: Cannot use JSX unless the '--jsx' flag is provided.
apps/arcade/src/app/docs/webhooks/page.tsx(91,15): error TS17004: Cannot use JSX unless the '--jsx' flag is provided.
apps/arcade/src/app/docs/webhooks/page.tsx(92,15): error TS17004: Cannot use JSX unless the '--jsx' flag is provided.
apps/arcade/src/app/docs/webhooks/page.tsx(93,15): error TS17004: Cannot use JSX unless the '--jsx' flag is provided.
apps/arcade/src/app/docs/webhooks/page.tsx(94,15): error TS17004: Cannot use JSX unless the '--jsx' flag is provided.
apps/arcade/src/app/docs/webhooks/page.tsx(95,15): error TS17004: Cannot use JSX unless the '--jsx' flag is provided.
apps/arcade/src/app/docs/webhooks/page.tsx(96,15): error TS17004: Cannot use JSX unless the '--jsx' flag is provided.
apps/arcade/src/app/docs/webhooks/page.tsx(100,11): error TS17004: Cannot use JSX unless the '--jsx' flag is provided.
apps/arcade/src/app/docs/webhooks/page.tsx(101,13): error TS17004: Cannot use JSX unless the '--jsx' flag is provided.
apps/arcade/src/app/docs/webhooks/page.tsx(102,13): error TS17004: Cannot use JSX unless the '--jsx' flag is provided.
apps/arcade/src/app/docs/webhooks/page.tsx(105,13): error TS17004: Cannot use JSX unless the '--jsx' flag is provided.
apps/arcade/src/app/docs/webhooks/page.tsx(106,15): error TS17004: Cannot use JSX unless the '--jsx' flag is provided.
apps/arcade/src/app/docs/webhooks/page.tsx(107,15): error TS17004: Cannot use JSX unless the '--jsx' flag is provided.
apps/arcade/src/app/docs/webhooks/page.tsx(108,15): error TS17004: Cannot use JSX unless the '--jsx' flag is provided.
apps/arcade/src/app/docs/webhooks/page.tsx(109,15): error TS17004: Cannot use JSX unless the '--jsx' flag is provided.
apps/arcade/src/app/docs/webhooks/page.tsx(110,15): error TS17004: Cannot use JSX unless the '--jsx' flag is provided.
apps/arcade/src/app/docs/webhooks/page.tsx(111,15): error TS17004: Cannot use JSX unless the '--jsx' flag is provided.
apps/arcade/src/app/docs/webhooks/page.tsx(112,15): error TS17004: Cannot use JSX unless the '--jsx' flag is provided.
apps/arcade/src/app/docs/webhooks/page.tsx(113,15): error TS17004: Cannot use JSX unless the '--jsx' flag is provided.
apps/arcade/src/app/docs/webhooks/page.tsx(114,15): error TS17004: Cannot use JSX unless the '--jsx' flag is provided.
apps/arcade/src/app/docs/webhooks/page.tsx(115,15): error TS17004: Cannot use JSX unless the '--jsx' flag is provided.
apps/arcade/src/app/docs/webhooks/page.tsx(116,15): error TS17004: Cannot use JSX unless the '--jsx' flag is provided.
apps/arcade/src/app/docs/webhooks/page.tsx(117,15): error TS17004: Cannot use JSX unless the '--jsx' flag is provided.
apps/arcade/src/app/docs/webhooks/page.tsx(118,15): error TS17004: Cannot use JSX unless the '--jsx' flag is provided.
apps/arcade/src/app/docs/webhooks/page.tsx(122,11): error TS17004: Cannot use JSX unless the '--jsx' flag is provided.
apps/arcade/src/app/docs/webhooks/page.tsx(123,13): error TS17004: Cannot use JSX unless the '--jsx' flag is provided.
apps/arcade/src/app/docs/webhooks/page.tsx(124,13): error TS17004: Cannot use JSX unless the '--jsx' flag is provided.
apps/arcade/src/app/docs/webhooks/page.tsx(128,13): error TS17004: Cannot use JSX unless the '--jsx' flag is provided.
apps/arcade/src/app/docs/webhooks/page.tsx(129,15): error TS17004: Cannot use JSX unless the '--jsx' flag is provided.
apps/arcade/src/app/docs/webhooks/page.tsx(130,17): error TS17004: Cannot use JSX unless the '--jsx' flag is provided.
apps/arcade/src/app/docs/webhooks/page.tsx(131,17): error TS17004: Cannot use JSX unless the '--jsx' flag is provided.
apps/arcade/src/app/docs/webhooks/page.tsx(133,15): error TS17004: Cannot use JSX unless the '--jsx' flag is provided.
apps/arcade/src/app/docs/webhooks/page.tsx(134,17): error TS17004: Cannot use JSX unless the '--jsx' flag is provided.
apps/arcade/src/app/docs/webhooks/page.tsx(135,17): error TS17004: Cannot use JSX unless the '--jsx' flag is provided.
apps/arcade/src/app/docs/webhooks/page.tsx(137,15): error TS17004: Cannot use JSX unless the '--jsx' flag is provided.
apps/arcade/src/app/docs/webhooks/page.tsx(138,17): error TS17004: Cannot use JSX unless the '--jsx' flag is provided.
apps/arcade/src/app/docs/webhooks/page.tsx(139,17): error TS17004: Cannot use JSX unless the '--jsx' flag is provided.
apps/arcade/src/app/docs/webhooks/page.tsx(141,15): error TS17004: Cannot use JSX unless the '--jsx' flag is provided.
apps/arcade/src/app/docs/webhooks/page.tsx(142,17): error TS17004: Cannot use JSX unless the '--jsx' flag is provided.
apps/arcade/src/app/docs/webhooks/page.tsx(143,17): error TS17004: Cannot use JSX unless the '--jsx' flag is provided.
apps/arcade/src/app/docs/webhooks/page.tsx(148,11): error TS17004: Cannot use JSX unless the '--jsx' flag is provided.
apps/arcade/src/app/docs/webhooks/page.tsx(149,13): error TS17004: Cannot use JSX unless the '--jsx' flag is provided.
apps/arcade/src/app/docs/webhooks/page.tsx(150,13): error TS17004: Cannot use JSX unless the '--jsx' flag is provided.
apps/arcade/src/app/docs/webhooks/page.tsx(151,15): error TS17004: Cannot use JSX unless the '--jsx' flag is provided.
apps/arcade/src/app/docs/webhooks/page.tsx(152,15): error TS17004: Cannot use JSX unless the '--jsx' flag is provided.
apps/arcade/src/app/docs/webhooks/page.tsx(153,15): error TS17004: Cannot use JSX unless the '--jsx' flag is provided.
apps/arcade/src/app/docs/webhooks/page.tsx(154,15): error TS17004: Cannot use JSX unless the '--jsx' flag is provided.
apps/arcade/src/app/docs/webhooks/page.tsx(155,15): error TS17004: Cannot use JSX unless the '--jsx' flag is provided.
apps/arcade/src/app/docs/webhooks/page.tsx(156,15): error TS17004: Cannot use JSX unless the '--jsx' flag is provided.
apps/arcade/src/app/docs/webhooks/page.tsx(157,15): error TS17004: Cannot use JSX unless the '--jsx' flag is provided.
apps/arcade/src/app/docs/webhooks/page.tsx(161,11): error TS17004: Cannot use JSX unless the '--jsx' flag is provided.
apps/arcade/src/app/docs/webhooks/page.tsx(162,13): error TS17004: Cannot use JSX unless the '--jsx' flag is provided.
apps/arcade/src/app/docs/webhooks/page.tsx(163,13): error TS17004: Cannot use JSX unless the '--jsx' flag is provided.
apps/arcade/src/app/docs/webhooks/page.tsx(164,13): error TS17004: Cannot use JSX unless the '--jsx' flag is provided.
apps/arcade/src/app/docs/webhooks/page.tsx(165,15): error TS17004: Cannot use JSX unless the '--jsx' flag is provided.
apps/arcade/src/app/docs/webhooks/page.tsx(166,15): error TS17004: Cannot use JSX unless the '--jsx' flag is provided.
apps/arcade/src/app/docs/webhooks/page.tsx(167,15): error TS17004: Cannot use JSX unless the '--jsx' flag is provided.
apps/arcade/src/app/docs/webhooks/page.tsx(168,15): error TS17004: Cannot use JSX unless the '--jsx' flag is provided.
apps/arcade/src/app/docs/webhooks/page.tsx(169,15): error TS17004: Cannot use JSX unless the '--jsx' flag is provided.
apps/arcade/src/app/error.tsx(17,5): error TS17004: Cannot use JSX unless the '--jsx' flag is provided.
apps/arcade/src/app/error.tsx(18,7): error TS17004: Cannot use JSX unless the '--jsx' flag is provided.
apps/arcade/src/app/error.tsx(19,9): error TS17004: Cannot use JSX unless the '--jsx' flag is provided.
apps/arcade/src/app/error.tsx(20,9): error TS17004: Cannot use JSX unless the '--jsx' flag is provided.
apps/arcade/src/app/error.tsx(21,9): error TS17004: Cannot use JSX unless the '--jsx' flag is provided.
apps/arcade/src/app/error.tsx(24,9): error TS17004: Cannot use JSX unless the '--jsx' flag is provided.
apps/arcade/src/app/error.tsx(25,11): error TS17004: Cannot use JSX unless the '--jsx' flag is provided.
apps/arcade/src/app/error.tsx(28,11): error TS17004: Cannot use JSX unless the '--jsx' flag is provided.
apps/arcade/src/app/error.tsx(33,11): error TS17004: Cannot use JSX unless the '--jsx' flag is provided.
apps/arcade/src/app/faq/page.tsx(186,5): error TS17004: Cannot use JSX unless the '--jsx' flag is provided.
apps/arcade/src/app/faq/page.tsx(187,7): error TS17004: Cannot use JSX unless the '--jsx' flag is provided.
apps/arcade/src/app/faq/page.tsx(192,7): error TS17004: Cannot use JSX unless the '--jsx' flag is provided.
apps/arcade/src/app/faq/page.tsx(193,9): error TS17004: Cannot use JSX unless the '--jsx' flag is provided.
apps/arcade/src/app/faq/page.tsx(194,11): error TS17004: Cannot use JSX unless the '--jsx' flag is provided.
apps/arcade/src/app/faq/page.tsx(195,11): error TS17004: Cannot use JSX unless the '--jsx' flag is provided.
apps/arcade/src/app/faq/page.tsx(201,9): error TS17004: Cannot use JSX unless the '--jsx' flag is provided.
apps/arcade/src/app/faq/page.tsx(202,11): error TS17004: Cannot use JSX unless the '--jsx' flag is provided.
apps/arcade/src/app/faq/page.tsx(209,11): error TS17004: Cannot use JSX unless the '--jsx' flag is provided.
apps/arcade/src/app/faq/page.tsx(215,13): error TS17004: Cannot use JSX unless the '--jsx' flag is provided.
apps/arcade/src/app/faq/page.tsx(225,9): error TS17004: Cannot use JSX unless the '--jsx' flag is provided.
apps/arcade/src/app/faq/page.tsx(228,15): error TS17004: Cannot use JSX unless the '--jsx' flag is provided.
apps/arcade/src/app/faq/page.tsx(232,17): error TS17004: Cannot use JSX unless the '--jsx' flag is provided.
apps/arcade/src/app/faq/page.tsx(236,19): error TS17004: Cannot use JSX unless the '--jsx' flag is provided.
apps/arcade/src/app/faq/page.tsx(237,21): error TS17004: Cannot use JSX unless the '--jsx' flag is provided.
apps/arcade/src/app/faq/page.tsx(240,21): error TS17004: Cannot use JSX unless the '--jsx' flag is provided.
apps/arcade/src/app/faq/page.tsx(244,19): error TS17004: Cannot use JSX unless the '--jsx' flag is provided.
apps/arcade/src/app/faq/page.tsx(250,17): error TS17004: Cannot use JSX unless the '--jsx' flag is provided.
apps/arcade/src/app/faq/page.tsx(253,19): error TS17004: Cannot use JSX unless the '--jsx' flag is provided.
apps/arcade/src/app/faq/page.tsx(260,13): error TS17004: Cannot use JSX unless the '--jsx' flag is provided.
apps/arcade/src/app/faq/page.tsx(267,9): error TS17004: Cannot use JSX unless the '--jsx' flag is provided.
apps/arcade/src/app/faq/page.tsx(268,11): error TS17004: Cannot use JSX unless the '--jsx' flag is provided.
apps/arcade/src/app/faq/page.tsx(269,11): error TS17004: Cannot use JSX unless the '--jsx' flag is provided.
apps/arcade/src/app/faq/page.tsx(272,11): error TS17004: Cannot use JSX unless the '--jsx' flag is provided.
apps/arcade/src/app/faq/page.tsx(273,13): error TS17004: Cannot use JSX unless the '--jsx' flag is provided.
apps/arcade/src/app/faq/page.tsx(276,13): error TS17004: Cannot use JSX unless the '--jsx' flag is provided.
apps/arcade/src/app/governance/error.tsx(17,5): error TS17004: Cannot use JSX unless the '--jsx' flag is provided.
apps/arcade/src/app/governance/error.tsx(18,7): error TS17004: Cannot use JSX unless the '--jsx' flag is provided.
apps/arcade/src/app/governance/error.tsx(19,9): error TS17004: Cannot use JSX unless the '--jsx' flag is provided.
apps/arcade/src/app/governance/error.tsx(20,9): error TS17004: Cannot use JSX unless the '--jsx' flag is provided.
apps/arcade/src/app/governance/error.tsx(21,9): error TS17004: Cannot use JSX unless the '--jsx' flag is provided.
apps/arcade/src/app/governance/error.tsx(24,9): error TS17004: Cannot use JSX unless the '--jsx' flag is provided.
apps/arcade/src/app/governance/error.tsx(25,11): error TS17004: Cannot use JSX unless the '--jsx' flag is provided.
apps/arcade/src/app/governance/error.tsx(28,11): error TS17004: Cannot use JSX unless the '--jsx' flag is provided.
apps/arcade/src/app/governance/error.tsx(33,11): error TS17004: Cannot use JSX unless the '--jsx' flag is provided.
apps/arcade/src/app/governance/page.tsx(4,27): error TS2307: Cannot find module '@/components/PolicyRow' or its corresponding type declarations.
apps/arcade/src/app/governance/page.tsx(5,28): error TS2307: Cannot find module '@/components/EmptyState' or its corresponding type declarations.
apps/arcade/src/app/governance/page.tsx(6,33): error TS2307: Cannot find module '@/components/StatusIndicator' or its corresponding type declarations.
apps/arcade/src/app/governance/page.tsx(148,5): error TS17004: Cannot use JSX unless the '--jsx' flag is provided.
apps/arcade/src/app/governance/page.tsx(150,7): error TS17004: Cannot use JSX unless the '--jsx' flag is provided.
apps/arcade/src/app/governance/page.tsx(151,9): error TS17004: Cannot use JSX unless the '--jsx' flag is provided.
apps/arcade/src/app/governance/page.tsx(152,9): error TS17004: Cannot use JSX unless the '--jsx' flag is provided.
apps/arcade/src/app/governance/page.tsx(156,7): error TS17004: Cannot use JSX unless the '--jsx' flag is provided.
apps/arcade/src/app/governance/page.tsx(158,11): error TS17004: Cannot use JSX unless the '--jsx' flag is provided.
apps/arcade/src/app/governance/page.tsx(172,9): error TS17004: Cannot use JSX unless the '--jsx' flag is provided.
apps/arcade/src/app/governance/page.tsx(173,11): error TS17004: Cannot use JSX unless the '--jsx' flag is provided.
apps/arcade/src/app/governance/page.tsx(174,13): error TS17004: Cannot use JSX unless the '--jsx' flag is provided.
apps/arcade/src/app/governance/page.tsx(175,13): error TS17004: Cannot use JSX unless the '--jsx' flag is provided.
apps/arcade/src/app/governance/page.tsx(178,11): error TS17004: Cannot use JSX unless the '--jsx' flag is provided.
apps/arcade/src/app/governance/page.tsx(181,17): error TS17004: Cannot use JSX unless the '--jsx' flag is provided.
apps/arcade/src/app/governance/page.tsx(189,15): error TS17004: Cannot use JSX unless the '--jsx' flag is provided.
apps/arcade/src/app/governance/page.tsx(207,9): error TS17004: Cannot use JSX unless the '--jsx' flag is provided.
apps/arcade/src/app/governance/page.tsx(208,11): error TS17004: Cannot use JSX unless the '--jsx' flag is provided.
apps/arcade/src/app/governance/page.tsx(209,13): error TS17004: Cannot use JSX unless the '--jsx' flag is provided.
apps/arcade/src/app/governance/page.tsx(210,13): error TS17004: Cannot use JSX unless the '--jsx' flag is provided.
apps/arcade/src/app/governance/page.tsx(211,15): error TS17004: Cannot use JSX unless the '--jsx' flag is provided.
apps/arcade/src/app/governance/page.tsx(216,15): error TS17004: Cannot use JSX unless the '--jsx' flag is provided.
apps/arcade/src/app/governance/page.tsx(221,13): error TS17004: Cannot use JSX unless the '--jsx' flag is provided.
apps/arcade/src/app/governance/page.tsx(222,15): error TS17004: Cannot use JSX unless the '--jsx' flag is provided.
apps/arcade/src/app/governance/page.tsx(223,17): error TS17004: Cannot use JSX unless the '--jsx' flag is provided.
apps/arcade/src/app/governance/page.tsx(224,19): error TS17004: Cannot use JSX unless the '--jsx' flag is provided.
apps/arcade/src/app/governance/page.tsx(225,21): error TS17004: Cannot use JSX unless the '--jsx' flag is provided.
apps/arcade/src/app/governance/page.tsx(226,21): error TS17004: Cannot use JSX unless the '--jsx' flag is provided.
apps/arcade/src/app/governance/page.tsx(227,21): error TS17004: Cannot use JSX unless the '--jsx' flag is provided.
apps/arcade/src/app/governance/page.tsx(228,21): error TS17004: Cannot use JSX unless the '--jsx' flag is provided.
apps/arcade/src/app/governance/page.tsx(229,21): error TS17004: Cannot use JSX unless the '--jsx' flag is provided.
apps/arcade/src/app/governance/page.tsx(230,21): error TS17004: Cannot use JSX unless the '--jsx' flag is provided.
apps/arcade/src/app/governance/page.tsx(233,17): error TS17004: Cannot use JSX unless the '--jsx' flag is provided.
apps/arcade/src/app/governance/page.tsx(235,21): error TS17004: Cannot use JSX unless the '--jsx' flag is provided.
apps/arcade/src/app/governance/page.tsx(236,23): error TS17004: Cannot use JSX unless the '--jsx' flag is provided.
apps/arcade/src/app/governance/page.tsx(239,23): error TS17004: Cannot use JSX unless the '--jsx' flag is provided.
apps/arcade/src/app/governance/page.tsx(240,23): error TS17004: Cannot use JSX unless the '--jsx' flag is provided.
apps/arcade/src/app/governance/page.tsx(241,25): error TS17004: Cannot use JSX unless the '--jsx' flag is provided.
apps/arcade/src/app/governance/page.tsx(245,23): error TS17004: Cannot use JSX unless the '--jsx' flag is provided.
apps/arcade/src/app/governance/page.tsx(246,23): error TS17004: Cannot use JSX unless the '--jsx' flag is provided.
apps/arcade/src/app/governance/page.tsx(247,25): error TS17004: Cannot use JSX unless the '--jsx' flag is provided.
apps/arcade/src/app/governance/page.tsx(259,23): error TS17004: Cannot use JSX unless the '--jsx' flag is provided.
apps/arcade/src/app/governance/page.tsx(266,13): error TS17004: Cannot use JSX unless the '--jsx' flag is provided.
apps/arcade/src/app/governance/page.tsx(277,9): error TS17004: Cannot use JSX unless the '--jsx' flag is provided.
apps/arcade/src/app/governance/page.tsx(278,11): error TS17004: Cannot use JSX unless the '--jsx' flag is provided.
apps/arcade/src/app/governance/page.tsx(279,13): error TS17004: Cannot use JSX unless the '--jsx' flag is provided.
apps/arcade/src/app/governance/page.tsx(280,13): error TS17004: Cannot use JSX unless the '--jsx' flag is provided.
apps/arcade/src/app/governance/page.tsx(283,11): error TS17004: Cannot use JSX unless the '--jsx' flag is provided.
apps/arcade/src/app/governance/page.tsx(284,13): error TS17004: Cannot use JSX unless the '--jsx' flag is provided.
apps/arcade/src/app/governance/page.tsx(285,15): error TS17004: Cannot use JSX unless the '--jsx' flag is provided.
apps/arcade/src/app/governance/page.tsx(286,17): error TS17004: Cannot use JSX unless the '--jsx' flag is provided.
apps/arcade/src/app/governance/page.tsx(287,19): error TS17004: Cannot use JSX unless the '--jsx' flag is provided.
apps/arcade/src/app/governance/page.tsx(288,19): error TS17004: Cannot use JSX unless the '--jsx' flag is provided.
apps/arcade/src/app/governance/page.tsx(289,19): error TS17004: Cannot use JSX unless the '--jsx' flag is provided.
apps/arcade/src/app/governance/page.tsx(290,19): error TS17004: Cannot use JSX unless the '--jsx' flag is provided.
apps/arcade/src/app/governance/page.tsx(291,19): error TS17004: Cannot use JSX unless the '--jsx' flag is provided.
apps/arcade/src/app/governance/page.tsx(294,19): error TS17004: Cannot use JSX unless the '--jsx' flag is provided.
apps/arcade/src/app/governance/page.tsx(299,15): error TS17004: Cannot use JSX unless the '--jsx' flag is provided.
apps/arcade/src/app/governance/page.tsx(301,19): error TS17004: Cannot use JSX unless the '--jsx' flag is provided.
apps/arcade/src/app/governance/page.tsx(302,21): error TS17004: Cannot use JSX unless the '--jsx' flag is provided.
apps/arcade/src/app/governance/page.tsx(303,21): error TS17004: Cannot use JSX unless the '--jsx' flag is provided.
apps/arcade/src/app/governance/page.tsx(305,25): error TS17004: Cannot use JSX unless the '--jsx' flag is provided.
apps/arcade/src/app/governance/page.tsx(307,25): error TS17004: Cannot use JSX unless the '--jsx' flag is provided.
apps/arcade/src/app/governance/page.tsx(310,21): error TS17004: Cannot use JSX unless the '--jsx' flag is provided.
apps/arcade/src/app/governance/page.tsx(312,25): error TS17004: Cannot use JSX unless the '--jsx' flag is provided.
apps/arcade/src/app/governance/page.tsx(314,25): error TS17004: Cannot use JSX unless the '--jsx' flag is provided.
apps/arcade/src/app/governance/page.tsx(317,21): error TS17004: Cannot use JSX unless the '--jsx' flag is provided.
apps/arcade/src/app/governance/page.tsx(319,25): error TS17004: Cannot use JSX unless the '--jsx' flag is provided.
apps/arcade/src/app/governance/page.tsx(321,25): error TS17004: Cannot use JSX unless the '--jsx' flag is provided.
apps/arcade/src/app/governance/page.tsx(324,21): error TS17004: Cannot use JSX unless the '--jsx' flag is provided.
apps/arcade/src/app/governance/page.tsx(326,25): error TS17004: Cannot use JSX unless the '--jsx' flag is provided.
apps/arcade/src/app/governance/page.tsx(328,25): error TS17004: Cannot use JSX unless the '--jsx' flag is provided.
apps/arcade/src/app/governance/page.tsx(331,21): error TS17004: Cannot use JSX unless the '--jsx' flag is provided.
apps/arcade/src/app/governance/page.tsx(333,25): error TS17004: Cannot use JSX unless the '--jsx' flag is provided.
apps/arcade/src/app/governance/page.tsx(335,25): error TS17004: Cannot use JSX unless the '--jsx' flag is provided.
apps/arcade/src/app/governance/page.tsx(344,11): error TS17004: Cannot use JSX unless the '--jsx' flag is provided.
apps/arcade/src/app/governance/page.tsx(345,13): error TS17004: Cannot use JSX unless the '--jsx' flag is provided.
apps/arcade/src/app/governance/page.tsx(346,13): error TS17004: Cannot use JSX unless the '--jsx' flag is provided.
apps/arcade/src/app/governance/page.tsx(347,15): error TS17004: Cannot use JSX unless the '--jsx' flag is provided.
apps/arcade/src/app/governance/page.tsx(348,15): error TS17004: Cannot use JSX unless the '--jsx' flag is provided.
apps/arcade/src/app/governance/page.tsx(349,15): error TS17004: Cannot use JSX unless the '--jsx' flag is provided.
apps/arcade/src/app/governance/page.tsx(352,15): error TS17004: Cannot use JSX unless the '--jsx' flag is provided.
apps/arcade/src/app/layout.tsx(6,24): error TS2307: Cannot find module '@/components/NavBar' or its corresponding type declarations.
apps/arcade/src/app/layout.tsx(7,24): error TS2307: Cannot find module '@/components/Footer' or its corresponding type declarations.
apps/arcade/src/app/layout.tsx(84,5): error TS17004: Cannot use JSX unless the '--jsx' flag is provided.
apps/arcade/src/app/layout.tsx(85,7): error TS17004: Cannot use JSX unless the '--jsx' flag is provided.
apps/arcade/src/app/layout.tsx(86,9): error TS17004: Cannot use JSX unless the '--jsx' flag is provided.
apps/arcade/src/app/layout.tsx(91,7): error TS17004: Cannot use JSX unless the '--jsx' flag is provided.
apps/arcade/src/app/layout.tsx(92,9): error TS17004: Cannot use JSX unless the '--jsx' flag is provided.
apps/arcade/src/app/layout.tsx(93,9): error TS17004: Cannot use JSX unless the '--jsx' flag is provided.
apps/arcade/src/app/layout.tsx(94,9): error TS17004: Cannot use JSX unless the '--jsx' flag is provided.
apps/arcade/src/app/legal/cookies/page.tsx(10,5): error TS17004: Cannot use JSX unless the '--jsx' flag is provided.
apps/arcade/src/app/legal/cookies/page.tsx(11,7): error TS17004: Cannot use JSX unless the '--jsx' flag is provided.
apps/arcade/src/app/legal/cookies/page.tsx(12,9): error TS17004: Cannot use JSX unless the '--jsx' flag is provided.
apps/arcade/src/app/legal/cookies/page.tsx(13,9): error TS17004: Cannot use JSX unless the '--jsx' flag is provided.
apps/arcade/src/app/legal/cookies/page.tsx(15,9): error TS17004: Cannot use JSX unless the '--jsx' flag is provided.
apps/arcade/src/app/legal/cookies/page.tsx(16,11): error TS17004: Cannot use JSX unless the '--jsx' flag is provided.
apps/arcade/src/app/legal/cookies/page.tsx(17,11): error TS17004: Cannot use JSX unless the '--jsx' flag is provided.
apps/arcade/src/app/legal/cookies/page.tsx(23,9): error TS17004: Cannot use JSX unless the '--jsx' flag is provided.
apps/arcade/src/app/legal/cookies/page.tsx(24,11): error TS17004: Cannot use JSX unless the '--jsx' flag is provided.
apps/arcade/src/app/legal/cookies/page.tsx(25,11): error TS17004: Cannot use JSX unless the '--jsx' flag is provided.
apps/arcade/src/app/legal/cookies/page.tsx(29,11): error TS17004: Cannot use JSX unless the '--jsx' flag is provided.
apps/arcade/src/app/legal/cookies/page.tsx(30,13): error TS17004: Cannot use JSX unless the '--jsx' flag is provided.
apps/arcade/src/app/legal/cookies/page.tsx(31,15): error TS17004: Cannot use JSX unless the '--jsx' flag is provided.
apps/arcade/src/app/legal/cookies/page.tsx(33,13): error TS17004: Cannot use JSX unless the '--jsx' flag is provided.
apps/arcade/src/app/legal/cookies/page.tsx(34,15): error TS17004: Cannot use JSX unless the '--jsx' flag is provided.
apps/arcade/src/app/legal/cookies/page.tsx(36,13): error TS17004: Cannot use JSX unless the '--jsx' flag is provided.
apps/arcade/src/app/legal/cookies/page.tsx(37,15): error TS17004: Cannot use JSX unless the '--jsx' flag is provided.
apps/arcade/src/app/legal/cookies/page.tsx(42,9): error TS17004: Cannot use JSX unless the '--jsx' flag is provided.
apps/arcade/src/app/legal/cookies/page.tsx(43,11): error TS17004: Cannot use JSX unless the '--jsx' flag is provided.
apps/arcade/src/app/legal/cookies/page.tsx(44,11): error TS17004: Cannot use JSX unless the '--jsx' flag is provided.
apps/arcade/src/app/legal/cookies/page.tsx(50,9): error TS17004: Cannot use JSX unless the '--jsx' flag is provided.
apps/arcade/src/app/legal/cookies/page.tsx(51,11): error TS17004: Cannot use JSX unless the '--jsx' flag is provided.
apps/arcade/src/app/legal/cookies/page.tsx(52,11): error TS17004: Cannot use JSX unless the '--jsx' flag is provided.
apps/arcade/src/app/legal/cookies/page.tsx(53,28): error TS17004: Cannot use JSX unless the '--jsx' flag is provided.
apps/arcade/src/app/legal/page.tsx(12,5): error TS17004: Cannot use JSX unless the '--jsx' flag is provided.
apps/arcade/src/app/legal/page.tsx(13,7): error TS17004: Cannot use JSX unless the '--jsx' flag is provided.
apps/arcade/src/app/legal/page.tsx(14,9): error TS17004: Cannot use JSX unless the '--jsx' flag is provided.
apps/arcade/src/app/legal/page.tsx(15,11): error TS17004: Cannot use JSX unless the '--jsx' flag is provided.
apps/arcade/src/app/legal/page.tsx(16,11): error TS17004: Cannot use JSX unless the '--jsx' flag is provided.
apps/arcade/src/app/legal/page.tsx(21,9): error TS17004: Cannot use JSX unless the '--jsx' flag is provided.
apps/arcade/src/app/legal/page.tsx(23,11): error TS17004: Cannot use JSX unless the '--jsx' flag is provided.
apps/arcade/src/app/legal/page.tsx(24,13): error TS17004: Cannot use JSX unless the '--jsx' flag is provided.
apps/arcade/src/app/legal/page.tsx(25,15): error TS17004: Cannot use JSX unless the '--jsx' flag is provided.
apps/arcade/src/app/legal/page.tsx(35,15): error TS17004: Cannot use JSX unless the '--jsx' flag is provided.
apps/arcade/src/app/legal/page.tsx(45,15): error TS17004: Cannot use JSX unless the '--jsx' flag is provided.
apps/arcade/src/app/legal/page.tsx(55,15): error TS17004: Cannot use JSX unless the '--jsx' flag is provided.
apps/arcade/src/app/legal/page.tsx(56,17): error TS17004: Cannot use JSX unless the '--jsx' flag is provided.
apps/arcade/src/app/legal/page.tsx(61,19): error TS17004: Cannot use JSX unless the '--jsx' flag is provided.
apps/arcade/src/app/legal/page.tsx(62,21): error TS17004: Cannot use JSX unless the '--jsx' flag is provided.
apps/arcade/src/app/legal/page.tsx(75,11): error TS17004: Cannot use JSX unless the '--jsx' flag is provided.
apps/arcade/src/app/legal/page.tsx(77,15): error TS17004: Cannot use JSX unless the '--jsx' flag is provided.
apps/arcade/src/app/legal/page.tsx(78,17): error TS17004: Cannot use JSX unless the '--jsx' flag is provided.
apps/arcade/src/app/legal/page.tsx(79,17): error TS17004: Cannot use JSX unless the '--jsx' flag is provided.
apps/arcade/src/app/legal/page.tsx(81,17): error TS17004: Cannot use JSX unless the '--jsx' flag is provided.
apps/arcade/src/app/legal/page.tsx(82,19): error TS17004: Cannot use JSX unless the '--jsx' flag is provided.
apps/arcade/src/app/legal/page.tsx(83,19): error TS17004: Cannot use JSX unless the '--jsx' flag is provided.
apps/arcade/src/app/legal/page.tsx(91,17): error TS17004: Cannot use JSX unless the '--jsx' flag is provided.
apps/arcade/src/app/legal/page.tsx(92,19): error TS17004: Cannot use JSX unless the '--jsx' flag is provided.
apps/arcade/src/app/legal/page.tsx(95,19): error TS17004: Cannot use JSX unless the '--jsx' flag is provided.
apps/arcade/src/app/legal/page.tsx(96,21): error TS17004: Cannot use JSX unless the '--jsx' flag is provided.
apps/arcade/src/app/legal/page.tsx(97,23): error TS17004: Cannot use JSX unless the '--jsx' flag is provided.
apps/arcade/src/app/legal/page.tsx(100,21): error TS17004: Cannot use JSX unless the '--jsx' flag is provided.
apps/arcade/src/app/legal/page.tsx(101,23): error TS17004: Cannot use JSX unless the '--jsx' flag is provided.
apps/arcade/src/app/legal/page.tsx(104,21): error TS17004: Cannot use JSX unless the '--jsx' flag is provided.
apps/arcade/src/app/legal/page.tsx(105,23): error TS17004: Cannot use JSX unless the '--jsx' flag is provided.
apps/arcade/src/app/legal/page.tsx(111,17): error TS17004: Cannot use JSX unless the '--jsx' flag is provided.
apps/arcade/src/app/legal/page.tsx(112,19): error TS17004: Cannot use JSX unless the '--jsx' flag is provided.
apps/arcade/src/app/legal/page.tsx(113,19): error TS17004: Cannot use JSX unless the '--jsx' flag is provided.
apps/arcade/src/app/legal/page.tsx(120,17): error TS17004: Cannot use JSX unless the '--jsx' flag is provided.
apps/arcade/src/app/legal/page.tsx(121,19): error TS17004: Cannot use JSX unless the '--jsx' flag is provided.
apps/arcade/src/app/legal/page.tsx(122,19): error TS17004: Cannot use JSX unless the '--jsx' flag is provided.
apps/arcade/src/app/legal/page.tsx(124,53): error TS17004: Cannot use JSX unless the '--jsx' flag is provided.
apps/arcade/src/app/legal/page.tsx(131,15): error TS17004: Cannot use JSX unless the '--jsx' flag is provided.
apps/arcade/src/app/legal/page.tsx(132,17): error TS17004: Cannot use JSX unless the '--jsx' flag is provided.
apps/arcade/src/app/legal/page.tsx(133,17): error TS17004: Cannot use JSX unless the '--jsx' flag is provided.
apps/arcade/src/app/legal/page.tsx(135,17): error TS17004: Cannot use JSX unless the '--jsx' flag is provided.
apps/arcade/src/app/legal/page.tsx(136,19): error TS17004: Cannot use JSX unless the '--jsx' flag is provided.
apps/arcade/src/app/legal/page.tsx(137,19): error TS17004: Cannot use JSX unless the '--jsx' flag is provided.
apps/arcade/src/app/legal/page.tsx(144,17): error TS17004: Cannot use JSX unless the '--jsx' flag is provided.
apps/arcade/src/app/legal/page.tsx(145,19): error TS17004: Cannot use JSX unless the '--jsx' flag is provided.
apps/arcade/src/app/legal/page.tsx(146,19): error TS17004: Cannot use JSX unless the '--jsx' flag is provided.
apps/arcade/src/app/legal/page.tsx(153,17): error TS17004: Cannot use JSX unless the '--jsx' flag is provided.
apps/arcade/src/app/legal/page.tsx(154,19): error TS17004: Cannot use JSX unless the '--jsx' flag is provided.
apps/arcade/src/app/legal/page.tsx(157,19): error TS17004: Cannot use JSX unless the '--jsx' flag is provided.
apps/arcade/src/app/legal/page.tsx(166,15): error TS17004: Cannot use JSX unless the '--jsx' flag is provided.
apps/arcade/src/app/legal/page.tsx(167,17): error TS17004: Cannot use JSX unless the '--jsx' flag is provided.
apps/arcade/src/app/legal/page.tsx(168,17): error TS17004: Cannot use JSX unless the '--jsx' flag is provided.
apps/arcade/src/app/legal/page.tsx(170,17): error TS17004: Cannot use JSX unless the '--jsx' flag is provided.
apps/arcade/src/app/legal/page.tsx(171,19): error TS17004: Cannot use JSX unless the '--jsx' flag is provided.
apps/arcade/src/app/legal/page.tsx(172,19): error TS17004: Cannot use JSX unless the '--jsx' flag is provided.
apps/arcade/src/app/legal/page.tsx(179,17): error TS17004: Cannot use JSX unless the '--jsx' flag is provided.
apps/arcade/src/app/legal/page.tsx(180,19): error TS17004: Cannot use JSX unless the '--jsx' flag is provided.
apps/arcade/src/app/legal/page.tsx(183,19): error TS17004: Cannot use JSX unless the '--jsx' flag is provided.
apps/arcade/src/app/legal/privacy/page.tsx(10,5): error TS17004: Cannot use JSX unless the '--jsx' flag is provided.
apps/arcade/src/app/legal/privacy/page.tsx(11,7): error TS17004: Cannot use JSX unless the '--jsx' flag is provided.
apps/arcade/src/app/legal/privacy/page.tsx(12,9): error TS17004: Cannot use JSX unless the '--jsx' flag is provided.
apps/arcade/src/app/legal/privacy/page.tsx(13,9): error TS17004: Cannot use JSX unless the '--jsx' flag is provided.
apps/arcade/src/app/legal/privacy/page.tsx(15,9): error TS17004: Cannot use JSX unless the '--jsx' flag is provided.
apps/arcade/src/app/legal/privacy/page.tsx(16,11): error TS17004: Cannot use JSX unless the '--jsx' flag is provided.
apps/arcade/src/app/legal/privacy/page.tsx(17,11): error TS17004: Cannot use JSX unless the '--jsx' flag is provided.
apps/arcade/src/app/legal/privacy/page.tsx(24,9): error TS17004: Cannot use JSX unless the '--jsx' flag is provided.
apps/arcade/src/app/legal/privacy/page.tsx(25,11): error TS17004: Cannot use JSX unless the '--jsx' flag is provided.
apps/arcade/src/app/legal/privacy/page.tsx(26,11): error TS17004: Cannot use JSX unless the '--jsx' flag is provided.
apps/arcade/src/app/legal/privacy/page.tsx(27,13): error TS17004: Cannot use JSX unless the '--jsx' flag is provided.
apps/arcade/src/app/legal/privacy/page.tsx(28,15): error TS17004: Cannot use JSX unless the '--jsx' flag is provided.
apps/arcade/src/app/legal/privacy/page.tsx(31,13): error TS17004: Cannot use JSX unless the '--jsx' flag is provided.
apps/arcade/src/app/legal/privacy/page.tsx(32,15): error TS17004: Cannot use JSX unless the '--jsx' flag is provided.
apps/arcade/src/app/legal/privacy/page.tsx(35,13): error TS17004: Cannot use JSX unless the '--jsx' flag is provided.
apps/arcade/src/app/legal/privacy/page.tsx(36,15): error TS17004: Cannot use JSX unless the '--jsx' flag is provided.
apps/arcade/src/app/legal/privacy/page.tsx(42,9): error TS17004: Cannot use JSX unless the '--jsx' flag is provided.
apps/arcade/src/app/legal/privacy/page.tsx(43,11): error TS17004: Cannot use JSX unless the '--jsx' flag is provided.
apps/arcade/src/app/legal/privacy/page.tsx(44,11): error TS17004: Cannot use JSX unless the '--jsx' flag is provided.
apps/arcade/src/app/legal/privacy/page.tsx(51,9): error TS17004: Cannot use JSX unless the '--jsx' flag is provided.
apps/arcade/src/app/legal/privacy/page.tsx(52,11): error TS17004: Cannot use JSX unless the '--jsx' flag is provided.
apps/arcade/src/app/legal/privacy/page.tsx(53,11): error TS17004: Cannot use JSX unless the '--jsx' flag is provided.
apps/arcade/src/app/legal/privacy/page.tsx(55,41): error TS17004: Cannot use JSX unless the '--jsx' flag is provided.
apps/arcade/src/app/legal/privacy/page.tsx(59,9): error TS17004: Cannot use JSX unless the '--jsx' flag is provided.
apps/arcade/src/app/legal/privacy/page.tsx(60,11): error TS17004: Cannot use JSX unless the '--jsx' flag is provided.
apps/arcade/src/app/legal/privacy/page.tsx(61,11): error TS17004: Cannot use JSX unless the '--jsx' flag is provided.
apps/arcade/src/app/legal/privacy/page.tsx(63,13): error TS17004: Cannot use JSX unless the '--jsx' flag is provided.
apps/arcade/src/app/legal/terms/page.tsx(10,5): error TS17004: Cannot use JSX unless the '--jsx' flag is provided.
apps/arcade/src/app/legal/terms/page.tsx(11,7): error TS17004: Cannot use JSX unless the '--jsx' flag is provided.
apps/arcade/src/app/legal/terms/page.tsx(12,9): error TS17004: Cannot use JSX unless the '--jsx' flag is provided.
apps/arcade/src/app/legal/terms/page.tsx(13,9): error TS17004: Cannot use JSX unless the '--jsx' flag is provided.
apps/arcade/src/app/legal/terms/page.tsx(15,9): error TS17004: Cannot use JSX unless the '--jsx' flag is provided.
apps/arcade/src/app/legal/terms/page.tsx(16,11): error TS17004: Cannot use JSX unless the '--jsx' flag is provided.
apps/arcade/src/app/legal/terms/page.tsx(17,11): error TS17004: Cannot use JSX unless the '--jsx' flag is provided.
apps/arcade/src/app/legal/terms/page.tsx(23,9): error TS17004: Cannot use JSX unless the '--jsx' flag is provided.
apps/arcade/src/app/legal/terms/page.tsx(24,11): error TS17004: Cannot use JSX unless the '--jsx' flag is provided.
apps/arcade/src/app/legal/terms/page.tsx(25,11): error TS17004: Cannot use JSX unless the '--jsx' flag is provided.
apps/arcade/src/app/legal/terms/page.tsx(32,9): error TS17004: Cannot use JSX unless the '--jsx' flag is provided.
apps/arcade/src/app/legal/terms/page.tsx(33,11): error TS17004: Cannot use JSX unless the '--jsx' flag is provided.
apps/arcade/src/app/legal/terms/page.tsx(34,11): error TS17004: Cannot use JSX unless the '--jsx' flag is provided.
apps/arcade/src/app/legal/terms/page.tsx(41,9): error TS17004: Cannot use JSX unless the '--jsx' flag is provided.
apps/arcade/src/app/legal/terms/page.tsx(42,11): error TS17004: Cannot use JSX unless the '--jsx' flag is provided.
apps/arcade/src/app/legal/terms/page.tsx(43,11): error TS17004: Cannot use JSX unless the '--jsx' flag is provided.
apps/arcade/src/app/legal/terms/page.tsx(50,9): error TS17004: Cannot use JSX unless the '--jsx' flag is provided.
apps/arcade/src/app/legal/terms/page.tsx(51,11): error TS17004: Cannot use JSX unless the '--jsx' flag is provided.
apps/arcade/src/app/legal/terms/page.tsx(52,11): error TS17004: Cannot use JSX unless the '--jsx' flag is provided.
apps/arcade/src/app/library/page.tsx(5,27): error TS2307: Cannot find module '@/lib/templates' or its corresponding type declarations.
apps/arcade/src/app/library/page.tsx(6,24): error TS2307: Cannot find module '@/lib/routes' or its corresponding type declarations.
apps/arcade/src/app/library/page.tsx(112,6): error TS7006: Parameter 't' implicitly has an 'any' type.
apps/arcade/src/app/library/page.tsx(124,5): error TS17004: Cannot use JSX unless the '--jsx' flag is provided.
apps/arcade/src/app/library/page.tsx(126,7): error TS17004: Cannot use JSX unless the '--jsx' flag is provided.
apps/arcade/src/app/library/page.tsx(127,9): error TS17004: Cannot use JSX unless the '--jsx' flag is provided.
apps/arcade/src/app/library/page.tsx(128,9): error TS17004: Cannot use JSX unless the '--jsx' flag is provided.
apps/arcade/src/app/library/page.tsx(134,7): error TS17004: Cannot use JSX unless the '--jsx' flag is provided.
apps/arcade/src/app/library/page.tsx(135,9): error TS17004: Cannot use JSX unless the '--jsx' flag is provided.
apps/arcade/src/app/library/page.tsx(136,11): error TS17004: Cannot use JSX unless the '--jsx' flag is provided.
apps/arcade/src/app/library/page.tsx(146,11): error TS17004: Cannot use JSX unless the '--jsx' flag is provided.
apps/arcade/src/app/library/page.tsx(158,9): error TS17004: Cannot use JSX unless the '--jsx' flag is provided.
apps/arcade/src/app/library/page.tsx(159,11): error TS17004: Cannot use JSX unless the '--jsx' flag is provided.
apps/arcade/src/app/library/page.tsx(166,11): error TS17004: Cannot use JSX unless the '--jsx' flag is provided.
apps/arcade/src/app/library/page.tsx(172,13): error TS17004: Cannot use JSX unless the '--jsx' flag is provided.
apps/arcade/src/app/library/page.tsx(183,7): error TS17004: Cannot use JSX unless the '--jsx' flag is provided.
apps/arcade/src/app/library/page.tsx(185,11): error TS17004: Cannot use JSX unless the '--jsx' flag is provided.
apps/arcade/src/app/library/page.tsx(186,37): error TS7006: Parameter 'template' implicitly has an 'any' type.
apps/arcade/src/app/library/page.tsx(187,15): error TS17004: Cannot use JSX unless the '--jsx' flag is provided.
apps/arcade/src/app/library/page.tsx(191,17): error TS17004: Cannot use JSX unless the '--jsx' flag is provided.
apps/arcade/src/app/library/page.tsx(192,19): error TS17004: Cannot use JSX unless the '--jsx' flag is provided.
apps/arcade/src/app/library/page.tsx(195,19): error TS17004: Cannot use JSX unless the '--jsx' flag is provided.
apps/arcade/src/app/library/page.tsx(196,21): error TS17004: Cannot use JSX unless the '--jsx' flag is provided.
apps/arcade/src/app/library/page.tsx(197,109): error TS7053: Element implicitly has an 'any' type because expression of type 'any' can't be used to index type '{ beginner: string; intermediate: string; advanced: string; }'.
apps/arcade/src/app/library/page.tsx(203,17): error TS17004: Cannot use JSX unless the '--jsx' flag is provided.
apps/arcade/src/app/library/page.tsx(204,17): error TS17004: Cannot use JSX unless the '--jsx' flag is provided.
apps/arcade/src/app/library/page.tsx(205,17): error TS17004: Cannot use JSX unless the '--jsx' flag is provided.
apps/arcade/src/app/library/page.tsx(215,11): error TS17004: Cannot use JSX unless the '--jsx' flag is provided.
apps/arcade/src/app/library/page.tsx(217,15): error TS17004: Cannot use JSX unless the '--jsx' flag is provided.
apps/arcade/src/app/library/page.tsx(221,17): error TS17004: Cannot use JSX unless the '--jsx' flag is provided.
apps/arcade/src/app/library/page.tsx(222,19): error TS17004: Cannot use JSX unless the '--jsx' flag is provided.
apps/arcade/src/app/library/page.tsx(226,21): error TS17004: Cannot use JSX unless the '--jsx' flag is provided.
apps/arcade/src/app/library/page.tsx(231,17): error TS17004: Cannot use JSX unless the '--jsx' flag is provided.
apps/arcade/src/app/library/page.tsx(232,17): error TS17004: Cannot use JSX unless the '--jsx' flag is provided.
apps/arcade/src/app/library/page.tsx(233,17): error TS17004: Cannot use JSX unless the '--jsx' flag is provided.
apps/arcade/src/app/library/page.tsx(236,17): error TS17004: Cannot use JSX unless the '--jsx' flag is provided.
apps/arcade/src/app/library/page.tsx(237,19): error TS17004: Cannot use JSX unless the '--jsx' flag is provided.
apps/arcade/src/app/library/page.tsx(252,9): error TS17004: Cannot use JSX unless the '--jsx' flag is provided.
apps/arcade/src/app/library/page.tsx(253,11): error TS17004: Cannot use JSX unless the '--jsx' flag is provided.
apps/arcade/src/app/library/page.tsx(254,11): error TS17004: Cannot use JSX unless the '--jsx' flag is provided.
apps/arcade/src/app/library/page.tsx(255,11): error TS17004: Cannot use JSX unless the '--jsx' flag is provided.
apps/arcade/src/app/marketplace/error.tsx(17,5): error TS17004: Cannot use JSX unless the '--jsx' flag is provided.
apps/arcade/src/app/marketplace/error.tsx(18,7): error TS17004: Cannot use JSX unless the '--jsx' flag is provided.
apps/arcade/src/app/marketplace/error.tsx(19,9): error TS17004: Cannot use JSX unless the '--jsx' flag is provided.
apps/arcade/src/app/marketplace/error.tsx(20,9): error TS17004: Cannot use JSX unless the '--jsx' flag is provided.
apps/arcade/src/app/marketplace/error.tsx(21,9): error TS17004: Cannot use JSX unless the '--jsx' flag is provided.
apps/arcade/src/app/marketplace/error.tsx(24,9): error TS17004: Cannot use JSX unless the '--jsx' flag is provided.
apps/arcade/src/app/marketplace/error.tsx(25,11): error TS17004: Cannot use JSX unless the '--jsx' flag is provided.
apps/arcade/src/app/marketplace/error.tsx(28,11): error TS17004: Cannot use JSX unless the '--jsx' flag is provided.
apps/arcade/src/app/marketplace/error.tsx(33,11): error TS17004: Cannot use JSX unless the '--jsx' flag is provided.
apps/arcade/src/app/marketplace/page.tsx(2,24): error TS2307: Cannot find module '@/lib/routes' or its corresponding type declarations.
apps/arcade/src/app/monitoring/page.tsx(11,24): error TS2307: Cannot find module '@/lib/routes' or its corresponding type declarations.
apps/arcade/src/app/monitoring/page.tsx(46,5): error TS17004: Cannot use JSX unless the '--jsx' flag is provided.
apps/arcade/src/app/monitoring/page.tsx(49,7): error TS17004: Cannot use JSX unless the '--jsx' flag is provided.
apps/arcade/src/app/monitoring/page.tsx(50,7): error TS17004: Cannot use JSX unless the '--jsx' flag is provided.
apps/arcade/src/app/monitoring/page.tsx(51,15): error TS17004: Cannot use JSX unless the '--jsx' flag is provided.
apps/arcade/src/app/monitoring/page.tsx(57,33): error TS17004: Cannot use JSX unless the '--jsx' flag is provided.
apps/arcade/src/app/monitoring/page.tsx(69,5): error TS17004: Cannot use JSX unless the '--jsx' flag is provided.
apps/arcade/src/app/monitoring/page.tsx(70,7): error TS17004: Cannot use JSX unless the '--jsx' flag is provided.
apps/arcade/src/app/monitoring/page.tsx(137,5): error TS17004: Cannot use JSX unless the '--jsx' flag is provided.
apps/arcade/src/app/monitoring/page.tsx(138,7): error TS17004: Cannot use JSX unless the '--jsx' flag is provided.
apps/arcade/src/app/monitoring/page.tsx(140,9): error TS17004: Cannot use JSX unless the '--jsx' flag is provided.
apps/arcade/src/app/monitoring/page.tsx(141,11): error TS17004: Cannot use JSX unless the '--jsx' flag is provided.
apps/arcade/src/app/monitoring/page.tsx(142,13): error TS17004: Cannot use JSX unless the '--jsx' flag is provided.
apps/arcade/src/app/monitoring/page.tsx(143,13): error TS17004: Cannot use JSX unless the '--jsx' flag is provided.
apps/arcade/src/app/monitoring/page.tsx(145,11): error TS17004: Cannot use JSX unless the '--jsx' flag is provided.
apps/arcade/src/app/monitoring/page.tsx(146,13): error TS17004: Cannot use JSX unless the '--jsx' flag is provided.
apps/arcade/src/app/monitoring/page.tsx(152,13): error TS17004: Cannot use JSX unless the '--jsx' flag is provided.
apps/arcade/src/app/monitoring/page.tsx(156,15): error TS17004: Cannot use JSX unless the '--jsx' flag is provided.
apps/arcade/src/app/monitoring/page.tsx(163,9): error TS17004: Cannot use JSX unless the '--jsx' flag is provided.
apps/arcade/src/app/monitoring/page.tsx(164,11): error TS17004: Cannot use JSX unless the '--jsx' flag is provided.
apps/arcade/src/app/monitoring/page.tsx(165,11): error TS17004: Cannot use JSX unless the '--jsx' flag is provided.
apps/arcade/src/app/monitoring/page.tsx(171,11): error TS17004: Cannot use JSX unless the '--jsx' flag is provided.
apps/arcade/src/app/monitoring/page.tsx(181,11): error TS17004: Cannot use JSX unless the '--jsx' flag is provided.
apps/arcade/src/app/monitoring/page.tsx(182,13): error TS17004: Cannot use JSX unless the '--jsx' flag is provided.
apps/arcade/src/app/monitoring/page.tsx(183,13): error TS17004: Cannot use JSX unless the '--jsx' flag is provided.
apps/arcade/src/app/monitoring/page.tsx(184,15): error TS17004: Cannot use JSX unless the '--jsx' flag is provided.
apps/arcade/src/app/monitoring/page.tsx(185,17): error TS17004: Cannot use JSX unless the '--jsx' flag is provided.
apps/arcade/src/app/monitoring/page.tsx(186,17): error TS17004: Cannot use JSX unless the '--jsx' flag is provided.
apps/arcade/src/app/monitoring/page.tsx(194,15): error TS17004: Cannot use JSX unless the '--jsx' flag is provided.
apps/arcade/src/app/monitoring/page.tsx(195,17): error TS17004: Cannot use JSX unless the '--jsx' flag is provided.
apps/arcade/src/app/monitoring/page.tsx(196,17): error TS17004: Cannot use JSX unless the '--jsx' flag is provided.
apps/arcade/src/app/monitoring/page.tsx(202,19): error TS17004: Cannot use JSX unless the '--jsx' flag is provided.
apps/arcade/src/app/monitoring/page.tsx(203,19): error TS17004: Cannot use JSX unless the '--jsx' flag is provided.
apps/arcade/src/app/monitoring/page.tsx(204,19): error TS17004: Cannot use JSX unless the '--jsx' flag is provided.
apps/arcade/src/app/monitoring/page.tsx(205,19): error TS17004: Cannot use JSX unless the '--jsx' flag is provided.
apps/arcade/src/app/monitoring/page.tsx(206,19): error TS17004: Cannot use JSX unless the '--jsx' flag is provided.
apps/arcade/src/app/monitoring/page.tsx(209,15): error TS17004: Cannot use JSX unless the '--jsx' flag is provided.
apps/arcade/src/app/monitoring/page.tsx(210,17): error TS17004: Cannot use JSX unless the '--jsx' flag is provided.
apps/arcade/src/app/monitoring/page.tsx(211,17): error TS17004: Cannot use JSX unless the '--jsx' flag is provided.
apps/arcade/src/app/monitoring/page.tsx(217,19): error TS17004: Cannot use JSX unless the '--jsx' flag is provided.
apps/arcade/src/app/monitoring/page.tsx(218,19): error TS17004: Cannot use JSX unless the '--jsx' flag is provided.
apps/arcade/src/app/monitoring/page.tsx(221,15): error TS17004: Cannot use JSX unless the '--jsx' flag is provided.
apps/arcade/src/app/monitoring/page.tsx(222,17): error TS17004: Cannot use JSX unless the '--jsx' flag is provided.
apps/arcade/src/app/monitoring/page.tsx(229,17): error TS17004: Cannot use JSX unless the '--jsx' flag is provided.
apps/arcade/src/app/monitoring/page.tsx(243,11): error TS17004: Cannot use JSX unless the '--jsx' flag is provided.
apps/arcade/src/app/monitoring/page.tsx(245,11): error TS17004: Cannot use JSX unless the '--jsx' flag is provided.
apps/arcade/src/app/monitoring/page.tsx(246,13): error TS17004: Cannot use JSX unless the '--jsx' flag is provided.
apps/arcade/src/app/monitoring/page.tsx(249,13): error TS17004: Cannot use JSX unless the '--jsx' flag is provided.
apps/arcade/src/app/monitoring/page.tsx(250,13): error TS17004: Cannot use JSX unless the '--jsx' flag is provided.
apps/arcade/src/app/monitoring/page.tsx(253,13): error TS17004: Cannot use JSX unless the '--jsx' flag is provided.
apps/arcade/src/app/monitoring/page.tsx(261,11): error TS17004: Cannot use JSX unless the '--jsx' flag is provided.
apps/arcade/src/app/monitoring/page.tsx(263,15): error TS17004: Cannot use JSX unless the '--jsx' flag is provided.
apps/arcade/src/app/monitoring/page.tsx(264,17): error TS17004: Cannot use JSX unless the '--jsx' flag is provided.
apps/arcade/src/app/monitoring/page.tsx(265,19): error TS17004: Cannot use JSX unless the '--jsx' flag is provided.
apps/arcade/src/app/monitoring/page.tsx(266,21): error TS17004: Cannot use JSX unless the '--jsx' flag is provided.
apps/arcade/src/app/monitoring/page.tsx(269,21): error TS17004: Cannot use JSX unless the '--jsx' flag is provided.
apps/arcade/src/app/monitoring/page.tsx(270,21): error TS17004: Cannot use JSX unless the '--jsx' flag is provided.
apps/arcade/src/app/monitoring/page.tsx(273,21): error TS17004: Cannot use JSX unless the '--jsx' flag is provided.
apps/arcade/src/app/monitoring/page.tsx(283,19): error TS17004: Cannot use JSX unless the '--jsx' flag is provided.
apps/arcade/src/app/monitoring/page.tsx(284,21): error TS17004: Cannot use JSX unless the '--jsx' flag is provided.
apps/arcade/src/app/monitoring/page.tsx(285,21): error TS17004: Cannot use JSX unless the '--jsx' flag is provided.
apps/arcade/src/app/monitoring/page.tsx(293,17): error TS17004: Cannot use JSX unless the '--jsx' flag is provided.
apps/arcade/src/app/monitoring/page.tsx(295,19): error TS17004: Cannot use JSX unless the '--jsx' flag is provided.
apps/arcade/src/app/monitoring/page.tsx(296,30): error TS17004: Cannot use JSX unless the '--jsx' flag is provided.
apps/arcade/src/app/not-found.tsx(5,5): error TS17004: Cannot use JSX unless the '--jsx' flag is provided.
apps/arcade/src/app/not-found.tsx(6,7): error TS17004: Cannot use JSX unless the '--jsx' flag is provided.
apps/arcade/src/app/not-found.tsx(7,9): error TS17004: Cannot use JSX unless the '--jsx' flag is provided.
apps/arcade/src/app/not-found.tsx(8,9): error TS17004: Cannot use JSX unless the '--jsx' flag is provided.
apps/arcade/src/app/not-found.tsx(9,9): error TS17004: Cannot use JSX unless the '--jsx' flag is provided.
apps/arcade/src/app/not-found.tsx(12,9): error TS17004: Cannot use JSX unless the '--jsx' flag is provided.
apps/arcade/src/app/not-found.tsx(13,11): error TS17004: Cannot use JSX unless the '--jsx' flag is provided.
apps/arcade/src/app/not-found.tsx(16,11): error TS17004: Cannot use JSX unless the '--jsx' flag is provided.
apps/arcade/src/app/page.tsx(1,27): error TS2307: Cannot find module '@/components/HeroMedia' or its corresponding type declarations.
apps/arcade/src/app/page.tsx(3,24): error TS2307: Cannot find module '@/lib/routes' or its corresponding type declarations.
apps/arcade/src/app/page.tsx(4,78): error TS2307: Cannot find module '@/lib/copy' or its corresponding type declarations.
apps/arcade/src/app/page.tsx(5,32): error TS2307: Cannot find module '@/lib/ab' or its corresponding type declarations.
apps/arcade/src/app/page.tsx(6,59): error TS2307: Cannot find module '@/components/HomepageClient' or its corresponding type declarations.
apps/arcade/src/app/page.tsx(16,44): error TS7006: Parameter 'c' implicitly has an 'any' type.
apps/arcade/src/app/page.tsx(17,42): error TS7006: Parameter 'c' implicitly has an 'any' type.
apps/arcade/src/app/page.tsx(33,5): error TS17004: Cannot use JSX unless the '--jsx' flag is provided.
apps/arcade/src/app/page.tsx(34,7): error TS17004: Cannot use JSX unless the '--jsx' flag is provided.
apps/arcade/src/app/page.tsx(39,7): error TS17004: Cannot use JSX unless the '--jsx' flag is provided.
apps/arcade/src/app/page.tsx(40,9): error TS17004: Cannot use JSX unless the '--jsx' flag is provided.
apps/arcade/src/app/page.tsx(46,9): error TS17004: Cannot use JSX unless the '--jsx' flag is provided.
apps/arcade/src/app/page.tsx(47,11): error TS17004: Cannot use JSX unless the '--jsx' flag is provided.
apps/arcade/src/app/page.tsx(48,13): error TS17004: Cannot use JSX unless the '--jsx' flag is provided.
apps/arcade/src/app/page.tsx(49,15): error TS17004: Cannot use JSX unless the '--jsx' flag is provided.
apps/arcade/src/app/page.tsx(50,15): error TS17004: Cannot use JSX unless the '--jsx' flag is provided.
apps/arcade/src/app/page.tsx(53,13): error TS17004: Cannot use JSX unless the '--jsx' flag is provided.
apps/arcade/src/app/page.tsx(54,46): error TS7006: Parameter 'part' implicitly has an 'any' type.
apps/arcade/src/app/page.tsx(54,52): error TS7006: Parameter 'i' implicitly has an 'any' type.
apps/arcade/src/app/page.tsx(54,55): error TS7006: Parameter 'arr' implicitly has an 'any' type.
apps/arcade/src/app/page.tsx(55,17): error TS17004: Cannot use JSX unless the '--jsx' flag is provided.
apps/arcade/src/app/page.tsx(62,13): error TS17004: Cannot use JSX unless the '--jsx' flag is provided.
apps/arcade/src/app/page.tsx(64,13): error TS17004: Cannot use JSX unless the '--jsx' flag is provided.
apps/arcade/src/app/page.tsx(68,13): error TS17004: Cannot use JSX unless the '--jsx' flag is provided.
apps/arcade/src/app/page.tsx(69,15): error TS17004: Cannot use JSX unless the '--jsx' flag is provided.
apps/arcade/src/app/page.tsx(72,15): error TS17004: Cannot use JSX unless the '--jsx' flag is provided.
apps/arcade/src/app/page.tsx(75,15): error TS17004: Cannot use JSX unless the '--jsx' flag is provided.
apps/arcade/src/app/page.tsx(83,13): error TS17004: Cannot use JSX unless the '--jsx' flag is provided.
apps/arcade/src/app/page.tsx(89,7): error TS17004: Cannot use JSX unless the '--jsx' flag is provided.
apps/arcade/src/app/page.tsx(90,9): error TS17004: Cannot use JSX unless the '--jsx' flag is provided.
apps/arcade/src/app/page.tsx(91,11): error TS17004: Cannot use JSX unless the '--jsx' flag is provided.
apps/arcade/src/app/page.tsx(92,13): error TS17004: Cannot use JSX unless the '--jsx' flag is provided.
apps/arcade/src/app/page.tsx(93,13): error TS17004: Cannot use JSX unless the '--jsx' flag is provided.
apps/arcade/src/app/page.tsx(95,11): error TS17004: Cannot use JSX unless the '--jsx' flag is provided.
apps/arcade/src/app/page.tsx(100,7): error TS17004: Cannot use JSX unless the '--jsx' flag is provided.
apps/arcade/src/app/page.tsx(101,9): error TS17004: Cannot use JSX unless the '--jsx' flag is provided.
apps/arcade/src/app/page.tsx(102,11): error TS17004: Cannot use JSX unless the '--jsx' flag is provided.
apps/arcade/src/app/page.tsx(103,13): error TS17004: Cannot use JSX unless the '--jsx' flag is provided.
apps/arcade/src/app/page.tsx(104,13): error TS17004: Cannot use JSX unless the '--jsx' flag is provided.
apps/arcade/src/app/page.tsx(109,11): error TS17004: Cannot use JSX unless the '--jsx' flag is provided.
apps/arcade/src/app/page.tsx(110,32): error TS7006: Parameter 'item' implicitly has an 'any' type.
apps/arcade/src/app/page.tsx(111,15): error TS17004: Cannot use JSX unless the '--jsx' flag is provided.
apps/arcade/src/app/page.tsx(112,17): error TS17004: Cannot use JSX unless the '--jsx' flag is provided.
apps/arcade/src/app/page.tsx(113,17): error TS17004: Cannot use JSX unless the '--jsx' flag is provided.
apps/arcade/src/app/page.tsx(114,17): error TS17004: Cannot use JSX unless the '--jsx' flag is provided.
apps/arcade/src/app/page.tsx(115,17): error TS17004: Cannot use JSX unless the '--jsx' flag is provided.
apps/arcade/src/app/page.tsx(123,7): error TS17004: Cannot use JSX unless the '--jsx' flag is provided.
apps/arcade/src/app/page.tsx(124,9): error TS17004: Cannot use JSX unless the '--jsx' flag is provided.
apps/arcade/src/app/page.tsx(125,11): error TS17004: Cannot use JSX unless the '--jsx' flag is provided.
apps/arcade/src/app/page.tsx(126,13): error TS17004: Cannot use JSX unless the '--jsx' flag is provided.
apps/arcade/src/app/page.tsx(127,13): error TS17004: Cannot use JSX unless the '--jsx' flag is provided.
apps/arcade/src/app/page.tsx(132,11): error TS17004: Cannot use JSX unless the '--jsx' flag is provided.
apps/arcade/src/app/page.tsx(133,31): error TS7006: Parameter 'cap' implicitly has an 'any' type.
apps/arcade/src/app/page.tsx(134,15): error TS17004: Cannot use JSX unless the '--jsx' flag is provided.
apps/arcade/src/app/page.tsx(139,17): error TS17004: Cannot use JSX unless the '--jsx' flag is provided.
apps/arcade/src/app/page.tsx(142,17): error TS17004: Cannot use JSX unless the '--jsx' flag is provided.
apps/arcade/src/app/page.tsx(143,17): error TS17004: Cannot use JSX unless the '--jsx' flag is provided.
apps/arcade/src/app/page.tsx(145,19): error TS17004: Cannot use JSX unless the '--jsx' flag is provided.
apps/arcade/src/app/page.tsx(151,21): error TS17004: Cannot use JSX unless the '--jsx' flag is provided.
apps/arcade/src/app/page.tsx(163,11): error TS17004: Cannot use JSX unless the '--jsx' flag is provided.
apps/arcade/src/app/page.tsx(168,7): error TS17004: Cannot use JSX unless the '--jsx' flag is provided.
apps/arcade/src/app/page.tsx(169,9): error TS17004: Cannot use JSX unless the '--jsx' flag is provided.
apps/arcade/src/app/page.tsx(170,11): error TS17004: Cannot use JSX unless the '--jsx' flag is provided.
apps/arcade/src/app/page.tsx(171,13): error TS17004: Cannot use JSX unless the '--jsx' flag is provided.
apps/arcade/src/app/page.tsx(174,11): error TS17004: Cannot use JSX unless the '--jsx' flag is provided.
apps/arcade/src/app/page.tsx(175,13): error TS17004: Cannot use JSX unless the '--jsx' flag is provided.
apps/arcade/src/app/page.tsx(176,15): error TS17004: Cannot use JSX unless the '--jsx' flag is provided.
apps/arcade/src/app/page.tsx(179,15): error TS17004: Cannot use JSX unless the '--jsx' flag is provided.
apps/arcade/src/app/page.tsx(182,34): error TS7006: Parameter 'row' implicitly has an 'any' type.
apps/arcade/src/app/page.tsx(182,39): error TS7006: Parameter 'i' implicitly has an 'any' type.
apps/arcade/src/app/page.tsx(183,17): error TS17004: Cannot use JSX unless the '--jsx' flag is provided.
apps/arcade/src/app/page.tsx(184,19): error TS17004: Cannot use JSX unless the '--jsx' flag is provided.
apps/arcade/src/app/page.tsx(190,19): error TS17004: Cannot use JSX unless the '--jsx' flag is provided.
apps/arcade/src/app/page.tsx(205,7): error TS17004: Cannot use JSX unless the '--jsx' flag is provided.
apps/arcade/src/app/page.tsx(206,9): error TS17004: Cannot use JSX unless the '--jsx' flag is provided.
apps/arcade/src/app/page.tsx(207,9): error TS17004: Cannot use JSX unless the '--jsx' flag is provided.
apps/arcade/src/app/page.tsx(208,11): error TS17004: Cannot use JSX unless the '--jsx' flag is provided.
apps/arcade/src/app/page.tsx(209,13): error TS17004: Cannot use JSX unless the '--jsx' flag is provided.
apps/arcade/src/app/page.tsx(212,13): error TS17004: Cannot use JSX unless the '--jsx' flag is provided.
apps/arcade/src/app/page.tsx(215,13): error TS17004: Cannot use JSX unless the '--jsx' flag is provided.
apps/arcade/src/app/page.tsx(218,13): error TS17004: Cannot use JSX unless the '--jsx' flag is provided.
apps/arcade/src/app/page.tsx(219,15): error TS17004: Cannot use JSX unless the '--jsx' flag is provided.
apps/arcade/src/app/page.tsx(222,15): error TS17004: Cannot use JSX unless the '--jsx' flag is provided.
apps/arcade/src/app/page.tsx(225,15): error TS17004: Cannot use JSX unless the '--jsx' flag is provided.
apps/arcade/src/app/playground/page.tsx(6,24): error TS2307: Cannot find module '@/lib/routes' or its corresponding type declarations.
apps/arcade/src/app/playground/page.tsx(7,23): error TS2307: Cannot find module '@/lib/analytics' or its corresponding type declarations.
apps/arcade/src/app/playground/page.tsx(8,21): error TS2307: Cannot find module '@/lib/copy' or its corresponding type declarations.
apps/arcade/src/app/playground/page.tsx(9,34): error TS2307: Cannot find module '@/components/ExecutionDetails' or its corresponding type declarations.
apps/arcade/src/app/playground/page.tsx(10,50): error TS2307: Cannot find module '@/lib/runtime' or its corresponding type declarations.
apps/arcade/src/app/playground/page.tsx(167,5): error TS17004: Cannot use JSX unless the '--jsx' flag is provided.
apps/arcade/src/app/playground/page.tsx(169,7): error TS17004: Cannot use JSX unless the '--jsx' flag is provided.
apps/arcade/src/app/playground/page.tsx(170,9): error TS17004: Cannot use JSX unless the '--jsx' flag is provided.
apps/arcade/src/app/playground/page.tsx(171,11): error TS17004: Cannot use JSX unless the '--jsx' flag is provided.
apps/arcade/src/app/playground/page.tsx(172,11): error TS17004: Cannot use JSX unless the '--jsx' flag is provided.
apps/arcade/src/app/playground/page.tsx(174,9): error TS17004: Cannot use JSX unless the '--jsx' flag is provided.
apps/arcade/src/app/playground/page.tsx(175,9): error TS17004: Cannot use JSX unless the '--jsx' flag is provided.
apps/arcade/src/app/playground/page.tsx(181,7): error TS17004: Cannot use JSX unless the '--jsx' flag is provided.
apps/arcade/src/app/playground/page.tsx(183,9): error TS17004: Cannot use JSX unless the '--jsx' flag is provided.
apps/arcade/src/app/playground/page.tsx(184,11): error TS17004: Cannot use JSX unless the '--jsx' flag is provided.
apps/arcade/src/app/playground/page.tsx(187,11): error TS17004: Cannot use JSX unless the '--jsx' flag is provided.
apps/arcade/src/app/playground/page.tsx(189,15): error TS17004: Cannot use JSX unless the '--jsx' flag is provided.
apps/arcade/src/app/playground/page.tsx(198,17): error TS17004: Cannot use JSX unless the '--jsx' flag is provided.
apps/arcade/src/app/playground/page.tsx(207,11): error TS17004: Cannot use JSX unless the '--jsx' flag is provided.
apps/arcade/src/app/playground/page.tsx(214,11): error TS17004: Cannot use JSX unless the '--jsx' flag is provided.
apps/arcade/src/app/playground/page.tsx(215,13): error TS17004: Cannot use JSX unless the '--jsx' flag is provided.
apps/arcade/src/app/playground/page.tsx(216,13): error TS17004: Cannot use JSX unless the '--jsx' flag is provided.
apps/arcade/src/app/playground/page.tsx(217,13): error TS17004: Cannot use JSX unless the '--jsx' flag is provided.
apps/arcade/src/app/playground/page.tsx(218,15): error TS17004: Cannot use JSX unless the '--jsx' flag is provided.
apps/arcade/src/app/playground/page.tsx(219,15): error TS17004: Cannot use JSX unless the '--jsx' flag is provided.
apps/arcade/src/app/playground/page.tsx(220,15): error TS17004: Cannot use JSX unless the '--jsx' flag is provided.
apps/arcade/src/app/playground/page.tsx(221,15): error TS17004: Cannot use JSX unless the '--jsx' flag is provided.
apps/arcade/src/app/playground/page.tsx(228,11): error TS17004: Cannot use JSX unless the '--jsx' flag is provided.
apps/arcade/src/app/playground/page.tsx(229,13): error TS17004: Cannot use JSX unless the '--jsx' flag is provided.
apps/arcade/src/app/playground/page.tsx(230,15): error TS17004: Cannot use JSX unless the '--jsx' flag is provided.
apps/arcade/src/app/playground/page.tsx(232,13): error TS17004: Cannot use JSX unless the '--jsx' flag is provided.
apps/arcade/src/app/playground/page.tsx(233,13): error TS17004: Cannot use JSX unless the '--jsx' flag is provided.
apps/arcade/src/app/playground/page.tsx(241,11): error TS17004: Cannot use JSX unless the '--jsx' flag is provided.
apps/arcade/src/app/playground/page.tsx(243,13): error TS17004: Cannot use JSX unless the '--jsx' flag is provided.
apps/arcade/src/app/playground/page.tsx(244,15): error TS17004: Cannot use JSX unless the '--jsx' flag is provided.
apps/arcade/src/app/playground/page.tsx(245,17): error TS17004: Cannot use JSX unless the '--jsx' flag is provided.
apps/arcade/src/app/playground/page.tsx(246,19): error TS17004: Cannot use JSX unless the '--jsx' flag is provided.
apps/arcade/src/app/playground/page.tsx(247,19): error TS17004: Cannot use JSX unless the '--jsx' flag is provided.
apps/arcade/src/app/playground/page.tsx(248,21): error TS17004: Cannot use JSX unless the '--jsx' flag is provided.
apps/arcade/src/app/playground/page.tsx(251,21): error TS17004: Cannot use JSX unless the '--jsx' flag is provided.
apps/arcade/src/app/playground/page.tsx(258,15): error TS17004: Cannot use JSX unless the '--jsx' flag is provided.
apps/arcade/src/app/playground/page.tsx(263,15): error TS17004: Cannot use JSX unless the '--jsx' flag is provided.
apps/arcade/src/app/playground/page.tsx(264,17): error TS17004: Cannot use JSX unless the '--jsx' flag is provided.
apps/arcade/src/app/playground/page.tsx(270,21): error TS17004: Cannot use JSX unless the '--jsx' flag is provided.
apps/arcade/src/app/playground/page.tsx(271,23): error TS17004: Cannot use JSX unless the '--jsx' flag is provided.
apps/arcade/src/app/playground/page.tsx(272,25): error TS17004: Cannot use JSX unless the '--jsx' flag is provided.
apps/arcade/src/app/playground/page.tsx(273,25): error TS17004: Cannot use JSX unless the '--jsx' flag is provided.
apps/arcade/src/app/playground/page.tsx(274,25): error TS17004: Cannot use JSX unless the '--jsx' flag is provided.
apps/arcade/src/app/playground/page.tsx(275,25): error TS17004: Cannot use JSX unless the '--jsx' flag is provided.
apps/arcade/src/app/playground/page.tsx(277,23): error TS17004: Cannot use JSX unless the '--jsx' flag is provided.
apps/arcade/src/app/playground/page.tsx(278,23): error TS17004: Cannot use JSX unless the '--jsx' flag is provided.
apps/arcade/src/app/playground/page.tsx(279,23): error TS17004: Cannot use JSX unless the '--jsx' flag is provided.
apps/arcade/src/app/playground/page.tsx(280,25): error TS17004: Cannot use JSX unless the '--jsx' flag is provided.
apps/arcade/src/app/playground/page.tsx(281,25): error TS17004: Cannot use JSX unless the '--jsx' flag is provided.
apps/arcade/src/app/playground/page.tsx(291,15): error TS17004: Cannot use JSX unless the '--jsx' flag is provided.
apps/arcade/src/app/playground/page.tsx(292,17): error TS17004: Cannot use JSX unless the '--jsx' flag is provided.
apps/arcade/src/app/playground/page.tsx(296,19): error TS17004: Cannot use JSX unless the '--jsx' flag is provided.
apps/arcade/src/app/playground/page.tsx(297,19): error TS17004: Cannot use JSX unless the '--jsx' flag is provided.
apps/arcade/src/app/playground/page.tsx(300,19): error TS17004: Cannot use JSX unless the '--jsx' flag is provided.
apps/arcade/src/app/playground/page.tsx(301,21): error TS17004: Cannot use JSX unless the '--jsx' flag is provided.
apps/arcade/src/app/playground/page.tsx(308,13): error TS17004: Cannot use JSX unless the '--jsx' flag is provided.
apps/arcade/src/app/playground/page.tsx(309,15): error TS17004: Cannot use JSX unless the '--jsx' flag is provided.
apps/arcade/src/app/playground/page.tsx(310,15): error TS17004: Cannot use JSX unless the '--jsx' flag is provided.
apps/arcade/src/app/playground/page.tsx(314,15): error TS17004: Cannot use JSX unless the '--jsx' flag is provided.
apps/arcade/src/app/playground/page.tsx(315,17): error TS17004: Cannot use JSX unless the '--jsx' flag is provided.
apps/arcade/src/app/playground/page.tsx(318,17): error TS17004: Cannot use JSX unless the '--jsx' flag is provided.
apps/arcade/src/app/playground/page.tsx(322,15): error TS17004: Cannot use JSX unless the '--jsx' flag is provided.
apps/arcade/src/app/pricing/page.tsx(4,24): error TS2307: Cannot find module '@/lib/routes' or its corresponding type declarations.
apps/arcade/src/app/pricing/page.tsx(63,5): error TS17004: Cannot use JSX unless the '--jsx' flag is provided.
apps/arcade/src/app/pricing/page.tsx(65,7): error TS17004: Cannot use JSX unless the '--jsx' flag is provided.
apps/arcade/src/app/pricing/page.tsx(66,9): error TS17004: Cannot use JSX unless the '--jsx' flag is provided.
apps/arcade/src/app/pricing/page.tsx(67,9): error TS17004: Cannot use JSX unless the '--jsx' flag is provided.
apps/arcade/src/app/pricing/page.tsx(73,7): error TS17004: Cannot use JSX unless the '--jsx' flag is provided.
apps/arcade/src/app/pricing/page.tsx(75,11): error TS17004: Cannot use JSX unless the '--jsx' flag is provided.
apps/arcade/src/app/pricing/page.tsx(80,15): error TS17004: Cannot use JSX unless the '--jsx' flag is provided.
apps/arcade/src/app/pricing/page.tsx(81,17): error TS17004: Cannot use JSX unless the '--jsx' flag is provided.
apps/arcade/src/app/pricing/page.tsx(87,13): error TS17004: Cannot use JSX unless the '--jsx' flag is provided.
apps/arcade/src/app/pricing/page.tsx(88,15): error TS17004: Cannot use JSX unless the '--jsx' flag is provided.
apps/arcade/src/app/pricing/page.tsx(89,15): error TS17004: Cannot use JSX unless the '--jsx' flag is provided.
apps/arcade/src/app/pricing/page.tsx(92,13): error TS17004: Cannot use JSX unless the '--jsx' flag is provided.
apps/arcade/src/app/pricing/page.tsx(93,15): error TS17004: Cannot use JSX unless the '--jsx' flag is provided.
apps/arcade/src/app/pricing/page.tsx(94,31): error TS17004: Cannot use JSX unless the '--jsx' flag is provided.
apps/arcade/src/app/pricing/page.tsx(97,13): error TS17004: Cannot use JSX unless the '--jsx' flag is provided.
apps/arcade/src/app/pricing/page.tsx(99,17): error TS17004: Cannot use JSX unless the '--jsx' flag is provided.
apps/arcade/src/app/pricing/page.tsx(100,19): error TS17004: Cannot use JSX unless the '--jsx' flag is provided.
apps/arcade/src/app/pricing/page.tsx(105,21): error TS17004: Cannot use JSX unless the '--jsx' flag is provided.
apps/arcade/src/app/pricing/page.tsx(111,19): error TS17004: Cannot use JSX unless the '--jsx' flag is provided.
apps/arcade/src/app/pricing/page.tsx(116,13): error TS17004: Cannot use JSX unless the '--jsx' flag is provided.
apps/arcade/src/app/pricing/page.tsx(129,7): error TS17004: Cannot use JSX unless the '--jsx' flag is provided.
apps/arcade/src/app/pricing/page.tsx(130,9): error TS17004: Cannot use JSX unless the '--jsx' flag is provided.
apps/arcade/src/app/pricing/page.tsx(131,11): error TS17004: Cannot use JSX unless the '--jsx' flag is provided.
apps/arcade/src/app/pricing/page.tsx(132,11): error TS17004: Cannot use JSX unless the '--jsx' flag is provided.
apps/arcade/src/app/pricing/page.tsx(133,13): error TS17004: Cannot use JSX unless the '--jsx' flag is provided.
apps/arcade/src/app/pricing/page.tsx(134,15): error TS17004: Cannot use JSX unless the '--jsx' flag is provided.
apps/arcade/src/app/pricing/page.tsx(135,15): error TS17004: Cannot use JSX unless the '--jsx' flag is provided.
apps/arcade/src/app/pricing/page.tsx(137,13): error TS17004: Cannot use JSX unless the '--jsx' flag is provided.
apps/arcade/src/app/pricing/page.tsx(138,15): error TS17004: Cannot use JSX unless the '--jsx' flag is provided.
apps/arcade/src/app/pricing/page.tsx(139,15): error TS17004: Cannot use JSX unless the '--jsx' flag is provided.
apps/arcade/src/app/pricing/page.tsx(141,13): error TS17004: Cannot use JSX unless the '--jsx' flag is provided.
apps/arcade/src/app/pricing/page.tsx(142,15): error TS17004: Cannot use JSX unless the '--jsx' flag is provided.
apps/arcade/src/app/pricing/page.tsx(143,15): error TS17004: Cannot use JSX unless the '--jsx' flag is provided.
apps/arcade/src/app/pricing/page.tsx(146,11): error TS17004: Cannot use JSX unless the '--jsx' flag is provided.
apps/arcade/src/app/pricing/page.tsx(153,7): error TS17004: Cannot use JSX unless the '--jsx' flag is provided.
apps/arcade/src/app/pricing/page.tsx(154,9): error TS17004: Cannot use JSX unless the '--jsx' flag is provided.
apps/arcade/src/app/pricing/page.tsx(155,9): error TS17004: Cannot use JSX unless the '--jsx' flag is provided.
apps/arcade/src/app/pricing/page.tsx(174,13): error TS17004: Cannot use JSX unless the '--jsx' flag is provided.
apps/arcade/src/app/pricing/page.tsx(175,15): error TS17004: Cannot use JSX unless the '--jsx' flag is provided.
apps/arcade/src/app/pricing/page.tsx(176,15): error TS17004: Cannot use JSX unless the '--jsx' flag is provided.
apps/arcade/src/app/reports/[id]/page.tsx(64,5): error TS17004: Cannot use JSX unless the '--jsx' flag is provided.
apps/arcade/src/app/reports/[id]/page.tsx(69,7): error TS17004: Cannot use JSX unless the '--jsx' flag is provided.
apps/arcade/src/app/reports/[id]/page.tsx(74,7): error TS17004: Cannot use JSX unless the '--jsx' flag is provided.
apps/arcade/src/app/reports/[id]/page.tsx(75,9): error TS17004: Cannot use JSX unless the '--jsx' flag is provided.
apps/arcade/src/app/reports/[id]/page.tsx(78,9): error TS17004: Cannot use JSX unless the '--jsx' flag is provided.
apps/arcade/src/app/reports/[id]/page.tsx(146,7): error TS17004: Cannot use JSX unless the '--jsx' flag is provided.
apps/arcade/src/app/reports/[id]/page.tsx(147,9): error TS17004: Cannot use JSX unless the '--jsx' flag is provided.
apps/arcade/src/app/reports/[id]/page.tsx(153,7): error TS17004: Cannot use JSX unless the '--jsx' flag is provided.
apps/arcade/src/app/reports/[id]/page.tsx(154,9): error TS17004: Cannot use JSX unless the '--jsx' flag is provided.
apps/arcade/src/app/reports/[id]/page.tsx(155,11): error TS17004: Cannot use JSX unless the '--jsx' flag is provided.
apps/arcade/src/app/reports/[id]/page.tsx(156,11): error TS17004: Cannot use JSX unless the '--jsx' flag is provided.
apps/arcade/src/app/reports/[id]/page.tsx(164,5): error TS17004: Cannot use JSX unless the '--jsx' flag is provided.
apps/arcade/src/app/reports/[id]/page.tsx(165,7): error TS17004: Cannot use JSX unless the '--jsx' flag is provided.
apps/arcade/src/app/reports/[id]/page.tsx(167,9): error TS17004: Cannot use JSX unless the '--jsx' flag is provided.
apps/arcade/src/app/reports/[id]/page.tsx(168,11): error TS17004: Cannot use JSX unless the '--jsx' flag is provided.
apps/arcade/src/app/reports/[id]/page.tsx(169,13): error TS17004: Cannot use JSX unless the '--jsx' flag is provided.
apps/arcade/src/app/reports/[id]/page.tsx(172,13): error TS17004: Cannot use JSX unless the '--jsx' flag is provided.
apps/arcade/src/app/reports/[id]/page.tsx(174,15): error TS17004: Cannot use JSX unless the '--jsx' flag is provided.
apps/arcade/src/app/reports/[id]/page.tsx(175,17): error TS17004: Cannot use JSX unless the '--jsx' flag is provided.
apps/arcade/src/app/reports/[id]/page.tsx(180,11): error TS17004: Cannot use JSX unless the '--jsx' flag is provided.
apps/arcade/src/app/reports/[id]/page.tsx(182,15): error TS17004: Cannot use JSX unless the '--jsx' flag is provided.
apps/arcade/src/app/reports/[id]/page.tsx(183,17): error TS17004: Cannot use JSX unless the '--jsx' flag is provided.
apps/arcade/src/app/reports/[id]/page.tsx(184,17): error TS17004: Cannot use JSX unless the '--jsx' flag is provided.
apps/arcade/src/app/reports/[id]/page.tsx(188,19): error TS17004: Cannot use JSX unless the '--jsx' flag is provided.
apps/arcade/src/app/reports/[id]/page.tsx(192,15): error TS17004: Cannot use JSX unless the '--jsx' flag is provided.
apps/arcade/src/app/reports/[id]/page.tsx(197,17): error TS17004: Cannot use JSX unless the '--jsx' flag is provided.
apps/arcade/src/app/reports/[id]/page.tsx(206,11): error TS17004: Cannot use JSX unless the '--jsx' flag is provided.
apps/arcade/src/app/reports/[id]/page.tsx(207,13): error TS17004: Cannot use JSX unless the '--jsx' flag is provided.
apps/arcade/src/app/reports/[id]/page.tsx(209,13): error TS17004: Cannot use JSX unless the '--jsx' flag is provided.
apps/arcade/src/app/reports/[id]/page.tsx(210,15): error TS17004: Cannot use JSX unless the '--jsx' flag is provided.
apps/arcade/src/app/reports/[id]/page.tsx(211,17): error TS17004: Cannot use JSX unless the '--jsx' flag is provided.
apps/arcade/src/app/reports/[id]/page.tsx(212,17): error TS17004: Cannot use JSX unless the '--jsx' flag is provided.
apps/arcade/src/app/reports/[id]/page.tsx(216,15): error TS17004: Cannot use JSX unless the '--jsx' flag is provided.
apps/arcade/src/app/reports/[id]/page.tsx(217,17): error TS17004: Cannot use JSX unless the '--jsx' flag is provided.
apps/arcade/src/app/reports/[id]/page.tsx(218,17): error TS17004: Cannot use JSX unless the '--jsx' flag is provided.
apps/arcade/src/app/reports/[id]/page.tsx(224,15): error TS17004: Cannot use JSX unless the '--jsx' flag is provided.
apps/arcade/src/app/reports/[id]/page.tsx(225,17): error TS17004: Cannot use JSX unless the '--jsx' flag is provided.
apps/arcade/src/app/reports/[id]/page.tsx(226,17): error TS17004: Cannot use JSX unless the '--jsx' flag is provided.
apps/arcade/src/app/reports/[id]/page.tsx(231,15): error TS17004: Cannot use JSX unless the '--jsx' flag is provided.
apps/arcade/src/app/reports/[id]/page.tsx(232,17): error TS17004: Cannot use JSX unless the '--jsx' flag is provided.
apps/arcade/src/app/reports/[id]/page.tsx(235,17): error TS17004: Cannot use JSX unless the '--jsx' flag is provided.
apps/arcade/src/app/reports/[id]/page.tsx(237,21): error TS17004: Cannot use JSX unless the '--jsx' flag is provided.
apps/arcade/src/app/reports/[id]/page.tsx(245,23): error TS17004: Cannot use JSX unless the '--jsx' flag is provided.
apps/arcade/src/app/reports/[id]/page.tsx(246,25): error TS17004: Cannot use JSX unless the '--jsx' flag is provided.
apps/arcade/src/app/reports/[id]/page.tsx(251,25): error TS17004: Cannot use JSX unless the '--jsx' flag is provided.
apps/arcade/src/app/reports/[id]/page.tsx(253,23): error TS17004: Cannot use JSX unless the '--jsx' flag is provided.
apps/arcade/src/app/reports/[id]/page.tsx(254,23): error TS17004: Cannot use JSX unless the '--jsx' flag is provided.
apps/arcade/src/app/reports/[id]/page.tsx(255,25): error TS17004: Cannot use JSX unless the '--jsx' flag is provided.
apps/arcade/src/app/reports/[id]/page.tsx(265,15): error TS17004: Cannot use JSX unless the '--jsx' flag is provided.
apps/arcade/src/app/reports/[id]/page.tsx(267,17): error TS17004: Cannot use JSX unless the '--jsx' flag is provided.
apps/arcade/src/app/reports/[id]/page.tsx(269,19): error TS17004: Cannot use JSX unless the '--jsx' flag is provided.
apps/arcade/src/app/reports/[id]/page.tsx(271,31): error TS17004: Cannot use JSX unless the '--jsx' flag is provided.
apps/arcade/src/app/reports/[id]/page.tsx(274,38): error TS17004: Cannot use JSX unless the '--jsx' flag is provided.
apps/arcade/src/app/reports/[id]/page.tsx(282,11): error TS17004: Cannot use JSX unless the '--jsx' flag is provided.
apps/arcade/src/app/reports/[id]/page.tsx(284,15): error TS17004: Cannot use JSX unless the '--jsx' flag is provided.
apps/arcade/src/app/reports/[id]/page.tsx(288,13): error TS17004: Cannot use JSX unless the '--jsx' flag is provided.
apps/arcade/src/app/reports/[id]/page.tsx(289,15): error TS17004: Cannot use JSX unless the '--jsx' flag is provided.
apps/arcade/src/app/reports/[id]/page.tsx(290,17): error TS17004: Cannot use JSX unless the '--jsx' flag is provided.
apps/arcade/src/app/reports/[id]/page.tsx(291,19): error TS17004: Cannot use JSX unless the '--jsx' flag is provided.
apps/arcade/src/app/reports/[id]/page.tsx(293,23): error TS17004: Cannot use JSX unless the '--jsx' flag is provided.
apps/arcade/src/app/reports/[id]/page.tsx(302,17): error TS17004: Cannot use JSX unless the '--jsx' flag is provided.
apps/arcade/src/app/reports/[id]/page.tsx(304,21): error TS17004: Cannot use JSX unless the '--jsx' flag is provided.
apps/arcade/src/app/reports/[id]/page.tsx(305,23): error TS17004: Cannot use JSX unless the '--jsx' flag is provided.
apps/arcade/src/app/reports/[id]/page.tsx(306,23): error TS17004: Cannot use JSX unless the '--jsx' flag is provided.
apps/arcade/src/app/reports/[id]/page.tsx(307,25): error TS17004: Cannot use JSX unless the '--jsx' flag is provided.
apps/arcade/src/app/reports/[id]/page.tsx(317,23): error TS17004: Cannot use JSX unless the '--jsx' flag is provided.
apps/arcade/src/app/reports/[id]/page.tsx(320,23): error TS17004: Cannot use JSX unless the '--jsx' flag is provided.
apps/arcade/src/app/reports/[id]/page.tsx(321,23): error TS17004: Cannot use JSX unless the '--jsx' flag is provided.
apps/arcade/src/app/reports/[id]/page.tsx(333,11): error TS17004: Cannot use JSX unless the '--jsx' flag is provided.
apps/arcade/src/app/reports/[id]/page.tsx(334,13): error TS17004: Cannot use JSX unless the '--jsx' flag is provided.
apps/arcade/src/app/reports/share/[slug]/page.tsx(67,7): error TS17004: Cannot use JSX unless the '--jsx' flag is provided.
apps/arcade/src/app/reports/share/[slug]/page.tsx(68,9): error TS17004: Cannot use JSX unless the '--jsx' flag is provided.
apps/arcade/src/app/reports/share/[slug]/page.tsx(74,7): error TS17004: Cannot use JSX unless the '--jsx' flag is provided.
apps/arcade/src/app/reports/share/[slug]/page.tsx(75,9): error TS17004: Cannot use JSX unless the '--jsx' flag is provided.
apps/arcade/src/app/reports/share/[slug]/page.tsx(76,9): error TS17004: Cannot use JSX unless the '--jsx' flag is provided.
apps/arcade/src/app/reports/share/[slug]/page.tsx(77,9): error TS17004: Cannot use JSX unless the '--jsx' flag is provided.
apps/arcade/src/app/reports/share/[slug]/page.tsx(88,5): error TS17004: Cannot use JSX unless the '--jsx' flag is provided.
apps/arcade/src/app/reports/share/[slug]/page.tsx(89,7): error TS17004: Cannot use JSX unless the '--jsx' flag is provided.
apps/arcade/src/app/reports/share/[slug]/page.tsx(91,9): error TS17004: Cannot use JSX unless the '--jsx' flag is provided.
apps/arcade/src/app/reports/share/[slug]/page.tsx(92,11): error TS17004: Cannot use JSX unless the '--jsx' flag is provided.
apps/arcade/src/app/reports/share/[slug]/page.tsx(95,11): error TS17004: Cannot use JSX unless the '--jsx' flag is provided.
apps/arcade/src/app/reports/share/[slug]/page.tsx(96,11): error TS17004: Cannot use JSX unless the '--jsx' flag is provided.
apps/arcade/src/app/reports/share/[slug]/page.tsx(103,11): error TS17004: Cannot use JSX unless the '--jsx' flag is provided.
apps/arcade/src/app/reports/share/[slug]/page.tsx(108,13): error TS17004: Cannot use JSX unless the '--jsx' flag is provided.
apps/arcade/src/app/reports/share/[slug]/page.tsx(113,13): error TS17004: Cannot use JSX unless the '--jsx' flag is provided.
apps/arcade/src/app/reports/share/[slug]/page.tsx(114,15): error TS17004: Cannot use JSX unless the '--jsx' flag is provided.
apps/arcade/src/app/reports/share/[slug]/page.tsx(117,15): error TS17004: Cannot use JSX unless the '--jsx' flag is provided.
apps/arcade/src/app/reports/share/[slug]/page.tsx(124,11): error TS17004: Cannot use JSX unless the '--jsx' flag is provided.
apps/arcade/src/app/reports/share/[slug]/page.tsx(126,15): error TS17004: Cannot use JSX unless the '--jsx' flag is provided.
apps/arcade/src/app/reports/share/[slug]/page.tsx(134,17): error TS17004: Cannot use JSX unless the '--jsx' flag is provided.
apps/arcade/src/app/reports/share/[slug]/page.tsx(135,17): error TS17004: Cannot use JSX unless the '--jsx' flag is provided.
apps/arcade/src/app/reports/share/[slug]/page.tsx(136,17): error TS17004: Cannot use JSX unless the '--jsx' flag is provided.
apps/arcade/src/app/reports/share/[slug]/page.tsx(137,19): error TS17004: Cannot use JSX unless the '--jsx' flag is provided.
apps/arcade/src/app/reports/share/[slug]/page.tsx(147,11): error TS17004: Cannot use JSX unless the '--jsx' flag is provided.
apps/arcade/src/app/reports/share/[slug]/page.tsx(149,15): error TS17004: Cannot use JSX unless the '--jsx' flag is provided.
apps/arcade/src/app/reports/share/[slug]/page.tsx(153,13): error TS17004: Cannot use JSX unless the '--jsx' flag is provided.
apps/arcade/src/app/reports/share/[slug]/page.tsx(154,15): error TS17004: Cannot use JSX unless the '--jsx' flag is provided.
apps/arcade/src/app/reports/share/[slug]/page.tsx(155,17): error TS17004: Cannot use JSX unless the '--jsx' flag is provided.
apps/arcade/src/app/reports/share/[slug]/page.tsx(157,21): error TS17004: Cannot use JSX unless the '--jsx' flag is provided.
apps/arcade/src/app/reports/share/[slug]/page.tsx(166,15): error TS17004: Cannot use JSX unless the '--jsx' flag is provided.
apps/arcade/src/app/reports/share/[slug]/page.tsx(168,19): error TS17004: Cannot use JSX unless the '--jsx' flag is provided.
apps/arcade/src/app/reports/share/[slug]/page.tsx(169,21): error TS17004: Cannot use JSX unless the '--jsx' flag is provided.
apps/arcade/src/app/reports/share/[slug]/page.tsx(170,21): error TS17004: Cannot use JSX unless the '--jsx' flag is provided.
apps/arcade/src/app/reports/share/[slug]/page.tsx(171,23): error TS17004: Cannot use JSX unless the '--jsx' flag is provided.
apps/arcade/src/app/reports/share/[slug]/page.tsx(177,21): error TS17004: Cannot use JSX unless the '--jsx' flag is provided.
apps/arcade/src/app/reports/share/[slug]/page.tsx(180,21): error TS17004: Cannot use JSX unless the '--jsx' flag is provided.
apps/arcade/src/app/reports/share/[slug]/page.tsx(181,21): error TS17004: Cannot use JSX unless the '--jsx' flag is provided.
apps/arcade/src/app/reports/share/[slug]/page.tsx(190,9): error TS17004: Cannot use JSX unless the '--jsx' flag is provided.
apps/arcade/src/app/reports/share/[slug]/page.tsx(196,11): error TS17004: Cannot use JSX unless the '--jsx' flag is provided.
apps/arcade/src/app/security/page.tsx(11,5): error TS17004: Cannot use JSX unless the '--jsx' flag is provided.
apps/arcade/src/app/security/page.tsx(12,7): error TS17004: Cannot use JSX unless the '--jsx' flag is provided.
apps/arcade/src/app/security/page.tsx(13,9): error TS17004: Cannot use JSX unless the '--jsx' flag is provided.
apps/arcade/src/app/security/page.tsx(14,11): error TS17004: Cannot use JSX unless the '--jsx' flag is provided.
apps/arcade/src/app/security/page.tsx(17,11): error TS17004: Cannot use JSX unless the '--jsx' flag is provided.
apps/arcade/src/app/security/page.tsx(18,11): error TS17004: Cannot use JSX unless the '--jsx' flag is provided.
apps/arcade/src/app/security/page.tsx(24,9): error TS17004: Cannot use JSX unless the '--jsx' flag is provided.
apps/arcade/src/app/security/page.tsx(25,11): error TS17004: Cannot use JSX unless the '--jsx' flag is provided.
apps/arcade/src/app/security/page.tsx(26,13): error TS17004: Cannot use JSX unless the '--jsx' flag is provided.
apps/arcade/src/app/security/page.tsx(27,13): error TS17004: Cannot use JSX unless the '--jsx' flag is provided.
apps/arcade/src/app/security/page.tsx(33,11): error TS17004: Cannot use JSX unless the '--jsx' flag is provided.
apps/arcade/src/app/security/page.tsx(34,13): error TS17004: Cannot use JSX unless the '--jsx' flag is provided.
apps/arcade/src/app/security/page.tsx(35,13): error TS17004: Cannot use JSX unless the '--jsx' flag is provided.
apps/arcade/src/app/security/page.tsx(40,11): error TS17004: Cannot use JSX unless the '--jsx' flag is provided.
apps/arcade/src/app/security/page.tsx(41,13): error TS17004: Cannot use JSX unless the '--jsx' flag is provided.
apps/arcade/src/app/security/page.tsx(42,13): error TS17004: Cannot use JSX unless the '--jsx' flag is provided.
apps/arcade/src/app/security/page.tsx(47,11): error TS17004: Cannot use JSX unless the '--jsx' flag is provided.
apps/arcade/src/app/security/page.tsx(48,13): error TS17004: Cannot use JSX unless the '--jsx' flag is provided.
apps/arcade/src/app/security/page.tsx(49,13): error TS17004: Cannot use JSX unless the '--jsx' flag is provided.
apps/arcade/src/app/security/page.tsx(56,9): error TS17004: Cannot use JSX unless the '--jsx' flag is provided.
apps/arcade/src/app/security/page.tsx(57,11): error TS17004: Cannot use JSX unless the '--jsx' flag is provided.
apps/arcade/src/app/security/page.tsx(58,11): error TS17004: Cannot use JSX unless the '--jsx' flag is provided.
apps/arcade/src/app/security/page.tsx(62,11): error TS17004: Cannot use JSX unless the '--jsx' flag is provided.
apps/arcade/src/app/security/page.tsx(63,13): error TS17004: Cannot use JSX unless the '--jsx' flag is provided.
apps/arcade/src/app/security/page.tsx(66,13): error TS17004: Cannot use JSX unless the '--jsx' flag is provided.
apps/arcade/src/app/security/page.tsx(72,9): error TS17004: Cannot use JSX unless the '--jsx' flag is provided.
apps/arcade/src/app/security/page.tsx(73,11): error TS17004: Cannot use JSX unless the '--jsx' flag is provided.
apps/arcade/src/app/security/page.tsx(75,13): error TS17004: Cannot use JSX unless the '--jsx' flag is provided.
apps/arcade/src/app/settings/advanced/security/page.tsx(3,28): error TS2307: Cannot find module '@/lib/brand' or its corresponding type declarations.
apps/arcade/src/app/settings/advanced/security/page.tsx(7,5): error TS17004: Cannot use JSX unless the '--jsx' flag is provided.
apps/arcade/src/app/settings/advanced/security/page.tsx(8,7): error TS17004: Cannot use JSX unless the '--jsx' flag is provided.
apps/arcade/src/app/settings/advanced/security/page.tsx(9,9): error TS17004: Cannot use JSX unless the '--jsx' flag is provided.
apps/arcade/src/app/settings/advanced/security/page.tsx(10,9): error TS17004: Cannot use JSX unless the '--jsx' flag is provided.
apps/arcade/src/app/settings/advanced/security/page.tsx(11,9): error TS17004: Cannot use JSX unless the '--jsx' flag is provided.
apps/arcade/src/app/settings/advanced/security/page.tsx(12,9): error TS17004: Cannot use JSX unless the '--jsx' flag is provided.
apps/arcade/src/app/settings/advanced/security/page.tsx(13,9): error TS17004: Cannot use JSX unless the '--jsx' flag is provided.
apps/arcade/src/app/settings/advanced/security/page.tsx(16,7): error TS17004: Cannot use JSX unless the '--jsx' flag is provided.
apps/arcade/src/app/settings/advanced/security/page.tsx(17,7): error TS17004: Cannot use JSX unless the '--jsx' flag is provided.
apps/arcade/src/app/settings/advanced/security/page.tsx(22,7): error TS17004: Cannot use JSX unless the '--jsx' flag is provided.
apps/arcade/src/app/settings/advanced/security/page.tsx(23,9): error TS17004: Cannot use JSX unless the '--jsx' flag is provided.
apps/arcade/src/app/settings/advanced/security/page.tsx(24,11): error TS17004: Cannot use JSX unless the '--jsx' flag is provided.
apps/arcade/src/app/settings/advanced/security/page.tsx(25,13): error TS17004: Cannot use JSX unless the '--jsx' flag is provided.
apps/arcade/src/app/settings/advanced/security/page.tsx(26,15): error TS17004: Cannot use JSX unless the '--jsx' flag is provided.
apps/arcade/src/app/settings/advanced/security/page.tsx(28,13): error TS17004: Cannot use JSX unless the '--jsx' flag is provided.
apps/arcade/src/app/settings/advanced/security/page.tsx(29,15): error TS17004: Cannot use JSX unless the '--jsx' flag is provided.
apps/arcade/src/app/settings/advanced/security/page.tsx(30,15): error TS17004: Cannot use JSX unless the '--jsx' flag is provided.
apps/arcade/src/app/settings/advanced/security/page.tsx(35,11): error TS17004: Cannot use JSX unless the '--jsx' flag is provided.
apps/arcade/src/app/settings/advanced/security/page.tsx(37,9): error TS17004: Cannot use JSX unless the '--jsx' flag is provided.
apps/arcade/src/app/settings/advanced/security/page.tsx(38,11): error TS17004: Cannot use JSX unless the '--jsx' flag is provided.
apps/arcade/src/app/settings/advanced/security/page.tsx(39,13): error TS17004: Cannot use JSX unless the '--jsx' flag is provided.
apps/arcade/src/app/settings/advanced/security/page.tsx(40,13): error TS17004: Cannot use JSX unless the '--jsx' flag is provided.
apps/arcade/src/app/settings/advanced/security/page.tsx(42,11): error TS17004: Cannot use JSX unless the '--jsx' flag is provided.
apps/arcade/src/app/settings/advanced/security/page.tsx(43,13): error TS17004: Cannot use JSX unless the '--jsx' flag is provided.
apps/arcade/src/app/settings/advanced/security/page.tsx(44,13): error TS17004: Cannot use JSX unless the '--jsx' flag is provided.
apps/arcade/src/app/settings/advanced/security/page.tsx(47,9): error TS17004: Cannot use JSX unless the '--jsx' flag is provided.
apps/arcade/src/app/settings/advanced/security/page.tsx(48,11): error TS17004: Cannot use JSX unless the '--jsx' flag is provided.
apps/arcade/src/app/settings/advanced/security/page.tsx(49,11): error TS17004: Cannot use JSX unless the '--jsx' flag is provided.
apps/arcade/src/app/settings/advanced/security/page.tsx(56,7): error TS17004: Cannot use JSX unless the '--jsx' flag is provided.
apps/arcade/src/app/settings/advanced/security/page.tsx(57,9): error TS17004: Cannot use JSX unless the '--jsx' flag is provided.
apps/arcade/src/app/settings/advanced/security/page.tsx(58,11): error TS17004: Cannot use JSX unless the '--jsx' flag is provided.
apps/arcade/src/app/settings/advanced/security/page.tsx(59,13): error TS17004: Cannot use JSX unless the '--jsx' flag is provided.
apps/arcade/src/app/settings/advanced/security/page.tsx(61,11): error TS17004: Cannot use JSX unless the '--jsx' flag is provided.
apps/arcade/src/app/settings/advanced/security/page.tsx(62,13): error TS17004: Cannot use JSX unless the '--jsx' flag is provided.
apps/arcade/src/app/settings/advanced/security/page.tsx(63,13): error TS17004: Cannot use JSX unless the '--jsx' flag is provided.
apps/arcade/src/app/settings/advanced/security/page.tsx(66,9): error TS17004: Cannot use JSX unless the '--jsx' flag is provided.
apps/arcade/src/app/settings/advanced/security/page.tsx(70,7): error TS17004: Cannot use JSX unless the '--jsx' flag is provided.
apps/arcade/src/app/settings/advanced/security/page.tsx(71,9): error TS17004: Cannot use JSX unless the '--jsx' flag is provided.
apps/arcade/src/app/settings/advanced/security/page.tsx(72,11): error TS17004: Cannot use JSX unless the '--jsx' flag is provided.
apps/arcade/src/app/settings/advanced/security/page.tsx(73,13): error TS17004: Cannot use JSX unless the '--jsx' flag is provided.
apps/arcade/src/app/settings/advanced/security/page.tsx(75,11): error TS17004: Cannot use JSX unless the '--jsx' flag is provided.
apps/arcade/src/app/settings/advanced/security/page.tsx(76,13): error TS17004: Cannot use JSX unless the '--jsx' flag is provided.
apps/arcade/src/app/settings/advanced/security/page.tsx(77,13): error TS17004: Cannot use JSX unless the '--jsx' flag is provided.
apps/arcade/src/app/settings/advanced/security/page.tsx(80,9): error TS17004: Cannot use JSX unless the '--jsx' flag is provided.
apps/arcade/src/app/settings/advanced/security/page.tsx(95,13): error TS17004: Cannot use JSX unless the '--jsx' flag is provided.
apps/arcade/src/app/settings/advanced/security/page.tsx(99,15): error TS17004: Cannot use JSX unless the '--jsx' flag is provided.
apps/arcade/src/app/settings/advanced/security/page.tsx(100,17): error TS17004: Cannot use JSX unless the '--jsx' flag is provided.
apps/arcade/src/app/settings/advanced/security/page.tsx(103,17): error TS17004: Cannot use JSX unless the '--jsx' flag is provided.
apps/arcade/src/app/settings/advanced/security/page.tsx(104,19): error TS17004: Cannot use JSX unless the '--jsx' flag is provided.
apps/arcade/src/app/settings/advanced/security/page.tsx(105,19): error TS17004: Cannot use JSX unless the '--jsx' flag is provided.
apps/arcade/src/app/settings/advanced/security/page.tsx(108,23): error TS17004: Cannot use JSX unless the '--jsx' flag is provided.
apps/arcade/src/app/settings/advanced/security/page.tsx(116,17): error TS17004: Cannot use JSX unless the '--jsx' flag is provided.
apps/arcade/src/app/settings/advanced/security/page.tsx(123,9): error TS17004: Cannot use JSX unless the '--jsx' flag is provided.
apps/arcade/src/app/settings/advanced/security/page.tsx(124,11): error TS17004: Cannot use JSX unless the '--jsx' flag is provided.
apps/arcade/src/app/settings/advanced/security/page.tsx(131,7): error TS17004: Cannot use JSX unless the '--jsx' flag is provided.
apps/arcade/src/app/settings/advanced/security/page.tsx(132,9): error TS17004: Cannot use JSX unless the '--jsx' flag is provided.
apps/arcade/src/app/settings/advanced/security/page.tsx(133,11): error TS17004: Cannot use JSX unless the '--jsx' flag is provided.
apps/arcade/src/app/settings/advanced/security/page.tsx(134,11): error TS17004: Cannot use JSX unless the '--jsx' flag is provided.
apps/arcade/src/app/settings/advanced/security/page.tsx(138,9): error TS17004: Cannot use JSX unless the '--jsx' flag is provided.
apps/arcade/src/app/settings/advanced/security/page.tsx(139,11): error TS17004: Cannot use JSX unless the '--jsx' flag is provided.
apps/arcade/src/app/settings/advanced/security/page.tsx(153,15): error TS17004: Cannot use JSX unless the '--jsx' flag is provided.
apps/arcade/src/app/settings/advanced/security/page.tsx(154,17): error TS17004: Cannot use JSX unless the '--jsx' flag is provided.
apps/arcade/src/app/settings/advanced/security/page.tsx(155,17): error TS17004: Cannot use JSX unless the '--jsx' flag is provided.
apps/arcade/src/app/settings/advanced/security/page.tsx(156,17): error TS17004: Cannot use JSX unless the '--jsx' flag is provided.
apps/arcade/src/app/settings/advanced/webhooks/page.tsx(3,28): error TS2307: Cannot find module '@/lib/brand' or its corresponding type declarations.
apps/arcade/src/app/settings/advanced/webhooks/page.tsx(7,5): error TS17004: Cannot use JSX unless the '--jsx' flag is provided.
apps/arcade/src/app/settings/advanced/webhooks/page.tsx(8,7): error TS17004: Cannot use JSX unless the '--jsx' flag is provided.
apps/arcade/src/app/settings/advanced/webhooks/page.tsx(9,9): error TS17004: Cannot use JSX unless the '--jsx' flag is provided.
apps/arcade/src/app/settings/advanced/webhooks/page.tsx(10,9): error TS17004: Cannot use JSX unless the '--jsx' flag is provided.
apps/arcade/src/app/settings/advanced/webhooks/page.tsx(11,9): error TS17004: Cannot use JSX unless the '--jsx' flag is provided.
apps/arcade/src/app/settings/advanced/webhooks/page.tsx(12,9): error TS17004: Cannot use JSX unless the '--jsx' flag is provided.
apps/arcade/src/app/settings/advanced/webhooks/page.tsx(13,9): error TS17004: Cannot use JSX unless the '--jsx' flag is provided.
apps/arcade/src/app/settings/advanced/webhooks/page.tsx(16,7): error TS17004: Cannot use JSX unless the '--jsx' flag is provided.
apps/arcade/src/app/settings/advanced/webhooks/page.tsx(17,7): error TS17004: Cannot use JSX unless the '--jsx' flag is provided.
apps/arcade/src/app/settings/advanced/webhooks/page.tsx(23,7): error TS17004: Cannot use JSX unless the '--jsx' flag is provided.
apps/arcade/src/app/settings/advanced/webhooks/page.tsx(24,9): error TS17004: Cannot use JSX unless the '--jsx' flag is provided.
apps/arcade/src/app/settings/advanced/webhooks/page.tsx(25,11): error TS17004: Cannot use JSX unless the '--jsx' flag is provided.
apps/arcade/src/app/settings/advanced/webhooks/page.tsx(26,11): error TS17004: Cannot use JSX unless the '--jsx' flag is provided.
apps/arcade/src/app/settings/advanced/webhooks/page.tsx(27,13): error TS17004: Cannot use JSX unless the '--jsx' flag is provided.
apps/arcade/src/app/settings/advanced/webhooks/page.tsx(32,9): error TS17004: Cannot use JSX unless the '--jsx' flag is provided.
apps/arcade/src/app/settings/advanced/webhooks/page.tsx(47,13): error TS17004: Cannot use JSX unless the '--jsx' flag is provided.
apps/arcade/src/app/settings/advanced/webhooks/page.tsx(51,15): error TS17004: Cannot use JSX unless the '--jsx' flag is provided.
apps/arcade/src/app/settings/advanced/webhooks/page.tsx(52,17): error TS17004: Cannot use JSX unless the '--jsx' flag is provided.
apps/arcade/src/app/settings/advanced/webhooks/page.tsx(53,17): error TS17004: Cannot use JSX unless the '--jsx' flag is provided.
apps/arcade/src/app/settings/advanced/webhooks/page.tsx(54,27): error TS17004: Cannot use JSX unless the '--jsx' flag is provided.
apps/arcade/src/app/settings/advanced/webhooks/page.tsx(58,15): error TS17004: Cannot use JSX unless the '--jsx' flag is provided.
apps/arcade/src/app/settings/advanced/webhooks/page.tsx(59,17): error TS17004: Cannot use JSX unless the '--jsx' flag is provided.
apps/arcade/src/app/settings/advanced/webhooks/page.tsx(60,17): error TS17004: Cannot use JSX unless the '--jsx' flag is provided.
apps/arcade/src/app/settings/advanced/webhooks/page.tsx(64,19): error TS17004: Cannot use JSX unless the '--jsx' flag is provided.
apps/arcade/src/app/settings/advanced/webhooks/page.tsx(66,17): error TS17004: Cannot use JSX unless the '--jsx' flag is provided.
apps/arcade/src/app/settings/advanced/webhooks/page.tsx(70,19): error TS17004: Cannot use JSX unless the '--jsx' flag is provided.
apps/arcade/src/app/settings/advanced/webhooks/page.tsx(79,7): error TS17004: Cannot use JSX unless the '--jsx' flag is provided.
apps/arcade/src/app/settings/advanced/webhooks/page.tsx(80,9): error TS17004: Cannot use JSX unless the '--jsx' flag is provided.
apps/arcade/src/app/settings/advanced/webhooks/page.tsx(81,11): error TS17004: Cannot use JSX unless the '--jsx' flag is provided.
apps/arcade/src/app/settings/advanced/webhooks/page.tsx(83,9): error TS17004: Cannot use JSX unless the '--jsx' flag is provided.
apps/arcade/src/app/settings/advanced/webhooks/page.tsx(84,11): error TS17004: Cannot use JSX unless the '--jsx' flag is provided.
apps/arcade/src/app/settings/advanced/webhooks/page.tsx(85,13): error TS17004: Cannot use JSX unless the '--jsx' flag is provided.
apps/arcade/src/app/settings/advanced/webhooks/page.tsx(86,15): error TS17004: Cannot use JSX unless the '--jsx' flag is provided.
apps/arcade/src/app/settings/advanced/webhooks/page.tsx(87,15): error TS17004: Cannot use JSX unless the '--jsx' flag is provided.
apps/arcade/src/app/settings/advanced/webhooks/page.tsx(88,15): error TS17004: Cannot use JSX unless the '--jsx' flag is provided.
apps/arcade/src/app/settings/advanced/webhooks/page.tsx(89,15): error TS17004: Cannot use JSX unless the '--jsx' flag is provided.
apps/arcade/src/app/settings/advanced/webhooks/page.tsx(92,11): error TS17004: Cannot use JSX unless the '--jsx' flag is provided.
apps/arcade/src/app/settings/advanced/webhooks/page.tsx(113,15): error TS17004: Cannot use JSX unless the '--jsx' flag is provided.
apps/arcade/src/app/settings/advanced/webhooks/page.tsx(114,17): error TS17004: Cannot use JSX unless the '--jsx' flag is provided.
apps/arcade/src/app/settings/advanced/webhooks/page.tsx(115,19): error TS17004: Cannot use JSX unless the '--jsx' flag is provided.
apps/arcade/src/app/settings/advanced/webhooks/page.tsx(117,17): error TS17004: Cannot use JSX unless the '--jsx' flag is provided.
apps/arcade/src/app/settings/advanced/webhooks/page.tsx(118,17): error TS17004: Cannot use JSX unless the '--jsx' flag is provided.
apps/arcade/src/app/settings/advanced/webhooks/page.tsx(119,19): error TS17004: Cannot use JSX unless the '--jsx' flag is provided.
apps/arcade/src/app/settings/advanced/webhooks/page.tsx(121,17): error TS17004: Cannot use JSX unless the '--jsx' flag is provided.
apps/arcade/src/app/settings/alerts/page.tsx(88,5): error TS17004: Cannot use JSX unless the '--jsx' flag is provided.
apps/arcade/src/app/settings/alerts/page.tsx(89,7): error TS17004: Cannot use JSX unless the '--jsx' flag is provided.
apps/arcade/src/app/settings/alerts/page.tsx(90,9): error TS17004: Cannot use JSX unless the '--jsx' flag is provided.
apps/arcade/src/app/settings/alerts/page.tsx(91,11): error TS17004: Cannot use JSX unless the '--jsx' flag is provided.
apps/arcade/src/app/settings/alerts/page.tsx(92,11): error TS17004: Cannot use JSX unless the '--jsx' flag is provided.
apps/arcade/src/app/settings/alerts/page.tsx(96,9): error TS17004: Cannot use JSX unless the '--jsx' flag is provided.
apps/arcade/src/app/settings/alerts/page.tsx(100,11): error TS17004: Cannot use JSX unless the '--jsx' flag is provided.
apps/arcade/src/app/settings/alerts/page.tsx(106,9): error TS17004: Cannot use JSX unless the '--jsx' flag is provided.
apps/arcade/src/app/settings/alerts/page.tsx(107,11): error TS17004: Cannot use JSX unless the '--jsx' flag is provided.
apps/arcade/src/app/settings/alerts/page.tsx(108,11): error TS17004: Cannot use JSX unless the '--jsx' flag is provided.
apps/arcade/src/app/settings/alerts/page.tsx(109,13): error TS17004: Cannot use JSX unless the '--jsx' flag is provided.
apps/arcade/src/app/settings/alerts/page.tsx(110,15): error TS17004: Cannot use JSX unless the '--jsx' flag is provided.
apps/arcade/src/app/settings/alerts/page.tsx(111,15): error TS17004: Cannot use JSX unless the '--jsx' flag is provided.
apps/arcade/src/app/settings/alerts/page.tsx(119,13): error TS17004: Cannot use JSX unless the '--jsx' flag is provided.
apps/arcade/src/app/settings/alerts/page.tsx(120,15): error TS17004: Cannot use JSX unless the '--jsx' flag is provided.
apps/arcade/src/app/settings/alerts/page.tsx(121,15): error TS17004: Cannot use JSX unless the '--jsx' flag is provided.
apps/arcade/src/app/settings/alerts/page.tsx(131,17): error TS17004: Cannot use JSX unless the '--jsx' flag is provided.
apps/arcade/src/app/settings/alerts/page.tsx(132,17): error TS17004: Cannot use JSX unless the '--jsx' flag is provided.
apps/arcade/src/app/settings/alerts/page.tsx(135,13): error TS17004: Cannot use JSX unless the '--jsx' flag is provided.
apps/arcade/src/app/settings/alerts/page.tsx(136,15): error TS17004: Cannot use JSX unless the '--jsx' flag is provided.
apps/arcade/src/app/settings/alerts/page.tsx(139,15): error TS17004: Cannot use JSX unless the '--jsx' flag is provided.
apps/arcade/src/app/settings/alerts/page.tsx(149,23): error TS17004: Cannot use JSX unless the '--jsx' flag is provided.
apps/arcade/src/app/settings/alerts/page.tsx(150,13): error TS17004: Cannot use JSX unless the '--jsx' flag is provided.
apps/arcade/src/app/settings/alerts/page.tsx(151,15): error TS17004: Cannot use JSX unless the '--jsx' flag is provided.
apps/arcade/src/app/settings/alerts/page.tsx(158,15): error TS17004: Cannot use JSX unless the '--jsx' flag is provided.
apps/arcade/src/app/settings/alerts/page.tsx(171,9): error TS17004: Cannot use JSX unless the '--jsx' flag is provided.
apps/arcade/src/app/settings/alerts/page.tsx(173,9): error TS17004: Cannot use JSX unless the '--jsx' flag is provided.
apps/arcade/src/app/settings/alerts/page.tsx(174,11): error TS17004: Cannot use JSX unless the '--jsx' flag is provided.
apps/arcade/src/app/settings/alerts/page.tsx(177,11): error TS17004: Cannot use JSX unless the '--jsx' flag is provided.
apps/arcade/src/app/settings/alerts/page.tsx(178,11): error TS17004: Cannot use JSX unless the '--jsx' flag is provided.
apps/arcade/src/app/settings/alerts/page.tsx(179,11): error TS17004: Cannot use JSX unless the '--jsx' flag is provided.
apps/arcade/src/app/settings/alerts/page.tsx(187,9): error TS17004: Cannot use JSX unless the '--jsx' flag is provided.
apps/arcade/src/app/settings/alerts/page.tsx(189,13): error TS17004: Cannot use JSX unless the '--jsx' flag is provided.
apps/arcade/src/app/settings/alerts/page.tsx(193,15): error TS17004: Cannot use JSX unless the '--jsx' flag is provided.
apps/arcade/src/app/settings/alerts/page.tsx(194,17): error TS17004: Cannot use JSX unless the '--jsx' flag is provided.
apps/arcade/src/app/settings/alerts/page.tsx(195,19): error TS17004: Cannot use JSX unless the '--jsx' flag is provided.
apps/arcade/src/app/settings/alerts/page.tsx(198,19): error TS17004: Cannot use JSX unless the '--jsx' flag is provided.
apps/arcade/src/app/settings/alerts/page.tsx(199,19): error TS17004: Cannot use JSX unless the '--jsx' flag is provided.
apps/arcade/src/app/settings/alerts/page.tsx(209,17): error TS17004: Cannot use JSX unless the '--jsx' flag is provided.
apps/arcade/src/app/settings/alerts/page.tsx(211,15): error TS17004: Cannot use JSX unless the '--jsx' flag is provided.
apps/arcade/src/app/settings/alerts/page.tsx(212,17): error TS17004: Cannot use JSX unless the '--jsx' flag is provided.
apps/arcade/src/app/settings/alerts/page.tsx(218,17): error TS17004: Cannot use JSX unless the '--jsx' flag is provided.
apps/arcade/src/app/settings/api-keys/page.tsx(4,28): error TS2307: Cannot find module '@/lib/brand' or its corresponding type declarations.
apps/arcade/src/app/settings/api-keys/page.tsx(50,5): error TS17004: Cannot use JSX unless the '--jsx' flag is provided.
apps/arcade/src/app/settings/api-keys/page.tsx(52,7): error TS17004: Cannot use JSX unless the '--jsx' flag is provided.
apps/arcade/src/app/settings/api-keys/page.tsx(53,9): error TS17004: Cannot use JSX unless the '--jsx' flag is provided.
apps/arcade/src/app/settings/api-keys/page.tsx(54,9): error TS17004: Cannot use JSX unless the '--jsx' flag is provided.
apps/arcade/src/app/settings/api-keys/page.tsx(55,9): error TS17004: Cannot use JSX unless the '--jsx' flag is provided.
apps/arcade/src/app/settings/api-keys/page.tsx(58,7): error TS17004: Cannot use JSX unless the '--jsx' flag is provided.
apps/arcade/src/app/settings/api-keys/page.tsx(59,7): error TS17004: Cannot use JSX unless the '--jsx' flag is provided.
apps/arcade/src/app/settings/api-keys/page.tsx(65,7): error TS17004: Cannot use JSX unless the '--jsx' flag is provided.
apps/arcade/src/app/settings/api-keys/page.tsx(67,9): error TS17004: Cannot use JSX unless the '--jsx' flag is provided.
apps/arcade/src/app/settings/api-keys/page.tsx(68,11): error TS17004: Cannot use JSX unless the '--jsx' flag is provided.
apps/arcade/src/app/settings/api-keys/page.tsx(69,13): error TS17004: Cannot use JSX unless the '--jsx' flag is provided.
apps/arcade/src/app/settings/api-keys/page.tsx(72,13): error TS17004: Cannot use JSX unless the '--jsx' flag is provided.
apps/arcade/src/app/settings/api-keys/page.tsx(74,11): error TS17004: Cannot use JSX unless the '--jsx' flag is provided.
apps/arcade/src/app/settings/api-keys/page.tsx(75,13): error TS17004: Cannot use JSX unless the '--jsx' flag is provided.
apps/arcade/src/app/settings/api-keys/page.tsx(76,15): error TS17004: Cannot use JSX unless the '--jsx' flag is provided.
apps/arcade/src/app/settings/api-keys/page.tsx(77,15): error TS17004: Cannot use JSX unless the '--jsx' flag is provided.
apps/arcade/src/app/settings/api-keys/page.tsx(79,13): error TS17004: Cannot use JSX unless the '--jsx' flag is provided.
apps/arcade/src/app/settings/api-keys/page.tsx(80,28): error TS17004: Cannot use JSX unless the '--jsx' flag is provided.
apps/arcade/src/app/settings/api-keys/page.tsx(82,13): error TS17004: Cannot use JSX unless the '--jsx' flag is provided.
apps/arcade/src/app/settings/api-keys/page.tsx(84,11): error TS17004: Cannot use JSX unless the '--jsx' flag is provided.
apps/arcade/src/app/settings/api-keys/page.tsx(90,9): error TS17004: Cannot use JSX unless the '--jsx' flag is provided.
apps/arcade/src/app/settings/api-keys/page.tsx(91,11): error TS17004: Cannot use JSX unless the '--jsx' flag is provided.
apps/arcade/src/app/settings/api-keys/page.tsx(92,13): error TS17004: Cannot use JSX unless the '--jsx' flag is provided.
apps/arcade/src/app/settings/api-keys/page.tsx(93,13): error TS17004: Cannot use JSX unless the '--jsx' flag is provided.
apps/arcade/src/app/settings/api-keys/page.tsx(94,15): error TS17004: Cannot use JSX unless the '--jsx' flag is provided.
apps/arcade/src/app/settings/api-keys/page.tsx(95,15): error TS17004: Cannot use JSX unless the '--jsx' flag is provided.
apps/arcade/src/app/settings/api-keys/page.tsx(96,17): error TS17004: Cannot use JSX unless the '--jsx' flag is provided.
apps/arcade/src/app/settings/api-keys/page.tsx(100,13): error TS17004: Cannot use JSX unless the '--jsx' flag is provided.
apps/arcade/src/app/settings/api-keys/page.tsx(101,15): error TS17004: Cannot use JSX unless the '--jsx' flag is provided.
apps/arcade/src/app/settings/api-keys/page.tsx(104,11): error TS17004: Cannot use JSX unless the '--jsx' flag is provided.
apps/arcade/src/app/settings/api-keys/page.tsx(105,13): error TS17004: Cannot use JSX unless the '--jsx' flag is provided.
apps/arcade/src/app/settings/api-keys/page.tsx(106,13): error TS17004: Cannot use JSX unless the '--jsx' flag is provided.
apps/arcade/src/app/settings/api-keys/page.tsx(107,15): error TS17004: Cannot use JSX unless the '--jsx' flag is provided.
apps/arcade/src/app/settings/api-keys/page.tsx(108,15): error TS17004: Cannot use JSX unless the '--jsx' flag is provided.
apps/arcade/src/app/settings/api-keys/page.tsx(109,17): error TS17004: Cannot use JSX unless the '--jsx' flag is provided.
apps/arcade/src/app/settings/api-keys/page.tsx(118,7): error TS17004: Cannot use JSX unless the '--jsx' flag is provided.
apps/arcade/src/app/settings/api-keys/page.tsx(119,9): error TS17004: Cannot use JSX unless the '--jsx' flag is provided.
apps/arcade/src/app/settings/api-keys/page.tsx(120,11): error TS17004: Cannot use JSX unless the '--jsx' flag is provided.
apps/arcade/src/app/settings/api-keys/page.tsx(121,13): error TS17004: Cannot use JSX unless the '--jsx' flag is provided.
apps/arcade/src/app/settings/api-keys/page.tsx(122,13): error TS17004: Cannot use JSX unless the '--jsx' flag is provided.
apps/arcade/src/app/settings/api-keys/page.tsx(126,11): error TS17004: Cannot use JSX unless the '--jsx' flag is provided.
apps/arcade/src/app/settings/api-keys/page.tsx(127,13): error TS17004: Cannot use JSX unless the '--jsx' flag is provided.
apps/arcade/src/app/settings/api-keys/page.tsx(132,9): error TS17004: Cannot use JSX unless the '--jsx' flag is provided.
apps/arcade/src/app/settings/api-keys/page.tsx(133,11): error TS17004: Cannot use JSX unless the '--jsx' flag is provided.
apps/arcade/src/app/settings/api-keys/page.tsx(134,13): error TS17004: Cannot use JSX unless the '--jsx' flag is provided.
apps/arcade/src/app/settings/api-keys/page.tsx(135,15): error TS17004: Cannot use JSX unless the '--jsx' flag is provided.
apps/arcade/src/app/settings/api-keys/page.tsx(136,17): error TS17004: Cannot use JSX unless the '--jsx' flag is provided.
apps/arcade/src/app/settings/api-keys/page.tsx(137,17): error TS17004: Cannot use JSX unless the '--jsx' flag is provided.
apps/arcade/src/app/settings/api-keys/page.tsx(138,17): error TS17004: Cannot use JSX unless the '--jsx' flag is provided.
apps/arcade/src/app/settings/api-keys/page.tsx(139,17): error TS17004: Cannot use JSX unless the '--jsx' flag is provided.
apps/arcade/src/app/settings/api-keys/page.tsx(140,17): error TS17004: Cannot use JSX unless the '--jsx' flag is provided.
apps/arcade/src/app/settings/api-keys/page.tsx(143,13): error TS17004: Cannot use JSX unless the '--jsx' flag is provided.
apps/arcade/src/app/settings/api-keys/page.tsx(145,17): error TS17004: Cannot use JSX unless the '--jsx' flag is provided.
apps/arcade/src/app/settings/api-keys/page.tsx(146,19): error TS17004: Cannot use JSX unless the '--jsx' flag is provided.
apps/arcade/src/app/settings/api-keys/page.tsx(147,21): error TS17004: Cannot use JSX unless the '--jsx' flag is provided.
apps/arcade/src/app/settings/api-keys/page.tsx(148,23): error TS17004: Cannot use JSX unless the '--jsx' flag is provided.
apps/arcade/src/app/settings/api-keys/page.tsx(149,23): error TS17004: Cannot use JSX unless the '--jsx' flag is provided.
apps/arcade/src/app/settings/api-keys/page.tsx(150,25): error TS17004: Cannot use JSX unless the '--jsx' flag is provided.
apps/arcade/src/app/settings/api-keys/page.tsx(153,25): error TS17004: Cannot use JSX unless the '--jsx' flag is provided.
apps/arcade/src/app/settings/api-keys/page.tsx(157,27): error TS17004: Cannot use JSX unless the '--jsx' flag is provided.
apps/arcade/src/app/settings/api-keys/page.tsx(164,19): error TS17004: Cannot use JSX unless the '--jsx' flag is provided.
apps/arcade/src/app/settings/api-keys/page.tsx(165,21): error TS17004: Cannot use JSX unless the '--jsx' flag is provided.
apps/arcade/src/app/settings/api-keys/page.tsx(171,19): error TS17004: Cannot use JSX unless the '--jsx' flag is provided.
apps/arcade/src/app/settings/api-keys/page.tsx(172,19): error TS17004: Cannot use JSX unless the '--jsx' flag is provided.
apps/arcade/src/app/settings/api-keys/page.tsx(173,19): error TS17004: Cannot use JSX unless the '--jsx' flag is provided.
apps/arcade/src/app/settings/api-keys/page.tsx(174,21): error TS17004: Cannot use JSX unless the '--jsx' flag is provided.
apps/arcade/src/app/settings/api-keys/page.tsx(175,23): error TS17004: Cannot use JSX unless the '--jsx' flag is provided.
apps/arcade/src/app/settings/api-keys/page.tsx(179,25): error TS17004: Cannot use JSX unless the '--jsx' flag is provided.
apps/arcade/src/app/settings/api-keys/page.tsx(181,23): error TS17004: Cannot use JSX unless the '--jsx' flag is provided.
apps/arcade/src/app/settings/api-keys/page.tsx(185,25): error TS17004: Cannot use JSX unless the '--jsx' flag is provided.
apps/arcade/src/app/settings/api-keys/page.tsx(197,7): error TS17004: Cannot use JSX unless the '--jsx' flag is provided.
apps/arcade/src/app/settings/api-keys/page.tsx(199,9): error TS17004: Cannot use JSX unless the '--jsx' flag is provided.
apps/arcade/src/app/settings/api-keys/page.tsx(200,11): error TS17004: Cannot use JSX unless the '--jsx' flag is provided.
apps/arcade/src/app/settings/api-keys/page.tsx(201,13): error TS17004: Cannot use JSX unless the '--jsx' flag is provided.
apps/arcade/src/app/settings/api-keys/page.tsx(202,15): error TS17004: Cannot use JSX unless the '--jsx' flag is provided.
apps/arcade/src/app/settings/api-keys/page.tsx(203,17): error TS17004: Cannot use JSX unless the '--jsx' flag is provided.
apps/arcade/src/app/settings/api-keys/page.tsx(205,15): error TS17004: Cannot use JSX unless the '--jsx' flag is provided.
apps/arcade/src/app/settings/api-keys/page.tsx(206,17): error TS17004: Cannot use JSX unless the '--jsx' flag is provided.
apps/arcade/src/app/settings/api-keys/page.tsx(207,17): error TS17004: Cannot use JSX unless the '--jsx' flag is provided.
apps/arcade/src/app/settings/api-keys/page.tsx(213,11): error TS17004: Cannot use JSX unless the '--jsx' flag is provided.
apps/arcade/src/app/settings/api-keys/page.tsx(214,13): error TS17004: Cannot use JSX unless the '--jsx' flag is provided.
apps/arcade/src/app/settings/api-keys/page.tsx(215,15): error TS17004: Cannot use JSX unless the '--jsx' flag is provided.
apps/arcade/src/app/settings/api-keys/page.tsx(216,15): error TS17004: Cannot use JSX unless the '--jsx' flag is provided.
apps/arcade/src/app/settings/api-keys/page.tsx(217,17): error TS17004: Cannot use JSX unless the '--jsx' flag is provided.
apps/arcade/src/app/settings/api-keys/page.tsx(221,13): error TS17004: Cannot use JSX unless the '--jsx' flag is provided.
apps/arcade/src/app/settings/api-keys/page.tsx(222,15): error TS17004: Cannot use JSX unless the '--jsx' flag is provided.
apps/arcade/src/app/settings/api-keys/page.tsx(223,15): error TS17004: Cannot use JSX unless the '--jsx' flag is provided.
apps/arcade/src/app/settings/api-keys/page.tsx(229,9): error TS17004: Cannot use JSX unless the '--jsx' flag is provided.
apps/arcade/src/app/settings/api-keys/page.tsx(230,11): error TS17004: Cannot use JSX unless the '--jsx' flag is provided.
apps/arcade/src/app/settings/api-keys/page.tsx(231,13): error TS17004: Cannot use JSX unless the '--jsx' flag is provided.
apps/arcade/src/app/settings/api-keys/page.tsx(232,15): error TS17004: Cannot use JSX unless the '--jsx' flag is provided.
apps/arcade/src/app/settings/api-keys/page.tsx(234,13): error TS17004: Cannot use JSX unless the '--jsx' flag is provided.
apps/arcade/src/app/settings/api-keys/page.tsx(235,15): error TS17004: Cannot use JSX unless the '--jsx' flag is provided.
apps/arcade/src/app/settings/api-keys/page.tsx(236,15): error TS17004: Cannot use JSX unless the '--jsx' flag is provided.
apps/arcade/src/app/settings/api-keys/page.tsx(239,11): error TS17004: Cannot use JSX unless the '--jsx' flag is provided.
apps/arcade/src/app/settings/api-keys/page.tsx(240,13): error TS17004: Cannot use JSX unless the '--jsx' flag is provided.
apps/arcade/src/app/settings/api-keys/page.tsx(241,15): error TS17004: Cannot use JSX unless the '--jsx' flag is provided.
apps/arcade/src/app/settings/api-keys/page.tsx(242,17): error TS17004: Cannot use JSX unless the '--jsx' flag is provided.
apps/arcade/src/app/settings/api-keys/page.tsx(243,17): error TS17004: Cannot use JSX unless the '--jsx' flag is provided.
apps/arcade/src/app/settings/api-keys/page.tsx(244,19): error TS17004: Cannot use JSX unless the '--jsx' flag is provided.
apps/arcade/src/app/settings/api-keys/page.tsx(245,19): error TS17004: Cannot use JSX unless the '--jsx' flag is provided.
apps/arcade/src/app/settings/api-keys/page.tsx(246,41): error TS17004: Cannot use JSX unless the '--jsx' flag is provided.
apps/arcade/src/app/settings/api-keys/page.tsx(251,13): error TS17004: Cannot use JSX unless the '--jsx' flag is provided.
apps/arcade/src/app/settings/api-keys/page.tsx(252,15): error TS17004: Cannot use JSX unless the '--jsx' flag is provided.
apps/arcade/src/app/settings/api-keys/page.tsx(253,17): error TS17004: Cannot use JSX unless the '--jsx' flag is provided.
apps/arcade/src/app/settings/api-keys/page.tsx(256,17): error TS17004: Cannot use JSX unless the '--jsx' flag is provided.
apps/arcade/src/app/settings/api-keys/page.tsx(257,19): error TS17004: Cannot use JSX unless the '--jsx' flag is provided.
apps/arcade/src/app/settings/api-keys/page.tsx(258,19): error TS17004: Cannot use JSX unless the '--jsx' flag is provided.
apps/arcade/src/app/settings/api-keys/page.tsx(261,15): error TS17004: Cannot use JSX unless the '--jsx' flag is provided.
apps/arcade/src/app/settings/billing/page.tsx(3,28): error TS2307: Cannot find module '@/lib/brand' or its corresponding type declarations.
apps/arcade/src/app/settings/billing/page.tsx(7,5): error TS17004: Cannot use JSX unless the '--jsx' flag is provided.
apps/arcade/src/app/settings/billing/page.tsx(8,7): error TS17004: Cannot use JSX unless the '--jsx' flag is provided.
apps/arcade/src/app/settings/billing/page.tsx(9,9): error TS17004: Cannot use JSX unless the '--jsx' flag is provided.
apps/arcade/src/app/settings/billing/page.tsx(10,9): error TS17004: Cannot use JSX unless the '--jsx' flag is provided.
apps/arcade/src/app/settings/billing/page.tsx(11,9): error TS17004: Cannot use JSX unless the '--jsx' flag is provided.
apps/arcade/src/app/settings/billing/page.tsx(14,7): error TS17004: Cannot use JSX unless the '--jsx' flag is provided.
apps/arcade/src/app/settings/billing/page.tsx(15,7): error TS17004: Cannot use JSX unless the '--jsx' flag is provided.
apps/arcade/src/app/settings/billing/page.tsx(20,7): error TS17004: Cannot use JSX unless the '--jsx' flag is provided.
apps/arcade/src/app/settings/billing/page.tsx(21,9): error TS17004: Cannot use JSX unless the '--jsx' flag is provided.
apps/arcade/src/app/settings/billing/page.tsx(22,11): error TS17004: Cannot use JSX unless the '--jsx' flag is provided.
apps/arcade/src/app/settings/billing/page.tsx(23,13): error TS17004: Cannot use JSX unless the '--jsx' flag is provided.
apps/arcade/src/app/settings/billing/page.tsx(24,13): error TS17004: Cannot use JSX unless the '--jsx' flag is provided.
apps/arcade/src/app/settings/billing/page.tsx(25,15): error TS17004: Cannot use JSX unless the '--jsx' flag is provided.
apps/arcade/src/app/settings/billing/page.tsx(26,15): error TS17004: Cannot use JSX unless the '--jsx' flag is provided.
apps/arcade/src/app/settings/billing/page.tsx(28,13): error TS17004: Cannot use JSX unless the '--jsx' flag is provided.
apps/arcade/src/app/settings/billing/page.tsx(32,11): error TS17004: Cannot use JSX unless the '--jsx' flag is provided.
apps/arcade/src/app/settings/billing/page.tsx(33,13): error TS17004: Cannot use JSX unless the '--jsx' flag is provided.
apps/arcade/src/app/settings/billing/page.tsx(34,13): error TS17004: Cannot use JSX unless the '--jsx' flag is provided.
apps/arcade/src/app/settings/billing/page.tsx(42,7): error TS17004: Cannot use JSX unless the '--jsx' flag is provided.
apps/arcade/src/app/settings/billing/page.tsx(43,9): error TS17004: Cannot use JSX unless the '--jsx' flag is provided.
apps/arcade/src/app/settings/billing/page.tsx(44,11): error TS17004: Cannot use JSX unless the '--jsx' flag is provided.
apps/arcade/src/app/settings/billing/page.tsx(45,11): error TS17004: Cannot use JSX unless the '--jsx' flag is provided.
apps/arcade/src/app/settings/billing/page.tsx(46,11): error TS17004: Cannot use JSX unless the '--jsx' flag is provided.
apps/arcade/src/app/settings/billing/page.tsx(47,13): error TS17004: Cannot use JSX unless the '--jsx' flag is provided.
apps/arcade/src/app/settings/billing/page.tsx(49,11): error TS17004: Cannot use JSX unless the '--jsx' flag is provided.
apps/arcade/src/app/settings/billing/page.tsx(51,9): error TS17004: Cannot use JSX unless the '--jsx' flag is provided.
apps/arcade/src/app/settings/billing/page.tsx(52,11): error TS17004: Cannot use JSX unless the '--jsx' flag is provided.
apps/arcade/src/app/settings/billing/page.tsx(53,11): error TS17004: Cannot use JSX unless the '--jsx' flag is provided.
apps/arcade/src/app/settings/billing/page.tsx(54,11): error TS17004: Cannot use JSX unless the '--jsx' flag is provided.
apps/arcade/src/app/settings/billing/page.tsx(55,13): error TS17004: Cannot use JSX unless the '--jsx' flag is provided.
apps/arcade/src/app/settings/billing/page.tsx(57,11): error TS17004: Cannot use JSX unless the '--jsx' flag is provided.
apps/arcade/src/app/settings/billing/page.tsx(59,9): error TS17004: Cannot use JSX unless the '--jsx' flag is provided.
apps/arcade/src/app/settings/billing/page.tsx(60,11): error TS17004: Cannot use JSX unless the '--jsx' flag is provided.
apps/arcade/src/app/settings/billing/page.tsx(61,11): error TS17004: Cannot use JSX unless the '--jsx' flag is provided.
apps/arcade/src/app/settings/billing/page.tsx(62,11): error TS17004: Cannot use JSX unless the '--jsx' flag is provided.
apps/arcade/src/app/settings/billing/page.tsx(67,7): error TS17004: Cannot use JSX unless the '--jsx' flag is provided.
apps/arcade/src/app/settings/billing/page.tsx(68,9): error TS17004: Cannot use JSX unless the '--jsx' flag is provided.
apps/arcade/src/app/settings/billing/page.tsx(69,9): error TS17004: Cannot use JSX unless the '--jsx' flag is provided.
apps/arcade/src/app/settings/billing/page.tsx(70,11): error TS17004: Cannot use JSX unless the '--jsx' flag is provided.
apps/arcade/src/app/settings/billing/page.tsx(71,13): error TS17004: Cannot use JSX unless the '--jsx' flag is provided.
apps/arcade/src/app/settings/billing/page.tsx(72,13): error TS17004: Cannot use JSX unless the '--jsx' flag is provided.
apps/arcade/src/app/settings/billing/page.tsx(73,15): error TS17004: Cannot use JSX unless the '--jsx' flag is provided.
apps/arcade/src/app/settings/billing/page.tsx(74,15): error TS17004: Cannot use JSX unless the '--jsx' flag is provided.
apps/arcade/src/app/settings/billing/page.tsx(77,11): error TS17004: Cannot use JSX unless the '--jsx' flag is provided.
apps/arcade/src/app/settings/billing/page.tsx(84,7): error TS17004: Cannot use JSX unless the '--jsx' flag is provided.
apps/arcade/src/app/settings/billing/page.tsx(85,9): error TS17004: Cannot use JSX unless the '--jsx' flag is provided.
apps/arcade/src/app/settings/billing/page.tsx(86,11): error TS17004: Cannot use JSX unless the '--jsx' flag is provided.
apps/arcade/src/app/settings/billing/page.tsx(88,9): error TS17004: Cannot use JSX unless the '--jsx' flag is provided.
apps/arcade/src/app/settings/billing/page.tsx(89,11): error TS17004: Cannot use JSX unless the '--jsx' flag is provided.
apps/arcade/src/app/settings/billing/page.tsx(90,13): error TS17004: Cannot use JSX unless the '--jsx' flag is provided.
apps/arcade/src/app/settings/billing/page.tsx(91,15): error TS17004: Cannot use JSX unless the '--jsx' flag is provided.
apps/arcade/src/app/settings/billing/page.tsx(92,15): error TS17004: Cannot use JSX unless the '--jsx' flag is provided.
apps/arcade/src/app/settings/billing/page.tsx(93,15): error TS17004: Cannot use JSX unless the '--jsx' flag is provided.
apps/arcade/src/app/settings/billing/page.tsx(94,15): error TS17004: Cannot use JSX unless the '--jsx' flag is provided.
apps/arcade/src/app/settings/billing/page.tsx(97,11): error TS17004: Cannot use JSX unless the '--jsx' flag is provided.
apps/arcade/src/app/settings/billing/page.tsx(103,15): error TS17004: Cannot use JSX unless the '--jsx' flag is provided.
apps/arcade/src/app/settings/billing/page.tsx(104,17): error TS17004: Cannot use JSX unless the '--jsx' flag is provided.
apps/arcade/src/app/settings/billing/page.tsx(105,17): error TS17004: Cannot use JSX unless the '--jsx' flag is provided.
apps/arcade/src/app/settings/billing/page.tsx(106,17): error TS17004: Cannot use JSX unless the '--jsx' flag is provided.
apps/arcade/src/app/settings/billing/page.tsx(107,19): error TS17004: Cannot use JSX unless the '--jsx' flag is provided.
apps/arcade/src/app/settings/billing/page.tsx(109,17): error TS17004: Cannot use JSX unless the '--jsx' flag is provided.
apps/arcade/src/app/settings/billing/page.tsx(110,19): error TS17004: Cannot use JSX unless the '--jsx' flag is provided.
apps/arcade/src/app/settings/layout.tsx(5,24): error TS2307: Cannot find module '@/lib/routes' or its corresponding type declarations.
apps/arcade/src/app/settings/layout.tsx(47,5): error TS17004: Cannot use JSX unless the '--jsx' flag is provided.
apps/arcade/src/app/settings/layout.tsx(49,7): error TS17004: Cannot use JSX unless the '--jsx' flag is provided.
apps/arcade/src/app/settings/layout.tsx(51,11): error TS17004: Cannot use JSX unless the '--jsx' flag is provided.
apps/arcade/src/app/settings/layout.tsx(52,13): error TS17004: Cannot use JSX unless the '--jsx' flag is provided.
apps/arcade/src/app/settings/layout.tsx(55,13): error TS17004: Cannot use JSX unless the '--jsx' flag is provided.
apps/arcade/src/app/settings/layout.tsx(59,19): error TS17004: Cannot use JSX unless the '--jsx' flag is provided.
apps/arcade/src/app/settings/layout.tsx(68,21): error TS17004: Cannot use JSX unless the '--jsx' flag is provided.
apps/arcade/src/app/settings/layout.tsx(79,7): error TS17004: Cannot use JSX unless the '--jsx' flag is provided.
apps/arcade/src/app/settings/layout.tsx(80,9): error TS17004: Cannot use JSX unless the '--jsx' flag is provided.
apps/arcade/src/app/settings/page.tsx(2,24): error TS2307: Cannot find module '@/lib/routes' or its corresponding type declarations.
apps/arcade/src/app/settings/profile/page.tsx(3,28): error TS2307: Cannot find module '@/lib/brand' or its corresponding type declarations.
apps/arcade/src/app/settings/profile/page.tsx(7,5): error TS17004: Cannot use JSX unless the '--jsx' flag is provided.
apps/arcade/src/app/settings/profile/page.tsx(8,7): error TS17004: Cannot use JSX unless the '--jsx' flag is provided.
apps/arcade/src/app/settings/profile/page.tsx(9,9): error TS17004: Cannot use JSX unless the '--jsx' flag is provided.
apps/arcade/src/app/settings/profile/page.tsx(10,9): error TS17004: Cannot use JSX unless the '--jsx' flag is provided.
apps/arcade/src/app/settings/profile/page.tsx(11,9): error TS17004: Cannot use JSX unless the '--jsx' flag is provided.
apps/arcade/src/app/settings/profile/page.tsx(14,7): error TS17004: Cannot use JSX unless the '--jsx' flag is provided.
apps/arcade/src/app/settings/profile/page.tsx(15,7): error TS17004: Cannot use JSX unless the '--jsx' flag is provided.
apps/arcade/src/app/settings/profile/page.tsx(19,7): error TS17004: Cannot use JSX unless the '--jsx' flag is provided.
apps/arcade/src/app/settings/profile/page.tsx(20,9): error TS17004: Cannot use JSX unless the '--jsx' flag is provided.
apps/arcade/src/app/settings/profile/page.tsx(22,9): error TS17004: Cannot use JSX unless the '--jsx' flag is provided.
apps/arcade/src/app/settings/profile/page.tsx(23,11): error TS17004: Cannot use JSX unless the '--jsx' flag is provided.
apps/arcade/src/app/settings/profile/page.tsx(26,11): error TS17004: Cannot use JSX unless the '--jsx' flag is provided.
apps/arcade/src/app/settings/profile/page.tsx(27,13): error TS17004: Cannot use JSX unless the '--jsx' flag is provided.
apps/arcade/src/app/settings/profile/page.tsx(28,13): error TS17004: Cannot use JSX unless the '--jsx' flag is provided.
apps/arcade/src/app/settings/profile/page.tsx(32,9): error TS17004: Cannot use JSX unless the '--jsx' flag is provided.
apps/arcade/src/app/settings/profile/page.tsx(33,11): error TS17004: Cannot use JSX unless the '--jsx' flag is provided.
apps/arcade/src/app/settings/profile/page.tsx(34,13): error TS17004: Cannot use JSX unless the '--jsx' flag is provided.
apps/arcade/src/app/settings/profile/page.tsx(35,13): error TS17004: Cannot use JSX unless the '--jsx' flag is provided.
apps/arcade/src/app/settings/profile/page.tsx(41,11): error TS17004: Cannot use JSX unless the '--jsx' flag is provided.
apps/arcade/src/app/settings/profile/page.tsx(42,13): error TS17004: Cannot use JSX unless the '--jsx' flag is provided.
apps/arcade/src/app/settings/profile/page.tsx(43,13): error TS17004: Cannot use JSX unless the '--jsx' flag is provided.
apps/arcade/src/app/settings/profile/page.tsx(49,11): error TS17004: Cannot use JSX unless the '--jsx' flag is provided.
apps/arcade/src/app/settings/profile/page.tsx(50,13): error TS17004: Cannot use JSX unless the '--jsx' flag is provided.
apps/arcade/src/app/settings/profile/page.tsx(51,13): error TS17004: Cannot use JSX unless the '--jsx' flag is provided.
apps/arcade/src/app/settings/profile/page.tsx(57,11): error TS17004: Cannot use JSX unless the '--jsx' flag is provided.
apps/arcade/src/app/settings/profile/page.tsx(58,13): error TS17004: Cannot use JSX unless the '--jsx' flag is provided.
apps/arcade/src/app/settings/profile/page.tsx(59,13): error TS17004: Cannot use JSX unless the '--jsx' flag is provided.
apps/arcade/src/app/settings/profile/page.tsx(67,9): error TS17004: Cannot use JSX unless the '--jsx' flag is provided.
apps/arcade/src/app/settings/profile/page.tsx(68,11): error TS17004: Cannot use JSX unless the '--jsx' flag is provided.
apps/arcade/src/app/settings/profile/page.tsx(73,7): error TS17004: Cannot use JSX unless the '--jsx' flag is provided.
apps/arcade/src/app/settings/profile/page.tsx(74,9): error TS17004: Cannot use JSX unless the '--jsx' flag is provided.
apps/arcade/src/app/settings/profile/page.tsx(75,9): error TS17004: Cannot use JSX unless the '--jsx' flag is provided.
apps/arcade/src/app/settings/profile/page.tsx(78,9): error TS17004: Cannot use JSX unless the '--jsx' flag is provided.
apps/arcade/src/app/settings/release-gates/page.tsx(25,5): error TS17004: Cannot use JSX unless the '--jsx' flag is provided.
apps/arcade/src/app/settings/release-gates/page.tsx(30,7): error TS17004: Cannot use JSX unless the '--jsx' flag is provided.
apps/arcade/src/app/settings/release-gates/page.tsx(112,5): error TS17004: Cannot use JSX unless the '--jsx' flag is provided.
apps/arcade/src/app/settings/release-gates/page.tsx(113,7): error TS17004: Cannot use JSX unless the '--jsx' flag is provided.
apps/arcade/src/app/settings/release-gates/page.tsx(114,9): error TS17004: Cannot use JSX unless the '--jsx' flag is provided.
apps/arcade/src/app/settings/release-gates/page.tsx(115,11): error TS17004: Cannot use JSX unless the '--jsx' flag is provided.
apps/arcade/src/app/settings/release-gates/page.tsx(116,11): error TS17004: Cannot use JSX unless the '--jsx' flag is provided.
apps/arcade/src/app/settings/release-gates/page.tsx(120,9): error TS17004: Cannot use JSX unless the '--jsx' flag is provided.
apps/arcade/src/app/settings/release-gates/page.tsx(124,11): error TS17004: Cannot use JSX unless the '--jsx' flag is provided.
apps/arcade/src/app/settings/release-gates/page.tsx(131,9): error TS17004: Cannot use JSX unless the '--jsx' flag is provided.
apps/arcade/src/app/settings/release-gates/page.tsx(132,11): error TS17004: Cannot use JSX unless the '--jsx' flag is provided.
apps/arcade/src/app/settings/release-gates/page.tsx(133,11): error TS17004: Cannot use JSX unless the '--jsx' flag is provided.
apps/arcade/src/app/settings/release-gates/page.tsx(134,13): error TS17004: Cannot use JSX unless the '--jsx' flag is provided.
apps/arcade/src/app/settings/release-gates/page.tsx(135,15): error TS17004: Cannot use JSX unless the '--jsx' flag is provided.
apps/arcade/src/app/settings/release-gates/page.tsx(136,15): error TS17004: Cannot use JSX unless the '--jsx' flag is provided.
apps/arcade/src/app/settings/release-gates/page.tsx(144,13): error TS17004: Cannot use JSX unless the '--jsx' flag is provided.
apps/arcade/src/app/settings/release-gates/page.tsx(145,15): error TS17004: Cannot use JSX unless the '--jsx' flag is provided.
apps/arcade/src/app/settings/release-gates/page.tsx(146,15): error TS17004: Cannot use JSX unless the '--jsx' flag is provided.
apps/arcade/src/app/settings/release-gates/page.tsx(154,13): error TS17004: Cannot use JSX unless the '--jsx' flag is provided.
apps/arcade/src/app/settings/release-gates/page.tsx(155,15): error TS17004: Cannot use JSX unless the '--jsx' flag is provided.
apps/arcade/src/app/settings/release-gates/page.tsx(156,15): error TS17004: Cannot use JSX unless the '--jsx' flag is provided.
apps/arcade/src/app/settings/release-gates/page.tsx(164,13): error TS17004: Cannot use JSX unless the '--jsx' flag is provided.
apps/arcade/src/app/settings/release-gates/page.tsx(165,15): error TS17004: Cannot use JSX unless the '--jsx' flag is provided.
apps/arcade/src/app/settings/release-gates/page.tsx(166,15): error TS17004: Cannot use JSX unless the '--jsx' flag is provided.
apps/arcade/src/app/settings/release-gates/page.tsx(173,23): error TS17004: Cannot use JSX unless the '--jsx' flag is provided.
apps/arcade/src/app/settings/release-gates/page.tsx(174,13): error TS17004: Cannot use JSX unless the '--jsx' flag is provided.
apps/arcade/src/app/settings/release-gates/page.tsx(175,15): error TS17004: Cannot use JSX unless the '--jsx' flag is provided.
apps/arcade/src/app/settings/release-gates/page.tsx(182,15): error TS17004: Cannot use JSX unless the '--jsx' flag is provided.
apps/arcade/src/app/settings/release-gates/page.tsx(196,9): error TS17004: Cannot use JSX unless the '--jsx' flag is provided.
apps/arcade/src/app/settings/release-gates/page.tsx(197,11): error TS17004: Cannot use JSX unless the '--jsx' flag is provided.
apps/arcade/src/app/settings/release-gates/page.tsx(200,9): error TS17004: Cannot use JSX unless the '--jsx' flag is provided.
apps/arcade/src/app/settings/release-gates/page.tsx(201,11): error TS17004: Cannot use JSX unless the '--jsx' flag is provided.
apps/arcade/src/app/settings/release-gates/page.tsx(204,11): error TS17004: Cannot use JSX unless the '--jsx' flag is provided.
apps/arcade/src/app/settings/release-gates/page.tsx(205,11): error TS17004: Cannot use JSX unless the '--jsx' flag is provided.
apps/arcade/src/app/settings/release-gates/page.tsx(206,11): error TS17004: Cannot use JSX unless the '--jsx' flag is provided.
apps/arcade/src/app/settings/release-gates/page.tsx(214,9): error TS17004: Cannot use JSX unless the '--jsx' flag is provided.
apps/arcade/src/app/settings/release-gates/page.tsx(216,13): error TS17004: Cannot use JSX unless the '--jsx' flag is provided.
apps/arcade/src/app/settings/release-gates/page.tsx(220,15): error TS17004: Cannot use JSX unless the '--jsx' flag is provided.
apps/arcade/src/app/settings/release-gates/page.tsx(221,17): error TS17004: Cannot use JSX unless the '--jsx' flag is provided.
apps/arcade/src/app/settings/release-gates/page.tsx(222,17): error TS17004: Cannot use JSX unless the '--jsx' flag is provided.
apps/arcade/src/app/settings/release-gates/page.tsx(223,19): error TS17004: Cannot use JSX unless the '--jsx' flag is provided.
apps/arcade/src/app/settings/release-gates/page.tsx(224,21): error TS17004: Cannot use JSX unless the '--jsx' flag is provided.
apps/arcade/src/app/settings/release-gates/page.tsx(225,21): error TS17004: Cannot use JSX unless the '--jsx' flag is provided.
apps/arcade/src/app/settings/release-gates/page.tsx(227,19): error TS17004: Cannot use JSX unless the '--jsx' flag is provided.
apps/arcade/src/app/settings/release-gates/page.tsx(234,15): error TS17004: Cannot use JSX unless the '--jsx' flag is provided.
apps/arcade/src/app/settings/release-gates/page.tsx(235,17): error TS17004: Cannot use JSX unless the '--jsx' flag is provided.
apps/arcade/src/app/settings/release-gates/page.tsx(241,17): error TS17004: Cannot use JSX unless the '--jsx' flag is provided.
apps/arcade/src/app/settings/release-gates/page.tsx(259,9): error TS17004: Cannot use JSX unless the '--jsx' flag is provided.
apps/arcade/src/app/settings/release-gates/page.tsx(260,11): error TS17004: Cannot use JSX unless the '--jsx' flag is provided.
apps/arcade/src/app/settings/release-gates/page.tsx(261,11): error TS17004: Cannot use JSX unless the '--jsx' flag is provided.
apps/arcade/src/app/settings/release-gates/page.tsx(265,11): error TS17004: Cannot use JSX unless the '--jsx' flag is provided.
apps/arcade/src/app/share/page.tsx(1,22): error TS2307: Cannot find module '@/lib/packs' or its corresponding type declarations.
apps/arcade/src/app/share/page.tsx(3,31): error TS2307: Cannot find module '@/components/ExecutionTimeline' or its corresponding type declarations.
apps/arcade/src/app/share/page.tsx(34,7): error TS17004: Cannot use JSX unless the '--jsx' flag is provided.
apps/arcade/src/app/share/page.tsx(35,9): error TS17004: Cannot use JSX unless the '--jsx' flag is provided.
apps/arcade/src/app/share/page.tsx(36,9): error TS17004: Cannot use JSX unless the '--jsx' flag is provided.
apps/arcade/src/app/share/page.tsx(37,9): error TS17004: Cannot use JSX unless the '--jsx' flag is provided.
apps/arcade/src/app/share/page.tsx(47,5): error TS17004: Cannot use JSX unless the '--jsx' flag is provided.
apps/arcade/src/app/share/page.tsx(48,7): error TS17004: Cannot use JSX unless the '--jsx' flag is provided.
apps/arcade/src/app/share/page.tsx(49,9): error TS17004: Cannot use JSX unless the '--jsx' flag is provided.
apps/arcade/src/app/share/page.tsx(50,11): error TS17004: Cannot use JSX unless the '--jsx' flag is provided.
apps/arcade/src/app/share/page.tsx(51,11): error TS17004: Cannot use JSX unless the '--jsx' flag is provided.
apps/arcade/src/app/share/page.tsx(55,9): error TS17004: Cannot use JSX unless the '--jsx' flag is provided.
apps/arcade/src/app/share/page.tsx(61,7): error TS17004: Cannot use JSX unless the '--jsx' flag is provided.
apps/arcade/src/app/share/page.tsx(62,9): error TS17004: Cannot use JSX unless the '--jsx' flag is provided.
apps/arcade/src/app/share/page.tsx(63,9): error TS17004: Cannot use JSX unless the '--jsx' flag is provided.
apps/arcade/src/app/share/page.tsx(65,9): error TS17004: Cannot use JSX unless the '--jsx' flag is provided.
apps/arcade/src/app/share/page.tsx(67,13): error TS17004: Cannot use JSX unless the '--jsx' flag is provided.
apps/arcade/src/app/share/page.tsx(68,15): error TS17004: Cannot use JSX unless the '--jsx' flag is provided.
apps/arcade/src/app/share/page.tsx(69,17): error TS17004: Cannot use JSX unless the '--jsx' flag is provided.
apps/arcade/src/app/share/page.tsx(72,17): error TS17004: Cannot use JSX unless the '--jsx' flag is provided.
apps/arcade/src/app/share/page.tsx(76,30): error TS17004: Cannot use JSX unless the '--jsx' flag is provided.
apps/arcade/src/app/share/page.tsx(82,7): error TS17004: Cannot use JSX unless the '--jsx' flag is provided.
apps/arcade/src/app/share/page.tsx(83,9): error TS17004: Cannot use JSX unless the '--jsx' flag is provided.
apps/arcade/src/app/simulate/page.tsx(84,10): error TS17004: Cannot use JSX unless the '--jsx' flag is provided.
apps/arcade/src/app/simulate/page.tsx(166,5): error TS17004: Cannot use JSX unless the '--jsx' flag is provided.
apps/arcade/src/app/simulate/page.tsx(167,7): error TS17004: Cannot use JSX unless the '--jsx' flag is provided.
apps/arcade/src/app/simulate/page.tsx(169,9): error TS17004: Cannot use JSX unless the '--jsx' flag is provided.
apps/arcade/src/app/simulate/page.tsx(170,11): error TS17004: Cannot use JSX unless the '--jsx' flag is provided.
apps/arcade/src/app/simulate/page.tsx(171,11): error TS17004: Cannot use JSX unless the '--jsx' flag is provided.
apps/arcade/src/app/simulate/page.tsx(177,9): error TS17004: Cannot use JSX unless the '--jsx' flag is provided.
apps/arcade/src/app/simulate/page.tsx(178,11): error TS17004: Cannot use JSX unless the '--jsx' flag is provided.
apps/arcade/src/app/simulate/page.tsx(180,11): error TS17004: Cannot use JSX unless the '--jsx' flag is provided.
apps/arcade/src/app/simulate/page.tsx(181,13): error TS17004: Cannot use JSX unless the '--jsx' flag is provided.
apps/arcade/src/app/simulate/page.tsx(182,15): error TS17004: Cannot use JSX unless the '--jsx' flag is provided.
apps/arcade/src/app/simulate/page.tsx(183,15): error TS17004: Cannot use JSX unless the '--jsx' flag is provided.
apps/arcade/src/app/simulate/page.tsx(190,13): error TS17004: Cannot use JSX unless the '--jsx' flag is provided.
apps/arcade/src/app/simulate/page.tsx(191,15): error TS17004: Cannot use JSX unless the '--jsx' flag is provided.
apps/arcade/src/app/simulate/page.tsx(192,15): error TS17004: Cannot use JSX unless the '--jsx' flag is provided.
apps/arcade/src/app/simulate/page.tsx(194,19): error TS17004: Cannot use JSX unless the '--jsx' flag is provided.
apps/arcade/src/app/simulate/page.tsx(203,21): error TS17004: Cannot use JSX unless the '--jsx' flag is provided.
apps/arcade/src/app/simulate/page.tsx(204,21): error TS17004: Cannot use JSX unless the '--jsx' flag is provided.
apps/arcade/src/app/simulate/page.tsx(212,11): error TS17004: Cannot use JSX unless the '--jsx' flag is provided.
apps/arcade/src/app/simulate/page.tsx(213,13): error TS17004: Cannot use JSX unless the '--jsx' flag is provided.
apps/arcade/src/app/simulate/page.tsx(214,13): error TS17004: Cannot use JSX unless the '--jsx' flag is provided.
apps/arcade/src/app/simulate/page.tsx(216,17): error TS17004: Cannot use JSX unless the '--jsx' flag is provided.
apps/arcade/src/app/simulate/page.tsx(220,19): error TS17004: Cannot use JSX unless the '--jsx' flag is provided.
apps/arcade/src/app/simulate/page.tsx(221,31): error TS17004: Cannot use JSX unless the '--jsx' flag is provided.
apps/arcade/src/app/simulate/page.tsx(223,21): error TS17004: Cannot use JSX unless the '--jsx' flag is provided.
apps/arcade/src/app/simulate/page.tsx(226,21): error TS17004: Cannot use JSX unless the '--jsx' flag is provided.
apps/arcade/src/app/simulate/page.tsx(233,11): error TS17004: Cannot use JSX unless the '--jsx' flag is provided.
apps/arcade/src/app/simulate/page.tsx(239,15): error TS17004: Cannot use JSX unless the '--jsx' flag is provided.
apps/arcade/src/app/simulate/page.tsx(240,17): error TS17004: Cannot use JSX unless the '--jsx' flag is provided.
apps/arcade/src/app/simulate/page.tsx(244,15): error TS17004: Cannot use JSX unless the '--jsx' flag is provided.
apps/arcade/src/app/simulate/page.tsx(245,17): error TS17004: Cannot use JSX unless the '--jsx' flag is provided.
apps/arcade/src/app/simulate/page.tsx(254,11): error TS17004: Cannot use JSX unless the '--jsx' flag is provided.
apps/arcade/src/app/simulate/page.tsx(255,13): error TS17004: Cannot use JSX unless the '--jsx' flag is provided.
apps/arcade/src/app/simulate/page.tsx(256,15): error TS17004: Cannot use JSX unless the '--jsx' flag is provided.
apps/arcade/src/app/simulate/page.tsx(257,15): error TS17004: Cannot use JSX unless the '--jsx' flag is provided.
apps/arcade/src/app/simulate/page.tsx(261,15): error TS17004: Cannot use JSX unless the '--jsx' flag is provided.
apps/arcade/src/app/simulate/page.tsx(262,17): error TS17004: Cannot use JSX unless the '--jsx' flag is provided.
apps/arcade/src/app/simulate/page.tsx(266,15): error TS17004: Cannot use JSX unless the '--jsx' flag is provided.
apps/arcade/src/app/simulate/page.tsx(268,19): error TS17004: Cannot use JSX unless the '--jsx' flag is provided.
apps/arcade/src/app/simulate/page.tsx(273,17): error TS17004: Cannot use JSX unless the '--jsx' flag is provided.
apps/arcade/src/app/simulate/page.tsx(274,19): error TS17004: Cannot use JSX unless the '--jsx' flag is provided.
apps/arcade/src/app/simulate/page.tsx(275,21): error TS17004: Cannot use JSX unless the '--jsx' flag is provided.
apps/arcade/src/app/simulate/page.tsx(276,23): error TS17004: Cannot use JSX unless the '--jsx' flag is provided.
apps/arcade/src/app/simulate/page.tsx(277,25): error TS17004: Cannot use JSX unless the '--jsx' flag is provided.
apps/arcade/src/app/simulate/page.tsx(278,25): error TS17004: Cannot use JSX unless the '--jsx' flag is provided.
apps/arcade/src/app/simulate/page.tsx(279,25): error TS17004: Cannot use JSX unless the '--jsx' flag is provided.
apps/arcade/src/app/simulate/page.tsx(280,25): error TS17004: Cannot use JSX unless the '--jsx' flag is provided.
apps/arcade/src/app/simulate/page.tsx(281,25): error TS17004: Cannot use JSX unless the '--jsx' flag is provided.
apps/arcade/src/app/simulate/page.tsx(284,21): error TS17004: Cannot use JSX unless the '--jsx' flag is provided.
apps/arcade/src/app/simulate/page.tsx(288,27): error TS17004: Cannot use JSX unless the '--jsx' flag is provided.
apps/arcade/src/app/simulate/page.tsx(292,29): error TS17004: Cannot use JSX unless the '--jsx' flag is provided.
apps/arcade/src/app/simulate/page.tsx(295,33): error TS17004: Cannot use JSX unless the '--jsx' flag is provided.
apps/arcade/src/app/simulate/page.tsx(300,29): error TS17004: Cannot use JSX unless the '--jsx' flag is provided.
apps/arcade/src/app/simulate/page.tsx(301,31): error TS17004: Cannot use JSX unless the '--jsx' flag is provided.
apps/arcade/src/app/simulate/page.tsx(303,29): error TS17004: Cannot use JSX unless the '--jsx' flag is provided.
apps/arcade/src/app/simulate/page.tsx(306,29): error TS17004: Cannot use JSX unless the '--jsx' flag is provided.
apps/arcade/src/app/simulate/page.tsx(307,29): error TS17004: Cannot use JSX unless the '--jsx' flag is provided.
apps/arcade/src/app/simulate/page.tsx(316,17): error TS17004: Cannot use JSX unless the '--jsx' flag is provided.
apps/arcade/src/app/simulate/page.tsx(318,19): error TS17004: Cannot use JSX unless the '--jsx' flag is provided.
apps/arcade/src/app/simulate/page.tsx(329,11): error TS17004: Cannot use JSX unless the '--jsx' flag is provided.
apps/arcade/src/app/simulate/page.tsx(330,13): error TS17004: Cannot use JSX unless the '--jsx' flag is provided.
apps/arcade/src/app/simulate/page.tsx(333,13): error TS17004: Cannot use JSX unless the '--jsx' flag is provided.
apps/arcade/src/app/simulate/page.tsx(335,17): error TS17004: Cannot use JSX unless the '--jsx' flag is provided.
apps/arcade/src/app/simulate/page.tsx(339,19): error TS17004: Cannot use JSX unless the '--jsx' flag is provided.
apps/arcade/src/app/simulate/page.tsx(340,19): error TS17004: Cannot use JSX unless the '--jsx' flag is provided.
apps/arcade/src/app/simulate/page.tsx(341,21): error TS17004: Cannot use JSX unless the '--jsx' flag is provided.
apps/arcade/src/app/simulate/page.tsx(342,21): error TS17004: Cannot use JSX unless the '--jsx' flag is provided.
apps/arcade/src/app/simulate/page.tsx(369,11): error TS17004: Cannot use JSX unless the '--jsx' flag is provided.
apps/arcade/src/app/skills/page.tsx(5,24): error TS2307: Cannot find module '@/lib/routes' or its corresponding type declarations.
apps/arcade/src/app/skills/page.tsx(6,66): error TS2307: Cannot find module '@/lib/runtime' or its corresponding type declarations.
apps/arcade/src/app/skills/page.tsx(7,36): error TS2307: Cannot find module '@/lib/runtime' or its corresponding type declarations.
apps/arcade/src/app/skills/page.tsx(21,5): error TS17004: Cannot use JSX unless the '--jsx' flag is provided.
apps/arcade/src/app/skills/page.tsx(23,7): error TS17004: Cannot use JSX unless the '--jsx' flag is provided.
apps/arcade/src/app/skills/page.tsx(24,9): error TS17004: Cannot use JSX unless the '--jsx' flag is provided.
apps/arcade/src/app/skills/page.tsx(25,9): error TS17004: Cannot use JSX unless the '--jsx' flag is provided.
apps/arcade/src/app/skills/page.tsx(31,7): error TS17004: Cannot use JSX unless the '--jsx' flag is provided.
apps/arcade/src/app/skills/page.tsx(33,9): error TS17004: Cannot use JSX unless the '--jsx' flag is provided.
apps/arcade/src/app/skills/page.tsx(34,24): error TS7006: Parameter 'skill' implicitly has an 'any' type.
apps/arcade/src/app/skills/page.tsx(38,15): error TS17004: Cannot use JSX unless the '--jsx' flag is provided.
apps/arcade/src/app/skills/page.tsx(48,17): error TS17004: Cannot use JSX unless the '--jsx' flag is provided.
apps/arcade/src/app/skills/page.tsx(49,19): error TS17004: Cannot use JSX unless the '--jsx' flag is provided.
apps/arcade/src/app/skills/page.tsx(50,21): error TS17004: Cannot use JSX unless the '--jsx' flag is provided.
apps/arcade/src/app/skills/page.tsx(51,21): error TS17004: Cannot use JSX unless the '--jsx' flag is provided.
apps/arcade/src/app/skills/page.tsx(52,23): error TS17004: Cannot use JSX unless the '--jsx' flag is provided.
apps/arcade/src/app/skills/page.tsx(53,23): error TS17004: Cannot use JSX unless the '--jsx' flag is provided.
apps/arcade/src/app/skills/page.tsx(56,19): error TS17004: Cannot use JSX unless the '--jsx' flag is provided.
apps/arcade/src/app/skills/page.tsx(58,32): error TS7006: Parameter 't' implicitly has an 'any' type.
apps/arcade/src/app/skills/page.tsx(59,29): error TS7006: Parameter 't' implicitly has an 'any' type.
apps/arcade/src/app/skills/page.tsx(60,25): error TS17004: Cannot use JSX unless the '--jsx' flag is provided.
apps/arcade/src/app/skills/page.tsx(69,17): error TS17004: Cannot use JSX unless the '--jsx' flag is provided.
apps/arcade/src/app/skills/page.tsx(70,17): error TS17004: Cannot use JSX unless the '--jsx' flag is provided.
apps/arcade/src/app/skills/page.tsx(71,19): error TS17004: Cannot use JSX unless the '--jsx' flag is provided.
apps/arcade/src/app/skills/page.tsx(75,19): error TS17004: Cannot use JSX unless the '--jsx' flag is provided.
apps/arcade/src/app/skills/page.tsx(78,19): error TS17004: Cannot use JSX unless the '--jsx' flag is provided.
apps/arcade/src/app/skills/page.tsx(89,9): error TS17004: Cannot use JSX unless the '--jsx' flag is provided.
apps/arcade/src/app/skills/page.tsx(91,13): error TS17004: Cannot use JSX unless the '--jsx' flag is provided.
apps/arcade/src/app/skills/page.tsx(92,15): error TS17004: Cannot use JSX unless the '--jsx' flag is provided.
apps/arcade/src/app/skills/page.tsx(93,17): error TS17004: Cannot use JSX unless the '--jsx' flag is provided.
apps/arcade/src/app/skills/page.tsx(94,17): error TS17004: Cannot use JSX unless the '--jsx' flag is provided.
apps/arcade/src/app/skills/page.tsx(95,19): error TS17004: Cannot use JSX unless the '--jsx' flag is provided.
apps/arcade/src/app/skills/page.tsx(96,19): error TS17004: Cannot use JSX unless the '--jsx' flag is provided.
apps/arcade/src/app/skills/page.tsx(100,15): error TS17004: Cannot use JSX unless the '--jsx' flag is provided.
apps/arcade/src/app/skills/page.tsx(103,15): error TS17004: Cannot use JSX unless the '--jsx' flag is provided.
apps/arcade/src/app/skills/page.tsx(104,17): error TS17004: Cannot use JSX unless the '--jsx' flag is provided.
apps/arcade/src/app/skills/page.tsx(105,17): error TS17004: Cannot use JSX unless the '--jsx' flag is provided.
apps/arcade/src/app/skills/page.tsx(106,46): error TS7006: Parameter 'input' implicitly has an 'any' type.
apps/arcade/src/app/skills/page.tsx(107,21): error TS17004: Cannot use JSX unless the '--jsx' flag is provided.
apps/arcade/src/app/skills/page.tsx(108,23): error TS17004: Cannot use JSX unless the '--jsx' flag is provided.
apps/arcade/src/app/skills/page.tsx(109,25): error TS17004: Cannot use JSX unless the '--jsx' flag is provided.
apps/arcade/src/app/skills/page.tsx(110,25): error TS17004: Cannot use JSX unless the '--jsx' flag is provided.
apps/arcade/src/app/skills/page.tsx(111,44): error TS17004: Cannot use JSX unless the '--jsx' flag is provided.
apps/arcade/src/app/skills/page.tsx(113,23): error TS17004: Cannot use JSX unless the '--jsx' flag is provided.
apps/arcade/src/app/skills/page.tsx(120,15): error TS17004: Cannot use JSX unless the '--jsx' flag is provided.
apps/arcade/src/app/skills/page.tsx(121,17): error TS17004: Cannot use JSX unless the '--jsx' flag is provided.
apps/arcade/src/app/skills/page.tsx(122,17): error TS17004: Cannot use JSX unless the '--jsx' flag is provided.
apps/arcade/src/app/skills/page.tsx(123,45): error TS7006: Parameter 't' implicitly has an 'any' type.
apps/arcade/src/app/skills/page.tsx(124,21): error TS17004: Cannot use JSX unless the '--jsx' flag is provided.
apps/arcade/src/app/skills/page.tsx(136,17): error TS17004: Cannot use JSX unless the '--jsx' flag is provided.
apps/arcade/src/app/skills/page.tsx(137,19): error TS17004: Cannot use JSX unless the '--jsx' flag is provided.
apps/arcade/src/app/skills/page.tsx(140,50): error TS7006: Parameter 'h' implicitly has an 'any' type.
apps/arcade/src/app/skills/page.tsx(140,53): error TS7006: Parameter 'i' implicitly has an 'any' type.
apps/arcade/src/app/skills/page.tsx(141,21): error TS17004: Cannot use JSX unless the '--jsx' flag is provided.
apps/arcade/src/app/skills/page.tsx(150,17): error TS17004: Cannot use JSX unless the '--jsx' flag is provided.
apps/arcade/src/app/skills/page.tsx(151,19): error TS17004: Cannot use JSX unless the '--jsx' flag is provided.
apps/arcade/src/app/skills/page.tsx(154,19): error TS17004: Cannot use JSX unless the '--jsx' flag is provided.
apps/arcade/src/app/skills/page.tsx(155,57): error TS7006: Parameter 'h' implicitly has an 'any' type.
apps/arcade/src/app/skills/page.tsx(156,23): error TS17004: Cannot use JSX unless the '--jsx' flag is provided.
apps/arcade/src/app/skills/page.tsx(168,15): error TS17004: Cannot use JSX unless the '--jsx' flag is provided.
apps/arcade/src/app/skills/page.tsx(169,17): error TS17004: Cannot use JSX unless the '--jsx' flag is provided.
apps/arcade/src/app/skills/page.tsx(175,17): error TS17004: Cannot use JSX unless the '--jsx' flag is provided.
apps/arcade/src/app/skills/page.tsx(182,17): error TS17004: Cannot use JSX unless the '--jsx' flag is provided.
apps/arcade/src/app/skills/page.tsx(183,19): error TS17004: Cannot use JSX unless the '--jsx' flag is provided.
apps/arcade/src/app/skills/page.tsx(190,13): error TS17004: Cannot use JSX unless the '--jsx' flag is provided.
apps/arcade/src/app/skills/page.tsx(191,15): error TS17004: Cannot use JSX unless the '--jsx' flag is provided.
apps/arcade/src/app/skills/page.tsx(192,15): error TS17004: Cannot use JSX unless the '--jsx' flag is provided.
apps/arcade/src/app/skills/page.tsx(193,15): error TS17004: Cannot use JSX unless the '--jsx' flag is provided.
apps/arcade/src/app/studio/error.tsx(17,5): error TS17004: Cannot use JSX unless the '--jsx' flag is provided.
apps/arcade/src/app/studio/error.tsx(18,7): error TS17004: Cannot use JSX unless the '--jsx' flag is provided.
apps/arcade/src/app/studio/error.tsx(19,9): error TS17004: Cannot use JSX unless the '--jsx' flag is provided.
apps/arcade/src/app/studio/error.tsx(20,9): error TS17004: Cannot use JSX unless the '--jsx' flag is provided.
apps/arcade/src/app/studio/error.tsx(21,9): error TS17004: Cannot use JSX unless the '--jsx' flag is provided.
apps/arcade/src/app/studio/error.tsx(24,9): error TS17004: Cannot use JSX unless the '--jsx' flag is provided.
apps/arcade/src/app/studio/error.tsx(25,11): error TS17004: Cannot use JSX unless the '--jsx' flag is provided.
apps/arcade/src/app/studio/error.tsx(28,11): error TS17004: Cannot use JSX unless the '--jsx' flag is provided.
apps/arcade/src/app/studio/error.tsx(33,11): error TS17004: Cannot use JSX unless the '--jsx' flag is provided.
apps/arcade/src/app/studio/page.tsx(4,55): error TS2307: Cannot find module '@/components/PipelineStage' or its corresponding type declarations.
apps/arcade/src/app/studio/page.tsx(5,28): error TS2307: Cannot find module '@/components/EmptyState' or its corresponding type declarations.
apps/arcade/src/app/studio/page.tsx(76,5): error TS17004: Cannot use JSX unless the '--jsx' flag is provided.
apps/arcade/src/app/studio/page.tsx(77,7): error TS17004: Cannot use JSX unless the '--jsx' flag is provided.
apps/arcade/src/app/studio/page.tsx(85,13): error TS17004: Cannot use JSX unless the '--jsx' flag is provided.
apps/arcade/src/app/studio/page.tsx(86,15): error TS17004: Cannot use JSX unless the '--jsx' flag is provided.
apps/arcade/src/app/studio/page.tsx(95,15): error TS17004: Cannot use JSX unless the '--jsx' flag is provided.
apps/arcade/src/app/studio/page.tsx(101,7): error TS17004: Cannot use JSX unless the '--jsx' flag is provided.
apps/arcade/src/app/studio/page.tsx(103,11): error TS17004: Cannot use JSX unless the '--jsx' flag is provided.
apps/arcade/src/app/studio/page.tsx(122,5): error TS17004: Cannot use JSX unless the '--jsx' flag is provided.
apps/arcade/src/app/studio/page.tsx(124,7): error TS17004: Cannot use JSX unless the '--jsx' flag is provided.
apps/arcade/src/app/studio/page.tsx(125,9): error TS17004: Cannot use JSX unless the '--jsx' flag is provided.
apps/arcade/src/app/studio/page.tsx(126,11): error TS17004: Cannot use JSX unless the '--jsx' flag is provided.
apps/arcade/src/app/studio/page.tsx(127,11): error TS17004: Cannot use JSX unless the '--jsx' flag is provided.
apps/arcade/src/app/studio/page.tsx(129,9): error TS17004: Cannot use JSX unless the '--jsx' flag is provided.
apps/arcade/src/app/studio/page.tsx(130,11): error TS17004: Cannot use JSX unless the '--jsx' flag is provided.
apps/arcade/src/app/studio/page.tsx(131,11): error TS17004: Cannot use JSX unless the '--jsx' flag is provided.
apps/arcade/src/app/studio/page.tsx(132,11): error TS17004: Cannot use JSX unless the '--jsx' flag is provided.
apps/arcade/src/app/studio/page.tsx(137,7): error TS17004: Cannot use JSX unless the '--jsx' flag is provided.
apps/arcade/src/app/studio/page.tsx(139,11): error TS17004: Cannot use JSX unless the '--jsx' flag is provided.
apps/arcade/src/app/studio/page.tsx(152,9): error TS17004: Cannot use JSX unless the '--jsx' flag is provided.
apps/arcade/src/app/studio/page.tsx(154,11): error TS17004: Cannot use JSX unless the '--jsx' flag is provided.
apps/arcade/src/app/studio/page.tsx(155,13): error TS17004: Cannot use JSX unless the '--jsx' flag is provided.
apps/arcade/src/app/studio/page.tsx(156,15): error TS17004: Cannot use JSX unless the '--jsx' flag is provided.
apps/arcade/src/app/studio/page.tsx(157,15): error TS17004: Cannot use JSX unless the '--jsx' flag is provided.
apps/arcade/src/app/studio/page.tsx(159,13): error TS17004: Cannot use JSX unless the '--jsx' flag is provided.
apps/arcade/src/app/studio/page.tsx(167,11): error TS17004: Cannot use JSX unless the '--jsx' flag is provided.
apps/arcade/src/app/studio/page.tsx(168,13): error TS17004: Cannot use JSX unless the '--jsx' flag is provided.
apps/arcade/src/app/studio/page.tsx(170,15): error TS17004: Cannot use JSX unless the '--jsx' flag is provided.
apps/arcade/src/app/studio/page.tsx(171,17): error TS17004: Cannot use JSX unless the '--jsx' flag is provided.
apps/arcade/src/app/studio/page.tsx(172,19): error TS17004: Cannot use JSX unless the '--jsx' flag is provided.
apps/arcade/src/app/studio/page.tsx(177,19): error TS17004: Cannot use JSX unless the '--jsx' flag is provided.
apps/arcade/src/app/studio/page.tsx(178,21): error TS17004: Cannot use JSX unless the '--jsx' flag is provided.
apps/arcade/src/app/studio/page.tsx(179,21): error TS17004: Cannot use JSX unless the '--jsx' flag is provided.
apps/arcade/src/app/studio/page.tsx(185,17): error TS17004: Cannot use JSX unless the '--jsx' flag is provided.
apps/arcade/src/app/studio/page.tsx(186,19): error TS17004: Cannot use JSX unless the '--jsx' flag is provided.
apps/arcade/src/app/studio/page.tsx(187,21): error TS17004: Cannot use JSX unless the '--jsx' flag is provided.
apps/arcade/src/app/studio/page.tsx(188,21): error TS17004: Cannot use JSX unless the '--jsx' flag is provided.
apps/arcade/src/app/studio/page.tsx(191,19): error TS17004: Cannot use JSX unless the '--jsx' flag is provided.
apps/arcade/src/app/studio/page.tsx(192,21): error TS17004: Cannot use JSX unless the '--jsx' flag is provided.
apps/arcade/src/app/studio/page.tsx(193,21): error TS17004: Cannot use JSX unless the '--jsx' flag is provided.
apps/arcade/src/app/studio/page.tsx(195,25): error TS17004: Cannot use JSX unless the '--jsx' flag is provided.
apps/arcade/src/app/studio/page.tsx(196,27): error TS17004: Cannot use JSX unless the '--jsx' flag is provided.
apps/arcade/src/app/studio/page.tsx(197,27): error TS17004: Cannot use JSX unless the '--jsx' flag is provided.
apps/arcade/src/app/studio/page.tsx(203,19): error TS17004: Cannot use JSX unless the '--jsx' flag is provided.
apps/arcade/src/app/studio/page.tsx(204,21): error TS17004: Cannot use JSX unless the '--jsx' flag is provided.
apps/arcade/src/app/studio/page.tsx(205,21): error TS17004: Cannot use JSX unless the '--jsx' flag is provided.
apps/arcade/src/app/studio/page.tsx(212,15): error TS17004: Cannot use JSX unless the '--jsx' flag is provided.
apps/arcade/src/app/studio/page.tsx(220,13): error TS17004: Cannot use JSX unless the '--jsx' flag is provided.
apps/arcade/src/app/studio/page.tsx(221,15): error TS17004: Cannot use JSX unless the '--jsx' flag is provided.
apps/arcade/src/app/studio/page.tsx(222,15): error TS17004: Cannot use JSX unless the '--jsx' flag is provided.
apps/arcade/src/app/studio/page.tsx(224,19): error TS17004: Cannot use JSX unless the '--jsx' flag is provided.
apps/arcade/src/app/studio/page.tsx(228,21): error TS17004: Cannot use JSX unless the '--jsx' flag is provided.
apps/arcade/src/app/studio/page.tsx(233,21): error TS17004: Cannot use JSX unless the '--jsx' flag is provided.
apps/arcade/src/app/studio/page.tsx(234,21): error TS17004: Cannot use JSX unless the '--jsx' flag is provided.
apps/arcade/src/app/studio/page.tsx(244,9): error TS17004: Cannot use JSX unless the '--jsx' flag is provided.
apps/arcade/src/app/studio/page.tsx(245,11): error TS17004: Cannot use JSX unless the '--jsx' flag is provided.
apps/arcade/src/app/studio/page.tsx(246,11): error TS17004: Cannot use JSX unless the '--jsx' flag is provided.
apps/arcade/src/app/studio/page.tsx(247,13): error TS17004: Cannot use JSX unless the '--jsx' flag is provided.
apps/arcade/src/app/studio/page.tsx(248,15): error TS17004: Cannot use JSX unless the '--jsx' flag is provided.
apps/arcade/src/app/studio/page.tsx(249,15): error TS17004: Cannot use JSX unless the '--jsx' flag is provided.
apps/arcade/src/app/studio/page.tsx(254,13): error TS17004: Cannot use JSX unless the '--jsx' flag is provided.
apps/arcade/src/app/studio/page.tsx(260,9): error TS17004: Cannot use JSX unless the '--jsx' flag is provided.
apps/arcade/src/app/studio/page.tsx(261,11): error TS17004: Cannot use JSX unless the '--jsx' flag is provided.
apps/arcade/src/app/studio/page.tsx(262,11): error TS17004: Cannot use JSX unless the '--jsx' flag is provided.
apps/arcade/src/app/studio/page.tsx(263,13): error TS17004: Cannot use JSX unless the '--jsx' flag is provided.
apps/arcade/src/app/studio/page.tsx(264,15): error TS17004: Cannot use JSX unless the '--jsx' flag is provided.
apps/arcade/src/app/studio/page.tsx(265,17): error TS17004: Cannot use JSX unless the '--jsx' flag is provided.
apps/arcade/src/app/studio/page.tsx(266,17): error TS17004: Cannot use JSX unless the '--jsx' flag is provided.
apps/arcade/src/app/studio/page.tsx(270,19): error TS17004: Cannot use JSX unless the '--jsx' flag is provided.
apps/arcade/src/app/studio/page.tsx(271,19): error TS17004: Cannot use JSX unless the '--jsx' flag is provided.
apps/arcade/src/app/studio/page.tsx(272,19): error TS17004: Cannot use JSX unless the '--jsx' flag is provided.
apps/arcade/src/app/studio/page.tsx(273,19): error TS17004: Cannot use JSX unless the '--jsx' flag is provided.
apps/arcade/src/app/studio/page.tsx(274,19): error TS17004: Cannot use JSX unless the '--jsx' flag is provided.
apps/arcade/src/app/studio/page.tsx(277,15): error TS17004: Cannot use JSX unless the '--jsx' flag is provided.
apps/arcade/src/app/studio/page.tsx(278,17): error TS17004: Cannot use JSX unless the '--jsx' flag is provided.
apps/arcade/src/app/studio/page.tsx(279,17): error TS17004: Cannot use JSX unless the '--jsx' flag is provided.
apps/arcade/src/app/studio/page.tsx(283,19): error TS17004: Cannot use JSX unless the '--jsx' flag is provided.
apps/arcade/src/app/studio/page.tsx(284,19): error TS17004: Cannot use JSX unless the '--jsx' flag is provided.
apps/arcade/src/app/studio/page.tsx(285,19): error TS17004: Cannot use JSX unless the '--jsx' flag is provided.
apps/arcade/src/app/studio/page.tsx(289,13): error TS17004: Cannot use JSX unless the '--jsx' flag is provided.
apps/arcade/src/app/studio/page.tsx(290,15): error TS17004: Cannot use JSX unless the '--jsx' flag is provided.
apps/arcade/src/app/studio/page.tsx(291,15): error TS17004: Cannot use JSX unless the '--jsx' flag is provided.
apps/arcade/src/app/support/contact/page.tsx(10,5): error TS17004: Cannot use JSX unless the '--jsx' flag is provided.
apps/arcade/src/app/support/contact/page.tsx(11,7): error TS17004: Cannot use JSX unless the '--jsx' flag is provided.
apps/arcade/src/app/support/contact/page.tsx(12,9): error TS17004: Cannot use JSX unless the '--jsx' flag is provided.
apps/arcade/src/app/support/contact/page.tsx(13,11): error TS17004: Cannot use JSX unless the '--jsx' flag is provided.
apps/arcade/src/app/support/contact/page.tsx(14,21): error TS17004: Cannot use JSX unless the '--jsx' flag is provided.
apps/arcade/src/app/support/contact/page.tsx(16,11): error TS17004: Cannot use JSX unless the '--jsx' flag is provided.
apps/arcade/src/app/support/contact/page.tsx(22,9): error TS17004: Cannot use JSX unless the '--jsx' flag is provided.
apps/arcade/src/app/support/contact/page.tsx(23,11): error TS17004: Cannot use JSX unless the '--jsx' flag is provided.
apps/arcade/src/app/support/contact/page.tsx(24,13): error TS17004: Cannot use JSX unless the '--jsx' flag is provided.
apps/arcade/src/app/support/contact/page.tsx(25,15): error TS17004: Cannot use JSX unless the '--jsx' flag is provided.
apps/arcade/src/app/support/contact/page.tsx(28,15): error TS17004: Cannot use JSX unless the '--jsx' flag is provided.
apps/arcade/src/app/support/contact/page.tsx(37,13): error TS17004: Cannot use JSX unless the '--jsx' flag is provided.
apps/arcade/src/app/support/contact/page.tsx(38,15): error TS17004: Cannot use JSX unless the '--jsx' flag is provided.
apps/arcade/src/app/support/contact/page.tsx(41,15): error TS17004: Cannot use JSX unless the '--jsx' flag is provided.
apps/arcade/src/app/support/contact/page.tsx(52,11): error TS17004: Cannot use JSX unless the '--jsx' flag is provided.
apps/arcade/src/app/support/contact/page.tsx(53,13): error TS17004: Cannot use JSX unless the '--jsx' flag is provided.
apps/arcade/src/app/support/contact/page.tsx(56,13): error TS17004: Cannot use JSX unless the '--jsx' flag is provided.
apps/arcade/src/app/support/contact/page.tsx(61,15): error TS17004: Cannot use JSX unless the '--jsx' flag is provided.
apps/arcade/src/app/support/contact/page.tsx(62,15): error TS17004: Cannot use JSX unless the '--jsx' flag is provided.
apps/arcade/src/app/support/contact/page.tsx(63,15): error TS17004: Cannot use JSX unless the '--jsx' flag is provided.
apps/arcade/src/app/support/contact/page.tsx(67,11): error TS17004: Cannot use JSX unless the '--jsx' flag is provided.
apps/arcade/src/app/support/contact/page.tsx(68,13): error TS17004: Cannot use JSX unless the '--jsx' flag is provided.
apps/arcade/src/app/support/contact/page.tsx(71,13): error TS17004: Cannot use JSX unless the '--jsx' flag is provided.
apps/arcade/src/app/support/contact/page.tsx(81,11): error TS17004: Cannot use JSX unless the '--jsx' flag is provided.
apps/arcade/src/app/support/contact/page.tsx(82,13): error TS17004: Cannot use JSX unless the '--jsx' flag is provided.
apps/arcade/src/app/support/contact/page.tsx(85,13): error TS17004: Cannot use JSX unless the '--jsx' flag is provided.
apps/arcade/src/app/support/contact/page.tsx(95,11): error TS17004: Cannot use JSX unless the '--jsx' flag is provided.
apps/arcade/src/app/support/contact/page.tsx(100,9): error TS17004: Cannot use JSX unless the '--jsx' flag is provided.
apps/arcade/src/app/support/contact/page.tsx(101,11): error TS17004: Cannot use JSX unless the '--jsx' flag is provided.
apps/arcade/src/app/support/contact/page.tsx(102,11): error TS17004: Cannot use JSX unless the '--jsx' flag is provided.
apps/arcade/src/app/support/page.tsx(49,5): error TS17004: Cannot use JSX unless the '--jsx' flag is provided.
apps/arcade/src/app/support/page.tsx(50,7): error TS17004: Cannot use JSX unless the '--jsx' flag is provided.
apps/arcade/src/app/support/page.tsx(51,9): error TS17004: Cannot use JSX unless the '--jsx' flag is provided.
apps/arcade/src/app/support/page.tsx(52,11): error TS17004: Cannot use JSX unless the '--jsx' flag is provided.
apps/arcade/src/app/support/page.tsx(53,11): error TS17004: Cannot use JSX unless the '--jsx' flag is provided.
apps/arcade/src/app/support/page.tsx(60,9): error TS17004: Cannot use JSX unless the '--jsx' flag is provided.
apps/arcade/src/app/support/page.tsx(61,11): error TS17004: Cannot use JSX unless the '--jsx' flag is provided.
apps/arcade/src/app/support/page.tsx(65,13): error TS17004: Cannot use JSX unless the '--jsx' flag is provided.
apps/arcade/src/app/support/page.tsx(66,13): error TS17004: Cannot use JSX unless the '--jsx' flag is provided.
apps/arcade/src/app/support/page.tsx(67,13): error TS17004: Cannot use JSX unless the '--jsx' flag is provided.
apps/arcade/src/app/support/page.tsx(69,11): error TS17004: Cannot use JSX unless the '--jsx' flag is provided.
apps/arcade/src/app/support/page.tsx(73,13): error TS17004: Cannot use JSX unless the '--jsx' flag is provided.
apps/arcade/src/app/support/page.tsx(74,13): error TS17004: Cannot use JSX unless the '--jsx' flag is provided.
apps/arcade/src/app/support/page.tsx(75,13): error TS17004: Cannot use JSX unless the '--jsx' flag is provided.
apps/arcade/src/app/support/page.tsx(77,11): error TS17004: Cannot use JSX unless the '--jsx' flag is provided.
apps/arcade/src/app/support/page.tsx(81,13): error TS17004: Cannot use JSX unless the '--jsx' flag is provided.
apps/arcade/src/app/support/page.tsx(82,13): error TS17004: Cannot use JSX unless the '--jsx' flag is provided.
apps/arcade/src/app/support/page.tsx(83,13): error TS17004: Cannot use JSX unless the '--jsx' flag is provided.
apps/arcade/src/app/support/page.tsx(88,9): error TS17004: Cannot use JSX unless the '--jsx' flag is provided.
apps/arcade/src/app/support/page.tsx(90,13): error TS17004: Cannot use JSX unless the '--jsx' flag is provided.
apps/arcade/src/app/support/page.tsx(94,15): error TS17004: Cannot use JSX unless the '--jsx' flag is provided.
apps/arcade/src/app/support/page.tsx(95,15): error TS17004: Cannot use JSX unless the '--jsx' flag is provided.
apps/arcade/src/app/support/page.tsx(97,15): error TS17004: Cannot use JSX unless the '--jsx' flag is provided.
apps/arcade/src/app/support/page.tsx(99,19): error TS17004: Cannot use JSX unless the '--jsx' flag is provided.
apps/arcade/src/app/support/page.tsx(100,21): error TS17004: Cannot use JSX unless the '--jsx' flag is provided.
apps/arcade/src/app/support/page.tsx(106,15): error TS17004: Cannot use JSX unless the '--jsx' flag is provided.
apps/arcade/src/app/support/page.tsx(121,9): error TS17004: Cannot use JSX unless the '--jsx' flag is provided.
apps/arcade/src/app/support/page.tsx(122,11): error TS17004: Cannot use JSX unless the '--jsx' flag is provided.
apps/arcade/src/app/support/page.tsx(123,13): error TS17004: Cannot use JSX unless the '--jsx' flag is provided.
apps/arcade/src/app/support/page.tsx(124,13): error TS17004: Cannot use JSX unless the '--jsx' flag is provided.
apps/arcade/src/app/support/page.tsx(129,11): error TS17004: Cannot use JSX unless the '--jsx' flag is provided.
apps/arcade/src/app/support/page.tsx(135,9): error TS17004: Cannot use JSX unless the '--jsx' flag is provided.
apps/arcade/src/app/support/page.tsx(136,11): error TS17004: Cannot use JSX unless the '--jsx' flag is provided.
apps/arcade/src/app/support/page.tsx(137,11): error TS17004: Cannot use JSX unless the '--jsx' flag is provided.
apps/arcade/src/app/support/page.tsx(138,13): error TS17004: Cannot use JSX unless the '--jsx' flag is provided.
apps/arcade/src/app/support/page.tsx(139,15): error TS17004: Cannot use JSX unless the '--jsx' flag is provided.
apps/arcade/src/app/support/page.tsx(140,17): error TS17004: Cannot use JSX unless the '--jsx' flag is provided.
apps/arcade/src/app/support/page.tsx(140,33): error TS17004: Cannot use JSX unless the '--jsx' flag is provided.
apps/arcade/src/app/support/page.tsx(140,67): error TS17004: Cannot use JSX unless the '--jsx' flag is provided.
apps/arcade/src/app/support/page.tsx(143,15): error TS17004: Cannot use JSX unless the '--jsx' flag is provided.
apps/arcade/src/app/support/page.tsx(144,17): error TS17004: Cannot use JSX unless the '--jsx' flag is provided.
apps/arcade/src/app/support/page.tsx(144,33): error TS17004: Cannot use JSX unless the '--jsx' flag is provided.
apps/arcade/src/app/support/page.tsx(147,15): error TS17004: Cannot use JSX unless the '--jsx' flag is provided.
apps/arcade/src/app/support/page.tsx(148,17): error TS17004: Cannot use JSX unless the '--jsx' flag is provided.
apps/arcade/src/app/support/page.tsx(148,33): error TS17004: Cannot use JSX unless the '--jsx' flag is provided.
apps/arcade/src/app/support/page.tsx(152,13): error TS17004: Cannot use JSX unless the '--jsx' flag is provided.
apps/arcade/src/app/support/page.tsx(153,15): error TS17004: Cannot use JSX unless the '--jsx' flag is provided.
apps/arcade/src/app/support/page.tsx(154,17): error TS17004: Cannot use JSX unless the '--jsx' flag is provided.
apps/arcade/src/app/support/page.tsx(154,33): error TS17004: Cannot use JSX unless the '--jsx' flag is provided.
apps/arcade/src/app/support/page.tsx(154,63): error TS17004: Cannot use JSX unless the '--jsx' flag is provided.
apps/arcade/src/app/support/page.tsx(157,15): error TS17004: Cannot use JSX unless the '--jsx' flag is provided.
apps/arcade/src/app/support/page.tsx(158,17): error TS17004: Cannot use JSX unless the '--jsx' flag is provided.
apps/arcade/src/app/support/page.tsx(158,33): error TS17004: Cannot use JSX unless the '--jsx' flag is provided.
apps/arcade/src/app/support/status/page.tsx(60,5): error TS17004: Cannot use JSX unless the '--jsx' flag is provided.
apps/arcade/src/app/support/status/page.tsx(61,7): error TS17004: Cannot use JSX unless the '--jsx' flag is provided.
apps/arcade/src/app/support/status/page.tsx(62,9): error TS17004: Cannot use JSX unless the '--jsx' flag is provided.
apps/arcade/src/app/support/status/page.tsx(63,11): error TS17004: Cannot use JSX unless the '--jsx' flag is provided.
apps/arcade/src/app/support/status/page.tsx(64,13): error TS17004: Cannot use JSX unless the '--jsx' flag is provided.
apps/arcade/src/app/support/status/page.tsx(65,13): error TS17004: Cannot use JSX unless the '--jsx' flag is provided.
apps/arcade/src/app/support/status/page.tsx(67,11): error TS17004: Cannot use JSX unless the '--jsx' flag is provided.
apps/arcade/src/app/support/status/page.tsx(68,13): error TS17004: Cannot use JSX unless the '--jsx' flag is provided.
apps/arcade/src/app/support/status/page.tsx(69,13): error TS17004: Cannot use JSX unless the '--jsx' flag is provided.
apps/arcade/src/app/support/status/page.tsx(76,9): error TS17004: Cannot use JSX unless the '--jsx' flag is provided.
apps/arcade/src/app/support/status/page.tsx(77,11): error TS17004: Cannot use JSX unless the '--jsx' flag is provided.
apps/arcade/src/app/support/status/page.tsx(78,33): error TS17004: Cannot use JSX unless the '--jsx' flag is provided.
apps/arcade/src/app/support/status/page.tsx(80,11): error TS17004: Cannot use JSX unless the '--jsx' flag is provided.
apps/arcade/src/app/support/status/page.tsx(81,13): error TS17004: Cannot use JSX unless the '--jsx' flag is provided.
apps/arcade/src/app/support/status/page.tsx(82,15): error TS17004: Cannot use JSX unless the '--jsx' flag is provided.
apps/arcade/src/app/support/status/page.tsx(83,17): error TS17004: Cannot use JSX unless the '--jsx' flag is provided.
apps/arcade/src/app/support/status/page.tsx(84,19): error TS17004: Cannot use JSX unless the '--jsx' flag is provided.
apps/arcade/src/app/support/status/page.tsx(85,19): error TS17004: Cannot use JSX unless the '--jsx' flag is provided.
apps/arcade/src/app/support/status/page.tsx(86,19): error TS17004: Cannot use JSX unless the '--jsx' flag is provided.
apps/arcade/src/app/support/status/page.tsx(87,19): error TS17004: Cannot use JSX unless the '--jsx' flag is provided.
apps/arcade/src/app/support/status/page.tsx(90,15): error TS17004: Cannot use JSX unless the '--jsx' flag is provided.
apps/arcade/src/app/support/status/page.tsx(92,19): error TS17004: Cannot use JSX unless the '--jsx' flag is provided.
apps/arcade/src/app/support/status/page.tsx(93,21): error TS17004: Cannot use JSX unless the '--jsx' flag is provided.
apps/arcade/src/app/support/status/page.tsx(94,21): error TS17004: Cannot use JSX unless the '--jsx' flag is provided.
apps/arcade/src/app/support/status/page.tsx(95,23): error TS17004: Cannot use JSX unless the '--jsx' flag is provided.
apps/arcade/src/app/support/status/page.tsx(96,25): error TS17004: Cannot use JSX unless the '--jsx' flag is provided.
apps/arcade/src/app/support/status/page.tsx(100,21): error TS17004: Cannot use JSX unless the '--jsx' flag is provided.
apps/arcade/src/app/support/status/page.tsx(101,21): error TS17004: Cannot use JSX unless the '--jsx' flag is provided.
apps/arcade/src/app/support/status/page.tsx(110,9): error TS17004: Cannot use JSX unless the '--jsx' flag is provided.
apps/arcade/src/app/support/status/page.tsx(111,11): error TS17004: Cannot use JSX unless the '--jsx' flag is provided.
apps/arcade/src/app/support/status/page.tsx(112,30): error TS17004: Cannot use JSX unless the '--jsx' flag is provided.
apps/arcade/src/app/support/status/page.tsx(114,11): error TS17004: Cannot use JSX unless the '--jsx' flag is provided.
apps/arcade/src/app/support/status/page.tsx(116,15): error TS17004: Cannot use JSX unless the '--jsx' flag is provided.
apps/arcade/src/app/support/status/page.tsx(117,17): error TS17004: Cannot use JSX unless the '--jsx' flag is provided.
apps/arcade/src/app/support/status/page.tsx(118,19): error TS17004: Cannot use JSX unless the '--jsx' flag is provided.
apps/arcade/src/app/support/status/page.tsx(119,19): error TS17004: Cannot use JSX unless the '--jsx' flag is provided.
apps/arcade/src/app/support/status/page.tsx(123,17): error TS17004: Cannot use JSX unless the '--jsx' flag is provided.
apps/arcade/src/app/support/status/page.tsx(124,17): error TS17004: Cannot use JSX unless the '--jsx' flag is provided.
apps/arcade/src/app/support/status/page.tsx(130,9): error TS17004: Cannot use JSX unless the '--jsx' flag is provided.
apps/arcade/src/app/support/status/page.tsx(131,11): error TS17004: Cannot use JSX unless the '--jsx' flag is provided.
apps/arcade/src/app/support/status/page.tsx(132,65): error TS17004: Cannot use JSX unless the '--jsx' flag is provided.
apps/arcade/src/app/support/status/page.tsx(135,11): error TS17004: Cannot use JSX unless the '--jsx' flag is provided.
apps/arcade/src/app/support/status/page.tsx(136,13): error TS17004: Cannot use JSX unless the '--jsx' flag is provided.
apps/arcade/src/app/support/status/page.tsx(137,15): error TS17004: Cannot use JSX unless the '--jsx' flag is provided.
apps/arcade/src/app/support/status/page.tsx(140,15): error TS17004: Cannot use JSX unless the '--jsx' flag is provided.
apps/arcade/src/app/support/status/page.tsx(146,13): error TS17004: Cannot use JSX unless the '--jsx' flag is provided.
apps/arcade/src/app/support/status/page.tsx(147,15): error TS17004: Cannot use JSX unless the '--jsx' flag is provided.
apps/arcade/src/app/support/status/page.tsx(150,15): error TS17004: Cannot use JSX unless the '--jsx' flag is provided.
apps/arcade/src/app/support/status/page.tsx(152,17): error TS17004: Cannot use JSX unless the '--jsx' flag is provided.
apps/arcade/src/app/templates/page.tsx(2,24): error TS2307: Cannot find module '@/lib/routes' or its corresponding type declarations.
apps/arcade/src/app/tools/page.tsx(4,45): error TS2307: Cannot find module '@/lib/runtime' or its corresponding type declarations.
apps/arcade/src/app/tools/page.tsx(5,47): error TS2307: Cannot find module '@/lib/runtime' or its corresponding type declarations.
apps/arcade/src/app/tools/page.tsx(14,65): error TS7006: Parameter 't' implicitly has an 'any' type.
apps/arcade/src/app/tools/page.tsx(17,5): error TS17004: Cannot use JSX unless the '--jsx' flag is provided.
apps/arcade/src/app/tools/page.tsx(19,7): error TS17004: Cannot use JSX unless the '--jsx' flag is provided.
apps/arcade/src/app/tools/page.tsx(20,9): error TS17004: Cannot use JSX unless the '--jsx' flag is provided.
apps/arcade/src/app/tools/page.tsx(21,9): error TS17004: Cannot use JSX unless the '--jsx' flag is provided.
apps/arcade/src/app/tools/page.tsx(26,7): error TS17004: Cannot use JSX unless the '--jsx' flag is provided.
apps/arcade/src/app/tools/page.tsx(28,9): error TS17004: Cannot use JSX unless the '--jsx' flag is provided.
apps/arcade/src/app/tools/page.tsx(29,11): error TS17004: Cannot use JSX unless the '--jsx' flag is provided.
apps/arcade/src/app/tools/page.tsx(41,41): error TS7006: Parameter 't' implicitly has an 'any' type.
apps/arcade/src/app/tools/page.tsx(44,15): error TS17004: Cannot use JSX unless the '--jsx' flag is provided.
apps/arcade/src/app/tools/page.tsx(59,9): error TS17004: Cannot use JSX unless the '--jsx' flag is provided.
apps/arcade/src/app/tools/page.tsx(61,11): error TS17004: Cannot use JSX unless the '--jsx' flag is provided.
apps/arcade/src/app/tools/page.tsx(62,13): error TS17004: Cannot use JSX unless the '--jsx' flag is provided.
apps/arcade/src/app/tools/page.tsx(63,30): error TS7006: Parameter 'tool' implicitly has an 'any' type.
apps/arcade/src/app/tools/page.tsx(67,19): error TS17004: Cannot use JSX unless the '--jsx' flag is provided.
apps/arcade/src/app/tools/page.tsx(74,21): error TS17004: Cannot use JSX unless the '--jsx' flag is provided.
apps/arcade/src/app/tools/page.tsx(75,23): error TS17004: Cannot use JSX unless the '--jsx' flag is provided.
apps/arcade/src/app/tools/page.tsx(81,23): error TS17004: Cannot use JSX unless the '--jsx' flag is provided.
apps/arcade/src/app/tools/page.tsx(82,25): error TS17004: Cannot use JSX unless the '--jsx' flag is provided.
apps/arcade/src/app/tools/page.tsx(83,25): error TS17004: Cannot use JSX unless the '--jsx' flag is provided.
apps/arcade/src/app/tools/page.tsx(86,21): error TS17004: Cannot use JSX unless the '--jsx' flag is provided.
apps/arcade/src/app/tools/page.tsx(87,21): error TS17004: Cannot use JSX unless the '--jsx' flag is provided.
apps/arcade/src/app/tools/page.tsx(88,23): error TS17004: Cannot use JSX unless the '--jsx' flag is provided.
apps/arcade/src/app/tools/page.tsx(92,23): error TS17004: Cannot use JSX unless the '--jsx' flag is provided.
apps/arcade/src/app/tools/page.tsx(93,23): error TS17004: Cannot use JSX unless the '--jsx' flag is provided.
apps/arcade/src/app/tools/page.tsx(105,11): error TS17004: Cannot use JSX unless the '--jsx' flag is provided.
apps/arcade/src/app/tools/page.tsx(107,15): error TS17004: Cannot use JSX unless the '--jsx' flag is provided.
apps/arcade/src/app/tools/page.tsx(108,17): error TS17004: Cannot use JSX unless the '--jsx' flag is provided.
apps/arcade/src/app/tools/page.tsx(109,19): error TS17004: Cannot use JSX unless the '--jsx' flag is provided.
apps/arcade/src/app/tools/page.tsx(117,19): error TS17004: Cannot use JSX unless the '--jsx' flag is provided.
apps/arcade/src/app/tools/page.tsx(118,21): error TS17004: Cannot use JSX unless the '--jsx' flag is provided.
apps/arcade/src/app/tools/page.tsx(119,21): error TS17004: Cannot use JSX unless the '--jsx' flag is provided.
apps/arcade/src/app/tools/page.tsx(125,17): error TS17004: Cannot use JSX unless the '--jsx' flag is provided.
apps/arcade/src/app/tools/page.tsx(128,17): error TS17004: Cannot use JSX unless the '--jsx' flag is provided.
apps/arcade/src/app/tools/page.tsx(129,19): error TS17004: Cannot use JSX unless the '--jsx' flag is provided.
apps/arcade/src/app/tools/page.tsx(132,19): error TS17004: Cannot use JSX unless the '--jsx' flag is provided.
apps/arcade/src/app/tools/page.tsx(133,52): error TS7006: Parameter 'p' implicitly has an 'any' type.
apps/arcade/src/app/tools/page.tsx(133,55): error TS7006: Parameter 'i' implicitly has an 'any' type.
apps/arcade/src/app/tools/page.tsx(134,23): error TS17004: Cannot use JSX unless the '--jsx' flag is provided.
apps/arcade/src/app/tools/page.tsx(135,25): error TS17004: Cannot use JSX unless the '--jsx' flag is provided.
apps/arcade/src/app/tools/page.tsx(138,25): error TS17004: Cannot use JSX unless the '--jsx' flag is provided.
apps/arcade/src/app/tools/page.tsx(139,25): error TS17004: Cannot use JSX unless the '--jsx' flag is provided.
apps/arcade/src/app/tools/page.tsx(140,25): error TS17004: Cannot use JSX unless the '--jsx' flag is provided.
apps/arcade/src/app/tools/page.tsx(147,17): error TS17004: Cannot use JSX unless the '--jsx' flag is provided.
apps/arcade/src/app/tools/page.tsx(148,19): error TS17004: Cannot use JSX unless the '--jsx' flag is provided.
apps/arcade/src/app/tools/page.tsx(149,19): error TS17004: Cannot use JSX unless the '--jsx' flag is provided.
apps/arcade/src/app/tools/page.tsx(158,19): error TS17004: Cannot use JSX unless the '--jsx' flag is provided.
apps/arcade/src/app/tools/page.tsx(159,21): error TS17004: Cannot use JSX unless the '--jsx' flag is provided.
apps/arcade/src/app/tools/page.tsx(162,21): error TS17004: Cannot use JSX unless the '--jsx' flag is provided.
apps/arcade/src/app/tools/page.tsx(163,54): error TS7006: Parameter 's' implicitly has an 'any' type.
apps/arcade/src/app/tools/page.tsx(164,25): error TS17004: Cannot use JSX unless the '--jsx' flag is provided.
apps/arcade/src/app/tools/page.tsx(177,19): error TS17004: Cannot use JSX unless the '--jsx' flag is provided.
apps/arcade/src/app/tools/page.tsx(178,21): error TS17004: Cannot use JSX unless the '--jsx' flag is provided.
apps/arcade/src/app/tools/page.tsx(179,21): error TS17004: Cannot use JSX unless the '--jsx' flag is provided.
apps/arcade/src/app/tools/page.tsx(180,23): error TS17004: Cannot use JSX unless the '--jsx' flag is provided.
apps/arcade/src/app/tools/page.tsx(188,15): error TS17004: Cannot use JSX unless the '--jsx' flag is provided.
apps/arcade/src/app/tools/page.tsx(189,17): error TS17004: Cannot use JSX unless the '--jsx' flag is provided.
apps/arcade/src/app/tools/page.tsx(190,17): error TS17004: Cannot use JSX unless the '--jsx' flag is provided.
apps/arcade/src/app/tools/page.tsx(191,17): error TS17004: Cannot use JSX unless the '--jsx' flag is provided.
apps/arcade/src/app/transparency/page.tsx(1,40): error TS2307: Cannot find module '@/components/stitch/web/pages/TransparencyGovernance' or its corresponding type declarations.
apps/arcade/src/app/transparency/page.tsx(10,10): error TS17004: Cannot use JSX unless the '--jsx' flag is provided.
apps/arcade/src/components/DegradedBanner.tsx(16,5): error TS17004: Cannot use JSX unless the '--jsx' flag is provided.
apps/arcade/src/components/DegradedBanner.tsx(20,7): error TS17004: Cannot use JSX unless the '--jsx' flag is provided.
apps/arcade/src/components/DegradedBanner.tsx(23,7): error TS17004: Cannot use JSX unless the '--jsx' flag is provided.
apps/arcade/src/components/EmptyState.tsx(18,5): error TS17004: Cannot use JSX unless the '--jsx' flag is provided.
apps/arcade/src/components/EmptyState.tsx(19,16): error TS17004: Cannot use JSX unless the '--jsx' flag is provided.
apps/arcade/src/components/EmptyState.tsx(20,7): error TS17004: Cannot use JSX unless the '--jsx' flag is provided.
apps/arcade/src/components/EmptyState.tsx(21,7): error TS17004: Cannot use JSX unless the '--jsx' flag is provided.
apps/arcade/src/components/EmptyState.tsx(23,9): error TS17004: Cannot use JSX unless the '--jsx' flag is provided.
apps/arcade/src/components/ExecutionDetails.tsx(4,50): error TS2307: Cannot find module '@/lib/runtime' or its corresponding type declarations.
apps/arcade/src/components/ExecutionDetails.tsx(52,5): error TS17004: Cannot use JSX unless the '--jsx' flag is provided.
apps/arcade/src/components/ExecutionDetails.tsx(54,7): error TS17004: Cannot use JSX unless the '--jsx' flag is provided.
apps/arcade/src/components/ExecutionDetails.tsx(55,9): error TS17004: Cannot use JSX unless the '--jsx' flag is provided.
apps/arcade/src/components/ExecutionDetails.tsx(56,11): error TS17004: Cannot use JSX unless the '--jsx' flag is provided.
apps/arcade/src/components/ExecutionDetails.tsx(57,11): error TS17004: Cannot use JSX unless the '--jsx' flag is provided.
apps/arcade/src/components/ExecutionDetails.tsx(59,9): error TS17004: Cannot use JSX unless the '--jsx' flag is provided.
apps/arcade/src/components/ExecutionDetails.tsx(60,11): error TS17004: Cannot use JSX unless the '--jsx' flag is provided.
apps/arcade/src/components/ExecutionDetails.tsx(63,11): error TS17004: Cannot use JSX unless the '--jsx' flag is provided.
apps/arcade/src/components/ExecutionDetails.tsx(64,11): error TS17004: Cannot use JSX unless the '--jsx' flag is provided.
apps/arcade/src/components/ExecutionDetails.tsx(65,11): error TS17004: Cannot use JSX unless the '--jsx' flag is provided.
apps/arcade/src/components/ExecutionDetails.tsx(70,7): error TS17004: Cannot use JSX unless the '--jsx' flag is provided.
apps/arcade/src/components/ExecutionDetails.tsx(72,11): error TS17004: Cannot use JSX unless the '--jsx' flag is provided.
apps/arcade/src/components/ExecutionDetails.tsx(86,9): error TS17004: Cannot use JSX unless the '--jsx' flag is provided.
apps/arcade/src/components/ExecutionDetails.tsx(87,11): error TS17004: Cannot use JSX unless the '--jsx' flag is provided.
apps/arcade/src/components/ExecutionDetails.tsx(88,31): error TS7006: Parameter 'node' implicitly has an 'any' type.
apps/arcade/src/components/ExecutionDetails.tsx(91,17): error TS17004: Cannot use JSX unless the '--jsx' flag is provided.
apps/arcade/src/components/ExecutionDetails.tsx(95,19): error TS17004: Cannot use JSX unless the '--jsx' flag is provided.
apps/arcade/src/components/ExecutionDetails.tsx(101,19): error TS17004: Cannot use JSX unless the '--jsx' flag is provided.
apps/arcade/src/components/ExecutionDetails.tsx(102,21): error TS17004: Cannot use JSX unless the '--jsx' flag is provided.
apps/arcade/src/components/ExecutionDetails.tsx(103,23): error TS17004: Cannot use JSX unless the '--jsx' flag is provided.
apps/arcade/src/components/ExecutionDetails.tsx(104,23): error TS17004: Cannot use JSX unless the '--jsx' flag is provided.
apps/arcade/src/components/ExecutionDetails.tsx(110,21): error TS17004: Cannot use JSX unless the '--jsx' flag is provided.
apps/arcade/src/components/ExecutionDetails.tsx(113,21): error TS17004: Cannot use JSX unless the '--jsx' flag is provided.
apps/arcade/src/components/ExecutionDetails.tsx(123,11): error TS17004: Cannot use JSX unless the '--jsx' flag is provided.
apps/arcade/src/components/ExecutionDetails.tsx(124,13): error TS17004: Cannot use JSX unless the '--jsx' flag is provided.
apps/arcade/src/components/ExecutionDetails.tsx(125,13): error TS17004: Cannot use JSX unless the '--jsx' flag is provided.
apps/arcade/src/components/ExecutionDetails.tsx(126,33): error TS7006: Parameter 'edge' implicitly has an 'any' type.
apps/arcade/src/components/ExecutionDetails.tsx(126,39): error TS7006: Parameter 'i' implicitly has an 'any' type.
apps/arcade/src/components/ExecutionDetails.tsx(127,17): error TS17004: Cannot use JSX unless the '--jsx' flag is provided.
apps/arcade/src/components/ExecutionDetails.tsx(128,38): error TS7006: Parameter 'n' implicitly has an 'any' type.
apps/arcade/src/components/ExecutionDetails.tsx(130,38): error TS7006: Parameter 'n' implicitly has an 'any' type.
apps/arcade/src/components/ExecutionDetails.tsx(141,9): error TS17004: Cannot use JSX unless the '--jsx' flag is provided.
apps/arcade/src/components/ExecutionDetails.tsx(143,13): error TS17004: Cannot use JSX unless the '--jsx' flag is provided.
apps/arcade/src/components/ExecutionDetails.tsx(145,13): error TS17004: Cannot use JSX unless the '--jsx' flag is provided.
apps/arcade/src/components/ExecutionDetails.tsx(146,43): error TS7006: Parameter 'inv' implicitly has an 'any' type.
apps/arcade/src/components/ExecutionDetails.tsx(146,48): error TS7006: Parameter 'i' implicitly has an 'any' type.
apps/arcade/src/components/ExecutionDetails.tsx(147,17): error TS17004: Cannot use JSX unless the '--jsx' flag is provided.
apps/arcade/src/components/ExecutionDetails.tsx(148,19): error TS17004: Cannot use JSX unless the '--jsx' flag is provided.
apps/arcade/src/components/ExecutionDetails.tsx(149,21): error TS17004: Cannot use JSX unless the '--jsx' flag is provided.
apps/arcade/src/components/ExecutionDetails.tsx(150,23): error TS17004: Cannot use JSX unless the '--jsx' flag is provided.
apps/arcade/src/components/ExecutionDetails.tsx(151,23): error TS17004: Cannot use JSX unless the '--jsx' flag is provided.
apps/arcade/src/components/ExecutionDetails.tsx(153,21): error TS17004: Cannot use JSX unless the '--jsx' flag is provided.
apps/arcade/src/components/ExecutionDetails.tsx(154,23): error TS17004: Cannot use JSX unless the '--jsx' flag is provided.
apps/arcade/src/components/ExecutionDetails.tsx(163,23): error TS17004: Cannot use JSX unless the '--jsx' flag is provided.
apps/arcade/src/components/ExecutionDetails.tsx(166,19): error TS17004: Cannot use JSX unless the '--jsx' flag is provided.
apps/arcade/src/components/ExecutionDetails.tsx(176,9): error TS17004: Cannot use JSX unless the '--jsx' flag is provided.
apps/arcade/src/components/ExecutionDetails.tsx(177,11): error TS17004: Cannot use JSX unless the '--jsx' flag is provided.
apps/arcade/src/components/ExecutionDetails.tsx(178,13): error TS17004: Cannot use JSX unless the '--jsx' flag is provided.
apps/arcade/src/components/ExecutionDetails.tsx(179,15): error TS17004: Cannot use JSX unless the '--jsx' flag is provided.
apps/arcade/src/components/ExecutionDetails.tsx(180,15): error TS17004: Cannot use JSX unless the '--jsx' flag is provided.
apps/arcade/src/components/ExecutionDetails.tsx(184,13): error TS17004: Cannot use JSX unless the '--jsx' flag is provided.
apps/arcade/src/components/ExecutionDetails.tsx(185,15): error TS17004: Cannot use JSX unless the '--jsx' flag is provided.
apps/arcade/src/components/ExecutionDetails.tsx(186,15): error TS17004: Cannot use JSX unless the '--jsx' flag is provided.
apps/arcade/src/components/ExecutionDetails.tsx(190,13): error TS17004: Cannot use JSX unless the '--jsx' flag is provided.
apps/arcade/src/components/ExecutionDetails.tsx(191,15): error TS17004: Cannot use JSX unless the '--jsx' flag is provided.
apps/arcade/src/components/ExecutionDetails.tsx(192,15): error TS17004: Cannot use JSX unless the '--jsx' flag is provided.
apps/arcade/src/components/ExecutionDetails.tsx(196,13): error TS17004: Cannot use JSX unless the '--jsx' flag is provided.
apps/arcade/src/components/ExecutionDetails.tsx(197,15): error TS17004: Cannot use JSX unless the '--jsx' flag is provided.
apps/arcade/src/components/ExecutionDetails.tsx(198,15): error TS17004: Cannot use JSX unless the '--jsx' flag is provided.
apps/arcade/src/components/ExecutionDetails.tsx(202,11): error TS17004: Cannot use JSX unless the '--jsx' flag is provided.
apps/arcade/src/components/ExecutionDetails.tsx(203,13): error TS17004: Cannot use JSX unless the '--jsx' flag is provided.
apps/arcade/src/components/ExecutionDetails.tsx(204,13): error TS17004: Cannot use JSX unless the '--jsx' flag is provided.
apps/arcade/src/components/ExecutionDetails.tsx(205,15): error TS17004: Cannot use JSX unless the '--jsx' flag is provided.
apps/arcade/src/components/ExecutionDetails.tsx(206,15): error TS17004: Cannot use JSX unless the '--jsx' flag is provided.
apps/arcade/src/components/ExecutionDetails.tsx(207,15): error TS17004: Cannot use JSX unless the '--jsx' flag is provided.
apps/arcade/src/components/ExecutionDetails.tsx(209,13): error TS17004: Cannot use JSX unless the '--jsx' flag is provided.
apps/arcade/src/components/ExecutionDetails.tsx(218,9): error TS17004: Cannot use JSX unless the '--jsx' flag is provided.
apps/arcade/src/components/ExecutionDetails.tsx(222,15): error TS17004: Cannot use JSX unless the '--jsx' flag is provided.
apps/arcade/src/components/ExecutionDetails.tsx(223,17): error TS17004: Cannot use JSX unless the '--jsx' flag is provided.
apps/arcade/src/components/ExecutionDetails.tsx(227,19): error TS17004: Cannot use JSX unless the '--jsx' flag is provided.
apps/arcade/src/components/ExecutionDetails.tsx(228,21): error TS17004: Cannot use JSX unless the '--jsx' flag is provided.
apps/arcade/src/components/ExecutionDetails.tsx(229,21): error TS17004: Cannot use JSX unless the '--jsx' flag is provided.
apps/arcade/src/components/ExecutionDetails.tsx(231,19): error TS17004: Cannot use JSX unless the '--jsx' flag is provided.
apps/arcade/src/components/ExecutionDetails.tsx(234,19): error TS17004: Cannot use JSX unless the '--jsx' flag is provided.
apps/arcade/src/components/ExecutionDetails.tsx(235,21): error TS17004: Cannot use JSX unless the '--jsx' flag is provided.
apps/arcade/src/components/ExecutionTimeline.tsx(36,5): error TS17004: Cannot use JSX unless the '--jsx' flag is provided.
apps/arcade/src/components/ExecutionTimeline.tsx(42,7): error TS17004: Cannot use JSX unless the '--jsx' flag is provided.
apps/arcade/src/components/ExecutionTimeline.tsx(50,13): error TS17004: Cannot use JSX unless the '--jsx' flag is provided.
apps/arcade/src/components/ExecutionTimeline.tsx(55,15): error TS17004: Cannot use JSX unless the '--jsx' flag is provided.
apps/arcade/src/components/ExecutionTimeline.tsx(63,15): error TS17004: Cannot use JSX unless the '--jsx' flag is provided.
apps/arcade/src/components/ExecutionTimeline.tsx(64,17): error TS17004: Cannot use JSX unless the '--jsx' flag is provided.
apps/arcade/src/components/ExecutionTimeline.tsx(65,19): error TS17004: Cannot use JSX unless the '--jsx' flag is provided.
apps/arcade/src/components/ExecutionTimeline.tsx(66,19): error TS17004: Cannot use JSX unless the '--jsx' flag is provided.
apps/arcade/src/components/ExecutionTimeline.tsx(72,19): error TS17004: Cannot use JSX unless the '--jsx' flag is provided.
apps/arcade/src/components/ExecutionTimeline.tsx(76,17): error TS17004: Cannot use JSX unless the '--jsx' flag is provided.
apps/arcade/src/components/ExecutionTimeline.tsx(80,28): error TS17004: Cannot use JSX unless the '--jsx' flag is provided.
apps/arcade/src/components/ExecutionTimeline.tsx(88,9): error TS17004: Cannot use JSX unless the '--jsx' flag is provided.
apps/arcade/src/components/ExecutionTimeline.tsx(89,11): error TS17004: Cannot use JSX unless the '--jsx' flag is provided.
apps/arcade/src/components/ExecutionTimeline.tsx(92,11): error TS17004: Cannot use JSX unless the '--jsx' flag is provided.
apps/arcade/src/components/ExecutionTimeline.tsx(96,7): error TS17004: Cannot use JSX unless the '--jsx' flag is provided.
apps/arcade/src/components/Footer.tsx(2,24): error TS2307: Cannot find module '@/lib/routes' or its corresponding type declarations.
apps/arcade/src/components/Footer.tsx(3,28): error TS2307: Cannot find module '@/lib/brand' or its corresponding type declarations.
apps/arcade/src/components/Footer.tsx(7,5): error TS17004: Cannot use JSX unless the '--jsx' flag is provided.
apps/arcade/src/components/Footer.tsx(8,7): error TS17004: Cannot use JSX unless the '--jsx' flag is provided.
apps/arcade/src/components/Footer.tsx(9,9): error TS17004: Cannot use JSX unless the '--jsx' flag is provided.
apps/arcade/src/components/Footer.tsx(11,11): error TS17004: Cannot use JSX unless the '--jsx' flag is provided.
apps/arcade/src/components/Footer.tsx(12,13): error TS17004: Cannot use JSX unless the '--jsx' flag is provided.
apps/arcade/src/components/Footer.tsx(13,15): error TS17004: Cannot use JSX unless the '--jsx' flag is provided.
apps/arcade/src/components/Footer.tsx(14,17): error TS17004: Cannot use JSX unless the '--jsx' flag is provided.
apps/arcade/src/components/Footer.tsx(16,15): error TS17004: Cannot use JSX unless the '--jsx' flag is provided.
apps/arcade/src/components/Footer.tsx(18,13): error TS17004: Cannot use JSX unless the '--jsx' flag is provided.
apps/arcade/src/components/Footer.tsx(21,13): error TS17004: Cannot use JSX unless the '--jsx' flag is provided.
apps/arcade/src/components/Footer.tsx(27,11): error TS17004: Cannot use JSX unless the '--jsx' flag is provided.
apps/arcade/src/components/Footer.tsx(28,13): error TS17004: Cannot use JSX unless the '--jsx' flag is provided.
apps/arcade/src/components/Footer.tsx(29,13): error TS17004: Cannot use JSX unless the '--jsx' flag is provided.
apps/arcade/src/components/Footer.tsx(30,15): error TS17004: Cannot use JSX unless the '--jsx' flag is provided.
apps/arcade/src/components/Footer.tsx(31,17): error TS17004: Cannot use JSX unless the '--jsx' flag is provided.
apps/arcade/src/components/Footer.tsx(35,15): error TS17004: Cannot use JSX unless the '--jsx' flag is provided.
apps/arcade/src/components/Footer.tsx(36,17): error TS17004: Cannot use JSX unless the '--jsx' flag is provided.
apps/arcade/src/components/Footer.tsx(40,15): error TS17004: Cannot use JSX unless the '--jsx' flag is provided.
apps/arcade/src/components/Footer.tsx(41,17): error TS17004: Cannot use JSX unless the '--jsx' flag is provided.
apps/arcade/src/components/Footer.tsx(45,15): error TS17004: Cannot use JSX unless the '--jsx' flag is provided.
apps/arcade/src/components/Footer.tsx(46,17): error TS17004: Cannot use JSX unless the '--jsx' flag is provided.
apps/arcade/src/components/Footer.tsx(50,15): error TS17004: Cannot use JSX unless the '--jsx' flag is provided.
apps/arcade/src/components/Footer.tsx(51,17): error TS17004: Cannot use JSX unless the '--jsx' flag is provided.
apps/arcade/src/components/Footer.tsx(59,11): error TS17004: Cannot use JSX unless the '--jsx' flag is provided.
apps/arcade/src/components/Footer.tsx(60,13): error TS17004: Cannot use JSX unless the '--jsx' flag is provided.
apps/arcade/src/components/Footer.tsx(61,13): error TS17004: Cannot use JSX unless the '--jsx' flag is provided.
apps/arcade/src/components/Footer.tsx(62,15): error TS17004: Cannot use JSX unless the '--jsx' flag is provided.
apps/arcade/src/components/Footer.tsx(63,17): error TS17004: Cannot use JSX unless the '--jsx' flag is provided.
apps/arcade/src/components/Footer.tsx(67,15): error TS17004: Cannot use JSX unless the '--jsx' flag is provided.
apps/arcade/src/components/Footer.tsx(68,17): error TS17004: Cannot use JSX unless the '--jsx' flag is provided.
apps/arcade/src/components/Footer.tsx(72,15): error TS17004: Cannot use JSX unless the '--jsx' flag is provided.
apps/arcade/src/components/Footer.tsx(73,17): error TS17004: Cannot use JSX unless the '--jsx' flag is provided.
apps/arcade/src/components/Footer.tsx(77,15): error TS17004: Cannot use JSX unless the '--jsx' flag is provided.
apps/arcade/src/components/Footer.tsx(78,17): error TS17004: Cannot use JSX unless the '--jsx' flag is provided.
apps/arcade/src/components/Footer.tsx(82,15): error TS17004: Cannot use JSX unless the '--jsx' flag is provided.
apps/arcade/src/components/Footer.tsx(83,17): error TS17004: Cannot use JSX unless the '--jsx' flag is provided.
apps/arcade/src/components/Footer.tsx(87,15): error TS17004: Cannot use JSX unless the '--jsx' flag is provided.
apps/arcade/src/components/Footer.tsx(88,17): error TS17004: Cannot use JSX unless the '--jsx' flag is provided.
apps/arcade/src/components/Footer.tsx(96,9): error TS17004: Cannot use JSX unless the '--jsx' flag is provided.
apps/arcade/src/components/Footer.tsx(97,11): error TS17004: Cannot use JSX unless the '--jsx' flag is provided.
apps/arcade/src/components/Footer.tsx(100,11): error TS17004: Cannot use JSX unless the '--jsx' flag is provided.
apps/arcade/src/components/Footer.tsx(101,13): error TS17004: Cannot use JSX unless the '--jsx' flag is provided.
apps/arcade/src/components/Footer.tsx(104,13): error TS17004: Cannot use JSX unless the '--jsx' flag is provided.
apps/arcade/src/components/Footer.tsx(107,13): error TS17004: Cannot use JSX unless the '--jsx' flag is provided.
apps/arcade/src/components/GlobalActivityMap.tsx(38,5): error TS17004: Cannot use JSX unless the '--jsx' flag is provided.
apps/arcade/src/components/GlobalActivityMap.tsx(41,7): error TS17004: Cannot use JSX unless the '--jsx' flag is provided.
apps/arcade/src/components/GlobalActivityMap.tsx(42,9): error TS17004: Cannot use JSX unless the '--jsx' flag is provided.
apps/arcade/src/components/GlobalActivityMap.tsx(43,11): error TS17004: Cannot use JSX unless the '--jsx' flag is provided.
apps/arcade/src/components/GlobalActivityMap.tsx(44,13): error TS17004: Cannot use JSX unless the '--jsx' flag is provided.
apps/arcade/src/components/GlobalActivityMap.tsx(52,9): error TS17004: Cannot use JSX unless the '--jsx' flag is provided.
apps/arcade/src/components/GlobalActivityMap.tsx(61,13): error TS17004: Cannot use JSX unless the '--jsx' flag is provided.
apps/arcade/src/components/GlobalActivityMap.tsx(75,11): error TS17004: Cannot use JSX unless the '--jsx' flag is provided.
apps/arcade/src/components/GlobalActivityMap.tsx(87,9): error TS17004: Cannot use JSX unless the '--jsx' flag is provided.
apps/arcade/src/components/GlobalActivityMap.tsx(88,9): error TS17004: Cannot use JSX unless the '--jsx' flag is provided.
apps/arcade/src/components/GlobalActivityMap.tsx(89,9): error TS17004: Cannot use JSX unless the '--jsx' flag is provided.
apps/arcade/src/components/GlobalActivityMap.tsx(90,9): error TS17004: Cannot use JSX unless the '--jsx' flag is provided.
apps/arcade/src/components/GlobalActivityMap.tsx(91,9): error TS17004: Cannot use JSX unless the '--jsx' flag is provided.
apps/arcade/src/components/GlobalActivityMap.tsx(92,9): error TS17004: Cannot use JSX unless the '--jsx' flag is provided.
apps/arcade/src/components/GlobalActivityMap.tsx(93,9): error TS17004: Cannot use JSX unless the '--jsx' flag is provided.
apps/arcade/src/components/GlobalActivityMap.tsx(97,7): error TS17004: Cannot use JSX unless the '--jsx' flag is provided.
apps/arcade/src/components/GlobalActivityMap.tsx(98,9): error TS17004: Cannot use JSX unless the '--jsx' flag is provided.
apps/arcade/src/components/GlobalActivityMap.tsx(99,11): error TS17004: Cannot use JSX unless the '--jsx' flag is provided.
apps/arcade/src/components/GlobalActivityMap.tsx(100,11): error TS17004: Cannot use JSX unless the '--jsx' flag is provided.
apps/arcade/src/components/GlobalActivityMap.tsx(102,9): error TS17004: Cannot use JSX unless the '--jsx' flag is provided.
apps/arcade/src/components/GlobalActivityMap.tsx(103,11): error TS17004: Cannot use JSX unless the '--jsx' flag is provided.
apps/arcade/src/components/GlobalActivityMap.tsx(104,11): error TS17004: Cannot use JSX unless the '--jsx' flag is provided.
apps/arcade/src/components/GlobalActivityMap.tsx(106,9): error TS17004: Cannot use JSX unless the '--jsx' flag is provided.
apps/arcade/src/components/GlobalActivityMap.tsx(107,11): error TS17004: Cannot use JSX unless the '--jsx' flag is provided.
apps/arcade/src/components/GlobalActivityMap.tsx(108,11): error TS17004: Cannot use JSX unless the '--jsx' flag is provided.
apps/arcade/src/components/HeroMedia.tsx(31,7): error TS17004: Cannot use JSX unless the '--jsx' flag is provided.
apps/arcade/src/components/HeroMedia.tsx(32,9): error TS17004: Cannot use JSX unless the '--jsx' flag is provided.
apps/arcade/src/components/HeroMedia.tsx(34,9): error TS17004: Cannot use JSX unless the '--jsx' flag is provided.
apps/arcade/src/components/HeroMedia.tsx(35,9): error TS17004: Cannot use JSX unless the '--jsx' flag is provided.
apps/arcade/src/components/HeroMedia.tsx(41,5): error TS17004: Cannot use JSX unless the '--jsx' flag is provided.
apps/arcade/src/components/HeroMedia.tsx(42,7): error TS17004: Cannot use JSX unless the '--jsx' flag is provided.
apps/arcade/src/components/HeroMedia.tsx(51,9): error TS17004: Cannot use JSX unless the '--jsx' flag is provided.
apps/arcade/src/components/HeroMedia.tsx(54,7): error TS17004: Cannot use JSX unless the '--jsx' flag is provided.
apps/arcade/src/components/HeroMedia.tsx(55,7): error TS17004: Cannot use JSX unless the '--jsx' flag is provided.
apps/arcade/src/components/HomepageClient.tsx(5,24): error TS2307: Cannot find module '@/lib/routes' or its corresponding type declarations.
apps/arcade/src/components/HomepageClient.tsx(6,23): error TS2307: Cannot find module '@/lib/analytics' or its corresponding type declarations.
apps/arcade/src/components/HomepageClient.tsx(7,30): error TS2307: Cannot find module '@/lib/ab' or its corresponding type declarations.
apps/arcade/src/components/HomepageClient.tsx(8,35): error TS2307: Cannot find module '@/lib/copy' or its corresponding type declarations.
apps/arcade/src/components/HomepageClient.tsx(74,5): error TS17004: Cannot use JSX unless the '--jsx' flag is provided.
apps/arcade/src/components/HomepageClient.tsx(76,9): error TS17004: Cannot use JSX unless the '--jsx' flag is provided.
apps/arcade/src/components/HomepageClient.tsx(77,11): error TS17004: Cannot use JSX unless the '--jsx' flag is provided.
apps/arcade/src/components/HomepageClient.tsx(78,11): error TS17004: Cannot use JSX unless the '--jsx' flag is provided.
apps/arcade/src/components/HomepageClient.tsx(81,11): error TS17004: Cannot use JSX unless the '--jsx' flag is provided.
apps/arcade/src/components/HomepageClient.tsx(88,9): error TS17004: Cannot use JSX unless the '--jsx' flag is provided.
apps/arcade/src/components/HomepageClient.tsx(89,11): error TS17004: Cannot use JSX unless the '--jsx' flag is provided.
apps/arcade/src/components/HomepageClient.tsx(90,11): error TS17004: Cannot use JSX unless the '--jsx' flag is provided.
apps/arcade/src/components/HomepageClient.tsx(91,11): error TS17004: Cannot use JSX unless the '--jsx' flag is provided.
apps/arcade/src/components/HomepageClient.tsx(92,13): error TS17004: Cannot use JSX unless the '--jsx' flag is provided.
apps/arcade/src/components/HomepageClient.tsx(93,13): error TS17004: Cannot use JSX unless the '--jsx' flag is provided.
apps/arcade/src/components/HomepageClient.tsx(94,13): error TS17004: Cannot use JSX unless the '--jsx' flag is provided.
apps/arcade/src/components/HomepageClient.tsx(100,9): error TS17004: Cannot use JSX unless the '--jsx' flag is provided.
apps/arcade/src/components/HomepageClient.tsx(102,11): error TS17004: Cannot use JSX unless the '--jsx' flag is provided.
apps/arcade/src/components/HomepageClient.tsx(103,13): error TS17004: Cannot use JSX unless the '--jsx' flag is provided.
apps/arcade/src/components/HomepageClient.tsx(104,13): error TS17004: Cannot use JSX unless the '--jsx' flag is provided.
apps/arcade/src/components/HomepageClient.tsx(105,15): error TS17004: Cannot use JSX unless the '--jsx' flag is provided.
apps/arcade/src/components/HomepageClient.tsx(106,15): error TS17004: Cannot use JSX unless the '--jsx' flag is provided.
apps/arcade/src/components/HomepageClient.tsx(111,11): error TS17004: Cannot use JSX unless the '--jsx' flag is provided.
apps/arcade/src/components/HomepageClient.tsx(112,13): error TS17004: Cannot use JSX unless the '--jsx' flag is provided.
apps/arcade/src/components/HomepageClient.tsx(113,13): error TS17004: Cannot use JSX unless the '--jsx' flag is provided.
apps/arcade/src/components/HomepageClient.tsx(117,11): error TS17004: Cannot use JSX unless the '--jsx' flag is provided.
apps/arcade/src/components/HomepageClient.tsx(118,13): error TS17004: Cannot use JSX unless the '--jsx' flag is provided.
apps/arcade/src/components/HomepageClient.tsx(121,13): error TS17004: Cannot use JSX unless the '--jsx' flag is provided.
apps/arcade/src/components/HomepageClient.tsx(125,11): error TS17004: Cannot use JSX unless the '--jsx' flag is provided.
apps/arcade/src/components/HomepageClient.tsx(126,13): error TS17004: Cannot use JSX unless the '--jsx' flag is provided.
apps/arcade/src/components/HomepageClient.tsx(138,13): error TS17004: Cannot use JSX unless the '--jsx' flag is provided.
apps/arcade/src/components/HomepageClient.tsx(164,5): error TS17004: Cannot use JSX unless the '--jsx' flag is provided.
apps/arcade/src/components/HomepageClient.tsx(165,7): error TS17004: Cannot use JSX unless the '--jsx' flag is provided.
apps/arcade/src/components/HomepageClient.tsx(166,9): error TS17004: Cannot use JSX unless the '--jsx' flag is provided.
apps/arcade/src/components/HomepageClient.tsx(175,9): error TS17004: Cannot use JSX unless the '--jsx' flag is provided.
apps/arcade/src/components/HomepageClient.tsx(177,13): error TS17004: Cannot use JSX unless the '--jsx' flag is provided.
apps/arcade/src/components/HomepageClient.tsx(182,15): error TS17004: Cannot use JSX unless the '--jsx' flag is provided.
apps/arcade/src/components/HomepageClient.tsx(185,15): error TS17004: Cannot use JSX unless the '--jsx' flag is provided.
apps/arcade/src/components/HomepageClient.tsx(186,15): error TS17004: Cannot use JSX unless the '--jsx' flag is provided.
apps/arcade/src/components/HomepageClient.tsx(188,17): error TS17004: Cannot use JSX unless the '--jsx' flag is provided.
apps/arcade/src/components/HomepageClient.tsx(194,19): error TS17004: Cannot use JSX unless the '--jsx' flag is provided.
apps/arcade/src/components/NavBar.tsx(6,24): error TS2307: Cannot find module '@/lib/routes' or its corresponding type declarations.
apps/arcade/src/components/NavBar.tsx(7,28): error TS2307: Cannot find module '@/lib/brand' or its corresponding type declarations.
apps/arcade/src/components/NavBar.tsx(8,23): error TS2307: Cannot find module '@/lib/analytics' or its corresponding type declarations.
apps/arcade/src/components/NavBar.tsx(9,31): error TS6142: Module './OSSModeBanner' was resolved to 'C:/Users/scott/Documents/GitHub/Reach/apps/arcade/src/components/OSSModeBanner.tsx', but '--jsx' is not set.
apps/arcade/src/components/NavBar.tsx(30,5): error TS17004: Cannot use JSX unless the '--jsx' flag is provided.
apps/arcade/src/components/NavBar.tsx(31,7): error TS17004: Cannot use JSX unless the '--jsx' flag is provided.
apps/arcade/src/components/NavBar.tsx(32,7): error TS17004: Cannot use JSX unless the '--jsx' flag is provided.
apps/arcade/src/components/NavBar.tsx(33,9): error TS17004: Cannot use JSX unless the '--jsx' flag is provided.
apps/arcade/src/components/NavBar.tsx(35,11): error TS17004: Cannot use JSX unless the '--jsx' flag is provided.
apps/arcade/src/components/NavBar.tsx(36,13): error TS17004: Cannot use JSX unless the '--jsx' flag is provided.
apps/arcade/src/components/NavBar.tsx(37,15): error TS17004: Cannot use JSX unless the '--jsx' flag is provided.
apps/arcade/src/components/NavBar.tsx(39,13): error TS17004: Cannot use JSX unless the '--jsx' flag is provided.
apps/arcade/src/components/NavBar.tsx(43,11): error TS17004: Cannot use JSX unless the '--jsx' flag is provided.
apps/arcade/src/components/NavBar.tsx(45,15): error TS17004: Cannot use JSX unless the '--jsx' flag is provided.
apps/arcade/src/components/NavBar.tsx(60,11): error TS17004: Cannot use JSX unless the '--jsx' flag is provided.
apps/arcade/src/components/NavBar.tsx(61,13): error TS17004: Cannot use JSX unless the '--jsx' flag is provided.
apps/arcade/src/components/NavBar.tsx(67,13): error TS17004: Cannot use JSX unless the '--jsx' flag is provided.
apps/arcade/src/components/NavBar.tsx(77,11): error TS17004: Cannot use JSX unless the '--jsx' flag is provided.
apps/arcade/src/components/NavBar.tsx(82,13): error TS17004: Cannot use JSX unless the '--jsx' flag is provided.
apps/arcade/src/components/NavBar.tsx(84,17): error TS17004: Cannot use JSX unless the '--jsx' flag is provided.
apps/arcade/src/components/NavBar.tsx(91,17): error TS17004: Cannot use JSX unless the '--jsx' flag is provided.
apps/arcade/src/components/NavBar.tsx(104,11): error TS17004: Cannot use JSX unless the '--jsx' flag is provided.
apps/arcade/src/components/NavBar.tsx(105,13): error TS17004: Cannot use JSX unless the '--jsx' flag is provided.
apps/arcade/src/components/NavBar.tsx(107,17): error TS17004: Cannot use JSX unless the '--jsx' flag is provided.
apps/arcade/src/components/NavBar.tsx(120,15): error TS17004: Cannot use JSX unless the '--jsx' flag is provided.
apps/arcade/src/components/NavBar.tsx(121,17): error TS17004: Cannot use JSX unless the '--jsx' flag is provided.
apps/arcade/src/components/NavBar.tsx(124,17): error TS17004: Cannot use JSX unless the '--jsx' flag is provided.
apps/arcade/src/components/OSSModeBanner.tsx(14,5): error TS17004: Cannot use JSX unless the '--jsx' flag is provided.
apps/arcade/src/components/OSSModeBanner.tsx(18,7): error TS17004: Cannot use JSX unless the '--jsx' flag is provided.
apps/arcade/src/components/OSSModeBanner.tsx(19,7): error TS17004: Cannot use JSX unless the '--jsx' flag is provided.
apps/arcade/src/components/PackCard.tsx(1,22): error TS2307: Cannot find module '@/lib/packs' or its corresponding type declarations.
apps/arcade/src/components/PackCard.tsx(20,5): error TS7053: Element implicitly has an 'any' type because expression of type 'any' can't be used to index type '{ easy: string; medium: string; hard: string; }'.
apps/arcade/src/components/PackCard.tsx(30,5): error TS17004: Cannot use JSX unless the '--jsx' flag is provided.
apps/arcade/src/components/PackCard.tsx(44,28): error TS17004: Cannot use JSX unless the '--jsx' flag is provided.
apps/arcade/src/components/PackCard.tsx(46,7): error TS17004: Cannot use JSX unless the '--jsx' flag is provided.
apps/arcade/src/components/PackCard.tsx(47,9): error TS17004: Cannot use JSX unless the '--jsx' flag is provided.
apps/arcade/src/components/PackCard.tsx(48,11): error TS17004: Cannot use JSX unless the '--jsx' flag is provided.
apps/arcade/src/components/PackCard.tsx(51,11): error TS17004: Cannot use JSX unless the '--jsx' flag is provided.
apps/arcade/src/components/PackCard.tsx(52,13): error TS17004: Cannot use JSX unless the '--jsx' flag is provided.
apps/arcade/src/components/PackCard.tsx(53,15): error TS17004: Cannot use JSX unless the '--jsx' flag is provided.
apps/arcade/src/components/PackCard.tsx(55,17): error TS17004: Cannot use JSX unless the '--jsx' flag is provided.
apps/arcade/src/components/PackCard.tsx(56,19): error TS17004: Cannot use JSX unless the '--jsx' flag is provided.
apps/arcade/src/components/PackCard.tsx(61,13): error TS17004: Cannot use JSX unless the '--jsx' flag is provided.
apps/arcade/src/components/PackCard.tsx(62,15): error TS17004: Cannot use JSX unless the '--jsx' flag is provided.
apps/arcade/src/components/PackCard.tsx(63,15): error TS17004: Cannot use JSX unless the '--jsx' flag is provided.
apps/arcade/src/components/PackCard.tsx(64,15): error TS17004: Cannot use JSX unless the '--jsx' flag is provided.
apps/arcade/src/components/PackCard.tsx(65,15): error TS17004: Cannot use JSX unless the '--jsx' flag is provided.
apps/arcade/src/components/PackCard.tsx(66,15): error TS17004: Cannot use JSX unless the '--jsx' flag is provided.
apps/arcade/src/components/PackCard.tsx(74,9): error TS17004: Cannot use JSX unless the '--jsx' flag is provided.
apps/arcade/src/components/PackCard.tsx(79,7): error TS17004: Cannot use JSX unless the '--jsx' flag is provided.
apps/arcade/src/components/PackCard.tsx(82,7): error TS17004: Cannot use JSX unless the '--jsx' flag is provided.
apps/arcade/src/components/PackCard.tsx(83,9): error TS17004: Cannot use JSX unless the '--jsx' flag is provided.
apps/arcade/src/components/PackCard.tsx(84,28): error TS7006: Parameter 'tool' implicitly has an 'any' type.
apps/arcade/src/components/PackCard.tsx(84,34): error TS7006: Parameter 'i' implicitly has an 'any' type.
apps/arcade/src/components/PackCard.tsx(85,13): error TS17004: Cannot use JSX unless the '--jsx' flag is provided.
apps/arcade/src/components/PackCard.tsx(90,13): error TS17004: Cannot use JSX unless the '--jsx' flag is provided.
apps/arcade/src/components/PackCard.tsx(94,9): error TS17004: Cannot use JSX unless the '--jsx' flag is provided.
apps/arcade/src/components/PackDiscovery.tsx(4,31): error TS2307: Cannot find module '@/lib/packs' or its corresponding type declarations.
apps/arcade/src/components/PackDiscovery.tsx(5,26): error TS6142: Module './PackCard' was resolved to 'C:/Users/scott/Documents/GitHub/Reach/apps/arcade/src/components/PackCard.tsx', but '--jsx' is not set.
apps/arcade/src/components/PackDiscovery.tsx(19,28): error TS7006: Parameter 'pack' implicitly has an 'any' type.
apps/arcade/src/components/PackDiscovery.tsx(40,7): error TS17004: Cannot use JSX unless the '--jsx' flag is provided.
apps/arcade/src/components/PackDiscovery.tsx(51,5): error TS17004: Cannot use JSX unless the '--jsx' flag is provided.
apps/arcade/src/components/PackDiscovery.tsx(53,7): error TS17004: Cannot use JSX unless the '--jsx' flag is provided.
apps/arcade/src/components/PackDiscovery.tsx(54,9): error TS17004: Cannot use JSX unless the '--jsx' flag is provided.
apps/arcade/src/components/PackDiscovery.tsx(55,11): error TS17004: Cannot use JSX unless the '--jsx' flag is provided.
apps/arcade/src/components/PackDiscovery.tsx(58,11): error TS17004: Cannot use JSX unless the '--jsx' flag is provided.
apps/arcade/src/components/PackDiscovery.tsx(67,11): error TS17004: Cannot use JSX unless the '--jsx' flag is provided.
apps/arcade/src/components/PackDiscovery.tsx(68,13): error TS17004: Cannot use JSX unless the '--jsx' flag is provided.
apps/arcade/src/components/PackDiscovery.tsx(69,13): error TS17004: Cannot use JSX unless the '--jsx' flag is provided.
apps/arcade/src/components/PackDiscovery.tsx(70,13): error TS17004: Cannot use JSX unless the '--jsx' flag is provided.
apps/arcade/src/components/PackDiscovery.tsx(71,13): error TS17004: Cannot use JSX unless the '--jsx' flag is provided.
apps/arcade/src/components/PackDiscovery.tsx(72,13): error TS17004: Cannot use JSX unless the '--jsx' flag is provided.
apps/arcade/src/components/PackDiscovery.tsx(73,13): error TS17004: Cannot use JSX unless the '--jsx' flag is provided.
apps/arcade/src/components/PackDiscovery.tsx(80,9): error TS17004: Cannot use JSX unless the '--jsx' flag is provided.
apps/arcade/src/components/PackDiscovery.tsx(81,11): error TS17004: Cannot use JSX unless the '--jsx' flag is provided.
apps/arcade/src/components/PackDiscovery.tsx(82,13): error TS17004: Cannot use JSX unless the '--jsx' flag is provided.
apps/arcade/src/components/PackDiscovery.tsx(85,13): error TS17004: Cannot use JSX unless the '--jsx' flag is provided.
apps/arcade/src/components/PackDiscovery.tsx(89,9): error TS17004: Cannot use JSX unless the '--jsx' flag is provided.
apps/arcade/src/components/PackDiscovery.tsx(90,31): error TS7006: Parameter 'pack' implicitly has an 'any' type.
apps/arcade/src/components/PackDiscovery.tsx(91,13): error TS17004: Cannot use JSX unless the '--jsx' flag is provided.
apps/arcade/src/components/PackDiscovery.tsx(92,15): error TS17004: Cannot use JSX unless the '--jsx' flag is provided.
apps/arcade/src/components/PipelineStage.tsx(4,33): error TS6142: Module './StatusIndicator' was resolved to 'C:/Users/scott/Documents/GitHub/Reach/apps/arcade/src/components/StatusIndicator.tsx', but '--jsx' is not set.
apps/arcade/src/components/PipelineStage.tsx(39,5): error TS17004: Cannot use JSX unless the '--jsx' flag is provided.
apps/arcade/src/components/PipelineStage.tsx(47,7): error TS17004: Cannot use JSX unless the '--jsx' flag is provided.
apps/arcade/src/components/PipelineStage.tsx(53,7): error TS17004: Cannot use JSX unless the '--jsx' flag is provided.
apps/arcade/src/components/PipelineStage.tsx(54,9): error TS17004: Cannot use JSX unless the '--jsx' flag is provided.
apps/arcade/src/components/PipelineStage.tsx(55,11): error TS17004: Cannot use JSX unless the '--jsx' flag is provided.
apps/arcade/src/components/PipelineStage.tsx(56,11): error TS17004: Cannot use JSX unless the '--jsx' flag is provided.
apps/arcade/src/components/PipelineStage.tsx(58,9): error TS17004: Cannot use JSX unless the '--jsx' flag is provided.
apps/arcade/src/components/PipelineStage.tsx(60,7): error TS17004: Cannot use JSX unless the '--jsx' flag is provided.
apps/arcade/src/components/PipelineStage.tsx(81,5): error TS17004: Cannot use JSX unless the '--jsx' flag is provided.
apps/arcade/src/components/PipelineStage.tsx(82,7): error TS17004: Cannot use JSX unless the '--jsx' flag is provided.
apps/arcade/src/components/PipelineStage.tsx(88,7): error TS17004: Cannot use JSX unless the '--jsx' flag is provided.
apps/arcade/src/components/PipelineStage.tsx(89,9): error TS17004: Cannot use JSX unless the '--jsx' flag is provided.
apps/arcade/src/components/PipelineStage.tsx(90,11): error TS17004: Cannot use JSX unless the '--jsx' flag is provided.
apps/arcade/src/components/PipelineStage.tsx(91,11): error TS17004: Cannot use JSX unless the '--jsx' flag is provided.
apps/arcade/src/components/PolicyRow.tsx(4,33): error TS6142: Module './StatusIndicator' was resolved to 'C:/Users/scott/Documents/GitHub/Reach/apps/arcade/src/components/StatusIndicator.tsx', but '--jsx' is not set.
apps/arcade/src/components/PolicyRow.tsx(35,5): error TS17004: Cannot use JSX unless the '--jsx' flag is provided.
apps/arcade/src/components/PolicyRow.tsx(58,5): error TS17004: Cannot use JSX unless the '--jsx' flag is provided.
apps/arcade/src/components/PolicyRow.tsx(59,7): error TS17004: Cannot use JSX unless the '--jsx' flag is provided.
apps/arcade/src/components/PolicyRow.tsx(60,9): error TS17004: Cannot use JSX unless the '--jsx' flag is provided.
apps/arcade/src/components/PolicyRow.tsx(61,11): error TS17004: Cannot use JSX unless the '--jsx' flag is provided.
apps/arcade/src/components/PolicyRow.tsx(62,13): error TS17004: Cannot use JSX unless the '--jsx' flag is provided.
apps/arcade/src/components/PolicyRow.tsx(63,13): error TS17004: Cannot use JSX unless the '--jsx' flag is provided.
apps/arcade/src/components/PolicyRow.tsx(64,13): error TS17004: Cannot use JSX unless the '--jsx' flag is provided.
apps/arcade/src/components/PolicyRow.tsx(66,11): error TS17004: Cannot use JSX unless the '--jsx' flag is provided.
apps/arcade/src/components/PolicyRow.tsx(67,11): error TS17004: Cannot use JSX unless the '--jsx' flag is provided.
apps/arcade/src/components/PolicyRow.tsx(68,13): error TS17004: Cannot use JSX unless the '--jsx' flag is provided.
apps/arcade/src/components/PolicyRow.tsx(70,15): error TS17004: Cannot use JSX unless the '--jsx' flag is provided.
apps/arcade/src/components/PolicyRow.tsx(75,15): error TS17004: Cannot use JSX unless the '--jsx' flag is provided.
apps/arcade/src/components/PolicyRow.tsx(80,15): error TS17004: Cannot use JSX unless the '--jsx' flag is provided.
apps/arcade/src/components/PolicyRow.tsx(86,9): error TS17004: Cannot use JSX unless the '--jsx' flag is provided.
apps/arcade/src/components/PolicyRow.tsx(88,13): error TS17004: Cannot use JSX unless the '--jsx' flag is provided.
apps/arcade/src/components/PolicyRow.tsx(96,13): error TS17004: Cannot use JSX unless the '--jsx' flag is provided.
apps/arcade/src/components/StatusIndicator.tsx(91,7): error TS17004: Cannot use JSX unless the '--jsx' flag is provided.
apps/arcade/src/components/StatusIndicator.tsx(94,9): error TS17004: Cannot use JSX unless the '--jsx' flag is provided.
apps/arcade/src/components/StatusIndicator.tsx(103,5): error TS17004: Cannot use JSX unless the '--jsx' flag is provided.
apps/arcade/src/components/StatusIndicator.tsx(122,5): error TS17004: Cannot use JSX unless the '--jsx' flag is provided.
apps/arcade/src/components/stitch/console/ConsoleLayout.tsx(6,24): error TS2307: Cannot find module '@/lib/routes' or its corresponding type declarations.
apps/arcade/src/components/stitch/console/ConsoleLayout.tsx(40,5): error TS17004: Cannot use JSX unless the '--jsx' flag is provided.
apps/arcade/src/components/stitch/console/ConsoleLayout.tsx(42,7): error TS17004: Cannot use JSX unless the '--jsx' flag is provided.
apps/arcade/src/components/stitch/console/ConsoleLayout.tsx(43,9): error TS17004: Cannot use JSX unless the '--jsx' flag is provided.
apps/arcade/src/components/stitch/console/ConsoleLayout.tsx(44,11): error TS17004: Cannot use JSX unless the '--jsx' flag is provided.
apps/arcade/src/components/stitch/console/ConsoleLayout.tsx(45,13): error TS17004: Cannot use JSX unless the '--jsx' flag is provided.
apps/arcade/src/components/stitch/console/ConsoleLayout.tsx(47,11): error TS17004: Cannot use JSX unless the '--jsx' flag is provided.
apps/arcade/src/components/stitch/console/ConsoleLayout.tsx(50,9): error TS17004: Cannot use JSX unless the '--jsx' flag is provided.
apps/arcade/src/components/stitch/console/ConsoleLayout.tsx(52,13): error TS17004: Cannot use JSX unless the '--jsx' flag is provided.
apps/arcade/src/components/stitch/console/ConsoleLayout.tsx(61,15): error TS17004: Cannot use JSX unless the '--jsx' flag is provided.
apps/arcade/src/components/stitch/console/ConsoleLayout.tsx(62,15): error TS17004: Cannot use JSX unless the '--jsx' flag is provided.
apps/arcade/src/components/stitch/console/ConsoleLayout.tsx(67,9): error TS17004: Cannot use JSX unless the '--jsx' flag is provided.
apps/arcade/src/components/stitch/console/ConsoleLayout.tsx(68,11): error TS17004: Cannot use JSX unless the '--jsx' flag is provided.
apps/arcade/src/components/stitch/console/ConsoleLayout.tsx(72,13): error TS17004: Cannot use JSX unless the '--jsx' flag is provided.
apps/arcade/src/components/stitch/console/ConsoleLayout.tsx(75,13): error TS17004: Cannot use JSX unless the '--jsx' flag is provided.
apps/arcade/src/components/stitch/console/ConsoleLayout.tsx(76,15): error TS17004: Cannot use JSX unless the '--jsx' flag is provided.
apps/arcade/src/components/stitch/console/ConsoleLayout.tsx(77,15): error TS17004: Cannot use JSX unless the '--jsx' flag is provided.
apps/arcade/src/components/stitch/console/ConsoleLayout.tsx(84,7): error TS17004: Cannot use JSX unless the '--jsx' flag is provided.
apps/arcade/src/components/stitch/console/ConsoleLayout.tsx(85,9): error TS17004: Cannot use JSX unless the '--jsx' flag is provided.
apps/arcade/src/components/stitch/console/ConsoleLayout.tsx(86,11): error TS17004: Cannot use JSX unless the '--jsx' flag is provided.
apps/arcade/src/components/stitch/console/ConsoleLayout.tsx(87,13): error TS17004: Cannot use JSX unless the '--jsx' flag is provided.
apps/arcade/src/components/stitch/console/ConsoleLayout.tsx(88,15): error TS17004: Cannot use JSX unless the '--jsx' flag is provided.
apps/arcade/src/components/stitch/console/ConsoleLayout.tsx(90,13): error TS17004: Cannot use JSX unless the '--jsx' flag is provided.
apps/arcade/src/components/stitch/console/ConsoleLayout.tsx(91,15): error TS17004: Cannot use JSX unless the '--jsx' flag is provided.
apps/arcade/src/components/stitch/console/ConsoleLayout.tsx(94,15): error TS17004: Cannot use JSX unless the '--jsx' flag is provided.
apps/arcade/src/components/stitch/console/ConsoleLayout.tsx(102,11): error TS17004: Cannot use JSX unless the '--jsx' flag is provided.
apps/arcade/src/components/stitch/console/ConsoleLayout.tsx(103,13): error TS17004: Cannot use JSX unless the '--jsx' flag is provided.
apps/arcade/src/components/stitch/console/ConsoleLayout.tsx(108,15): error TS17004: Cannot use JSX unless the '--jsx' flag is provided.
apps/arcade/src/components/stitch/console/ConsoleLayout.tsx(109,15): error TS17004: Cannot use JSX unless the '--jsx' flag is provided.
apps/arcade/src/components/stitch/console/ConsoleLayout.tsx(111,13): error TS17004: Cannot use JSX unless the '--jsx' flag is provided.
apps/arcade/src/components/stitch/console/ConsoleLayout.tsx(116,15): error TS17004: Cannot use JSX unless the '--jsx' flag is provided.
apps/arcade/src/components/stitch/console/ConsoleLayout.tsx(118,13): error TS17004: Cannot use JSX unless the '--jsx' flag is provided.
apps/arcade/src/components/stitch/console/ConsoleLayout.tsx(119,13): error TS17004: Cannot use JSX unless the '--jsx' flag is provided.
apps/arcade/src/components/stitch/console/ConsoleLayout.tsx(128,9): error TS17004: Cannot use JSX unless the '--jsx' flag is provided.
apps/arcade/src/components/stitch/console/pages/AdversarialSafetyMonitor.tsx(7,5): error TS17004: Cannot use JSX unless the '--jsx' flag is provided.
apps/arcade/src/components/stitch/console/pages/AdversarialSafetyMonitor.tsx(8,7): error TS17004: Cannot use JSX unless the '--jsx' flag is provided.
apps/arcade/src/components/stitch/console/pages/AdversarialSafetyMonitor.tsx(9,9): error TS17004: Cannot use JSX unless the '--jsx' flag is provided.
apps/arcade/src/components/stitch/console/pages/AdversarialSafetyMonitor.tsx(10,11): error TS17004: Cannot use JSX unless the '--jsx' flag is provided.
apps/arcade/src/components/stitch/console/pages/AdversarialSafetyMonitor.tsx(11,13): error TS17004: Cannot use JSX unless the '--jsx' flag is provided.
apps/arcade/src/components/stitch/console/pages/AdversarialSafetyMonitor.tsx(12,13): error TS17004: Cannot use JSX unless the '--jsx' flag is provided.
apps/arcade/src/components/stitch/console/pages/AdversarialSafetyMonitor.tsx(13,13): error TS17004: Cannot use JSX unless the '--jsx' flag is provided.
apps/arcade/src/components/stitch/console/pages/AdversarialSafetyMonitor.tsx(14,13): error TS17004: Cannot use JSX unless the '--jsx' flag is provided.
apps/arcade/src/components/stitch/console/pages/AdversarialSafetyMonitor.tsx(15,13): error TS17004: Cannot use JSX unless the '--jsx' flag is provided.
apps/arcade/src/components/stitch/console/pages/AdversarialSafetyMonitor.tsx(17,11): error TS17004: Cannot use JSX unless the '--jsx' flag is provided.
apps/arcade/src/components/stitch/console/pages/AdversarialSafetyMonitor.tsx(19,13): error TS17004: Cannot use JSX unless the '--jsx' flag is provided.
apps/arcade/src/components/stitch/console/pages/AdversarialSafetyMonitor.tsx(20,15): error TS17004: Cannot use JSX unless the '--jsx' flag is provided.
apps/arcade/src/components/stitch/console/pages/AdversarialSafetyMonitor.tsx(25,9): error TS17004: Cannot use JSX unless the '--jsx' flag is provided.
apps/arcade/src/components/stitch/console/pages/AdversarialSafetyMonitor.tsx(26,11): error TS17004: Cannot use JSX unless the '--jsx' flag is provided.
apps/arcade/src/components/stitch/console/pages/AdversarialSafetyMonitor.tsx(30,13): error TS17004: Cannot use JSX unless the '--jsx' flag is provided.
apps/arcade/src/components/stitch/console/pages/AdversarialSafetyMonitor.tsx(33,11): error TS17004: Cannot use JSX unless the '--jsx' flag is provided.
apps/arcade/src/components/stitch/console/pages/AdversarialSafetyMonitor.tsx(37,13): error TS17004: Cannot use JSX unless the '--jsx' flag is provided.
apps/arcade/src/components/stitch/console/pages/AdversarialSafetyMonitor.tsx(43,7): error TS17004: Cannot use JSX unless the '--jsx' flag is provided.
apps/arcade/src/components/stitch/console/pages/AdversarialSafetyMonitor.tsx(44,9): error TS17004: Cannot use JSX unless the '--jsx' flag is provided.
apps/arcade/src/components/stitch/console/pages/AdversarialSafetyMonitor.tsx(75,13): error TS17004: Cannot use JSX unless the '--jsx' flag is provided.
apps/arcade/src/components/stitch/console/pages/AdversarialSafetyMonitor.tsx(79,15): error TS17004: Cannot use JSX unless the '--jsx' flag is provided.
apps/arcade/src/components/stitch/console/pages/AdversarialSafetyMonitor.tsx(80,17): error TS17004: Cannot use JSX unless the '--jsx' flag is provided.
apps/arcade/src/components/stitch/console/pages/AdversarialSafetyMonitor.tsx(81,19): error TS17004: Cannot use JSX unless the '--jsx' flag is provided.
apps/arcade/src/components/stitch/console/pages/AdversarialSafetyMonitor.tsx(84,19): error TS17004: Cannot use JSX unless the '--jsx' flag is provided.
apps/arcade/src/components/stitch/console/pages/AdversarialSafetyMonitor.tsx(86,17): error TS17004: Cannot use JSX unless the '--jsx' flag is provided.
apps/arcade/src/components/stitch/console/pages/AdversarialSafetyMonitor.tsx(87,19): error TS17004: Cannot use JSX unless the '--jsx' flag is provided.
apps/arcade/src/components/stitch/console/pages/AdversarialSafetyMonitor.tsx(90,15): error TS17004: Cannot use JSX unless the '--jsx' flag is provided.
apps/arcade/src/components/stitch/console/pages/AdversarialSafetyMonitor.tsx(91,17): error TS17004: Cannot use JSX unless the '--jsx' flag is provided.
apps/arcade/src/components/stitch/console/pages/AdversarialSafetyMonitor.tsx(92,17): error TS17004: Cannot use JSX unless the '--jsx' flag is provided.
apps/arcade/src/components/stitch/console/pages/AdversarialSafetyMonitor.tsx(94,15): error TS17004: Cannot use JSX unless the '--jsx' flag is provided.
apps/arcade/src/components/stitch/console/pages/AdversarialSafetyMonitor.tsx(101,9): error TS17004: Cannot use JSX unless the '--jsx' flag is provided.
apps/arcade/src/components/stitch/console/pages/AdversarialSafetyMonitor.tsx(102,11): error TS17004: Cannot use JSX unless the '--jsx' flag is provided.
apps/arcade/src/components/stitch/console/pages/AdversarialSafetyMonitor.tsx(103,13): error TS17004: Cannot use JSX unless the '--jsx' flag is provided.
apps/arcade/src/components/stitch/console/pages/AdversarialSafetyMonitor.tsx(104,15): error TS17004: Cannot use JSX unless the '--jsx' flag is provided.
apps/arcade/src/components/stitch/console/pages/AdversarialSafetyMonitor.tsx(105,17): error TS17004: Cannot use JSX unless the '--jsx' flag is provided.
apps/arcade/src/components/stitch/console/pages/AdversarialSafetyMonitor.tsx(108,17): error TS17004: Cannot use JSX unless the '--jsx' flag is provided.
apps/arcade/src/components/stitch/console/pages/AdversarialSafetyMonitor.tsx(112,15): error TS17004: Cannot use JSX unless the '--jsx' flag is provided.
apps/arcade/src/components/stitch/console/pages/AdversarialSafetyMonitor.tsx(113,17): error TS17004: Cannot use JSX unless the '--jsx' flag is provided.
apps/arcade/src/components/stitch/console/pages/AdversarialSafetyMonitor.tsx(114,19): error TS17004: Cannot use JSX unless the '--jsx' flag is provided.
apps/arcade/src/components/stitch/console/pages/AdversarialSafetyMonitor.tsx(116,17): error TS17004: Cannot use JSX unless the '--jsx' flag is provided.
apps/arcade/src/components/stitch/console/pages/AdversarialSafetyMonitor.tsx(117,19): error TS17004: Cannot use JSX unless the '--jsx' flag is provided.
apps/arcade/src/components/stitch/console/pages/AdversarialSafetyMonitor.tsx(121,13): error TS17004: Cannot use JSX unless the '--jsx' flag is provided.
apps/arcade/src/components/stitch/console/pages/AdversarialSafetyMonitor.tsx(124,17): error TS17004: Cannot use JSX unless the '--jsx' flag is provided.
apps/arcade/src/components/stitch/console/pages/AdversarialSafetyMonitor.tsx(133,11): error TS17004: Cannot use JSX unless the '--jsx' flag is provided.
apps/arcade/src/components/stitch/console/pages/AdversarialSafetyMonitor.tsx(134,13): error TS17004: Cannot use JSX unless the '--jsx' flag is provided.
apps/arcade/src/components/stitch/console/pages/AdversarialSafetyMonitor.tsx(137,13): error TS17004: Cannot use JSX unless the '--jsx' flag is provided.
apps/arcade/src/components/stitch/console/pages/AdversarialSafetyMonitor.tsx(139,15): error TS17004: Cannot use JSX unless the '--jsx' flag is provided.
apps/arcade/src/components/stitch/console/pages/AdversarialSafetyMonitor.tsx(140,17): error TS17004: Cannot use JSX unless the '--jsx' flag is provided.
apps/arcade/src/components/stitch/console/pages/AdversarialSafetyMonitor.tsx(142,15): error TS17004: Cannot use JSX unless the '--jsx' flag is provided.
apps/arcade/src/components/stitch/console/pages/AdversarialSafetyMonitor.tsx(143,17): error TS17004: Cannot use JSX unless the '--jsx' flag is provided.
apps/arcade/src/components/stitch/console/pages/AdversarialSafetyMonitor.tsx(144,17): error TS17004: Cannot use JSX unless the '--jsx' flag is provided.
apps/arcade/src/components/stitch/console/pages/AdversarialSafetyMonitor.tsx(149,13): error TS17004: Cannot use JSX unless the '--jsx' flag is provided.
apps/arcade/src/components/stitch/console/pages/AdversarialSafetyMonitor.tsx(150,15): error TS17004: Cannot use JSX unless the '--jsx' flag is provided.
apps/arcade/src/components/stitch/console/pages/AdversarialSafetyMonitor.tsx(151,17): error TS17004: Cannot use JSX unless the '--jsx' flag is provided.
apps/arcade/src/components/stitch/console/pages/AdversarialSafetyMonitor.tsx(152,17): error TS17004: Cannot use JSX unless the '--jsx' flag is provided.
apps/arcade/src/components/stitch/console/pages/AdversarialSafetyMonitor.tsx(154,15): error TS17004: Cannot use JSX unless the '--jsx' flag is provided.
apps/arcade/src/components/stitch/console/pages/AdversarialSafetyMonitor.tsx(155,17): error TS17004: Cannot use JSX unless the '--jsx' flag is provided.
apps/arcade/src/components/stitch/console/pages/AdversarialSafetyMonitor.tsx(156,17): error TS17004: Cannot use JSX unless the '--jsx' flag is provided.
apps/arcade/src/components/stitch/console/pages/AdversarialSafetyMonitor.tsx(162,9): error TS17004: Cannot use JSX unless the '--jsx' flag is provided.
apps/arcade/src/components/stitch/console/pages/AdversarialSafetyMonitor.tsx(163,11): error TS17004: Cannot use JSX unless the '--jsx' flag is provided.
apps/arcade/src/components/stitch/console/pages/AdversarialSafetyMonitor.tsx(164,13): error TS17004: Cannot use JSX unless the '--jsx' flag is provided.
apps/arcade/src/components/stitch/console/pages/AdversarialSafetyMonitor.tsx(165,15): error TS17004: Cannot use JSX unless the '--jsx' flag is provided.
apps/arcade/src/components/stitch/console/pages/AdversarialSafetyMonitor.tsx(166,17): error TS17004: Cannot use JSX unless the '--jsx' flag is provided.
apps/arcade/src/components/stitch/console/pages/AdversarialSafetyMonitor.tsx(170,13): error TS17004: Cannot use JSX unless the '--jsx' flag is provided.
apps/arcade/src/components/stitch/console/pages/AdversarialSafetyMonitor.tsx(171,15): error TS17004: Cannot use JSX unless the '--jsx' flag is provided.
apps/arcade/src/components/stitch/console/pages/AdversarialSafetyMonitor.tsx(172,17): error TS17004: Cannot use JSX unless the '--jsx' flag is provided.
apps/arcade/src/components/stitch/console/pages/AdversarialSafetyMonitor.tsx(173,19): error TS17004: Cannot use JSX unless the '--jsx' flag is provided.
apps/arcade/src/components/stitch/console/pages/AdversarialSafetyMonitor.tsx(174,21): error TS17004: Cannot use JSX unless the '--jsx' flag is provided.
apps/arcade/src/components/stitch/console/pages/AdversarialSafetyMonitor.tsx(175,21): error TS17004: Cannot use JSX unless the '--jsx' flag is provided.
apps/arcade/src/components/stitch/console/pages/AdversarialSafetyMonitor.tsx(176,21): error TS17004: Cannot use JSX unless the '--jsx' flag is provided.
apps/arcade/src/components/stitch/console/pages/AdversarialSafetyMonitor.tsx(177,21): error TS17004: Cannot use JSX unless the '--jsx' flag is provided.
apps/arcade/src/components/stitch/console/pages/AdversarialSafetyMonitor.tsx(180,17): error TS17004: Cannot use JSX unless the '--jsx' flag is provided.
apps/arcade/src/components/stitch/console/pages/AdversarialSafetyMonitor.tsx(204,21): error TS17004: Cannot use JSX unless the '--jsx' flag is provided.
apps/arcade/src/components/stitch/console/pages/AdversarialSafetyMonitor.tsx(205,23): error TS17004: Cannot use JSX unless the '--jsx' flag is provided.
apps/arcade/src/components/stitch/console/pages/AdversarialSafetyMonitor.tsx(206,23): error TS17004: Cannot use JSX unless the '--jsx' flag is provided.
apps/arcade/src/components/stitch/console/pages/AdversarialSafetyMonitor.tsx(207,23): error TS17004: Cannot use JSX unless the '--jsx' flag is provided.
apps/arcade/src/components/stitch/console/pages/AdversarialSafetyMonitor.tsx(208,23): error TS17004: Cannot use JSX unless the '--jsx' flag is provided.
apps/arcade/src/components/stitch/console/pages/AdversarialSafetyMonitor.tsx(209,25): error TS17004: Cannot use JSX unless the '--jsx' flag is provided.
apps/arcade/src/components/stitch/console/pages/AdversarialSafetyMonitor.tsx(222,11): error TS17004: Cannot use JSX unless the '--jsx' flag is provided.
apps/arcade/src/components/stitch/console/pages/AdversarialSafetyMonitor.tsx(223,13): error TS17004: Cannot use JSX unless the '--jsx' flag is provided.
apps/arcade/src/components/stitch/console/pages/AdversarialSafetyMonitor.tsx(226,13): error TS17004: Cannot use JSX unless the '--jsx' flag is provided.
apps/arcade/src/components/stitch/console/pages/AdversarialSafetyMonitor.tsx(247,17): error TS17004: Cannot use JSX unless the '--jsx' flag is provided.
apps/arcade/src/components/stitch/console/pages/AdversarialSafetyMonitor.tsx(251,19): error TS17004: Cannot use JSX unless the '--jsx' flag is provided.
apps/arcade/src/components/stitch/console/pages/AdversarialSafetyMonitor.tsx(256,19): error TS17004: Cannot use JSX unless the '--jsx' flag is provided.
apps/arcade/src/components/stitch/console/pages/AdversarialSafetyMonitor.tsx(257,21): error TS17004: Cannot use JSX unless the '--jsx' flag is provided.
apps/arcade/src/components/stitch/console/pages/AdversarialSafetyMonitor.tsx(258,21): error TS17004: Cannot use JSX unless the '--jsx' flag is provided.
apps/arcade/src/components/stitch/console/pages/AdversarialSafetyMonitor.tsx(259,23): error TS17004: Cannot use JSX unless the '--jsx' flag is provided.
apps/arcade/src/components/stitch/console/pages/AdversarialSafetyMonitor.tsx(265,19): error TS17004: Cannot use JSX unless the '--jsx' flag is provided.
apps/arcade/src/components/stitch/console/pages/AdversarialSafetyMonitor.tsx(271,13): error TS17004: Cannot use JSX unless the '--jsx' flag is provided.
apps/arcade/src/components/stitch/console/pages/AgentRegistry.tsx(4,40): error TS6142: Module '../panels/AgentTable' was resolved to 'C:/Users/scott/Documents/GitHub/Reach/apps/arcade/src/components/stitch/console/panels/AgentTable.tsx', but '--jsx' is not set.
apps/arcade/src/components/stitch/console/pages/AgentRegistry.tsx(86,5): error TS17004: Cannot use JSX unless the '--jsx' flag is provided.
apps/arcade/src/components/stitch/console/pages/AgentRegistry.tsx(87,7): error TS17004: Cannot use JSX unless the '--jsx' flag is provided.
apps/arcade/src/components/stitch/console/pages/AgentRegistry.tsx(88,9): error TS17004: Cannot use JSX unless the '--jsx' flag is provided.
apps/arcade/src/components/stitch/console/pages/AgentRegistry.tsx(89,11): error TS17004: Cannot use JSX unless the '--jsx' flag is provided.
apps/arcade/src/components/stitch/console/pages/AgentRegistry.tsx(90,13): error TS17004: Cannot use JSX unless the '--jsx' flag is provided.
apps/arcade/src/components/stitch/console/pages/AgentRegistry.tsx(93,13): error TS17004: Cannot use JSX unless the '--jsx' flag is provided.
apps/arcade/src/components/stitch/console/pages/AgentRegistry.tsx(94,13): error TS17004: Cannot use JSX unless the '--jsx' flag is provided.
apps/arcade/src/components/stitch/console/pages/AgentRegistry.tsx(97,13): error TS17004: Cannot use JSX unless the '--jsx' flag is provided.
apps/arcade/src/components/stitch/console/pages/AgentRegistry.tsx(98,13): error TS17004: Cannot use JSX unless the '--jsx' flag is provided.
apps/arcade/src/components/stitch/console/pages/AgentRegistry.tsx(100,11): error TS17004: Cannot use JSX unless the '--jsx' flag is provided.
apps/arcade/src/components/stitch/console/pages/AgentRegistry.tsx(101,13): error TS17004: Cannot use JSX unless the '--jsx' flag is provided.
apps/arcade/src/components/stitch/console/pages/AgentRegistry.tsx(102,15): error TS17004: Cannot use JSX unless the '--jsx' flag is provided.
apps/arcade/src/components/stitch/console/pages/AgentRegistry.tsx(103,15): error TS17004: Cannot use JSX unless the '--jsx' flag is provided.
apps/arcade/src/components/stitch/console/pages/AgentRegistry.tsx(107,13): error TS17004: Cannot use JSX unless the '--jsx' flag is provided.
apps/arcade/src/components/stitch/console/pages/AgentRegistry.tsx(108,15): error TS17004: Cannot use JSX unless the '--jsx' flag is provided.
apps/arcade/src/components/stitch/console/pages/AgentRegistry.tsx(112,17): error TS17004: Cannot use JSX unless the '--jsx' flag is provided.
apps/arcade/src/components/stitch/console/pages/AgentRegistry.tsx(115,15): error TS17004: Cannot use JSX unless the '--jsx' flag is provided.
apps/arcade/src/components/stitch/console/pages/AgentRegistry.tsx(119,17): error TS17004: Cannot use JSX unless the '--jsx' flag is provided.
apps/arcade/src/components/stitch/console/pages/AgentRegistry.tsx(124,11): error TS17004: Cannot use JSX unless the '--jsx' flag is provided.
apps/arcade/src/components/stitch/console/pages/AgentRegistry.tsx(146,15): error TS17004: Cannot use JSX unless the '--jsx' flag is provided.
apps/arcade/src/components/stitch/console/pages/AgentRegistry.tsx(150,17): error TS17004: Cannot use JSX unless the '--jsx' flag is provided.
apps/arcade/src/components/stitch/console/pages/AgentRegistry.tsx(153,17): error TS17004: Cannot use JSX unless the '--jsx' flag is provided.
apps/arcade/src/components/stitch/console/pages/AgentRegistry.tsx(154,19): error TS17004: Cannot use JSX unless the '--jsx' flag is provided.
apps/arcade/src/components/stitch/console/pages/AgentRegistry.tsx(156,21): error TS17004: Cannot use JSX unless the '--jsx' flag is provided.
apps/arcade/src/components/stitch/console/pages/AgentRegistry.tsx(159,23): error TS17004: Cannot use JSX unless the '--jsx' flag is provided.
apps/arcade/src/components/stitch/console/pages/AgentRegistry.tsx(165,32): error TS17004: Cannot use JSX unless the '--jsx' flag is provided.
apps/arcade/src/components/stitch/console/pages/AgentRegistry.tsx(173,7): error TS17004: Cannot use JSX unless the '--jsx' flag is provided.
apps/arcade/src/components/stitch/console/pages/AgentRegistry.tsx(174,9): error TS17004: Cannot use JSX unless the '--jsx' flag is provided.
apps/arcade/src/components/stitch/console/pages/AgentRegistry.tsx(175,11): error TS17004: Cannot use JSX unless the '--jsx' flag is provided.
apps/arcade/src/components/stitch/console/pages/AgentRegistry.tsx(176,13): error TS17004: Cannot use JSX unless the '--jsx' flag is provided.
apps/arcade/src/components/stitch/console/pages/AgentRegistry.tsx(177,15): error TS17004: Cannot use JSX unless the '--jsx' flag is provided.
apps/arcade/src/components/stitch/console/pages/AgentRegistry.tsx(178,17): error TS17004: Cannot use JSX unless the '--jsx' flag is provided.
apps/arcade/src/components/stitch/console/pages/AgentRegistry.tsx(182,15): error TS17004: Cannot use JSX unless the '--jsx' flag is provided.
apps/arcade/src/components/stitch/console/pages/AgentRegistry.tsx(188,13): error TS17004: Cannot use JSX unless the '--jsx' flag is provided.
apps/arcade/src/components/stitch/console/pages/AgentRegistry.tsx(190,17): error TS17004: Cannot use JSX unless the '--jsx' flag is provided.
apps/arcade/src/components/stitch/console/pages/AgentRegistry.tsx(195,19): error TS17004: Cannot use JSX unless the '--jsx' flag is provided.
apps/arcade/src/components/stitch/console/pages/AgentRegistry.tsx(198,15): error TS17004: Cannot use JSX unless the '--jsx' flag is provided.
apps/arcade/src/components/stitch/console/pages/AgentRegistry.tsx(199,15): error TS17004: Cannot use JSX unless the '--jsx' flag is provided.
apps/arcade/src/components/stitch/console/pages/AgentRegistry.tsx(203,17): error TS17004: Cannot use JSX unless the '--jsx' flag is provided.
apps/arcade/src/components/stitch/console/pages/AgentRegistry.tsx(205,15): error TS17004: Cannot use JSX unless the '--jsx' flag is provided.
apps/arcade/src/components/stitch/console/pages/AgentRegistry.tsx(209,17): error TS17004: Cannot use JSX unless the '--jsx' flag is provided.
apps/arcade/src/components/stitch/console/pages/AgentRegistry.tsx(215,9): error TS17004: Cannot use JSX unless the '--jsx' flag is provided.
apps/arcade/src/components/stitch/console/pages/AgentRegistry.tsx(217,9): error TS17004: Cannot use JSX unless the '--jsx' flag is provided.
apps/arcade/src/components/stitch/console/pages/AgentRegistry.tsx(218,11): error TS17004: Cannot use JSX unless the '--jsx' flag is provided.
apps/arcade/src/components/stitch/console/pages/AgentRegistry.tsx(219,21): error TS17004: Cannot use JSX unless the '--jsx' flag is provided.
apps/arcade/src/components/stitch/console/pages/AgentRegistry.tsx(220,13): error TS17004: Cannot use JSX unless the '--jsx' flag is provided.
apps/arcade/src/components/stitch/console/pages/AgentRegistry.tsx(221,13): error TS17004: Cannot use JSX unless the '--jsx' flag is provided.
apps/arcade/src/components/stitch/console/pages/AgentRegistry.tsx(223,11): error TS17004: Cannot use JSX unless the '--jsx' flag is provided.
apps/arcade/src/components/stitch/console/pages/AgentRegistry.tsx(224,13): error TS17004: Cannot use JSX unless the '--jsx' flag is provided.
apps/arcade/src/components/stitch/console/pages/AgentRegistry.tsx(228,15): error TS17004: Cannot use JSX unless the '--jsx' flag is provided.
apps/arcade/src/components/stitch/console/pages/AgentRegistry.tsx(230,13): error TS17004: Cannot use JSX unless the '--jsx' flag is provided.
apps/arcade/src/components/stitch/console/pages/AgentRegistry.tsx(236,13): error TS17004: Cannot use JSX unless the '--jsx' flag is provided.
apps/arcade/src/components/stitch/console/pages/AgentRegistry.tsx(242,13): error TS17004: Cannot use JSX unless the '--jsx' flag is provided.
apps/arcade/src/components/stitch/console/pages/AgentRegistry.tsx(248,13): error TS17004: Cannot use JSX unless the '--jsx' flag is provided.
apps/arcade/src/components/stitch/console/pages/AgentRegistry.tsx(251,13): error TS17004: Cannot use JSX unless the '--jsx' flag is provided.
apps/arcade/src/components/stitch/console/pages/AgentRegistry.tsx(257,13): error TS17004: Cannot use JSX unless the '--jsx' flag is provided.
apps/arcade/src/components/stitch/console/pages/AgentRegistry.tsx(261,15): error TS17004: Cannot use JSX unless the '--jsx' flag is provided.
apps/arcade/src/components/stitch/console/pages/AlertsCenter.tsx(63,5): error TS17004: Cannot use JSX unless the '--jsx' flag is provided.
apps/arcade/src/components/stitch/console/pages/AlertsCenter.tsx(64,7): error TS17004: Cannot use JSX unless the '--jsx' flag is provided.
apps/arcade/src/components/stitch/console/pages/AlertsCenter.tsx(65,9): error TS17004: Cannot use JSX unless the '--jsx' flag is provided.
apps/arcade/src/components/stitch/console/pages/AlertsCenter.tsx(66,11): error TS17004: Cannot use JSX unless the '--jsx' flag is provided.
apps/arcade/src/components/stitch/console/pages/AlertsCenter.tsx(67,11): error TS17004: Cannot use JSX unless the '--jsx' flag is provided.
apps/arcade/src/components/stitch/console/pages/AlertsCenter.tsx(71,9): error TS17004: Cannot use JSX unless the '--jsx' flag is provided.
apps/arcade/src/components/stitch/console/pages/AlertsCenter.tsx(72,11): error TS17004: Cannot use JSX unless the '--jsx' flag is provided.
apps/arcade/src/components/stitch/console/pages/AlertsCenter.tsx(76,13): error TS17004: Cannot use JSX unless the '--jsx' flag is provided.
apps/arcade/src/components/stitch/console/pages/AlertsCenter.tsx(79,11): error TS17004: Cannot use JSX unless the '--jsx' flag is provided.
apps/arcade/src/components/stitch/console/pages/AlertsCenter.tsx(83,13): error TS17004: Cannot use JSX unless the '--jsx' flag is provided.
apps/arcade/src/components/stitch/console/pages/AlertsCenter.tsx(89,7): error TS17004: Cannot use JSX unless the '--jsx' flag is provided.
apps/arcade/src/components/stitch/console/pages/AlertsCenter.tsx(91,9): error TS17004: Cannot use JSX unless the '--jsx' flag is provided.
apps/arcade/src/components/stitch/console/pages/AlertsCenter.tsx(98,13): error TS17004: Cannot use JSX unless the '--jsx' flag is provided.
apps/arcade/src/components/stitch/console/pages/AlertsCenter.tsx(102,15): error TS17004: Cannot use JSX unless the '--jsx' flag is provided.
apps/arcade/src/components/stitch/console/pages/AlertsCenter.tsx(105,15): error TS17004: Cannot use JSX unless the '--jsx' flag is provided.
apps/arcade/src/components/stitch/console/pages/AlertsCenter.tsx(111,9): error TS17004: Cannot use JSX unless the '--jsx' flag is provided.
apps/arcade/src/components/stitch/console/pages/AlertsCenter.tsx(112,11): error TS17004: Cannot use JSX unless the '--jsx' flag is provided.
apps/arcade/src/components/stitch/console/pages/AlertsCenter.tsx(115,11): error TS17004: Cannot use JSX unless the '--jsx' flag is provided.
apps/arcade/src/components/stitch/console/pages/AlertsCenter.tsx(120,17): error TS17004: Cannot use JSX unless the '--jsx' flag is provided.
apps/arcade/src/components/stitch/console/pages/AlertsCenter.tsx(124,19): error TS17004: Cannot use JSX unless the '--jsx' flag is provided.
apps/arcade/src/components/stitch/console/pages/AlertsCenter.tsx(127,19): error TS17004: Cannot use JSX unless the '--jsx' flag is provided.
apps/arcade/src/components/stitch/console/pages/AlertsCenter.tsx(128,21): error TS17004: Cannot use JSX unless the '--jsx' flag is provided.
apps/arcade/src/components/stitch/console/pages/AlertsCenter.tsx(129,23): error TS17004: Cannot use JSX unless the '--jsx' flag is provided.
apps/arcade/src/components/stitch/console/pages/AlertsCenter.tsx(130,23): error TS17004: Cannot use JSX unless the '--jsx' flag is provided.
apps/arcade/src/components/stitch/console/pages/AlertsCenter.tsx(131,25): error TS17004: Cannot use JSX unless the '--jsx' flag is provided.
apps/arcade/src/components/stitch/console/pages/AlertsCenter.tsx(136,25): error TS17004: Cannot use JSX unless the '--jsx' flag is provided.
apps/arcade/src/components/stitch/console/pages/AlertsCenter.tsx(143,21): error TS17004: Cannot use JSX unless the '--jsx' flag is provided.
apps/arcade/src/components/stitch/console/pages/AlertsCenter.tsx(144,23): error TS17004: Cannot use JSX unless the '--jsx' flag is provided.
apps/arcade/src/components/stitch/console/pages/AlertsCenter.tsx(145,23): error TS17004: Cannot use JSX unless the '--jsx' flag is provided.
apps/arcade/src/components/stitch/console/pages/AlertsCenter.tsx(146,23): error TS17004: Cannot use JSX unless the '--jsx' flag is provided.
apps/arcade/src/components/stitch/console/pages/AlertsCenter.tsx(149,19): error TS17004: Cannot use JSX unless the '--jsx' flag is provided.
apps/arcade/src/components/stitch/console/pages/AlertsCenter.tsx(151,23): error TS17004: Cannot use JSX unless the '--jsx' flag is provided.
apps/arcade/src/components/stitch/console/pages/AlertsCenter.tsx(158,21): error TS17004: Cannot use JSX unless the '--jsx' flag is provided.
apps/arcade/src/components/stitch/console/pages/ArtifactRegistry.tsx(104,5): error TS17004: Cannot use JSX unless the '--jsx' flag is provided.
apps/arcade/src/components/stitch/console/pages/ArtifactRegistry.tsx(105,7): error TS17004: Cannot use JSX unless the '--jsx' flag is provided.
apps/arcade/src/components/stitch/console/pages/ArtifactRegistry.tsx(106,9): error TS17004: Cannot use JSX unless the '--jsx' flag is provided.
apps/arcade/src/components/stitch/console/pages/ArtifactRegistry.tsx(107,11): error TS17004: Cannot use JSX unless the '--jsx' flag is provided.
apps/arcade/src/components/stitch/console/pages/ArtifactRegistry.tsx(110,11): error TS17004: Cannot use JSX unless the '--jsx' flag is provided.
apps/arcade/src/components/stitch/console/pages/ArtifactRegistry.tsx(114,9): error TS17004: Cannot use JSX unless the '--jsx' flag is provided.
apps/arcade/src/components/stitch/console/pages/ArtifactRegistry.tsx(115,11): error TS17004: Cannot use JSX unless the '--jsx' flag is provided.
apps/arcade/src/components/stitch/console/pages/ArtifactRegistry.tsx(119,13): error TS17004: Cannot use JSX unless the '--jsx' flag is provided.
apps/arcade/src/components/stitch/console/pages/ArtifactRegistry.tsx(125,7): error TS17004: Cannot use JSX unless the '--jsx' flag is provided.
apps/arcade/src/components/stitch/console/pages/ArtifactRegistry.tsx(127,9): error TS17004: Cannot use JSX unless the '--jsx' flag is provided.
apps/arcade/src/components/stitch/console/pages/ArtifactRegistry.tsx(146,13): error TS17004: Cannot use JSX unless the '--jsx' flag is provided.
apps/arcade/src/components/stitch/console/pages/ArtifactRegistry.tsx(150,15): error TS17004: Cannot use JSX unless the '--jsx' flag is provided.
apps/arcade/src/components/stitch/console/pages/ArtifactRegistry.tsx(153,15): error TS17004: Cannot use JSX unless the '--jsx' flag is provided.
apps/arcade/src/components/stitch/console/pages/ArtifactRegistry.tsx(159,9): error TS17004: Cannot use JSX unless the '--jsx' flag is provided.
apps/arcade/src/components/stitch/console/pages/ArtifactRegistry.tsx(160,11): error TS17004: Cannot use JSX unless the '--jsx' flag is provided.
apps/arcade/src/components/stitch/console/pages/ArtifactRegistry.tsx(161,13): error TS17004: Cannot use JSX unless the '--jsx' flag is provided.
apps/arcade/src/components/stitch/console/pages/ArtifactRegistry.tsx(164,13): error TS17004: Cannot use JSX unless the '--jsx' flag is provided.
apps/arcade/src/components/stitch/console/pages/ArtifactRegistry.tsx(170,11): error TS17004: Cannot use JSX unless the '--jsx' flag is provided.
apps/arcade/src/components/stitch/console/pages/ArtifactRegistry.tsx(176,13): error TS17004: Cannot use JSX unless the '--jsx' flag is provided.
apps/arcade/src/components/stitch/console/pages/ArtifactRegistry.tsx(177,13): error TS17004: Cannot use JSX unless the '--jsx' flag is provided.
apps/arcade/src/components/stitch/console/pages/ArtifactRegistry.tsx(178,13): error TS17004: Cannot use JSX unless the '--jsx' flag is provided.
apps/arcade/src/components/stitch/console/pages/ArtifactRegistry.tsx(179,13): error TS17004: Cannot use JSX unless the '--jsx' flag is provided.
apps/arcade/src/components/stitch/console/pages/ArtifactRegistry.tsx(181,11): error TS17004: Cannot use JSX unless the '--jsx' flag is provided.
apps/arcade/src/components/stitch/console/pages/ArtifactRegistry.tsx(182,13): error TS17004: Cannot use JSX unless the '--jsx' flag is provided.
apps/arcade/src/components/stitch/console/pages/ArtifactRegistry.tsx(193,9): error TS17004: Cannot use JSX unless the '--jsx' flag is provided.
apps/arcade/src/components/stitch/console/pages/ArtifactRegistry.tsx(194,11): error TS17004: Cannot use JSX unless the '--jsx' flag is provided.
apps/arcade/src/components/stitch/console/pages/ArtifactRegistry.tsx(195,13): error TS17004: Cannot use JSX unless the '--jsx' flag is provided.
apps/arcade/src/components/stitch/console/pages/ArtifactRegistry.tsx(196,15): error TS17004: Cannot use JSX unless the '--jsx' flag is provided.
apps/arcade/src/components/stitch/console/pages/ArtifactRegistry.tsx(197,17): error TS17004: Cannot use JSX unless the '--jsx' flag is provided.
apps/arcade/src/components/stitch/console/pages/ArtifactRegistry.tsx(198,17): error TS17004: Cannot use JSX unless the '--jsx' flag is provided.
apps/arcade/src/components/stitch/console/pages/ArtifactRegistry.tsx(199,17): error TS17004: Cannot use JSX unless the '--jsx' flag is provided.
apps/arcade/src/components/stitch/console/pages/ArtifactRegistry.tsx(200,17): error TS17004: Cannot use JSX unless the '--jsx' flag is provided.
apps/arcade/src/components/stitch/console/pages/ArtifactRegistry.tsx(201,17): error TS17004: Cannot use JSX unless the '--jsx' flag is provided.
apps/arcade/src/components/stitch/console/pages/ArtifactRegistry.tsx(202,17): error TS17004: Cannot use JSX unless the '--jsx' flag is provided.
apps/arcade/src/components/stitch/console/pages/ArtifactRegistry.tsx(203,17): error TS17004: Cannot use JSX unless the '--jsx' flag is provided.
apps/arcade/src/components/stitch/console/pages/ArtifactRegistry.tsx(204,17): error TS17004: Cannot use JSX unless the '--jsx' flag is provided.
apps/arcade/src/components/stitch/console/pages/ArtifactRegistry.tsx(207,13): error TS17004: Cannot use JSX unless the '--jsx' flag is provided.
apps/arcade/src/components/stitch/console/pages/ArtifactRegistry.tsx(209,17): error TS17004: Cannot use JSX unless the '--jsx' flag is provided.
apps/arcade/src/components/stitch/console/pages/ArtifactRegistry.tsx(210,19): error TS17004: Cannot use JSX unless the '--jsx' flag is provided.
apps/arcade/src/components/stitch/console/pages/ArtifactRegistry.tsx(211,21): error TS17004: Cannot use JSX unless the '--jsx' flag is provided.
apps/arcade/src/components/stitch/console/pages/ArtifactRegistry.tsx(222,19): error TS17004: Cannot use JSX unless the '--jsx' flag is provided.
apps/arcade/src/components/stitch/console/pages/ArtifactRegistry.tsx(226,21): error TS17004: Cannot use JSX unless the '--jsx' flag is provided.
apps/arcade/src/components/stitch/console/pages/ArtifactRegistry.tsx(229,25): error TS17004: Cannot use JSX unless the '--jsx' flag is provided.
apps/arcade/src/components/stitch/console/pages/ArtifactRegistry.tsx(234,21): error TS17004: Cannot use JSX unless the '--jsx' flag is provided.
apps/arcade/src/components/stitch/console/pages/ArtifactRegistry.tsx(237,21): error TS17004: Cannot use JSX unless the '--jsx' flag is provided.
apps/arcade/src/components/stitch/console/pages/ArtifactRegistry.tsx(238,21): error TS17004: Cannot use JSX unless the '--jsx' flag is provided.
apps/arcade/src/components/stitch/console/pages/ArtifactRegistry.tsx(239,23): error TS17004: Cannot use JSX unless the '--jsx' flag is provided.
apps/arcade/src/components/stitch/console/pages/ArtifactRegistry.tsx(245,21): error TS17004: Cannot use JSX unless the '--jsx' flag is provided.
apps/arcade/src/components/stitch/console/pages/ArtifactRegistry.tsx(246,23): error TS17004: Cannot use JSX unless the '--jsx' flag is provided.
apps/arcade/src/components/stitch/console/pages/ArtifactRegistry.tsx(252,21): error TS17004: Cannot use JSX unless the '--jsx' flag is provided.
apps/arcade/src/components/stitch/console/pages/ArtifactRegistry.tsx(255,21): error TS17004: Cannot use JSX unless the '--jsx' flag is provided.
apps/arcade/src/components/stitch/console/pages/ArtifactRegistry.tsx(258,21): error TS17004: Cannot use JSX unless the '--jsx' flag is provided.
apps/arcade/src/components/stitch/console/pages/ArtifactRegistry.tsx(259,23): error TS17004: Cannot use JSX unless the '--jsx' flag is provided.
apps/arcade/src/components/stitch/console/pages/ArtifactRegistry.tsx(260,25): error TS17004: Cannot use JSX unless the '--jsx' flag is provided.
apps/arcade/src/components/stitch/console/pages/ArtifactRegistry.tsx(270,27): error TS17004: Cannot use JSX unless the '--jsx' flag is provided.
apps/arcade/src/components/stitch/console/pages/ArtifactRegistry.tsx(272,25): error TS17004: Cannot use JSX unless the '--jsx' flag is provided.
apps/arcade/src/components/stitch/console/pages/ArtifactRegistry.tsx(277,27): error TS17004: Cannot use JSX unless the '--jsx' flag is provided.
apps/arcade/src/components/stitch/console/pages/BillingChargeback.tsx(4,38): error TS2307: Cannot find module '@/components/stitch/shared/ReasonForChangeModal' or its corresponding type declarations.
apps/arcade/src/components/stitch/console/pages/BillingChargeback.tsx(16,5): error TS17004: Cannot use JSX unless the '--jsx' flag is provided.
apps/arcade/src/components/stitch/console/pages/BillingChargeback.tsx(17,7): error TS17004: Cannot use JSX unless the '--jsx' flag is provided.
apps/arcade/src/components/stitch/console/pages/BillingChargeback.tsx(18,9): error TS17004: Cannot use JSX unless the '--jsx' flag is provided.
apps/arcade/src/components/stitch/console/pages/BillingChargeback.tsx(19,11): error TS17004: Cannot use JSX unless the '--jsx' flag is provided.
apps/arcade/src/components/stitch/console/pages/BillingChargeback.tsx(22,11): error TS17004: Cannot use JSX unless the '--jsx' flag is provided.
apps/arcade/src/components/stitch/console/pages/BillingChargeback.tsx(23,11): error TS17004: Cannot use JSX unless the '--jsx' flag is provided.
apps/arcade/src/components/stitch/console/pages/BillingChargeback.tsx(27,9): error TS17004: Cannot use JSX unless the '--jsx' flag is provided.
apps/arcade/src/components/stitch/console/pages/BillingChargeback.tsx(28,11): error TS17004: Cannot use JSX unless the '--jsx' flag is provided.
apps/arcade/src/components/stitch/console/pages/BillingChargeback.tsx(29,13): error TS17004: Cannot use JSX unless the '--jsx' flag is provided.
apps/arcade/src/components/stitch/console/pages/BillingChargeback.tsx(35,13): error TS17004: Cannot use JSX unless the '--jsx' flag is provided.
apps/arcade/src/components/stitch/console/pages/BillingChargeback.tsx(45,7): error TS17004: Cannot use JSX unless the '--jsx' flag is provided.
apps/arcade/src/components/stitch/console/pages/BillingChargeback.tsx(46,9): error TS17004: Cannot use JSX unless the '--jsx' flag is provided.
apps/arcade/src/components/stitch/console/pages/BillingChargeback.tsx(47,11): error TS17004: Cannot use JSX unless the '--jsx' flag is provided.
apps/arcade/src/components/stitch/console/pages/BillingChargeback.tsx(48,13): error TS17004: Cannot use JSX unless the '--jsx' flag is provided.
apps/arcade/src/components/stitch/console/pages/BillingChargeback.tsx(51,13): error TS17004: Cannot use JSX unless the '--jsx' flag is provided.
apps/arcade/src/components/stitch/console/pages/BillingChargeback.tsx(56,11): error TS17004: Cannot use JSX unless the '--jsx' flag is provided.
apps/arcade/src/components/stitch/console/pages/BillingChargeback.tsx(57,13): error TS17004: Cannot use JSX unless the '--jsx' flag is provided.
apps/arcade/src/components/stitch/console/pages/BillingChargeback.tsx(61,15): error TS17004: Cannot use JSX unless the '--jsx' flag is provided.
apps/arcade/src/components/stitch/console/pages/BillingChargeback.tsx(64,13): error TS17004: Cannot use JSX unless the '--jsx' flag is provided.
apps/arcade/src/components/stitch/console/pages/BillingChargeback.tsx(69,15): error TS17004: Cannot use JSX unless the '--jsx' flag is provided.
apps/arcade/src/components/stitch/console/pages/BillingChargeback.tsx(75,9): error TS17004: Cannot use JSX unless the '--jsx' flag is provided.
apps/arcade/src/components/stitch/console/pages/BillingChargeback.tsx(106,13): error TS17004: Cannot use JSX unless the '--jsx' flag is provided.
apps/arcade/src/components/stitch/console/pages/BillingChargeback.tsx(110,15): error TS17004: Cannot use JSX unless the '--jsx' flag is provided.
apps/arcade/src/components/stitch/console/pages/BillingChargeback.tsx(111,17): error TS17004: Cannot use JSX unless the '--jsx' flag is provided.
apps/arcade/src/components/stitch/console/pages/BillingChargeback.tsx(113,15): error TS17004: Cannot use JSX unless the '--jsx' flag is provided.
apps/arcade/src/components/stitch/console/pages/BillingChargeback.tsx(116,15): error TS17004: Cannot use JSX unless the '--jsx' flag is provided.
apps/arcade/src/components/stitch/console/pages/BillingChargeback.tsx(117,15): error TS17004: Cannot use JSX unless the '--jsx' flag is provided.
apps/arcade/src/components/stitch/console/pages/BillingChargeback.tsx(126,9): error TS17004: Cannot use JSX unless the '--jsx' flag is provided.
apps/arcade/src/components/stitch/console/pages/BillingChargeback.tsx(127,11): error TS17004: Cannot use JSX unless the '--jsx' flag is provided.
apps/arcade/src/components/stitch/console/pages/BillingChargeback.tsx(128,13): error TS17004: Cannot use JSX unless the '--jsx' flag is provided.
apps/arcade/src/components/stitch/console/pages/BillingChargeback.tsx(131,13): error TS17004: Cannot use JSX unless the '--jsx' flag is provided.
apps/arcade/src/components/stitch/console/pages/BillingChargeback.tsx(134,17): error TS17004: Cannot use JSX unless the '--jsx' flag is provided.
apps/arcade/src/components/stitch/console/pages/BillingChargeback.tsx(138,19): error TS17004: Cannot use JSX unless the '--jsx' flag is provided.
apps/arcade/src/components/stitch/console/pages/BillingChargeback.tsx(139,21): error TS17004: Cannot use JSX unless the '--jsx' flag is provided.
apps/arcade/src/components/stitch/console/pages/BillingChargeback.tsx(147,13): error TS17004: Cannot use JSX unless the '--jsx' flag is provided.
apps/arcade/src/components/stitch/console/pages/BillingChargeback.tsx(148,15): error TS17004: Cannot use JSX unless the '--jsx' flag is provided.
apps/arcade/src/components/stitch/console/pages/BillingChargeback.tsx(149,15): error TS17004: Cannot use JSX unless the '--jsx' flag is provided.
apps/arcade/src/components/stitch/console/pages/BillingChargeback.tsx(150,15): error TS17004: Cannot use JSX unless the '--jsx' flag is provided.
apps/arcade/src/components/stitch/console/pages/BillingChargeback.tsx(151,15): error TS17004: Cannot use JSX unless the '--jsx' flag is provided.
apps/arcade/src/components/stitch/console/pages/BillingChargeback.tsx(155,11): error TS17004: Cannot use JSX unless the '--jsx' flag is provided.
apps/arcade/src/components/stitch/console/pages/BillingChargeback.tsx(156,13): error TS17004: Cannot use JSX unless the '--jsx' flag is provided.
apps/arcade/src/components/stitch/console/pages/BillingChargeback.tsx(157,15): error TS17004: Cannot use JSX unless the '--jsx' flag is provided.
apps/arcade/src/components/stitch/console/pages/BillingChargeback.tsx(158,17): error TS17004: Cannot use JSX unless the '--jsx' flag is provided.
apps/arcade/src/components/stitch/console/pages/BillingChargeback.tsx(159,19): error TS17004: Cannot use JSX unless the '--jsx' flag is provided.
apps/arcade/src/components/stitch/console/pages/BillingChargeback.tsx(161,17): error TS17004: Cannot use JSX unless the '--jsx' flag is provided.
apps/arcade/src/components/stitch/console/pages/BillingChargeback.tsx(165,15): error TS17004: Cannot use JSX unless the '--jsx' flag is provided.
apps/arcade/src/components/stitch/console/pages/BillingChargeback.tsx(178,19): error TS17004: Cannot use JSX unless the '--jsx' flag is provided.
apps/arcade/src/components/stitch/console/pages/BillingChargeback.tsx(182,21): error TS17004: Cannot use JSX unless the '--jsx' flag is provided.
apps/arcade/src/components/stitch/console/pages/BillingChargeback.tsx(183,23): error TS17004: Cannot use JSX unless the '--jsx' flag is provided.
apps/arcade/src/components/stitch/console/pages/BillingChargeback.tsx(184,23): error TS17004: Cannot use JSX unless the '--jsx' flag is provided.
apps/arcade/src/components/stitch/console/pages/BillingChargeback.tsx(188,21): error TS17004: Cannot use JSX unless the '--jsx' flag is provided.
apps/arcade/src/components/stitch/console/pages/BillingChargeback.tsx(194,13): error TS17004: Cannot use JSX unless the '--jsx' flag is provided.
apps/arcade/src/components/stitch/console/pages/BillingChargeback.tsx(195,15): error TS17004: Cannot use JSX unless the '--jsx' flag is provided.
apps/arcade/src/components/stitch/console/pages/BillingChargeback.tsx(198,15): error TS17004: Cannot use JSX unless the '--jsx' flag is provided.
apps/arcade/src/components/stitch/console/pages/BillingChargeback.tsx(212,19): error TS17004: Cannot use JSX unless the '--jsx' flag is provided.
apps/arcade/src/components/stitch/console/pages/BillingChargeback.tsx(213,21): error TS17004: Cannot use JSX unless the '--jsx' flag is provided.
apps/arcade/src/components/stitch/console/pages/BillingChargeback.tsx(214,23): error TS17004: Cannot use JSX unless the '--jsx' flag is provided.
apps/arcade/src/components/stitch/console/pages/BillingChargeback.tsx(215,23): error TS17004: Cannot use JSX unless the '--jsx' flag is provided.
apps/arcade/src/components/stitch/console/pages/BillingChargeback.tsx(217,21): error TS17004: Cannot use JSX unless the '--jsx' flag is provided.
apps/arcade/src/components/stitch/console/pages/BillingChargeback.tsx(218,23): error TS17004: Cannot use JSX unless the '--jsx' flag is provided.
apps/arcade/src/components/stitch/console/pages/BillingChargeback.tsx(227,9): error TS17004: Cannot use JSX unless the '--jsx' flag is provided.
apps/arcade/src/components/stitch/console/pages/BillingChargeback.tsx(228,11): error TS17004: Cannot use JSX unless the '--jsx' flag is provided.
apps/arcade/src/components/stitch/console/pages/BillingChargeback.tsx(229,13): error TS17004: Cannot use JSX unless the '--jsx' flag is provided.
apps/arcade/src/components/stitch/console/pages/BillingChargeback.tsx(233,11): error TS17004: Cannot use JSX unless the '--jsx' flag is provided.
apps/arcade/src/components/stitch/console/pages/BillingChargeback.tsx(234,13): error TS17004: Cannot use JSX unless the '--jsx' flag is provided.
apps/arcade/src/components/stitch/console/pages/BillingChargeback.tsx(235,15): error TS17004: Cannot use JSX unless the '--jsx' flag is provided.
apps/arcade/src/components/stitch/console/pages/BillingChargeback.tsx(236,17): error TS17004: Cannot use JSX unless the '--jsx' flag is provided.
apps/arcade/src/components/stitch/console/pages/BillingChargeback.tsx(237,19): error TS17004: Cannot use JSX unless the '--jsx' flag is provided.
apps/arcade/src/components/stitch/console/pages/BillingChargeback.tsx(238,19): error TS17004: Cannot use JSX unless the '--jsx' flag is provided.
apps/arcade/src/components/stitch/console/pages/BillingChargeback.tsx(239,19): error TS17004: Cannot use JSX unless the '--jsx' flag is provided.
apps/arcade/src/components/stitch/console/pages/BillingChargeback.tsx(240,19): error TS17004: Cannot use JSX unless the '--jsx' flag is provided.
apps/arcade/src/components/stitch/console/pages/BillingChargeback.tsx(241,19): error TS17004: Cannot use JSX unless the '--jsx' flag is provided.
apps/arcade/src/components/stitch/console/pages/BillingChargeback.tsx(242,19): error TS17004: Cannot use JSX unless the '--jsx' flag is provided.
apps/arcade/src/components/stitch/console/pages/BillingChargeback.tsx(245,15): error TS17004: Cannot use JSX unless the '--jsx' flag is provided.
apps/arcade/src/components/stitch/console/pages/BillingChargeback.tsx(278,19): error TS17004: Cannot use JSX unless the '--jsx' flag is provided.
apps/arcade/src/components/stitch/console/pages/BillingChargeback.tsx(279,21): error TS17004: Cannot use JSX unless the '--jsx' flag is provided.
apps/arcade/src/components/stitch/console/pages/BillingChargeback.tsx(280,23): error TS17004: Cannot use JSX unless the '--jsx' flag is provided.
apps/arcade/src/components/stitch/console/pages/BillingChargeback.tsx(281,23): error TS17004: Cannot use JSX unless the '--jsx' flag is provided.
apps/arcade/src/components/stitch/console/pages/BillingChargeback.tsx(285,21): error TS17004: Cannot use JSX unless the '--jsx' flag is provided.
apps/arcade/src/components/stitch/console/pages/BillingChargeback.tsx(286,21): error TS17004: Cannot use JSX unless the '--jsx' flag is provided.
apps/arcade/src/components/stitch/console/pages/BillingChargeback.tsx(287,21): error TS17004: Cannot use JSX unless the '--jsx' flag is provided.
apps/arcade/src/components/stitch/console/pages/BillingChargeback.tsx(290,21): error TS17004: Cannot use JSX unless the '--jsx' flag is provided.
apps/arcade/src/components/stitch/console/pages/BillingChargeback.tsx(293,21): error TS17004: Cannot use JSX unless the '--jsx' flag is provided.
apps/arcade/src/components/stitch/console/pages/BillingChargeback.tsx(294,23): error TS17004: Cannot use JSX unless the '--jsx' flag is provided.
apps/arcade/src/components/stitch/console/pages/BillingChargeback.tsx(295,25): error TS17004: Cannot use JSX unless the '--jsx' flag is provided.
apps/arcade/src/components/stitch/console/pages/BillingChargeback.tsx(296,27): error TS17004: Cannot use JSX unless the '--jsx' flag is provided.
apps/arcade/src/components/stitch/console/pages/BillingChargeback.tsx(298,25): error TS17004: Cannot use JSX unless the '--jsx' flag is provided.
apps/arcade/src/components/stitch/console/pages/BillingChargeback.tsx(299,27): error TS17004: Cannot use JSX unless the '--jsx' flag is provided.
apps/arcade/src/components/stitch/console/pages/BillingChargeback.tsx(314,7): error TS17004: Cannot use JSX unless the '--jsx' flag is provided.
apps/arcade/src/components/stitch/console/pages/CostOptimization.tsx(7,5): error TS17004: Cannot use JSX unless the '--jsx' flag is provided.
apps/arcade/src/components/stitch/console/pages/CostOptimization.tsx(8,7): error TS17004: Cannot use JSX unless the '--jsx' flag is provided.
apps/arcade/src/components/stitch/console/pages/CostOptimization.tsx(9,9): error TS17004: Cannot use JSX unless the '--jsx' flag is provided.
apps/arcade/src/components/stitch/console/pages/CostOptimization.tsx(10,11): error TS17004: Cannot use JSX unless the '--jsx' flag is provided.
apps/arcade/src/components/stitch/console/pages/CostOptimization.tsx(13,11): error TS17004: Cannot use JSX unless the '--jsx' flag is provided.
apps/arcade/src/components/stitch/console/pages/CostOptimization.tsx(17,9): error TS17004: Cannot use JSX unless the '--jsx' flag is provided.
apps/arcade/src/components/stitch/console/pages/CostOptimization.tsx(18,11): error TS17004: Cannot use JSX unless the '--jsx' flag is provided.
apps/arcade/src/components/stitch/console/pages/CostOptimization.tsx(22,13): error TS17004: Cannot use JSX unless the '--jsx' flag is provided.
apps/arcade/src/components/stitch/console/pages/CostOptimization.tsx(28,7): error TS17004: Cannot use JSX unless the '--jsx' flag is provided.
apps/arcade/src/components/stitch/console/pages/CostOptimization.tsx(29,9): error TS17004: Cannot use JSX unless the '--jsx' flag is provided.
apps/arcade/src/components/stitch/console/pages/CostOptimization.tsx(30,11): error TS17004: Cannot use JSX unless the '--jsx' flag is provided.
apps/arcade/src/components/stitch/console/pages/CostOptimization.tsx(61,15): error TS17004: Cannot use JSX unless the '--jsx' flag is provided.
apps/arcade/src/components/stitch/console/pages/CostOptimization.tsx(65,17): error TS17004: Cannot use JSX unless the '--jsx' flag is provided.
apps/arcade/src/components/stitch/console/pages/CostOptimization.tsx(66,19): error TS17004: Cannot use JSX unless the '--jsx' flag is provided.
apps/arcade/src/components/stitch/console/pages/CostOptimization.tsx(68,17): error TS17004: Cannot use JSX unless the '--jsx' flag is provided.
apps/arcade/src/components/stitch/console/pages/CostOptimization.tsx(71,17): error TS17004: Cannot use JSX unless the '--jsx' flag is provided.
apps/arcade/src/components/stitch/console/pages/CostOptimization.tsx(72,19): error TS17004: Cannot use JSX unless the '--jsx' flag is provided.
apps/arcade/src/components/stitch/console/pages/CostOptimization.tsx(73,19): error TS17004: Cannot use JSX unless the '--jsx' flag is provided.
apps/arcade/src/components/stitch/console/pages/CostOptimization.tsx(75,17): error TS17004: Cannot use JSX unless the '--jsx' flag is provided.
apps/arcade/src/components/stitch/console/pages/CostOptimization.tsx(82,11): error TS17004: Cannot use JSX unless the '--jsx' flag is provided.
apps/arcade/src/components/stitch/console/pages/CostOptimization.tsx(83,13): error TS17004: Cannot use JSX unless the '--jsx' flag is provided.
apps/arcade/src/components/stitch/console/pages/CostOptimization.tsx(85,15): error TS17004: Cannot use JSX unless the '--jsx' flag is provided.
apps/arcade/src/components/stitch/console/pages/CostOptimization.tsx(86,17): error TS17004: Cannot use JSX unless the '--jsx' flag is provided.
apps/arcade/src/components/stitch/console/pages/CostOptimization.tsx(87,19): error TS17004: Cannot use JSX unless the '--jsx' flag is provided.
apps/arcade/src/components/stitch/console/pages/CostOptimization.tsx(88,21): error TS17004: Cannot use JSX unless the '--jsx' flag is provided.
apps/arcade/src/components/stitch/console/pages/CostOptimization.tsx(91,21): error TS17004: Cannot use JSX unless the '--jsx' flag is provided.
apps/arcade/src/components/stitch/console/pages/CostOptimization.tsx(95,19): error TS17004: Cannot use JSX unless the '--jsx' flag is provided.
apps/arcade/src/components/stitch/console/pages/CostOptimization.tsx(96,21): error TS17004: Cannot use JSX unless the '--jsx' flag is provided.
apps/arcade/src/components/stitch/console/pages/CostOptimization.tsx(99,21): error TS17004: Cannot use JSX unless the '--jsx' flag is provided.
apps/arcade/src/components/stitch/console/pages/CostOptimization.tsx(107,17): error TS17004: Cannot use JSX unless the '--jsx' flag is provided.
apps/arcade/src/components/stitch/console/pages/CostOptimization.tsx(109,21): error TS17004: Cannot use JSX unless the '--jsx' flag is provided.
apps/arcade/src/components/stitch/console/pages/CostOptimization.tsx(114,23): error TS17004: Cannot use JSX unless the '--jsx' flag is provided.
apps/arcade/src/components/stitch/console/pages/CostOptimization.tsx(121,17): error TS17004: Cannot use JSX unless the '--jsx' flag is provided.
apps/arcade/src/components/stitch/console/pages/CostOptimization.tsx(122,19): error TS17004: Cannot use JSX unless the '--jsx' flag is provided.
apps/arcade/src/components/stitch/console/pages/CostOptimization.tsx(123,21): error TS17004: Cannot use JSX unless the '--jsx' flag is provided.
apps/arcade/src/components/stitch/console/pages/CostOptimization.tsx(124,21): error TS17004: Cannot use JSX unless the '--jsx' flag is provided.
apps/arcade/src/components/stitch/console/pages/CostOptimization.tsx(126,19): error TS17004: Cannot use JSX unless the '--jsx' flag is provided.
apps/arcade/src/components/stitch/console/pages/CostOptimization.tsx(127,21): error TS17004: Cannot use JSX unless the '--jsx' flag is provided.
apps/arcade/src/components/stitch/console/pages/CostOptimization.tsx(128,21): error TS17004: Cannot use JSX unless the '--jsx' flag is provided.
apps/arcade/src/components/stitch/console/pages/CostOptimization.tsx(134,15): error TS17004: Cannot use JSX unless the '--jsx' flag is provided.
apps/arcade/src/components/stitch/console/pages/CostOptimization.tsx(135,17): error TS17004: Cannot use JSX unless the '--jsx' flag is provided.
apps/arcade/src/components/stitch/console/pages/CostOptimization.tsx(136,19): error TS17004: Cannot use JSX unless the '--jsx' flag is provided.
apps/arcade/src/components/stitch/console/pages/CostOptimization.tsx(137,21): error TS17004: Cannot use JSX unless the '--jsx' flag is provided.
apps/arcade/src/components/stitch/console/pages/CostOptimization.tsx(139,19): error TS17004: Cannot use JSX unless the '--jsx' flag is provided.
apps/arcade/src/components/stitch/console/pages/CostOptimization.tsx(140,21): error TS17004: Cannot use JSX unless the '--jsx' flag is provided.
apps/arcade/src/components/stitch/console/pages/CostOptimization.tsx(143,21): error TS17004: Cannot use JSX unless the '--jsx' flag is provided.
apps/arcade/src/components/stitch/console/pages/CostOptimization.tsx(148,17): error TS17004: Cannot use JSX unless the '--jsx' flag is provided.
apps/arcade/src/components/stitch/console/pages/CostOptimization.tsx(149,19): error TS17004: Cannot use JSX unless the '--jsx' flag is provided.
apps/arcade/src/components/stitch/console/pages/CostOptimization.tsx(150,21): error TS17004: Cannot use JSX unless the '--jsx' flag is provided.
apps/arcade/src/components/stitch/console/pages/CostOptimization.tsx(151,23): error TS17004: Cannot use JSX unless the '--jsx' flag is provided.
apps/arcade/src/components/stitch/console/pages/CostOptimization.tsx(154,23): error TS17004: Cannot use JSX unless the '--jsx' flag is provided.
apps/arcade/src/components/stitch/console/pages/CostOptimization.tsx(155,25): error TS17004: Cannot use JSX unless the '--jsx' flag is provided.
apps/arcade/src/components/stitch/console/pages/CostOptimization.tsx(156,25): error TS17004: Cannot use JSX unless the '--jsx' flag is provided.
apps/arcade/src/components/stitch/console/pages/CostOptimization.tsx(159,21): error TS17004: Cannot use JSX unless the '--jsx' flag is provided.
apps/arcade/src/components/stitch/console/pages/CostOptimization.tsx(160,23): error TS17004: Cannot use JSX unless the '--jsx' flag is provided.
apps/arcade/src/components/stitch/console/pages/CostOptimization.tsx(162,21): error TS17004: Cannot use JSX unless the '--jsx' flag is provided.
apps/arcade/src/components/stitch/console/pages/CostOptimization.tsx(163,23): error TS17004: Cannot use JSX unless the '--jsx' flag is provided.
apps/arcade/src/components/stitch/console/pages/CostOptimization.tsx(166,23): error TS17004: Cannot use JSX unless the '--jsx' flag is provided.
apps/arcade/src/components/stitch/console/pages/CostOptimization.tsx(167,25): error TS17004: Cannot use JSX unless the '--jsx' flag is provided.
apps/arcade/src/components/stitch/console/pages/CostOptimization.tsx(168,25): error TS17004: Cannot use JSX unless the '--jsx' flag is provided.
apps/arcade/src/components/stitch/console/pages/CostOptimization.tsx(172,19): error TS17004: Cannot use JSX unless the '--jsx' flag is provided.
apps/arcade/src/components/stitch/console/pages/CostOptimization.tsx(173,21): error TS17004: Cannot use JSX unless the '--jsx' flag is provided.
apps/arcade/src/components/stitch/console/pages/CostOptimization.tsx(176,21): error TS17004: Cannot use JSX unless the '--jsx' flag is provided.
apps/arcade/src/components/stitch/console/pages/CostOptimization.tsx(177,21): error TS17004: Cannot use JSX unless the '--jsx' flag is provided.
apps/arcade/src/components/stitch/console/pages/CostOptimization.tsx(180,21): error TS17004: Cannot use JSX unless the '--jsx' flag is provided.
apps/arcade/src/components/stitch/console/pages/CostOptimization.tsx(191,13): error TS17004: Cannot use JSX unless the '--jsx' flag is provided.
apps/arcade/src/components/stitch/console/pages/CostOptimization.tsx(192,15): error TS17004: Cannot use JSX unless the '--jsx' flag is provided.
apps/arcade/src/components/stitch/console/pages/CostOptimization.tsx(193,17): error TS17004: Cannot use JSX unless the '--jsx' flag is provided.
apps/arcade/src/components/stitch/console/pages/CostOptimization.tsx(196,17): error TS17004: Cannot use JSX unless the '--jsx' flag is provided.
apps/arcade/src/components/stitch/console/pages/CostOptimization.tsx(197,19): error TS17004: Cannot use JSX unless the '--jsx' flag is provided.
apps/arcade/src/components/stitch/console/pages/CostOptimization.tsx(198,21): error TS17004: Cannot use JSX unless the '--jsx' flag is provided.
apps/arcade/src/components/stitch/console/pages/CostOptimization.tsx(199,23): error TS17004: Cannot use JSX unless the '--jsx' flag is provided.
apps/arcade/src/components/stitch/console/pages/CostOptimization.tsx(200,23): error TS17004: Cannot use JSX unless the '--jsx' flag is provided.
apps/arcade/src/components/stitch/console/pages/CostOptimization.tsx(202,21): error TS17004: Cannot use JSX unless the '--jsx' flag is provided.
apps/arcade/src/components/stitch/console/pages/CostOptimization.tsx(206,19): error TS17004: Cannot use JSX unless the '--jsx' flag is provided.
apps/arcade/src/components/stitch/console/pages/CostOptimization.tsx(207,21): error TS17004: Cannot use JSX unless the '--jsx' flag is provided.
apps/arcade/src/components/stitch/console/pages/CostOptimization.tsx(210,21): error TS17004: Cannot use JSX unless the '--jsx' flag is provided.
apps/arcade/src/components/stitch/console/pages/CostOptimization.tsx(211,23): error TS17004: Cannot use JSX unless the '--jsx' flag is provided.
apps/arcade/src/components/stitch/console/pages/CostOptimization.tsx(214,23): error TS17004: Cannot use JSX unless the '--jsx' flag is provided.
apps/arcade/src/components/stitch/console/pages/CostOptimization.tsx(215,23): error TS17004: Cannot use JSX unless the '--jsx' flag is provided.
apps/arcade/src/components/stitch/console/pages/CostOptimization.tsx(223,15): error TS17004: Cannot use JSX unless the '--jsx' flag is provided.
apps/arcade/src/components/stitch/console/pages/CostOptimization.tsx(224,17): error TS17004: Cannot use JSX unless the '--jsx' flag is provided.
apps/arcade/src/components/stitch/console/pages/CostOptimization.tsx(225,19): error TS17004: Cannot use JSX unless the '--jsx' flag is provided.
apps/arcade/src/components/stitch/console/pages/CostOptimization.tsx(226,19): error TS17004: Cannot use JSX unless the '--jsx' flag is provided.
apps/arcade/src/components/stitch/console/pages/CostOptimization.tsx(230,17): error TS17004: Cannot use JSX unless the '--jsx' flag is provided.
apps/arcade/src/components/stitch/console/pages/CostOptimization.tsx(231,19): error TS17004: Cannot use JSX unless the '--jsx' flag is provided.
apps/arcade/src/components/stitch/console/pages/CostOptimization.tsx(232,21): error TS17004: Cannot use JSX unless the '--jsx' flag is provided.
apps/arcade/src/components/stitch/console/pages/CostOptimization.tsx(233,23): error TS17004: Cannot use JSX unless the '--jsx' flag is provided.
apps/arcade/src/components/stitch/console/pages/CostOptimization.tsx(236,23): error TS17004: Cannot use JSX unless the '--jsx' flag is provided.
apps/arcade/src/components/stitch/console/pages/CostOptimization.tsx(240,21): error TS17004: Cannot use JSX unless the '--jsx' flag is provided.
apps/arcade/src/components/stitch/console/pages/CostOptimization.tsx(241,23): error TS17004: Cannot use JSX unless the '--jsx' flag is provided.
apps/arcade/src/components/stitch/console/pages/CostOptimization.tsx(244,19): error TS17004: Cannot use JSX unless the '--jsx' flag is provided.
apps/arcade/src/components/stitch/console/pages/CostOptimization.tsx(245,21): error TS17004: Cannot use JSX unless the '--jsx' flag is provided.
apps/arcade/src/components/stitch/console/pages/CostOptimization.tsx(248,21): error TS17004: Cannot use JSX unless the '--jsx' flag is provided.
apps/arcade/src/components/stitch/console/pages/CostOptimization.tsx(252,21): error TS17004: Cannot use JSX unless the '--jsx' flag is provided.
apps/arcade/src/components/stitch/console/pages/CostOptimization.tsx(260,15): error TS17004: Cannot use JSX unless the '--jsx' flag is provided.
apps/arcade/src/components/stitch/console/pages/CostOptimization.tsx(261,17): error TS17004: Cannot use JSX unless the '--jsx' flag is provided.
apps/arcade/src/components/stitch/console/pages/CostOptimization.tsx(264,17): error TS17004: Cannot use JSX unless the '--jsx' flag is provided.
apps/arcade/src/components/stitch/console/pages/CostOptimization.tsx(270,21): error TS17004: Cannot use JSX unless the '--jsx' flag is provided.
apps/arcade/src/components/stitch/console/pages/CostOptimization.tsx(271,23): error TS17004: Cannot use JSX unless the '--jsx' flag is provided.
apps/arcade/src/components/stitch/console/pages/CostOptimization.tsx(272,25): error TS17004: Cannot use JSX unless the '--jsx' flag is provided.
apps/arcade/src/components/stitch/console/pages/CostOptimization.tsx(277,25): error TS17004: Cannot use JSX unless the '--jsx' flag is provided.
apps/arcade/src/components/stitch/console/pages/CostOptimization.tsx(279,23): error TS17004: Cannot use JSX unless the '--jsx' flag is provided.
apps/arcade/src/components/stitch/console/pages/DatasetManagement.tsx(7,5): error TS17004: Cannot use JSX unless the '--jsx' flag is provided.
apps/arcade/src/components/stitch/console/pages/DatasetManagement.tsx(8,7): error TS17004: Cannot use JSX unless the '--jsx' flag is provided.
apps/arcade/src/components/stitch/console/pages/DatasetManagement.tsx(9,9): error TS17004: Cannot use JSX unless the '--jsx' flag is provided.
apps/arcade/src/components/stitch/console/pages/DatasetManagement.tsx(10,11): error TS17004: Cannot use JSX unless the '--jsx' flag is provided.
apps/arcade/src/components/stitch/console/pages/DatasetManagement.tsx(11,11): error TS17004: Cannot use JSX unless the '--jsx' flag is provided.
apps/arcade/src/components/stitch/console/pages/DatasetManagement.tsx(14,11): error TS17004: Cannot use JSX unless the '--jsx' flag is provided.
apps/arcade/src/components/stitch/console/pages/DatasetManagement.tsx(16,9): error TS17004: Cannot use JSX unless the '--jsx' flag is provided.
apps/arcade/src/components/stitch/console/pages/DatasetManagement.tsx(17,11): error TS17004: Cannot use JSX unless the '--jsx' flag is provided.
apps/arcade/src/components/stitch/console/pages/DatasetManagement.tsx(21,13): error TS17004: Cannot use JSX unless the '--jsx' flag is provided.
apps/arcade/src/components/stitch/console/pages/DatasetManagement.tsx(22,13): error TS17004: Cannot use JSX unless the '--jsx' flag is provided.
apps/arcade/src/components/stitch/console/pages/DatasetManagement.tsx(27,7): error TS17004: Cannot use JSX unless the '--jsx' flag is provided.
apps/arcade/src/components/stitch/console/pages/DatasetManagement.tsx(28,9): error TS17004: Cannot use JSX unless the '--jsx' flag is provided.
apps/arcade/src/components/stitch/console/pages/DatasetManagement.tsx(29,11): error TS17004: Cannot use JSX unless the '--jsx' flag is provided.
apps/arcade/src/components/stitch/console/pages/DatasetManagement.tsx(30,13): error TS17004: Cannot use JSX unless the '--jsx' flag is provided.
apps/arcade/src/components/stitch/console/pages/DatasetManagement.tsx(31,15): error TS17004: Cannot use JSX unless the '--jsx' flag is provided.
apps/arcade/src/components/stitch/console/pages/DatasetManagement.tsx(34,15): error TS17004: Cannot use JSX unless the '--jsx' flag is provided.
apps/arcade/src/components/stitch/console/pages/DatasetManagement.tsx(39,13): error TS17004: Cannot use JSX unless the '--jsx' flag is provided.
apps/arcade/src/components/stitch/console/pages/DatasetManagement.tsx(43,15): error TS17004: Cannot use JSX unless the '--jsx' flag is provided.
apps/arcade/src/components/stitch/console/pages/DatasetManagement.tsx(48,11): error TS17004: Cannot use JSX unless the '--jsx' flag is provided.
apps/arcade/src/components/stitch/console/pages/DatasetManagement.tsx(75,15): error TS17004: Cannot use JSX unless the '--jsx' flag is provided.
apps/arcade/src/components/stitch/console/pages/DatasetManagement.tsx(79,17): error TS17004: Cannot use JSX unless the '--jsx' flag is provided.
apps/arcade/src/components/stitch/console/pages/DatasetManagement.tsx(80,19): error TS17004: Cannot use JSX unless the '--jsx' flag is provided.
apps/arcade/src/components/stitch/console/pages/DatasetManagement.tsx(82,17): error TS17004: Cannot use JSX unless the '--jsx' flag is provided.
apps/arcade/src/components/stitch/console/pages/DatasetManagement.tsx(85,17): error TS17004: Cannot use JSX unless the '--jsx' flag is provided.
apps/arcade/src/components/stitch/console/pages/DatasetManagement.tsx(86,19): error TS17004: Cannot use JSX unless the '--jsx' flag is provided.
apps/arcade/src/components/stitch/console/pages/DatasetManagement.tsx(88,21): error TS17004: Cannot use JSX unless the '--jsx' flag is provided.
apps/arcade/src/components/stitch/console/pages/DatasetManagement.tsx(91,17): error TS17004: Cannot use JSX unless the '--jsx' flag is provided.
apps/arcade/src/components/stitch/console/pages/DatasetManagement.tsx(98,11): error TS17004: Cannot use JSX unless the '--jsx' flag is provided.
apps/arcade/src/components/stitch/console/pages/DatasetManagement.tsx(99,13): error TS17004: Cannot use JSX unless the '--jsx' flag is provided.
apps/arcade/src/components/stitch/console/pages/DatasetManagement.tsx(100,15): error TS17004: Cannot use JSX unless the '--jsx' flag is provided.
apps/arcade/src/components/stitch/console/pages/DatasetManagement.tsx(101,17): error TS17004: Cannot use JSX unless the '--jsx' flag is provided.
apps/arcade/src/components/stitch/console/pages/DatasetManagement.tsx(104,17): error TS17004: Cannot use JSX unless the '--jsx' flag is provided.
apps/arcade/src/components/stitch/console/pages/DatasetManagement.tsx(105,19): error TS17004: Cannot use JSX unless the '--jsx' flag is provided.
apps/arcade/src/components/stitch/console/pages/DatasetManagement.tsx(106,21): error TS17004: Cannot use JSX unless the '--jsx' flag is provided.
apps/arcade/src/components/stitch/console/pages/DatasetManagement.tsx(109,21): error TS17004: Cannot use JSX unless the '--jsx' flag is provided.
apps/arcade/src/components/stitch/console/pages/DatasetManagement.tsx(116,15): error TS17004: Cannot use JSX unless the '--jsx' flag is provided.
apps/arcade/src/components/stitch/console/pages/DatasetManagement.tsx(117,17): error TS17004: Cannot use JSX unless the '--jsx' flag is provided.
apps/arcade/src/components/stitch/console/pages/DatasetManagement.tsx(118,19): error TS17004: Cannot use JSX unless the '--jsx' flag is provided.
apps/arcade/src/components/stitch/console/pages/DatasetManagement.tsx(119,21): error TS17004: Cannot use JSX unless the '--jsx' flag is provided.
apps/arcade/src/components/stitch/console/pages/DatasetManagement.tsx(120,23): error TS17004: Cannot use JSX unless the '--jsx' flag is provided.
apps/arcade/src/components/stitch/console/pages/DatasetManagement.tsx(121,23): error TS17004: Cannot use JSX unless the '--jsx' flag is provided.
apps/arcade/src/components/stitch/console/pages/DatasetManagement.tsx(122,23): error TS17004: Cannot use JSX unless the '--jsx' flag is provided.
apps/arcade/src/components/stitch/console/pages/DatasetManagement.tsx(123,23): error TS17004: Cannot use JSX unless the '--jsx' flag is provided.
apps/arcade/src/components/stitch/console/pages/DatasetManagement.tsx(124,23): error TS17004: Cannot use JSX unless the '--jsx' flag is provided.
apps/arcade/src/components/stitch/console/pages/DatasetManagement.tsx(127,19): error TS17004: Cannot use JSX unless the '--jsx' flag is provided.
apps/arcade/src/components/stitch/console/pages/DatasetManagement.tsx(155,23): error TS17004: Cannot use JSX unless the '--jsx' flag is provided.
apps/arcade/src/components/stitch/console/pages/DatasetManagement.tsx(156,25): error TS17004: Cannot use JSX unless the '--jsx' flag is provided.
apps/arcade/src/components/stitch/console/pages/DatasetManagement.tsx(157,27): error TS17004: Cannot use JSX unless the '--jsx' flag is provided.
apps/arcade/src/components/stitch/console/pages/DatasetManagement.tsx(158,29): error TS17004: Cannot use JSX unless the '--jsx' flag is provided.
apps/arcade/src/components/stitch/console/pages/DatasetManagement.tsx(159,31): error TS17004: Cannot use JSX unless the '--jsx' flag is provided.
apps/arcade/src/components/stitch/console/pages/DatasetManagement.tsx(161,29): error TS17004: Cannot use JSX unless the '--jsx' flag is provided.
apps/arcade/src/components/stitch/console/pages/DatasetManagement.tsx(162,31): error TS17004: Cannot use JSX unless the '--jsx' flag is provided.
apps/arcade/src/components/stitch/console/pages/DatasetManagement.tsx(163,31): error TS17004: Cannot use JSX unless the '--jsx' flag is provided.
apps/arcade/src/components/stitch/console/pages/DatasetManagement.tsx(167,25): error TS17004: Cannot use JSX unless the '--jsx' flag is provided.
apps/arcade/src/components/stitch/console/pages/DatasetManagement.tsx(168,27): error TS17004: Cannot use JSX unless the '--jsx' flag is provided.
apps/arcade/src/components/stitch/console/pages/DatasetManagement.tsx(174,25): error TS17004: Cannot use JSX unless the '--jsx' flag is provided.
apps/arcade/src/components/stitch/console/pages/DatasetManagement.tsx(175,25): error TS17004: Cannot use JSX unless the '--jsx' flag is provided.
apps/arcade/src/components/stitch/console/pages/DatasetManagement.tsx(176,27): error TS17004: Cannot use JSX unless the '--jsx' flag is provided.
apps/arcade/src/components/stitch/console/pages/DatasetManagement.tsx(180,25): error TS17004: Cannot use JSX unless the '--jsx' flag is provided.
apps/arcade/src/components/stitch/console/pages/DatasetManagement.tsx(181,27): error TS17004: Cannot use JSX unless the '--jsx' flag is provided.
apps/arcade/src/components/stitch/console/pages/DatasetManagement.tsx(186,29): error TS17004: Cannot use JSX unless the '--jsx' flag is provided.
apps/arcade/src/components/stitch/console/pages/DatasetManagement.tsx(194,15): error TS17004: Cannot use JSX unless the '--jsx' flag is provided.
apps/arcade/src/components/stitch/console/pages/DatasetManagement.tsx(195,17): error TS17004: Cannot use JSX unless the '--jsx' flag is provided.
apps/arcade/src/components/stitch/console/pages/DatasetManagement.tsx(196,19): error TS17004: Cannot use JSX unless the '--jsx' flag is provided.
apps/arcade/src/components/stitch/console/pages/DatasetManagement.tsx(197,21): error TS17004: Cannot use JSX unless the '--jsx' flag is provided.
apps/arcade/src/components/stitch/console/pages/DatasetManagement.tsx(199,19): error TS17004: Cannot use JSX unless the '--jsx' flag is provided.
apps/arcade/src/components/stitch/console/pages/DatasetManagement.tsx(200,21): error TS17004: Cannot use JSX unless the '--jsx' flag is provided.
apps/arcade/src/components/stitch/console/pages/DatasetManagement.tsx(203,21): error TS17004: Cannot use JSX unless the '--jsx' flag is provided.
apps/arcade/src/components/stitch/console/pages/DatasetManagement.tsx(208,17): error TS17004: Cannot use JSX unless the '--jsx' flag is provided.
apps/arcade/src/components/stitch/console/pages/DatasetManagement.tsx(217,13): error TS17004: Cannot use JSX unless the '--jsx' flag is provided.
apps/arcade/src/components/stitch/console/pages/DatasetManagement.tsx(218,15): error TS17004: Cannot use JSX unless the '--jsx' flag is provided.
apps/arcade/src/components/stitch/console/pages/DatasetManagement.tsx(219,17): error TS17004: Cannot use JSX unless the '--jsx' flag is provided.
apps/arcade/src/components/stitch/console/pages/DatasetManagement.tsx(220,19): error TS17004: Cannot use JSX unless the '--jsx' flag is provided.
apps/arcade/src/components/stitch/console/pages/DatasetManagement.tsx(221,21): error TS17004: Cannot use JSX unless the '--jsx' flag is provided.
apps/arcade/src/components/stitch/console/pages/DatasetManagement.tsx(226,19): error TS17004: Cannot use JSX unless the '--jsx' flag is provided.
apps/arcade/src/components/stitch/console/pages/DatasetManagement.tsx(230,17): error TS17004: Cannot use JSX unless the '--jsx' flag is provided.
apps/arcade/src/components/stitch/console/pages/DatasetManagement.tsx(231,19): error TS17004: Cannot use JSX unless the '--jsx' flag is provided.
apps/arcade/src/components/stitch/console/pages/DatasetManagement.tsx(232,21): error TS17004: Cannot use JSX unless the '--jsx' flag is provided.
apps/arcade/src/components/stitch/console/pages/DatasetManagement.tsx(235,21): error TS17004: Cannot use JSX unless the '--jsx' flag is provided.
apps/arcade/src/components/stitch/console/pages/DatasetManagement.tsx(236,23): error TS17004: Cannot use JSX unless the '--jsx' flag is provided.
apps/arcade/src/components/stitch/console/pages/DatasetManagement.tsx(240,23): error TS17004: Cannot use JSX unless the '--jsx' flag is provided.
apps/arcade/src/components/stitch/console/pages/DatasetManagement.tsx(245,25): error TS17004: Cannot use JSX unless the '--jsx' flag is provided.
apps/arcade/src/components/stitch/console/pages/DatasetManagement.tsx(249,19): error TS17004: Cannot use JSX unless the '--jsx' flag is provided.
apps/arcade/src/components/stitch/console/pages/DatasetManagement.tsx(250,21): error TS17004: Cannot use JSX unless the '--jsx' flag is provided.
apps/arcade/src/components/stitch/console/pages/DatasetManagement.tsx(265,23): error TS17004: Cannot use JSX unless the '--jsx' flag is provided.
apps/arcade/src/components/stitch/console/pages/DatasetManagement.tsx(269,25): error TS17004: Cannot use JSX unless the '--jsx' flag is provided.
apps/arcade/src/components/stitch/console/pages/DatasetManagement.tsx(272,25): error TS17004: Cannot use JSX unless the '--jsx' flag is provided.
apps/arcade/src/components/stitch/console/pages/DatasetManagement.tsx(275,25): error TS17004: Cannot use JSX unless the '--jsx' flag is provided.
apps/arcade/src/components/stitch/console/pages/EcosystemCoordination.tsx(7,5): error TS17004: Cannot use JSX unless the '--jsx' flag is provided.
apps/arcade/src/components/stitch/console/pages/EcosystemCoordination.tsx(8,7): error TS17004: Cannot use JSX unless the '--jsx' flag is provided.
apps/arcade/src/components/stitch/console/pages/EcosystemCoordination.tsx(9,9): error TS17004: Cannot use JSX unless the '--jsx' flag is provided.
apps/arcade/src/components/stitch/console/pages/EcosystemCoordination.tsx(10,11): error TS17004: Cannot use JSX unless the '--jsx' flag is provided.
apps/arcade/src/components/stitch/console/pages/EcosystemCoordination.tsx(13,11): error TS17004: Cannot use JSX unless the '--jsx' flag is provided.
apps/arcade/src/components/stitch/console/pages/EcosystemCoordination.tsx(17,9): error TS17004: Cannot use JSX unless the '--jsx' flag is provided.
apps/arcade/src/components/stitch/console/pages/EcosystemCoordination.tsx(18,11): error TS17004: Cannot use JSX unless the '--jsx' flag is provided.
apps/arcade/src/components/stitch/console/pages/EcosystemCoordination.tsx(22,13): error TS17004: Cannot use JSX unless the '--jsx' flag is provided.
apps/arcade/src/components/stitch/console/pages/EcosystemCoordination.tsx(28,7): error TS17004: Cannot use JSX unless the '--jsx' flag is provided.
apps/arcade/src/components/stitch/console/pages/EcosystemCoordination.tsx(29,9): error TS17004: Cannot use JSX unless the '--jsx' flag is provided.
apps/arcade/src/components/stitch/console/pages/EcosystemCoordination.tsx(65,13): error TS17004: Cannot use JSX unless the '--jsx' flag is provided.
apps/arcade/src/components/stitch/console/pages/EcosystemCoordination.tsx(69,15): error TS17004: Cannot use JSX unless the '--jsx' flag is provided.
apps/arcade/src/components/stitch/console/pages/EcosystemCoordination.tsx(70,17): error TS17004: Cannot use JSX unless the '--jsx' flag is provided.
apps/arcade/src/components/stitch/console/pages/EcosystemCoordination.tsx(71,19): error TS17004: Cannot use JSX unless the '--jsx' flag is provided.
apps/arcade/src/components/stitch/console/pages/EcosystemCoordination.tsx(74,19): error TS17004: Cannot use JSX unless the '--jsx' flag is provided.
apps/arcade/src/components/stitch/console/pages/EcosystemCoordination.tsx(78,17): error TS17004: Cannot use JSX unless the '--jsx' flag is provided.
apps/arcade/src/components/stitch/console/pages/EcosystemCoordination.tsx(82,15): error TS17004: Cannot use JSX unless the '--jsx' flag is provided.
apps/arcade/src/components/stitch/console/pages/EcosystemCoordination.tsx(83,17): error TS17004: Cannot use JSX unless the '--jsx' flag is provided.
apps/arcade/src/components/stitch/console/pages/EcosystemCoordination.tsx(87,19): error TS17004: Cannot use JSX unless the '--jsx' flag is provided.
apps/arcade/src/components/stitch/console/pages/EcosystemCoordination.tsx(88,21): error TS17004: Cannot use JSX unless the '--jsx' flag is provided.
apps/arcade/src/components/stitch/console/pages/EcosystemCoordination.tsx(94,19): error TS17004: Cannot use JSX unless the '--jsx' flag is provided.
apps/arcade/src/components/stitch/console/pages/EcosystemCoordination.tsx(95,21): error TS17004: Cannot use JSX unless the '--jsx' flag is provided.
apps/arcade/src/components/stitch/console/pages/EcosystemCoordination.tsx(96,21): error TS17004: Cannot use JSX unless the '--jsx' flag is provided.
apps/arcade/src/components/stitch/console/pages/EcosystemCoordination.tsx(100,15): error TS17004: Cannot use JSX unless the '--jsx' flag is provided.
apps/arcade/src/components/stitch/console/pages/EcosystemCoordination.tsx(101,17): error TS17004: Cannot use JSX unless the '--jsx' flag is provided.
apps/arcade/src/components/stitch/console/pages/EcosystemCoordination.tsx(107,9): error TS17004: Cannot use JSX unless the '--jsx' flag is provided.
apps/arcade/src/components/stitch/console/pages/EcosystemCoordination.tsx(108,11): error TS17004: Cannot use JSX unless the '--jsx' flag is provided.
apps/arcade/src/components/stitch/console/pages/EcosystemCoordination.tsx(109,13): error TS17004: Cannot use JSX unless the '--jsx' flag is provided.
apps/arcade/src/components/stitch/console/pages/EcosystemCoordination.tsx(110,15): error TS17004: Cannot use JSX unless the '--jsx' flag is provided.
apps/arcade/src/components/stitch/console/pages/EcosystemCoordination.tsx(113,15): error TS17004: Cannot use JSX unless the '--jsx' flag is provided.
apps/arcade/src/components/stitch/console/pages/EcosystemCoordination.tsx(114,17): error TS17004: Cannot use JSX unless the '--jsx' flag is provided.
apps/arcade/src/components/stitch/console/pages/EcosystemCoordination.tsx(119,19): error TS17004: Cannot use JSX unless the '--jsx' flag is provided.
apps/arcade/src/components/stitch/console/pages/EcosystemCoordination.tsx(123,13): error TS17004: Cannot use JSX unless the '--jsx' flag is provided.
apps/arcade/src/components/stitch/console/pages/EcosystemCoordination.tsx(124,15): error TS17004: Cannot use JSX unless the '--jsx' flag is provided.
apps/arcade/src/components/stitch/console/pages/EcosystemCoordination.tsx(132,15): error TS17004: Cannot use JSX unless the '--jsx' flag is provided.
apps/arcade/src/components/stitch/console/pages/EcosystemCoordination.tsx(133,17): error TS17004: Cannot use JSX unless the '--jsx' flag is provided.
apps/arcade/src/components/stitch/console/pages/EcosystemCoordination.tsx(134,19): error TS17004: Cannot use JSX unless the '--jsx' flag is provided.
apps/arcade/src/components/stitch/console/pages/EcosystemCoordination.tsx(135,21): error TS17004: Cannot use JSX unless the '--jsx' flag is provided.
apps/arcade/src/components/stitch/console/pages/EcosystemCoordination.tsx(137,19): error TS17004: Cannot use JSX unless the '--jsx' flag is provided.
apps/arcade/src/components/stitch/console/pages/EcosystemCoordination.tsx(141,17): error TS17004: Cannot use JSX unless the '--jsx' flag is provided.
apps/arcade/src/components/stitch/console/pages/EcosystemCoordination.tsx(142,19): error TS17004: Cannot use JSX unless the '--jsx' flag is provided.
apps/arcade/src/components/stitch/console/pages/EcosystemCoordination.tsx(143,21): error TS17004: Cannot use JSX unless the '--jsx' flag is provided.
apps/arcade/src/components/stitch/console/pages/EcosystemCoordination.tsx(145,19): error TS17004: Cannot use JSX unless the '--jsx' flag is provided.
apps/arcade/src/components/stitch/console/pages/EcosystemCoordination.tsx(149,17): error TS17004: Cannot use JSX unless the '--jsx' flag is provided.
apps/arcade/src/components/stitch/console/pages/EcosystemCoordination.tsx(150,19): error TS17004: Cannot use JSX unless the '--jsx' flag is provided.
apps/arcade/src/components/stitch/console/pages/EcosystemCoordination.tsx(151,21): error TS17004: Cannot use JSX unless the '--jsx' flag is provided.
apps/arcade/src/components/stitch/console/pages/EcosystemCoordination.tsx(153,19): error TS17004: Cannot use JSX unless the '--jsx' flag is provided.
apps/arcade/src/components/stitch/console/pages/EcosystemCoordination.tsx(161,11): error TS17004: Cannot use JSX unless the '--jsx' flag is provided.
apps/arcade/src/components/stitch/console/pages/EcosystemCoordination.tsx(162,13): error TS17004: Cannot use JSX unless the '--jsx' flag is provided.
apps/arcade/src/components/stitch/console/pages/EcosystemCoordination.tsx(163,15): error TS17004: Cannot use JSX unless the '--jsx' flag is provided.
apps/arcade/src/components/stitch/console/pages/EcosystemCoordination.tsx(166,15): error TS17004: Cannot use JSX unless the '--jsx' flag is provided.
apps/arcade/src/components/stitch/console/pages/EcosystemCoordination.tsx(170,13): error TS17004: Cannot use JSX unless the '--jsx' flag is provided.
apps/arcade/src/components/stitch/console/pages/EcosystemCoordination.tsx(171,15): error TS17004: Cannot use JSX unless the '--jsx' flag is provided.
apps/arcade/src/components/stitch/console/pages/EcosystemCoordination.tsx(172,17): error TS17004: Cannot use JSX unless the '--jsx' flag is provided.
apps/arcade/src/components/stitch/console/pages/EcosystemCoordination.tsx(173,19): error TS17004: Cannot use JSX unless the '--jsx' flag is provided.
apps/arcade/src/components/stitch/console/pages/EcosystemCoordination.tsx(174,21): error TS17004: Cannot use JSX unless the '--jsx' flag is provided.
apps/arcade/src/components/stitch/console/pages/EcosystemCoordination.tsx(176,19): error TS17004: Cannot use JSX unless the '--jsx' flag is provided.
apps/arcade/src/components/stitch/console/pages/EcosystemCoordination.tsx(177,21): error TS17004: Cannot use JSX unless the '--jsx' flag is provided.
apps/arcade/src/components/stitch/console/pages/EcosystemCoordination.tsx(178,23): error TS17004: Cannot use JSX unless the '--jsx' flag is provided.
apps/arcade/src/components/stitch/console/pages/EcosystemCoordination.tsx(179,23): error TS17004: Cannot use JSX unless the '--jsx' flag is provided.
apps/arcade/src/components/stitch/console/pages/EcosystemCoordination.tsx(181,21): error TS17004: Cannot use JSX unless the '--jsx' flag is provided.
apps/arcade/src/components/stitch/console/pages/EcosystemCoordination.tsx(184,21): error TS17004: Cannot use JSX unless the '--jsx' flag is provided.
apps/arcade/src/components/stitch/console/pages/EcosystemCoordination.tsx(185,23): error TS17004: Cannot use JSX unless the '--jsx' flag is provided.
apps/arcade/src/components/stitch/console/pages/EcosystemCoordination.tsx(190,15): error TS17004: Cannot use JSX unless the '--jsx' flag is provided.
apps/arcade/src/components/stitch/console/pages/EcosystemCoordination.tsx(191,17): error TS17004: Cannot use JSX unless the '--jsx' flag is provided.
apps/arcade/src/components/stitch/console/pages/EcosystemCoordination.tsx(192,19): error TS17004: Cannot use JSX unless the '--jsx' flag is provided.
apps/arcade/src/components/stitch/console/pages/EcosystemCoordination.tsx(193,21): error TS17004: Cannot use JSX unless the '--jsx' flag is provided.
apps/arcade/src/components/stitch/console/pages/EcosystemCoordination.tsx(195,19): error TS17004: Cannot use JSX unless the '--jsx' flag is provided.
apps/arcade/src/components/stitch/console/pages/EcosystemCoordination.tsx(196,21): error TS17004: Cannot use JSX unless the '--jsx' flag is provided.
apps/arcade/src/components/stitch/console/pages/EcosystemCoordination.tsx(197,23): error TS17004: Cannot use JSX unless the '--jsx' flag is provided.
apps/arcade/src/components/stitch/console/pages/EcosystemCoordination.tsx(198,23): error TS17004: Cannot use JSX unless the '--jsx' flag is provided.
apps/arcade/src/components/stitch/console/pages/EcosystemCoordination.tsx(200,21): error TS17004: Cannot use JSX unless the '--jsx' flag is provided.
apps/arcade/src/components/stitch/console/pages/EcosystemCoordination.tsx(203,21): error TS17004: Cannot use JSX unless the '--jsx' flag is provided.
apps/arcade/src/components/stitch/console/pages/EcosystemCoordination.tsx(204,23): error TS17004: Cannot use JSX unless the '--jsx' flag is provided.
apps/arcade/src/components/stitch/console/pages/EcosystemCoordination.tsx(205,23): error TS17004: Cannot use JSX unless the '--jsx' flag is provided.
apps/arcade/src/components/stitch/console/pages/EcosystemCoordination.tsx(211,13): error TS17004: Cannot use JSX unless the '--jsx' flag is provided.
apps/arcade/src/components/stitch/console/pages/EcosystemCoordination.tsx(212,15): error TS17004: Cannot use JSX unless the '--jsx' flag is provided.
apps/arcade/src/components/stitch/console/pages/EcosystemCoordination.tsx(222,9): error TS17004: Cannot use JSX unless the '--jsx' flag is provided.
apps/arcade/src/components/stitch/console/pages/EcosystemCoordination.tsx(223,11): error TS17004: Cannot use JSX unless the '--jsx' flag is provided.
apps/arcade/src/components/stitch/console/pages/EcosystemCoordination.tsx(226,11): error TS17004: Cannot use JSX unless the '--jsx' flag is provided.
apps/arcade/src/components/stitch/console/pages/EcosystemCoordination.tsx(227,13): error TS17004: Cannot use JSX unless the '--jsx' flag is provided.
apps/arcade/src/components/stitch/console/pages/EcosystemCoordination.tsx(228,15): error TS17004: Cannot use JSX unless the '--jsx' flag is provided.
apps/arcade/src/components/stitch/console/pages/EcosystemCoordination.tsx(229,17): error TS17004: Cannot use JSX unless the '--jsx' flag is provided.
apps/arcade/src/components/stitch/console/pages/EcosystemCoordination.tsx(230,19): error TS17004: Cannot use JSX unless the '--jsx' flag is provided.
apps/arcade/src/components/stitch/console/pages/EcosystemCoordination.tsx(231,19): error TS17004: Cannot use JSX unless the '--jsx' flag is provided.
apps/arcade/src/components/stitch/console/pages/EcosystemCoordination.tsx(232,19): error TS17004: Cannot use JSX unless the '--jsx' flag is provided.
apps/arcade/src/components/stitch/console/pages/EcosystemCoordination.tsx(233,19): error TS17004: Cannot use JSX unless the '--jsx' flag is provided.
apps/arcade/src/components/stitch/console/pages/EcosystemCoordination.tsx(236,15): error TS17004: Cannot use JSX unless the '--jsx' flag is provided.
apps/arcade/src/components/stitch/console/pages/EcosystemCoordination.tsx(257,19): error TS17004: Cannot use JSX unless the '--jsx' flag is provided.
apps/arcade/src/components/stitch/console/pages/EcosystemCoordination.tsx(258,21): error TS17004: Cannot use JSX unless the '--jsx' flag is provided.
apps/arcade/src/components/stitch/console/pages/EcosystemCoordination.tsx(261,21): error TS17004: Cannot use JSX unless the '--jsx' flag is provided.
apps/arcade/src/components/stitch/console/pages/EcosystemCoordination.tsx(264,21): error TS17004: Cannot use JSX unless the '--jsx' flag is provided.
apps/arcade/src/components/stitch/console/pages/EcosystemCoordination.tsx(265,23): error TS17004: Cannot use JSX unless the '--jsx' flag is provided.
apps/arcade/src/components/stitch/console/pages/EcosystemCoordination.tsx(271,21): error TS17004: Cannot use JSX unless the '--jsx' flag is provided.
apps/arcade/src/components/stitch/console/pages/EvaluationEngine.tsx(43,5): error TS17004: Cannot use JSX unless the '--jsx' flag is provided.
apps/arcade/src/components/stitch/console/pages/EvaluationEngine.tsx(44,7): error TS17004: Cannot use JSX unless the '--jsx' flag is provided.
apps/arcade/src/components/stitch/console/pages/EvaluationEngine.tsx(46,9): error TS17004: Cannot use JSX unless the '--jsx' flag is provided.
apps/arcade/src/components/stitch/console/pages/EvaluationEngine.tsx(47,11): error TS17004: Cannot use JSX unless the '--jsx' flag is provided.
apps/arcade/src/components/stitch/console/pages/EvaluationEngine.tsx(48,13): error TS17004: Cannot use JSX unless the '--jsx' flag is provided.
apps/arcade/src/components/stitch/console/pages/EvaluationEngine.tsx(49,15): error TS17004: Cannot use JSX unless the '--jsx' flag is provided.
apps/arcade/src/components/stitch/console/pages/EvaluationEngine.tsx(52,15): error TS17004: Cannot use JSX unless the '--jsx' flag is provided.
apps/arcade/src/components/stitch/console/pages/EvaluationEngine.tsx(59,13): error TS17004: Cannot use JSX unless the '--jsx' flag is provided.
apps/arcade/src/components/stitch/console/pages/EvaluationEngine.tsx(60,15): error TS17004: Cannot use JSX unless the '--jsx' flag is provided.
apps/arcade/src/components/stitch/console/pages/EvaluationEngine.tsx(63,15): error TS17004: Cannot use JSX unless the '--jsx' flag is provided.
apps/arcade/src/components/stitch/console/pages/EvaluationEngine.tsx(69,11): error TS17004: Cannot use JSX unless the '--jsx' flag is provided.
apps/arcade/src/components/stitch/console/pages/EvaluationEngine.tsx(71,15): error TS17004: Cannot use JSX unless the '--jsx' flag is provided.
apps/arcade/src/components/stitch/console/pages/EvaluationEngine.tsx(75,17): error TS17004: Cannot use JSX unless the '--jsx' flag is provided.
apps/arcade/src/components/stitch/console/pages/EvaluationEngine.tsx(76,19): error TS17004: Cannot use JSX unless the '--jsx' flag is provided.
apps/arcade/src/components/stitch/console/pages/EvaluationEngine.tsx(81,19): error TS17004: Cannot use JSX unless the '--jsx' flag is provided.
apps/arcade/src/components/stitch/console/pages/EvaluationEngine.tsx(83,17): error TS17004: Cannot use JSX unless the '--jsx' flag is provided.
apps/arcade/src/components/stitch/console/pages/EvaluationEngine.tsx(88,17): error TS17004: Cannot use JSX unless the '--jsx' flag is provided.
apps/arcade/src/components/stitch/console/pages/EvaluationEngine.tsx(89,19): error TS17004: Cannot use JSX unless the '--jsx' flag is provided.
apps/arcade/src/components/stitch/console/pages/EvaluationEngine.tsx(90,19): error TS17004: Cannot use JSX unless the '--jsx' flag is provided.
apps/arcade/src/components/stitch/console/pages/EvaluationEngine.tsx(98,9): error TS17004: Cannot use JSX unless the '--jsx' flag is provided.
apps/arcade/src/components/stitch/console/pages/EvaluationEngine.tsx(99,11): error TS17004: Cannot use JSX unless the '--jsx' flag is provided.
apps/arcade/src/components/stitch/console/pages/EvaluationEngine.tsx(100,13): error TS17004: Cannot use JSX unless the '--jsx' flag is provided.
apps/arcade/src/components/stitch/console/pages/EvaluationEngine.tsx(101,15): error TS17004: Cannot use JSX unless the '--jsx' flag is provided.
apps/arcade/src/components/stitch/console/pages/EvaluationEngine.tsx(104,15): error TS17004: Cannot use JSX unless the '--jsx' flag is provided.
apps/arcade/src/components/stitch/console/pages/EvaluationEngine.tsx(108,13): error TS17004: Cannot use JSX unless the '--jsx' flag is provided.
apps/arcade/src/components/stitch/console/pages/EvaluationEngine.tsx(109,15): error TS17004: Cannot use JSX unless the '--jsx' flag is provided.
apps/arcade/src/components/stitch/console/pages/EvaluationEngine.tsx(113,17): error TS17004: Cannot use JSX unless the '--jsx' flag is provided.
apps/arcade/src/components/stitch/console/pages/EvaluationEngine.tsx(116,15): error TS17004: Cannot use JSX unless the '--jsx' flag is provided.
apps/arcade/src/components/stitch/console/pages/EvaluationEngine.tsx(120,17): error TS17004: Cannot use JSX unless the '--jsx' flag is provided.
apps/arcade/src/components/stitch/console/pages/EvaluationEngine.tsx(126,11): error TS17004: Cannot use JSX unless the '--jsx' flag is provided.
apps/arcade/src/components/stitch/console/pages/EvaluationEngine.tsx(127,13): error TS17004: Cannot use JSX unless the '--jsx' flag is provided.
apps/arcade/src/components/stitch/console/pages/EvaluationEngine.tsx(129,15): error TS17004: Cannot use JSX unless the '--jsx' flag is provided.
apps/arcade/src/components/stitch/console/pages/EvaluationEngine.tsx(130,17): error TS17004: Cannot use JSX unless the '--jsx' flag is provided.
apps/arcade/src/components/stitch/console/pages/EvaluationEngine.tsx(131,19): error TS17004: Cannot use JSX unless the '--jsx' flag is provided.
apps/arcade/src/components/stitch/console/pages/EvaluationEngine.tsx(132,21): error TS17004: Cannot use JSX unless the '--jsx' flag is provided.
apps/arcade/src/components/stitch/console/pages/EvaluationEngine.tsx(133,21): error TS17004: Cannot use JSX unless the '--jsx' flag is provided.
apps/arcade/src/components/stitch/console/pages/EvaluationEngine.tsx(135,19): error TS17004: Cannot use JSX unless the '--jsx' flag is provided.
apps/arcade/src/components/stitch/console/pages/EvaluationEngine.tsx(136,21): error TS17004: Cannot use JSX unless the '--jsx' flag is provided.
apps/arcade/src/components/stitch/console/pages/EvaluationEngine.tsx(139,21): error TS17004: Cannot use JSX unless the '--jsx' flag is provided.
apps/arcade/src/components/stitch/console/pages/EvaluationEngine.tsx(144,23): error TS17004: Cannot use JSX unless the '--jsx' flag is provided.
apps/arcade/src/components/stitch/console/pages/EvaluationEngine.tsx(148,17): error TS17004: Cannot use JSX unless the '--jsx' flag is provided.
apps/arcade/src/components/stitch/console/pages/EvaluationEngine.tsx(164,21): error TS17004: Cannot use JSX unless the '--jsx' flag is provided.
apps/arcade/src/components/stitch/console/pages/EvaluationEngine.tsx(165,23): error TS17004: Cannot use JSX unless the '--jsx' flag is provided.
apps/arcade/src/components/stitch/console/pages/EvaluationEngine.tsx(166,25): error TS17004: Cannot use JSX unless the '--jsx' flag is provided.
apps/arcade/src/components/stitch/console/pages/EvaluationEngine.tsx(167,25): error TS17004: Cannot use JSX unless the '--jsx' flag is provided.
apps/arcade/src/components/stitch/console/pages/EvaluationEngine.tsx(171,23): error TS17004: Cannot use JSX unless the '--jsx' flag is provided.
apps/arcade/src/components/stitch/console/pages/EvaluationEngine.tsx(183,23): error TS17004: Cannot use JSX unless the '--jsx' flag is provided.
apps/arcade/src/components/stitch/console/pages/EvaluationEngine.tsx(189,17): error TS17004: Cannot use JSX unless the '--jsx' flag is provided.
apps/arcade/src/components/stitch/console/pages/EvaluationEngine.tsx(190,19): error TS17004: Cannot use JSX unless the '--jsx' flag is provided.
apps/arcade/src/components/stitch/console/pages/EvaluationEngine.tsx(193,19): error TS17004: Cannot use JSX unless the '--jsx' flag is provided.
apps/arcade/src/components/stitch/console/pages/EvaluationEngine.tsx(203,15): error TS17004: Cannot use JSX unless the '--jsx' flag is provided.
apps/arcade/src/components/stitch/console/pages/EvaluationEngine.tsx(204,17): error TS17004: Cannot use JSX unless the '--jsx' flag is provided.
apps/arcade/src/components/stitch/console/pages/EvaluationEngine.tsx(205,19): error TS17004: Cannot use JSX unless the '--jsx' flag is provided.
apps/arcade/src/components/stitch/console/pages/EvaluationEngine.tsx(206,21): error TS17004: Cannot use JSX unless the '--jsx' flag is provided.
apps/arcade/src/components/stitch/console/pages/EvaluationEngine.tsx(209,21): error TS17004: Cannot use JSX unless the '--jsx' flag is provided.
apps/arcade/src/components/stitch/console/pages/EvaluationEngine.tsx(213,19): error TS17004: Cannot use JSX unless the '--jsx' flag is provided.
apps/arcade/src/components/stitch/console/pages/EvaluationEngine.tsx(214,21): error TS17004: Cannot use JSX unless the '--jsx' flag is provided.
apps/arcade/src/components/stitch/console/pages/EvaluationEngine.tsx(215,23): error TS17004: Cannot use JSX unless the '--jsx' flag is provided.
apps/arcade/src/components/stitch/console/pages/EvaluationEngine.tsx(217,21): error TS17004: Cannot use JSX unless the '--jsx' flag is provided.
apps/arcade/src/components/stitch/console/pages/EvaluationEngine.tsx(218,23): error TS17004: Cannot use JSX unless the '--jsx' flag is provided.
apps/arcade/src/components/stitch/console/pages/EvaluationEngine.tsx(222,17): error TS17004: Cannot use JSX unless the '--jsx' flag is provided.
apps/arcade/src/components/stitch/console/pages/EvaluationEngine.tsx(224,19): error TS17004: Cannot use JSX unless the '--jsx' flag is provided.
apps/arcade/src/components/stitch/console/pages/EvaluationEngine.tsx(225,21): error TS17004: Cannot use JSX unless the '--jsx' flag is provided.
apps/arcade/src/components/stitch/console/pages/EvaluationEngine.tsx(230,23): error TS17004: Cannot use JSX unless the '--jsx' flag is provided.
apps/arcade/src/components/stitch/console/pages/EvaluationEngine.tsx(236,23): error TS17004: Cannot use JSX unless the '--jsx' flag is provided.
apps/arcade/src/components/stitch/console/pages/EvaluationEngine.tsx(246,19): error TS17004: Cannot use JSX unless the '--jsx' flag is provided.
apps/arcade/src/components/stitch/console/pages/EvaluationEngine.tsx(247,21): error TS17004: Cannot use JSX unless the '--jsx' flag is provided.
apps/arcade/src/components/stitch/console/pages/EvaluationEngine.tsx(248,21): error TS17004: Cannot use JSX unless the '--jsx' flag is provided.
apps/arcade/src/components/stitch/console/pages/EvaluationEngine.tsx(249,21): error TS17004: Cannot use JSX unless the '--jsx' flag is provided.
apps/arcade/src/components/stitch/console/pages/EvaluationEngine.tsx(255,13): error TS17004: Cannot use JSX unless the '--jsx' flag is provided.
apps/arcade/src/components/stitch/console/pages/EvaluationEngine.tsx(257,15): error TS17004: Cannot use JSX unless the '--jsx' flag is provided.
apps/arcade/src/components/stitch/console/pages/EvaluationEngine.tsx(258,17): error TS17004: Cannot use JSX unless the '--jsx' flag is provided.
apps/arcade/src/components/stitch/console/pages/EvaluationEngine.tsx(259,19): error TS17004: Cannot use JSX unless the '--jsx' flag is provided.
apps/arcade/src/components/stitch/console/pages/EvaluationEngine.tsx(260,21): error TS17004: Cannot use JSX unless the '--jsx' flag is provided.
apps/arcade/src/components/stitch/console/pages/EvaluationEngine.tsx(265,19): error TS17004: Cannot use JSX unless the '--jsx' flag is provided.
apps/arcade/src/components/stitch/console/pages/EvaluationEngine.tsx(269,17): error TS17004: Cannot use JSX unless the '--jsx' flag is provided.
apps/arcade/src/components/stitch/console/pages/EvaluationEngine.tsx(270,19): error TS17004: Cannot use JSX unless the '--jsx' flag is provided.
apps/arcade/src/components/stitch/console/pages/EvaluationEngine.tsx(271,21): error TS17004: Cannot use JSX unless the '--jsx' flag is provided.
apps/arcade/src/components/stitch/console/pages/EvaluationEngine.tsx(274,21): error TS17004: Cannot use JSX unless the '--jsx' flag is provided.
apps/arcade/src/components/stitch/console/pages/EvaluationEngine.tsx(278,19): error TS17004: Cannot use JSX unless the '--jsx' flag is provided.
apps/arcade/src/components/stitch/console/pages/EvaluationEngine.tsx(279,21): error TS17004: Cannot use JSX unless the '--jsx' flag is provided.
apps/arcade/src/components/stitch/console/pages/EvaluationEngine.tsx(282,21): error TS17004: Cannot use JSX unless the '--jsx' flag is provided.
apps/arcade/src/components/stitch/console/pages/EvaluationEngine.tsx(285,21): error TS17004: Cannot use JSX unless the '--jsx' flag is provided.
apps/arcade/src/components/stitch/console/pages/EvaluationEngine.tsx(286,23): error TS17004: Cannot use JSX unless the '--jsx' flag is provided.
apps/arcade/src/components/stitch/console/pages/EvaluationEngine.tsx(289,23): error TS17004: Cannot use JSX unless the '--jsx' flag is provided.
apps/arcade/src/components/stitch/console/pages/EvaluationEngine.tsx(290,23): error TS17004: Cannot use JSX unless the '--jsx' flag is provided.
apps/arcade/src/components/stitch/console/pages/EvaluationEngine.tsx(299,15): error TS17004: Cannot use JSX unless the '--jsx' flag is provided.
apps/arcade/src/components/stitch/console/pages/EvaluationEngine.tsx(300,17): error TS17004: Cannot use JSX unless the '--jsx' flag is provided.
apps/arcade/src/components/stitch/console/pages/EvaluationEngine.tsx(301,19): error TS17004: Cannot use JSX unless the '--jsx' flag is provided.
apps/arcade/src/components/stitch/console/pages/EvaluationEngine.tsx(304,19): error TS17004: Cannot use JSX unless the '--jsx' flag is provided.
apps/arcade/src/components/stitch/console/pages/EvaluationEngine.tsx(308,17): error TS17004: Cannot use JSX unless the '--jsx' flag is provided.
apps/arcade/src/components/stitch/console/pages/EvaluationEngine.tsx(309,19): error TS17004: Cannot use JSX unless the '--jsx' flag is provided.
apps/arcade/src/components/stitch/console/pages/EvaluationEngine.tsx(310,21): error TS17004: Cannot use JSX unless the '--jsx' flag is provided.
apps/arcade/src/components/stitch/console/pages/EvaluationEngine.tsx(311,23): error TS17004: Cannot use JSX unless the '--jsx' flag is provided.
apps/arcade/src/components/stitch/console/pages/EvaluationEngine.tsx(312,25): error TS17004: Cannot use JSX unless the '--jsx' flag is provided.
apps/arcade/src/components/stitch/console/pages/EvaluationEngine.tsx(313,25): error TS17004: Cannot use JSX unless the '--jsx' flag is provided.
apps/arcade/src/components/stitch/console/pages/EvaluationEngine.tsx(314,25): error TS17004: Cannot use JSX unless the '--jsx' flag is provided.
apps/arcade/src/components/stitch/console/pages/EvaluationEngine.tsx(317,21): error TS17004: Cannot use JSX unless the '--jsx' flag is provided.
apps/arcade/src/components/stitch/console/pages/EvaluationEngine.tsx(339,25): error TS17004: Cannot use JSX unless the '--jsx' flag is provided.
apps/arcade/src/components/stitch/console/pages/EvaluationEngine.tsx(343,27): error TS17004: Cannot use JSX unless the '--jsx' flag is provided.
apps/arcade/src/components/stitch/console/pages/EvaluationEngine.tsx(346,31): error TS17004: Cannot use JSX unless the '--jsx' flag is provided.
apps/arcade/src/components/stitch/console/pages/EvaluationEngine.tsx(351,27): error TS17004: Cannot use JSX unless the '--jsx' flag is provided.
apps/arcade/src/components/stitch/console/pages/EvaluationEngine.tsx(354,27): error TS17004: Cannot use JSX unless the '--jsx' flag is provided.
apps/arcade/src/components/stitch/console/pages/GovernanceCompliance.tsx(4,38): error TS2307: Cannot find module '@/components/stitch/shared/ReasonForChangeModal' or its corresponding type declarations.
apps/arcade/src/components/stitch/console/pages/GovernanceCompliance.tsx(16,5): error TS17004: Cannot use JSX unless the '--jsx' flag is provided.
apps/arcade/src/components/stitch/console/pages/GovernanceCompliance.tsx(18,7): error TS17004: Cannot use JSX unless the '--jsx' flag is provided.
apps/arcade/src/components/stitch/console/pages/GovernanceCompliance.tsx(19,9): error TS17004: Cannot use JSX unless the '--jsx' flag is provided.
apps/arcade/src/components/stitch/console/pages/GovernanceCompliance.tsx(20,11): error TS17004: Cannot use JSX unless the '--jsx' flag is provided.
apps/arcade/src/components/stitch/console/pages/GovernanceCompliance.tsx(21,13): error TS17004: Cannot use JSX unless the '--jsx' flag is provided.
apps/arcade/src/components/stitch/console/pages/GovernanceCompliance.tsx(22,13): error TS17004: Cannot use JSX unless the '--jsx' flag is provided.
apps/arcade/src/components/stitch/console/pages/GovernanceCompliance.tsx(23,13): error TS17004: Cannot use JSX unless the '--jsx' flag is provided.
apps/arcade/src/components/stitch/console/pages/GovernanceCompliance.tsx(25,11): error TS17004: Cannot use JSX unless the '--jsx' flag is provided.
apps/arcade/src/components/stitch/console/pages/GovernanceCompliance.tsx(27,9): error TS17004: Cannot use JSX unless the '--jsx' flag is provided.
apps/arcade/src/components/stitch/console/pages/GovernanceCompliance.tsx(28,11): error TS17004: Cannot use JSX unless the '--jsx' flag is provided.
apps/arcade/src/components/stitch/console/pages/GovernanceCompliance.tsx(29,13): error TS17004: Cannot use JSX unless the '--jsx' flag is provided.
apps/arcade/src/components/stitch/console/pages/GovernanceCompliance.tsx(30,13): error TS17004: Cannot use JSX unless the '--jsx' flag is provided.
apps/arcade/src/components/stitch/console/pages/GovernanceCompliance.tsx(31,15): error TS17004: Cannot use JSX unless the '--jsx' flag is provided.
apps/arcade/src/components/stitch/console/pages/GovernanceCompliance.tsx(34,15): error TS17004: Cannot use JSX unless the '--jsx' flag is provided.
apps/arcade/src/components/stitch/console/pages/GovernanceCompliance.tsx(35,17): error TS17004: Cannot use JSX unless the '--jsx' flag is provided.
apps/arcade/src/components/stitch/console/pages/GovernanceCompliance.tsx(36,17): error TS17004: Cannot use JSX unless the '--jsx' flag is provided.
apps/arcade/src/components/stitch/console/pages/GovernanceCompliance.tsx(37,17): error TS17004: Cannot use JSX unless the '--jsx' flag is provided.
apps/arcade/src/components/stitch/console/pages/GovernanceCompliance.tsx(41,11): error TS17004: Cannot use JSX unless the '--jsx' flag is provided.
apps/arcade/src/components/stitch/console/pages/GovernanceCompliance.tsx(42,11): error TS17004: Cannot use JSX unless the '--jsx' flag is provided.
apps/arcade/src/components/stitch/console/pages/GovernanceCompliance.tsx(47,13): error TS17004: Cannot use JSX unless the '--jsx' flag is provided.
apps/arcade/src/components/stitch/console/pages/GovernanceCompliance.tsx(50,13): error TS17004: Cannot use JSX unless the '--jsx' flag is provided.
apps/arcade/src/components/stitch/console/pages/GovernanceCompliance.tsx(56,7): error TS17004: Cannot use JSX unless the '--jsx' flag is provided.
apps/arcade/src/components/stitch/console/pages/GovernanceCompliance.tsx(57,9): error TS17004: Cannot use JSX unless the '--jsx' flag is provided.
apps/arcade/src/components/stitch/console/pages/GovernanceCompliance.tsx(58,11): error TS17004: Cannot use JSX unless the '--jsx' flag is provided.
apps/arcade/src/components/stitch/console/pages/GovernanceCompliance.tsx(60,13): error TS17004: Cannot use JSX unless the '--jsx' flag is provided.
apps/arcade/src/components/stitch/console/pages/GovernanceCompliance.tsx(61,15): error TS17004: Cannot use JSX unless the '--jsx' flag is provided.
apps/arcade/src/components/stitch/console/pages/GovernanceCompliance.tsx(62,17): error TS17004: Cannot use JSX unless the '--jsx' flag is provided.
apps/arcade/src/components/stitch/console/pages/GovernanceCompliance.tsx(63,19): error TS17004: Cannot use JSX unless the '--jsx' flag is provided.
apps/arcade/src/components/stitch/console/pages/GovernanceCompliance.tsx(64,21): error TS17004: Cannot use JSX unless the '--jsx' flag is provided.
apps/arcade/src/components/stitch/console/pages/GovernanceCompliance.tsx(69,19): error TS17004: Cannot use JSX unless the '--jsx' flag is provided.
apps/arcade/src/components/stitch/console/pages/GovernanceCompliance.tsx(73,17): error TS17004: Cannot use JSX unless the '--jsx' flag is provided.
apps/arcade/src/components/stitch/console/pages/GovernanceCompliance.tsx(77,19): error TS17004: Cannot use JSX unless the '--jsx' flag is provided.
apps/arcade/src/components/stitch/console/pages/GovernanceCompliance.tsx(80,15): error TS17004: Cannot use JSX unless the '--jsx' flag is provided.
apps/arcade/src/components/stitch/console/pages/GovernanceCompliance.tsx(81,17): error TS17004: Cannot use JSX unless the '--jsx' flag is provided.
apps/arcade/src/components/stitch/console/pages/GovernanceCompliance.tsx(82,19): error TS17004: Cannot use JSX unless the '--jsx' flag is provided.
apps/arcade/src/components/stitch/console/pages/GovernanceCompliance.tsx(83,21): error TS17004: Cannot use JSX unless the '--jsx' flag is provided.
apps/arcade/src/components/stitch/console/pages/GovernanceCompliance.tsx(84,23): error TS17004: Cannot use JSX unless the '--jsx' flag is provided.
apps/arcade/src/components/stitch/console/pages/GovernanceCompliance.tsx(85,23): error TS17004: Cannot use JSX unless the '--jsx' flag is provided.
apps/arcade/src/components/stitch/console/pages/GovernanceCompliance.tsx(86,23): error TS17004: Cannot use JSX unless the '--jsx' flag is provided.
apps/arcade/src/components/stitch/console/pages/GovernanceCompliance.tsx(87,23): error TS17004: Cannot use JSX unless the '--jsx' flag is provided.
apps/arcade/src/components/stitch/console/pages/GovernanceCompliance.tsx(88,23): error TS17004: Cannot use JSX unless the '--jsx' flag is provided.
apps/arcade/src/components/stitch/console/pages/GovernanceCompliance.tsx(91,19): error TS17004: Cannot use JSX unless the '--jsx' flag is provided.
apps/arcade/src/components/stitch/console/pages/GovernanceCompliance.tsx(110,23): error TS17004: Cannot use JSX unless the '--jsx' flag is provided.
apps/arcade/src/components/stitch/console/pages/GovernanceCompliance.tsx(111,25): error TS17004: Cannot use JSX unless the '--jsx' flag is provided.
apps/arcade/src/components/stitch/console/pages/GovernanceCompliance.tsx(113,27): error TS17004: Cannot use JSX unless the '--jsx' flag is provided.
apps/arcade/src/components/stitch/console/pages/GovernanceCompliance.tsx(115,31): error TS17004: Cannot use JSX unless the '--jsx' flag is provided.
apps/arcade/src/components/stitch/console/pages/GovernanceCompliance.tsx(120,31): error TS17004: Cannot use JSX unless the '--jsx' flag is provided.
apps/arcade/src/components/stitch/console/pages/GovernanceCompliance.tsx(125,31): error TS17004: Cannot use JSX unless the '--jsx' flag is provided.
apps/arcade/src/components/stitch/console/pages/GovernanceCompliance.tsx(130,31): error TS17004: Cannot use JSX unless the '--jsx' flag is provided.
apps/arcade/src/components/stitch/console/pages/GovernanceCompliance.tsx(144,13): error TS17004: Cannot use JSX unless the '--jsx' flag is provided.
apps/arcade/src/components/stitch/console/pages/GovernanceCompliance.tsx(145,15): error TS17004: Cannot use JSX unless the '--jsx' flag is provided.
apps/arcade/src/components/stitch/console/pages/GovernanceCompliance.tsx(146,17): error TS17004: Cannot use JSX unless the '--jsx' flag is provided.
apps/arcade/src/components/stitch/console/pages/GovernanceCompliance.tsx(147,19): error TS17004: Cannot use JSX unless the '--jsx' flag is provided.
apps/arcade/src/components/stitch/console/pages/GovernanceCompliance.tsx(150,17): error TS17004: Cannot use JSX unless the '--jsx' flag is provided.
apps/arcade/src/components/stitch/console/pages/GovernanceCompliance.tsx(154,15): error TS17004: Cannot use JSX unless the '--jsx' flag is provided.
apps/arcade/src/components/stitch/console/pages/GovernanceCompliance.tsx(175,19): error TS17004: Cannot use JSX unless the '--jsx' flag is provided.
apps/arcade/src/components/stitch/console/pages/GovernanceCompliance.tsx(179,21): error TS17004: Cannot use JSX unless the '--jsx' flag is provided.
apps/arcade/src/components/stitch/console/pages/GovernanceCompliance.tsx(180,23): error TS17004: Cannot use JSX unless the '--jsx' flag is provided.
apps/arcade/src/components/stitch/console/pages/GovernanceCompliance.tsx(185,23): error TS17004: Cannot use JSX unless the '--jsx' flag is provided.
apps/arcade/src/components/stitch/console/pages/GovernanceCompliance.tsx(187,21): error TS17004: Cannot use JSX unless the '--jsx' flag is provided.
apps/arcade/src/components/stitch/console/pages/GovernanceCompliance.tsx(195,11): error TS17004: Cannot use JSX unless the '--jsx' flag is provided.
apps/arcade/src/components/stitch/console/pages/GovernanceCompliance.tsx(196,13): error TS17004: Cannot use JSX unless the '--jsx' flag is provided.
apps/arcade/src/components/stitch/console/pages/GovernanceCompliance.tsx(197,15): error TS17004: Cannot use JSX unless the '--jsx' flag is provided.
apps/arcade/src/components/stitch/console/pages/GovernanceCompliance.tsx(198,17): error TS17004: Cannot use JSX unless the '--jsx' flag is provided.
apps/arcade/src/components/stitch/console/pages/GovernanceCompliance.tsx(199,19): error TS17004: Cannot use JSX unless the '--jsx' flag is provided.
apps/arcade/src/components/stitch/console/pages/GovernanceCompliance.tsx(202,17): error TS17004: Cannot use JSX unless the '--jsx' flag is provided.
apps/arcade/src/components/stitch/console/pages/GovernanceCompliance.tsx(207,13): error TS17004: Cannot use JSX unless the '--jsx' flag is provided.
apps/arcade/src/components/stitch/console/pages/GovernanceCompliance.tsx(218,17): error TS17004: Cannot use JSX unless the '--jsx' flag is provided.
apps/arcade/src/components/stitch/console/pages/GovernanceCompliance.tsx(219,19): error TS17004: Cannot use JSX unless the '--jsx' flag is provided.
apps/arcade/src/components/stitch/console/pages/GovernanceCompliance.tsx(220,21): error TS17004: Cannot use JSX unless the '--jsx' flag is provided.
apps/arcade/src/components/stitch/console/pages/GovernanceCompliance.tsx(221,23): error TS17004: Cannot use JSX unless the '--jsx' flag is provided.
apps/arcade/src/components/stitch/console/pages/GovernanceCompliance.tsx(224,23): error TS17004: Cannot use JSX unless the '--jsx' flag is provided.
apps/arcade/src/components/stitch/console/pages/GovernanceCompliance.tsx(226,21): error TS17004: Cannot use JSX unless the '--jsx' flag is provided.
apps/arcade/src/components/stitch/console/pages/GovernanceCompliance.tsx(230,19): error TS17004: Cannot use JSX unless the '--jsx' flag is provided.
apps/arcade/src/components/stitch/console/pages/GovernanceCompliance.tsx(231,21): error TS17004: Cannot use JSX unless the '--jsx' flag is provided.
apps/arcade/src/components/stitch/console/pages/GovernanceCompliance.tsx(232,23): error TS17004: Cannot use JSX unless the '--jsx' flag is provided.
apps/arcade/src/components/stitch/console/pages/GovernanceCompliance.tsx(241,11): error TS17004: Cannot use JSX unless the '--jsx' flag is provided.
apps/arcade/src/components/stitch/console/pages/GovernanceCompliance.tsx(242,13): error TS17004: Cannot use JSX unless the '--jsx' flag is provided.
apps/arcade/src/components/stitch/console/pages/GovernanceCompliance.tsx(243,15): error TS17004: Cannot use JSX unless the '--jsx' flag is provided.
apps/arcade/src/components/stitch/console/pages/GovernanceCompliance.tsx(244,17): error TS17004: Cannot use JSX unless the '--jsx' flag is provided.
apps/arcade/src/components/stitch/console/pages/GovernanceCompliance.tsx(247,15): error TS17004: Cannot use JSX unless the '--jsx' flag is provided.
apps/arcade/src/components/stitch/console/pages/GovernanceCompliance.tsx(248,17): error TS17004: Cannot use JSX unless the '--jsx' flag is provided.
apps/arcade/src/components/stitch/console/pages/GovernanceCompliance.tsx(249,19): error TS17004: Cannot use JSX unless the '--jsx' flag is provided.
apps/arcade/src/components/stitch/console/pages/GovernanceCompliance.tsx(255,19): error TS17004: Cannot use JSX unless the '--jsx' flag is provided.
apps/arcade/src/components/stitch/console/pages/GovernanceCompliance.tsx(264,13): error TS17004: Cannot use JSX unless the '--jsx' flag is provided.
apps/arcade/src/components/stitch/console/pages/GovernanceCompliance.tsx(265,15): error TS17004: Cannot use JSX unless the '--jsx' flag is provided.
apps/arcade/src/components/stitch/console/pages/GovernanceCompliance.tsx(266,17): error TS17004: Cannot use JSX unless the '--jsx' flag is provided.
apps/arcade/src/components/stitch/console/pages/GovernanceCompliance.tsx(267,19): error TS17004: Cannot use JSX unless the '--jsx' flag is provided.
apps/arcade/src/components/stitch/console/pages/GovernanceCompliance.tsx(268,21): error TS17004: Cannot use JSX unless the '--jsx' flag is provided.
apps/arcade/src/components/stitch/console/pages/GovernanceCompliance.tsx(269,21): error TS17004: Cannot use JSX unless the '--jsx' flag is provided.
apps/arcade/src/components/stitch/console/pages/GovernanceCompliance.tsx(270,21): error TS17004: Cannot use JSX unless the '--jsx' flag is provided.
apps/arcade/src/components/stitch/console/pages/GovernanceCompliance.tsx(271,21): error TS17004: Cannot use JSX unless the '--jsx' flag is provided.
apps/arcade/src/components/stitch/console/pages/GovernanceCompliance.tsx(274,17): error TS17004: Cannot use JSX unless the '--jsx' flag is provided.
apps/arcade/src/components/stitch/console/pages/GovernanceCompliance.tsx(298,21): error TS17004: Cannot use JSX unless the '--jsx' flag is provided.
apps/arcade/src/components/stitch/console/pages/GovernanceCompliance.tsx(299,23): error TS17004: Cannot use JSX unless the '--jsx' flag is provided.
apps/arcade/src/components/stitch/console/pages/GovernanceCompliance.tsx(302,23): error TS17004: Cannot use JSX unless the '--jsx' flag is provided.
apps/arcade/src/components/stitch/console/pages/GovernanceCompliance.tsx(303,25): error TS17004: Cannot use JSX unless the '--jsx' flag is provided.
apps/arcade/src/components/stitch/console/pages/GovernanceCompliance.tsx(306,25): error TS17004: Cannot use JSX unless the '--jsx' flag is provided.
apps/arcade/src/components/stitch/console/pages/GovernanceCompliance.tsx(308,23): error TS17004: Cannot use JSX unless the '--jsx' flag is provided.
apps/arcade/src/components/stitch/console/pages/GovernanceCompliance.tsx(309,23): error TS17004: Cannot use JSX unless the '--jsx' flag is provided.
apps/arcade/src/components/stitch/console/pages/GovernanceCompliance.tsx(310,25): error TS17004: Cannot use JSX unless the '--jsx' flag is provided.
apps/arcade/src/components/stitch/console/pages/GovernanceCompliance.tsx(325,7): error TS17004: Cannot use JSX unless the '--jsx' flag is provided.
apps/arcade/src/components/stitch/console/pages/IntegrationsHub.tsx(64,5): error TS17004: Cannot use JSX unless the '--jsx' flag is provided.
apps/arcade/src/components/stitch/console/pages/IntegrationsHub.tsx(65,7): error TS17004: Cannot use JSX unless the '--jsx' flag is provided.
apps/arcade/src/components/stitch/console/pages/IntegrationsHub.tsx(66,9): error TS17004: Cannot use JSX unless the '--jsx' flag is provided.
apps/arcade/src/components/stitch/console/pages/IntegrationsHub.tsx(67,11): error TS17004: Cannot use JSX unless the '--jsx' flag is provided.
apps/arcade/src/components/stitch/console/pages/IntegrationsHub.tsx(70,11): error TS17004: Cannot use JSX unless the '--jsx' flag is provided.
apps/arcade/src/components/stitch/console/pages/IntegrationsHub.tsx(74,9): error TS17004: Cannot use JSX unless the '--jsx' flag is provided.
apps/arcade/src/components/stitch/console/pages/IntegrationsHub.tsx(75,11): error TS17004: Cannot use JSX unless the '--jsx' flag is provided.
apps/arcade/src/components/stitch/console/pages/IntegrationsHub.tsx(79,13): error TS17004: Cannot use JSX unless the '--jsx' flag is provided.
apps/arcade/src/components/stitch/console/pages/IntegrationsHub.tsx(85,7): error TS17004: Cannot use JSX unless the '--jsx' flag is provided.
apps/arcade/src/components/stitch/console/pages/IntegrationsHub.tsx(87,9): error TS17004: Cannot use JSX unless the '--jsx' flag is provided.
apps/arcade/src/components/stitch/console/pages/IntegrationsHub.tsx(94,13): error TS17004: Cannot use JSX unless the '--jsx' flag is provided.
apps/arcade/src/components/stitch/console/pages/IntegrationsHub.tsx(98,15): error TS17004: Cannot use JSX unless the '--jsx' flag is provided.
apps/arcade/src/components/stitch/console/pages/IntegrationsHub.tsx(101,15): error TS17004: Cannot use JSX unless the '--jsx' flag is provided.
apps/arcade/src/components/stitch/console/pages/IntegrationsHub.tsx(107,9): error TS17004: Cannot use JSX unless the '--jsx' flag is provided.
apps/arcade/src/components/stitch/console/pages/IntegrationsHub.tsx(108,11): error TS17004: Cannot use JSX unless the '--jsx' flag is provided.
apps/arcade/src/components/stitch/console/pages/IntegrationsHub.tsx(111,11): error TS17004: Cannot use JSX unless the '--jsx' flag is provided.
apps/arcade/src/components/stitch/console/pages/IntegrationsHub.tsx(115,17): error TS17004: Cannot use JSX unless the '--jsx' flag is provided.
apps/arcade/src/components/stitch/console/pages/IntegrationsHub.tsx(119,19): error TS17004: Cannot use JSX unless the '--jsx' flag is provided.
apps/arcade/src/components/stitch/console/pages/IntegrationsHub.tsx(120,21): error TS17004: Cannot use JSX unless the '--jsx' flag is provided.
apps/arcade/src/components/stitch/console/pages/IntegrationsHub.tsx(121,23): error TS17004: Cannot use JSX unless the '--jsx' flag is provided.
apps/arcade/src/components/stitch/console/pages/IntegrationsHub.tsx(122,25): error TS17004: Cannot use JSX unless the '--jsx' flag is provided.
apps/arcade/src/components/stitch/console/pages/IntegrationsHub.tsx(126,23): error TS17004: Cannot use JSX unless the '--jsx' flag is provided.
apps/arcade/src/components/stitch/console/pages/IntegrationsHub.tsx(127,25): error TS17004: Cannot use JSX unless the '--jsx' flag is provided.
apps/arcade/src/components/stitch/console/pages/IntegrationsHub.tsx(128,25): error TS17004: Cannot use JSX unless the '--jsx' flag is provided.
apps/arcade/src/components/stitch/console/pages/IntegrationsHub.tsx(133,21): error TS17004: Cannot use JSX unless the '--jsx' flag is provided.
apps/arcade/src/components/stitch/console/pages/IntegrationsHub.tsx(139,19): error TS17004: Cannot use JSX unless the '--jsx' flag is provided.
apps/arcade/src/components/stitch/console/pages/IntegrationsHub.tsx(140,19): error TS17004: Cannot use JSX unless the '--jsx' flag is provided.
apps/arcade/src/components/stitch/console/pages/IntegrationsHub.tsx(141,21): error TS17004: Cannot use JSX unless the '--jsx' flag is provided.
apps/arcade/src/components/stitch/console/pages/IntegrationsHub.tsx(155,9): error TS17004: Cannot use JSX unless the '--jsx' flag is provided.
apps/arcade/src/components/stitch/console/pages/IntegrationsHub.tsx(156,11): error TS17004: Cannot use JSX unless the '--jsx' flag is provided.
apps/arcade/src/components/stitch/console/pages/IntegrationsHub.tsx(159,11): error TS17004: Cannot use JSX unless the '--jsx' flag is provided.
apps/arcade/src/components/stitch/console/pages/IntegrationsHub.tsx(160,13): error TS17004: Cannot use JSX unless the '--jsx' flag is provided.
apps/arcade/src/components/stitch/console/pages/IntegrationsHub.tsx(161,15): error TS17004: Cannot use JSX unless the '--jsx' flag is provided.
apps/arcade/src/components/stitch/console/pages/IntegrationsHub.tsx(162,17): error TS17004: Cannot use JSX unless the '--jsx' flag is provided.
apps/arcade/src/components/stitch/console/pages/IntegrationsHub.tsx(163,19): error TS17004: Cannot use JSX unless the '--jsx' flag is provided.
apps/arcade/src/components/stitch/console/pages/IntegrationsHub.tsx(164,19): error TS17004: Cannot use JSX unless the '--jsx' flag is provided.
apps/arcade/src/components/stitch/console/pages/IntegrationsHub.tsx(165,19): error TS17004: Cannot use JSX unless the '--jsx' flag is provided.
apps/arcade/src/components/stitch/console/pages/IntegrationsHub.tsx(166,19): error TS17004: Cannot use JSX unless the '--jsx' flag is provided.
apps/arcade/src/components/stitch/console/pages/IntegrationsHub.tsx(169,15): error TS17004: Cannot use JSX unless the '--jsx' flag is provided.
apps/arcade/src/components/stitch/console/pages/IntegrationsHub.tsx(190,19): error TS17004: Cannot use JSX unless the '--jsx' flag is provided.
apps/arcade/src/components/stitch/console/pages/IntegrationsHub.tsx(191,21): error TS17004: Cannot use JSX unless the '--jsx' flag is provided.
apps/arcade/src/components/stitch/console/pages/IntegrationsHub.tsx(194,21): error TS17004: Cannot use JSX unless the '--jsx' flag is provided.
apps/arcade/src/components/stitch/console/pages/IntegrationsHub.tsx(195,21): error TS17004: Cannot use JSX unless the '--jsx' flag is provided.
apps/arcade/src/components/stitch/console/pages/IntegrationsHub.tsx(196,23): error TS17004: Cannot use JSX unless the '--jsx' flag is provided.
apps/arcade/src/components/stitch/console/pages/IntegrationsHub.tsx(202,21): error TS17004: Cannot use JSX unless the '--jsx' flag is provided.
apps/arcade/src/components/stitch/console/pages/MasterNavigation.tsx(5,24): error TS2307: Cannot find module '@/lib/routes' or its corresponding type declarations.
apps/arcade/src/components/stitch/console/pages/MasterNavigation.tsx(176,5): error TS17004: Cannot use JSX unless the '--jsx' flag is provided.
apps/arcade/src/components/stitch/console/pages/MasterNavigation.tsx(178,7): error TS17004: Cannot use JSX unless the '--jsx' flag is provided.
apps/arcade/src/components/stitch/console/pages/MasterNavigation.tsx(180,7): error TS17004: Cannot use JSX unless the '--jsx' flag is provided.
apps/arcade/src/components/stitch/console/pages/MasterNavigation.tsx(181,9): error TS17004: Cannot use JSX unless the '--jsx' flag is provided.
apps/arcade/src/components/stitch/console/pages/MasterNavigation.tsx(182,11): error TS17004: Cannot use JSX unless the '--jsx' flag is provided.
apps/arcade/src/components/stitch/console/pages/MasterNavigation.tsx(183,11): error TS17004: Cannot use JSX unless the '--jsx' flag is provided.
apps/arcade/src/components/stitch/console/pages/MasterNavigation.tsx(184,11): error TS17004: Cannot use JSX unless the '--jsx' flag is provided.
apps/arcade/src/components/stitch/console/pages/MasterNavigation.tsx(188,9): error TS17004: Cannot use JSX unless the '--jsx' flag is provided.
apps/arcade/src/components/stitch/console/pages/MasterNavigation.tsx(189,11): error TS17004: Cannot use JSX unless the '--jsx' flag is provided.
apps/arcade/src/components/stitch/console/pages/MasterNavigation.tsx(190,13): error TS17004: Cannot use JSX unless the '--jsx' flag is provided.
apps/arcade/src/components/stitch/console/pages/MasterNavigation.tsx(191,13): error TS17004: Cannot use JSX unless the '--jsx' flag is provided.
apps/arcade/src/components/stitch/console/pages/MasterNavigation.tsx(198,7): error TS17004: Cannot use JSX unless the '--jsx' flag is provided.
apps/arcade/src/components/stitch/console/pages/MasterNavigation.tsx(199,9): error TS17004: Cannot use JSX unless the '--jsx' flag is provided.
apps/arcade/src/components/stitch/console/pages/MasterNavigation.tsx(200,11): error TS17004: Cannot use JSX unless the '--jsx' flag is provided.
apps/arcade/src/components/stitch/console/pages/MasterNavigation.tsx(201,13): error TS17004: Cannot use JSX unless the '--jsx' flag is provided.
apps/arcade/src/components/stitch/console/pages/MasterNavigation.tsx(202,37): error TS17004: Cannot use JSX unless the '--jsx' flag is provided.
apps/arcade/src/components/stitch/console/pages/MasterNavigation.tsx(205,13): error TS17004: Cannot use JSX unless the '--jsx' flag is provided.
apps/arcade/src/components/stitch/console/pages/MasterNavigation.tsx(211,11): error TS17004: Cannot use JSX unless the '--jsx' flag is provided.
apps/arcade/src/components/stitch/console/pages/MasterNavigation.tsx(213,15): error TS17004: Cannot use JSX unless the '--jsx' flag is provided.
apps/arcade/src/components/stitch/console/pages/MasterNavigation.tsx(214,17): error TS17004: Cannot use JSX unless the '--jsx' flag is provided.
apps/arcade/src/components/stitch/console/pages/MasterNavigation.tsx(215,19): error TS17004: Cannot use JSX unless the '--jsx' flag is provided.
apps/arcade/src/components/stitch/console/pages/MasterNavigation.tsx(216,21): error TS17004: Cannot use JSX unless the '--jsx' flag is provided.
apps/arcade/src/components/stitch/console/pages/MasterNavigation.tsx(221,19): error TS17004: Cannot use JSX unless the '--jsx' flag is provided.
apps/arcade/src/components/stitch/console/pages/MasterNavigation.tsx(226,17): error TS17004: Cannot use JSX unless the '--jsx' flag is provided.
apps/arcade/src/components/stitch/console/pages/MasterNavigation.tsx(228,21): error TS17004: Cannot use JSX unless the '--jsx' flag is provided.
apps/arcade/src/components/stitch/console/pages/MasterNavigation.tsx(233,23): error TS17004: Cannot use JSX unless the '--jsx' flag is provided.
apps/arcade/src/components/stitch/console/pages/MasterNavigation.tsx(234,25): error TS17004: Cannot use JSX unless the '--jsx' flag is provided.
apps/arcade/src/components/stitch/console/pages/MasterNavigation.tsx(237,25): error TS17004: Cannot use JSX unless the '--jsx' flag is provided.
apps/arcade/src/components/stitch/console/pages/MasterNavigation.tsx(243,23): error TS17004: Cannot use JSX unless the '--jsx' flag is provided.
apps/arcade/src/components/stitch/console/pages/MasterNavigation.tsx(246,23): error TS17004: Cannot use JSX unless the '--jsx' flag is provided.
apps/arcade/src/components/stitch/console/pages/MasterNavigation.tsx(249,23): error TS17004: Cannot use JSX unless the '--jsx' flag is provided.
apps/arcade/src/components/stitch/console/pages/MasterNavigation.tsx(250,25): error TS17004: Cannot use JSX unless the '--jsx' flag is provided.
apps/arcade/src/components/stitch/console/pages/MasterNavigation.tsx(251,25): error TS17004: Cannot use JSX unless the '--jsx' flag is provided.
apps/arcade/src/components/stitch/console/pages/MissionControlOverview.tsx(2,28): error TS2307: Cannot find module '@/lib/viewmodels/health' or its corresponding type declarations.
apps/arcade/src/components/stitch/console/pages/MissionControlOverview.tsx(3,27): error TS2307: Cannot find module '@/lib/viewmodels/agents' or its corresponding type declarations.
apps/arcade/src/components/stitch/console/pages/MissionControlOverview.tsx(12,5): error TS17004: Cannot use JSX unless the '--jsx' flag is provided.
apps/arcade/src/components/stitch/console/pages/MissionControlOverview.tsx(14,7): error TS17004: Cannot use JSX unless the '--jsx' flag is provided.
apps/arcade/src/components/stitch/console/pages/MissionControlOverview.tsx(15,9): error TS17004: Cannot use JSX unless the '--jsx' flag is provided.
apps/arcade/src/components/stitch/console/pages/MissionControlOverview.tsx(16,9): error TS17004: Cannot use JSX unless the '--jsx' flag is provided.
apps/arcade/src/components/stitch/console/pages/MissionControlOverview.tsx(17,11): error TS17004: Cannot use JSX unless the '--jsx' flag is provided.
apps/arcade/src/components/stitch/console/pages/MissionControlOverview.tsx(20,11): error TS17004: Cannot use JSX unless the '--jsx' flag is provided.
apps/arcade/src/components/stitch/console/pages/MissionControlOverview.tsx(21,13): error TS17004: Cannot use JSX unless the '--jsx' flag is provided.
apps/arcade/src/components/stitch/console/pages/MissionControlOverview.tsx(24,13): error TS17004: Cannot use JSX unless the '--jsx' flag is provided.
apps/arcade/src/components/stitch/console/pages/MissionControlOverview.tsx(29,9): error TS17004: Cannot use JSX unless the '--jsx' flag is provided.
apps/arcade/src/components/stitch/console/pages/MissionControlOverview.tsx(30,11): error TS17004: Cannot use JSX unless the '--jsx' flag is provided.
apps/arcade/src/components/stitch/console/pages/MissionControlOverview.tsx(36,11): error TS17004: Cannot use JSX unless the '--jsx' flag is provided.
apps/arcade/src/components/stitch/console/pages/MissionControlOverview.tsx(40,13): error TS17004: Cannot use JSX unless the '--jsx' flag is provided.
apps/arcade/src/components/stitch/console/pages/MissionControlOverview.tsx(46,7): error TS17004: Cannot use JSX unless the '--jsx' flag is provided.
apps/arcade/src/components/stitch/console/pages/MissionControlOverview.tsx(48,9): error TS17004: Cannot use JSX unless the '--jsx' flag is provided.
apps/arcade/src/components/stitch/console/pages/MissionControlOverview.tsx(49,11): error TS17004: Cannot use JSX unless the '--jsx' flag is provided.
apps/arcade/src/components/stitch/console/pages/MissionControlOverview.tsx(50,13): error TS17004: Cannot use JSX unless the '--jsx' flag is provided.
apps/arcade/src/components/stitch/console/pages/MissionControlOverview.tsx(53,13): error TS17004: Cannot use JSX unless the '--jsx' flag is provided.
apps/arcade/src/components/stitch/console/pages/MissionControlOverview.tsx(57,11): error TS17004: Cannot use JSX unless the '--jsx' flag is provided.
apps/arcade/src/components/stitch/console/pages/MissionControlOverview.tsx(58,13): error TS17004: Cannot use JSX unless the '--jsx' flag is provided.
apps/arcade/src/components/stitch/console/pages/MissionControlOverview.tsx(61,13): error TS17004: Cannot use JSX unless the '--jsx' flag is provided.
apps/arcade/src/components/stitch/console/pages/MissionControlOverview.tsx(62,15): error TS17004: Cannot use JSX unless the '--jsx' flag is provided.
apps/arcade/src/components/stitch/console/pages/MissionControlOverview.tsx(66,11): error TS17004: Cannot use JSX unless the '--jsx' flag is provided.
apps/arcade/src/components/stitch/console/pages/MissionControlOverview.tsx(67,13): error TS17004: Cannot use JSX unless the '--jsx' flag is provided.
apps/arcade/src/components/stitch/console/pages/MissionControlOverview.tsx(74,9): error TS17004: Cannot use JSX unless the '--jsx' flag is provided.
apps/arcade/src/components/stitch/console/pages/MissionControlOverview.tsx(75,11): error TS17004: Cannot use JSX unless the '--jsx' flag is provided.
apps/arcade/src/components/stitch/console/pages/MissionControlOverview.tsx(76,13): error TS17004: Cannot use JSX unless the '--jsx' flag is provided.
apps/arcade/src/components/stitch/console/pages/MissionControlOverview.tsx(79,13): error TS17004: Cannot use JSX unless the '--jsx' flag is provided.
apps/arcade/src/components/stitch/console/pages/MissionControlOverview.tsx(83,11): error TS17004: Cannot use JSX unless the '--jsx' flag is provided.
apps/arcade/src/components/stitch/console/pages/MissionControlOverview.tsx(84,13): error TS17004: Cannot use JSX unless the '--jsx' flag is provided.
apps/arcade/src/components/stitch/console/pages/MissionControlOverview.tsx(87,13): error TS17004: Cannot use JSX unless the '--jsx' flag is provided.
apps/arcade/src/components/stitch/console/pages/MissionControlOverview.tsx(88,15): error TS17004: Cannot use JSX unless the '--jsx' flag is provided.
apps/arcade/src/components/stitch/console/pages/MissionControlOverview.tsx(92,11): error TS17004: Cannot use JSX unless the '--jsx' flag is provided.
apps/arcade/src/components/stitch/console/pages/MissionControlOverview.tsx(93,13): error TS17004: Cannot use JSX unless the '--jsx' flag is provided.
apps/arcade/src/components/stitch/console/pages/MissionControlOverview.tsx(94,13): error TS17004: Cannot use JSX unless the '--jsx' flag is provided.
apps/arcade/src/components/stitch/console/pages/MissionControlOverview.tsx(95,13): error TS17004: Cannot use JSX unless the '--jsx' flag is provided.
apps/arcade/src/components/stitch/console/pages/MissionControlOverview.tsx(99,9): error TS17004: Cannot use JSX unless the '--jsx' flag is provided.
apps/arcade/src/components/stitch/console/pages/MissionControlOverview.tsx(100,11): error TS17004: Cannot use JSX unless the '--jsx' flag is provided.
apps/arcade/src/components/stitch/console/pages/MissionControlOverview.tsx(101,13): error TS17004: Cannot use JSX unless the '--jsx' flag is provided.
apps/arcade/src/components/stitch/console/pages/MissionControlOverview.tsx(104,13): error TS17004: Cannot use JSX unless the '--jsx' flag is provided.
apps/arcade/src/components/stitch/console/pages/MissionControlOverview.tsx(108,11): error TS17004: Cannot use JSX unless the '--jsx' flag is provided.
apps/arcade/src/components/stitch/console/pages/MissionControlOverview.tsx(109,13): error TS17004: Cannot use JSX unless the '--jsx' flag is provided.
apps/arcade/src/components/stitch/console/pages/MissionControlOverview.tsx(112,13): error TS17004: Cannot use JSX unless the '--jsx' flag is provided.
apps/arcade/src/components/stitch/console/pages/MissionControlOverview.tsx(113,15): error TS17004: Cannot use JSX unless the '--jsx' flag is provided.
apps/arcade/src/components/stitch/console/pages/MissionControlOverview.tsx(117,11): error TS17004: Cannot use JSX unless the '--jsx' flag is provided.
apps/arcade/src/components/stitch/console/pages/MissionControlOverview.tsx(118,13): error TS17004: Cannot use JSX unless the '--jsx' flag is provided.
apps/arcade/src/components/stitch/console/pages/MissionControlOverview.tsx(127,7): error TS17004: Cannot use JSX unless the '--jsx' flag is provided.
apps/arcade/src/components/stitch/console/pages/MissionControlOverview.tsx(129,9): error TS17004: Cannot use JSX unless the '--jsx' flag is provided.
apps/arcade/src/components/stitch/console/pages/MissionControlOverview.tsx(130,11): error TS17004: Cannot use JSX unless the '--jsx' flag is provided.
apps/arcade/src/components/stitch/console/pages/MissionControlOverview.tsx(131,13): error TS17004: Cannot use JSX unless the '--jsx' flag is provided.
apps/arcade/src/components/stitch/console/pages/MissionControlOverview.tsx(133,15): error TS17004: Cannot use JSX unless the '--jsx' flag is provided.
apps/arcade/src/components/stitch/console/pages/MissionControlOverview.tsx(137,13): error TS17004: Cannot use JSX unless the '--jsx' flag is provided.
apps/arcade/src/components/stitch/console/pages/MissionControlOverview.tsx(138,15): error TS17004: Cannot use JSX unless the '--jsx' flag is provided.
apps/arcade/src/components/stitch/console/pages/MissionControlOverview.tsx(142,17): error TS17004: Cannot use JSX unless the '--jsx' flag is provided.
apps/arcade/src/components/stitch/console/pages/MissionControlOverview.tsx(144,15): error TS17004: Cannot use JSX unless the '--jsx' flag is provided.
apps/arcade/src/components/stitch/console/pages/MissionControlOverview.tsx(148,17): error TS17004: Cannot use JSX unless the '--jsx' flag is provided.
apps/arcade/src/components/stitch/console/pages/MissionControlOverview.tsx(152,11): error TS17004: Cannot use JSX unless the '--jsx' flag is provided.
apps/arcade/src/components/stitch/console/pages/MissionControlOverview.tsx(153,13): error TS17004: Cannot use JSX unless the '--jsx' flag is provided.
apps/arcade/src/components/stitch/console/pages/MissionControlOverview.tsx(154,15): error TS17004: Cannot use JSX unless the '--jsx' flag is provided.
apps/arcade/src/components/stitch/console/pages/MissionControlOverview.tsx(155,17): error TS17004: Cannot use JSX unless the '--jsx' flag is provided.
apps/arcade/src/components/stitch/console/pages/MissionControlOverview.tsx(156,19): error TS17004: Cannot use JSX unless the '--jsx' flag is provided.
apps/arcade/src/components/stitch/console/pages/MissionControlOverview.tsx(157,19): error TS17004: Cannot use JSX unless the '--jsx' flag is provided.
apps/arcade/src/components/stitch/console/pages/MissionControlOverview.tsx(158,19): error TS17004: Cannot use JSX unless the '--jsx' flag is provided.
apps/arcade/src/components/stitch/console/pages/MissionControlOverview.tsx(159,19): error TS17004: Cannot use JSX unless the '--jsx' flag is provided.
apps/arcade/src/components/stitch/console/pages/MissionControlOverview.tsx(160,19): error TS17004: Cannot use JSX unless the '--jsx' flag is provided.
apps/arcade/src/components/stitch/console/pages/MissionControlOverview.tsx(161,19): error TS17004: Cannot use JSX unless the '--jsx' flag is provided.
apps/arcade/src/components/stitch/console/pages/MissionControlOverview.tsx(164,15): error TS17004: Cannot use JSX unless the '--jsx' flag is provided.
apps/arcade/src/components/stitch/console/pages/MissionControlOverview.tsx(165,41): error TS7006: Parameter 'run' implicitly has an 'any' type.
apps/arcade/src/components/stitch/console/pages/MissionControlOverview.tsx(166,19): error TS17004: Cannot use JSX unless the '--jsx' flag is provided.
apps/arcade/src/components/stitch/console/pages/MissionControlOverview.tsx(170,21): error TS17004: Cannot use JSX unless the '--jsx' flag is provided.
apps/arcade/src/components/stitch/console/pages/MissionControlOverview.tsx(173,21): error TS17004: Cannot use JSX unless the '--jsx' flag is provided.
apps/arcade/src/components/stitch/console/pages/MissionControlOverview.tsx(176,21): error TS17004: Cannot use JSX unless the '--jsx' flag is provided.
apps/arcade/src/components/stitch/console/pages/MissionControlOverview.tsx(177,23): error TS17004: Cannot use JSX unless the '--jsx' flag is provided.
apps/arcade/src/components/stitch/console/pages/MissionControlOverview.tsx(178,25): error TS17004: Cannot use JSX unless the '--jsx' flag is provided.
apps/arcade/src/components/stitch/console/pages/MissionControlOverview.tsx(184,21): error TS17004: Cannot use JSX unless the '--jsx' flag is provided.
apps/arcade/src/components/stitch/console/pages/MissionControlOverview.tsx(185,21): error TS17004: Cannot use JSX unless the '--jsx' flag is provided.
apps/arcade/src/components/stitch/console/pages/MissionControlOverview.tsx(186,23): error TS17004: Cannot use JSX unless the '--jsx' flag is provided.
apps/arcade/src/components/stitch/console/pages/MissionControlOverview.tsx(198,27): error TS17004: Cannot use JSX unless the '--jsx' flag is provided.
apps/arcade/src/components/stitch/console/pages/MissionControlOverview.tsx(199,29): error TS17004: Cannot use JSX unless the '--jsx' flag is provided.
apps/arcade/src/components/stitch/console/pages/MissionControlOverview.tsx(200,29): error TS17004: Cannot use JSX unless the '--jsx' flag is provided.
apps/arcade/src/components/stitch/console/pages/MissionControlOverview.tsx(204,27): error TS17004: Cannot use JSX unless the '--jsx' flag is provided.
apps/arcade/src/components/stitch/console/pages/MissionControlOverview.tsx(217,21): error TS17004: Cannot use JSX unless the '--jsx' flag is provided.
apps/arcade/src/components/stitch/console/pages/MissionControlOverview.tsx(218,23): error TS17004: Cannot use JSX unless the '--jsx' flag is provided.
apps/arcade/src/components/stitch/console/pages/MissionControlOverview.tsx(223,25): error TS17004: Cannot use JSX unless the '--jsx' flag is provided.
apps/arcade/src/components/stitch/console/pages/MissionControlOverview.tsx(231,11): error TS17004: Cannot use JSX unless the '--jsx' flag is provided.
apps/arcade/src/components/stitch/console/pages/MissionControlOverview.tsx(232,13): error TS17004: Cannot use JSX unless the '--jsx' flag is provided.
apps/arcade/src/components/stitch/console/pages/MissionControlOverview.tsx(237,15): error TS17004: Cannot use JSX unless the '--jsx' flag is provided.
apps/arcade/src/components/stitch/console/pages/MissionControlOverview.tsx(243,9): error TS17004: Cannot use JSX unless the '--jsx' flag is provided.
apps/arcade/src/components/stitch/console/pages/MissionControlOverview.tsx(245,11): error TS17004: Cannot use JSX unless the '--jsx' flag is provided.
apps/arcade/src/components/stitch/console/pages/MissionControlOverview.tsx(246,13): error TS17004: Cannot use JSX unless the '--jsx' flag is provided.
apps/arcade/src/components/stitch/console/pages/MissionControlOverview.tsx(247,15): error TS17004: Cannot use JSX unless the '--jsx' flag is provided.
apps/arcade/src/components/stitch/console/pages/MissionControlOverview.tsx(248,15): error TS17004: Cannot use JSX unless the '--jsx' flag is provided.
apps/arcade/src/components/stitch/console/pages/MissionControlOverview.tsx(252,13): error TS17004: Cannot use JSX unless the '--jsx' flag is provided.
apps/arcade/src/components/stitch/console/pages/MissionControlOverview.tsx(253,15): error TS17004: Cannot use JSX unless the '--jsx' flag is provided.
apps/arcade/src/components/stitch/console/pages/MissionControlOverview.tsx(254,15): error TS17004: Cannot use JSX unless the '--jsx' flag is provided.
apps/arcade/src/components/stitch/console/pages/MissionControlOverview.tsx(259,13): error TS17004: Cannot use JSX unless the '--jsx' flag is provided.
apps/arcade/src/components/stitch/console/pages/MissionControlOverview.tsx(264,17): error TS17004: Cannot use JSX unless the '--jsx' flag is provided.
apps/arcade/src/components/stitch/console/pages/MissionControlOverview.tsx(274,11): error TS17004: Cannot use JSX unless the '--jsx' flag is provided.
apps/arcade/src/components/stitch/console/pages/MissionControlOverview.tsx(275,13): error TS17004: Cannot use JSX unless the '--jsx' flag is provided.
apps/arcade/src/components/stitch/console/pages/MissionControlOverview.tsx(276,15): error TS17004: Cannot use JSX unless the '--jsx' flag is provided.
apps/arcade/src/components/stitch/console/pages/MissionControlOverview.tsx(279,15): error TS17004: Cannot use JSX unless the '--jsx' flag is provided.
apps/arcade/src/components/stitch/console/pages/MissionControlOverview.tsx(283,13): error TS17004: Cannot use JSX unless the '--jsx' flag is provided.
apps/arcade/src/components/stitch/console/pages/MissionControlOverview.tsx(295,17): error TS17004: Cannot use JSX unless the '--jsx' flag is provided.
apps/arcade/src/components/stitch/console/pages/MissionControlOverview.tsx(305,19): error TS17004: Cannot use JSX unless the '--jsx' flag is provided.
apps/arcade/src/components/stitch/console/pages/MissionControlOverview.tsx(307,23): error TS17004: Cannot use JSX unless the '--jsx' flag is provided.
apps/arcade/src/components/stitch/console/pages/MissionControlOverview.tsx(308,25): error TS17004: Cannot use JSX unless the '--jsx' flag is provided.
apps/arcade/src/components/stitch/console/pages/MissionControlOverview.tsx(309,25): error TS17004: Cannot use JSX unless the '--jsx' flag is provided.
apps/arcade/src/components/stitch/console/pages/MissionControlOverview.tsx(312,23): error TS17004: Cannot use JSX unless the '--jsx' flag is provided.
apps/arcade/src/components/stitch/console/pages/MissionControlOverview.tsx(316,21): error TS17004: Cannot use JSX unless the '--jsx' flag is provided.
apps/arcade/src/components/stitch/console/pages/MissionControlOverview.tsx(320,19): error TS17004: Cannot use JSX unless the '--jsx' flag is provided.
apps/arcade/src/components/stitch/console/pages/RunnerOrchestration.tsx(7,5): error TS17004: Cannot use JSX unless the '--jsx' flag is provided.
apps/arcade/src/components/stitch/console/pages/RunnerOrchestration.tsx(8,7): error TS17004: Cannot use JSX unless the '--jsx' flag is provided.
apps/arcade/src/components/stitch/console/pages/RunnerOrchestration.tsx(9,9): error TS17004: Cannot use JSX unless the '--jsx' flag is provided.
apps/arcade/src/components/stitch/console/pages/RunnerOrchestration.tsx(10,11): error TS17004: Cannot use JSX unless the '--jsx' flag is provided.
apps/arcade/src/components/stitch/console/pages/RunnerOrchestration.tsx(13,11): error TS17004: Cannot use JSX unless the '--jsx' flag is provided.
apps/arcade/src/components/stitch/console/pages/RunnerOrchestration.tsx(17,9): error TS17004: Cannot use JSX unless the '--jsx' flag is provided.
apps/arcade/src/components/stitch/console/pages/RunnerOrchestration.tsx(18,11): error TS17004: Cannot use JSX unless the '--jsx' flag is provided.
apps/arcade/src/components/stitch/console/pages/RunnerOrchestration.tsx(22,13): error TS17004: Cannot use JSX unless the '--jsx' flag is provided.
apps/arcade/src/components/stitch/console/pages/RunnerOrchestration.tsx(28,7): error TS17004: Cannot use JSX unless the '--jsx' flag is provided.
apps/arcade/src/components/stitch/console/pages/RunnerOrchestration.tsx(29,9): error TS17004: Cannot use JSX unless the '--jsx' flag is provided.
apps/arcade/src/components/stitch/console/pages/RunnerOrchestration.tsx(60,13): error TS17004: Cannot use JSX unless the '--jsx' flag is provided.
apps/arcade/src/components/stitch/console/pages/RunnerOrchestration.tsx(64,15): error TS17004: Cannot use JSX unless the '--jsx' flag is provided.
apps/arcade/src/components/stitch/console/pages/RunnerOrchestration.tsx(65,17): error TS17004: Cannot use JSX unless the '--jsx' flag is provided.
apps/arcade/src/components/stitch/console/pages/RunnerOrchestration.tsx(67,15): error TS17004: Cannot use JSX unless the '--jsx' flag is provided.
apps/arcade/src/components/stitch/console/pages/RunnerOrchestration.tsx(70,15): error TS17004: Cannot use JSX unless the '--jsx' flag is provided.
apps/arcade/src/components/stitch/console/pages/RunnerOrchestration.tsx(71,17): error TS17004: Cannot use JSX unless the '--jsx' flag is provided.
apps/arcade/src/components/stitch/console/pages/RunnerOrchestration.tsx(72,17): error TS17004: Cannot use JSX unless the '--jsx' flag is provided.
apps/arcade/src/components/stitch/console/pages/RunnerOrchestration.tsx(78,15): error TS17004: Cannot use JSX unless the '--jsx' flag is provided.
apps/arcade/src/components/stitch/console/pages/RunnerOrchestration.tsx(85,9): error TS17004: Cannot use JSX unless the '--jsx' flag is provided.
apps/arcade/src/components/stitch/console/pages/RunnerOrchestration.tsx(86,11): error TS17004: Cannot use JSX unless the '--jsx' flag is provided.
apps/arcade/src/components/stitch/console/pages/RunnerOrchestration.tsx(87,13): error TS17004: Cannot use JSX unless the '--jsx' flag is provided.
apps/arcade/src/components/stitch/console/pages/RunnerOrchestration.tsx(88,15): error TS17004: Cannot use JSX unless the '--jsx' flag is provided.
apps/arcade/src/components/stitch/console/pages/RunnerOrchestration.tsx(89,17): error TS17004: Cannot use JSX unless the '--jsx' flag is provided.
apps/arcade/src/components/stitch/console/pages/RunnerOrchestration.tsx(92,17): error TS17004: Cannot use JSX unless the '--jsx' flag is provided.
apps/arcade/src/components/stitch/console/pages/RunnerOrchestration.tsx(93,19): error TS17004: Cannot use JSX unless the '--jsx' flag is provided.
apps/arcade/src/components/stitch/console/pages/RunnerOrchestration.tsx(98,15): error TS17004: Cannot use JSX unless the '--jsx' flag is provided.
apps/arcade/src/components/stitch/console/pages/RunnerOrchestration.tsx(99,17): error TS17004: Cannot use JSX unless the '--jsx' flag is provided.
apps/arcade/src/components/stitch/console/pages/RunnerOrchestration.tsx(100,19): error TS17004: Cannot use JSX unless the '--jsx' flag is provided.
apps/arcade/src/components/stitch/console/pages/RunnerOrchestration.tsx(101,21): error TS17004: Cannot use JSX unless the '--jsx' flag is provided.
apps/arcade/src/components/stitch/console/pages/RunnerOrchestration.tsx(102,23): error TS17004: Cannot use JSX unless the '--jsx' flag is provided.
apps/arcade/src/components/stitch/console/pages/RunnerOrchestration.tsx(103,23): error TS17004: Cannot use JSX unless the '--jsx' flag is provided.
apps/arcade/src/components/stitch/console/pages/RunnerOrchestration.tsx(104,23): error TS17004: Cannot use JSX unless the '--jsx' flag is provided.
apps/arcade/src/components/stitch/console/pages/RunnerOrchestration.tsx(105,23): error TS17004: Cannot use JSX unless the '--jsx' flag is provided.
apps/arcade/src/components/stitch/console/pages/RunnerOrchestration.tsx(108,19): error TS17004: Cannot use JSX unless the '--jsx' flag is provided.
apps/arcade/src/components/stitch/console/pages/RunnerOrchestration.tsx(132,23): error TS17004: Cannot use JSX unless the '--jsx' flag is provided.
apps/arcade/src/components/stitch/console/pages/RunnerOrchestration.tsx(133,25): error TS17004: Cannot use JSX unless the '--jsx' flag is provided.
apps/arcade/src/components/stitch/console/pages/RunnerOrchestration.tsx(134,27): error TS17004: Cannot use JSX unless the '--jsx' flag is provided.
apps/arcade/src/components/stitch/console/pages/RunnerOrchestration.tsx(135,29): error TS17004: Cannot use JSX unless the '--jsx' flag is provided.
apps/arcade/src/components/stitch/console/pages/RunnerOrchestration.tsx(136,29): error TS17004: Cannot use JSX unless the '--jsx' flag is provided.
apps/arcade/src/components/stitch/console/pages/RunnerOrchestration.tsx(141,25): error TS17004: Cannot use JSX unless the '--jsx' flag is provided.
apps/arcade/src/components/stitch/console/pages/RunnerOrchestration.tsx(142,27): error TS17004: Cannot use JSX unless the '--jsx' flag is provided.
apps/arcade/src/components/stitch/console/pages/RunnerOrchestration.tsx(148,25): error TS17004: Cannot use JSX unless the '--jsx' flag is provided.
apps/arcade/src/components/stitch/console/pages/RunnerOrchestration.tsx(149,27): error TS17004: Cannot use JSX unless the '--jsx' flag is provided.
apps/arcade/src/components/stitch/console/pages/RunnerOrchestration.tsx(150,29): error TS17004: Cannot use JSX unless the '--jsx' flag is provided.
apps/arcade/src/components/stitch/console/pages/RunnerOrchestration.tsx(156,25): error TS17004: Cannot use JSX unless the '--jsx' flag is provided.
apps/arcade/src/components/stitch/console/pages/RunnerOrchestration.tsx(164,13): error TS17004: Cannot use JSX unless the '--jsx' flag is provided.
apps/arcade/src/components/stitch/console/pages/RunnerOrchestration.tsx(165,15): error TS17004: Cannot use JSX unless the '--jsx' flag is provided.
apps/arcade/src/components/stitch/console/pages/RunnerOrchestration.tsx(166,17): error TS17004: Cannot use JSX unless the '--jsx' flag is provided.
apps/arcade/src/components/stitch/console/pages/RunnerOrchestration.tsx(169,17): error TS17004: Cannot use JSX unless the '--jsx' flag is provided.
apps/arcade/src/components/stitch/console/pages/RunnerOrchestration.tsx(173,15): error TS17004: Cannot use JSX unless the '--jsx' flag is provided.
apps/arcade/src/components/stitch/console/pages/RunnerOrchestration.tsx(174,17): error TS17004: Cannot use JSX unless the '--jsx' flag is provided.
apps/arcade/src/components/stitch/console/pages/RunnerOrchestration.tsx(175,19): error TS17004: Cannot use JSX unless the '--jsx' flag is provided.
apps/arcade/src/components/stitch/console/pages/RunnerOrchestration.tsx(181,19): error TS17004: Cannot use JSX unless the '--jsx' flag is provided.
apps/arcade/src/components/stitch/console/pages/RunnerOrchestration.tsx(187,17): error TS17004: Cannot use JSX unless the '--jsx' flag is provided.
apps/arcade/src/components/stitch/console/pages/RunnerOrchestration.tsx(188,19): error TS17004: Cannot use JSX unless the '--jsx' flag is provided.
apps/arcade/src/components/stitch/console/pages/RunnerOrchestration.tsx(194,19): error TS17004: Cannot use JSX unless the '--jsx' flag is provided.
apps/arcade/src/components/stitch/console/pages/RunnerOrchestration.tsx(198,21): error TS17004: Cannot use JSX unless the '--jsx' flag is provided.
apps/arcade/src/components/stitch/console/pages/RunnerOrchestration.tsx(199,21): error TS17004: Cannot use JSX unless the '--jsx' flag is provided.
apps/arcade/src/components/stitch/console/pages/RunnerOrchestration.tsx(203,15): error TS17004: Cannot use JSX unless the '--jsx' flag is provided.
apps/arcade/src/components/stitch/console/pages/RunnerOrchestration.tsx(212,11): error TS17004: Cannot use JSX unless the '--jsx' flag is provided.
apps/arcade/src/components/stitch/console/pages/RunnerOrchestration.tsx(213,13): error TS17004: Cannot use JSX unless the '--jsx' flag is provided.
apps/arcade/src/components/stitch/console/pages/RunnerOrchestration.tsx(214,15): error TS17004: Cannot use JSX unless the '--jsx' flag is provided.
apps/arcade/src/components/stitch/console/pages/RunnerOrchestration.tsx(217,15): error TS17004: Cannot use JSX unless the '--jsx' flag is provided.
apps/arcade/src/components/stitch/console/pages/RunnerOrchestration.tsx(231,19): error TS17004: Cannot use JSX unless the '--jsx' flag is provided.
apps/arcade/src/components/stitch/console/pages/RunnerOrchestration.tsx(235,21): error TS17004: Cannot use JSX unless the '--jsx' flag is provided.
apps/arcade/src/components/stitch/console/pages/RunnerOrchestration.tsx(236,23): error TS17004: Cannot use JSX unless the '--jsx' flag is provided.
apps/arcade/src/components/stitch/console/pages/RunnerOrchestration.tsx(239,23): error TS17004: Cannot use JSX unless the '--jsx' flag is provided.
apps/arcade/src/components/stitch/console/pages/RunnerOrchestration.tsx(245,21): error TS17004: Cannot use JSX unless the '--jsx' flag is provided.
apps/arcade/src/components/stitch/console/pages/RunnerOrchestration.tsx(246,23): error TS17004: Cannot use JSX unless the '--jsx' flag is provided.
apps/arcade/src/components/stitch/console/pages/RunnerOrchestration.tsx(247,23): error TS17004: Cannot use JSX unless the '--jsx' flag is provided.
apps/arcade/src/components/stitch/console/pages/RunnerOrchestration.tsx(254,13): error TS17004: Cannot use JSX unless the '--jsx' flag is provided.
apps/arcade/src/components/stitch/console/pages/RunnerOrchestration.tsx(255,15): error TS17004: Cannot use JSX unless the '--jsx' flag is provided.
apps/arcade/src/components/stitch/console/pages/RunnerOrchestration.tsx(256,17): error TS17004: Cannot use JSX unless the '--jsx' flag is provided.
apps/arcade/src/components/stitch/console/pages/RunnerOrchestration.tsx(257,17): error TS17004: Cannot use JSX unless the '--jsx' flag is provided.
apps/arcade/src/components/stitch/console/pages/RunnerOrchestration.tsx(261,15): error TS17004: Cannot use JSX unless the '--jsx' flag is provided.
apps/arcade/src/components/stitch/console/pages/RunnerOrchestration.tsx(274,19): error TS17004: Cannot use JSX unless the '--jsx' flag is provided.
apps/arcade/src/components/stitch/console/pages/RunnerOrchestration.tsx(275,21): error TS17004: Cannot use JSX unless the '--jsx' flag is provided.
apps/arcade/src/components/stitch/console/pages/RunnerOrchestration.tsx(276,23): error TS17004: Cannot use JSX unless the '--jsx' flag is provided.
apps/arcade/src/components/stitch/console/pages/RunnerOrchestration.tsx(277,23): error TS17004: Cannot use JSX unless the '--jsx' flag is provided.
apps/arcade/src/components/stitch/console/pages/RunnerOrchestration.tsx(279,21): error TS17004: Cannot use JSX unless the '--jsx' flag is provided.
apps/arcade/src/components/stitch/console/pages/RunnerOrchestration.tsx(280,23): error TS17004: Cannot use JSX unless the '--jsx' flag is provided.
apps/arcade/src/components/stitch/console/pages/RunnerOrchestration.tsx(281,23): error TS17004: Cannot use JSX unless the '--jsx' flag is provided.
apps/arcade/src/components/stitch/console/pages/TraceExplorer.tsx(7,5): error TS17004: Cannot use JSX unless the '--jsx' flag is provided.
apps/arcade/src/components/stitch/console/pages/TraceExplorer.tsx(8,7): error TS17004: Cannot use JSX unless the '--jsx' flag is provided.
apps/arcade/src/components/stitch/console/pages/TraceExplorer.tsx(9,9): error TS17004: Cannot use JSX unless the '--jsx' flag is provided.
apps/arcade/src/components/stitch/console/pages/TraceExplorer.tsx(10,11): error TS17004: Cannot use JSX unless the '--jsx' flag is provided.
apps/arcade/src/components/stitch/console/pages/TraceExplorer.tsx(13,11): error TS17004: Cannot use JSX unless the '--jsx' flag is provided.
apps/arcade/src/components/stitch/console/pages/TraceExplorer.tsx(14,11): error TS17004: Cannot use JSX unless the '--jsx' flag is provided.
apps/arcade/src/components/stitch/console/pages/TraceExplorer.tsx(18,9): error TS17004: Cannot use JSX unless the '--jsx' flag is provided.
apps/arcade/src/components/stitch/console/pages/TraceExplorer.tsx(19,11): error TS17004: Cannot use JSX unless the '--jsx' flag is provided.
apps/arcade/src/components/stitch/console/pages/TraceExplorer.tsx(20,13): error TS17004: Cannot use JSX unless the '--jsx' flag is provided.
apps/arcade/src/components/stitch/console/pages/TraceExplorer.tsx(23,13): error TS17004: Cannot use JSX unless the '--jsx' flag is provided.
apps/arcade/src/components/stitch/console/pages/TraceExplorer.tsx(28,11): error TS17004: Cannot use JSX unless the '--jsx' flag is provided.
apps/arcade/src/components/stitch/console/pages/TraceExplorer.tsx(32,13): error TS17004: Cannot use JSX unless the '--jsx' flag is provided.
apps/arcade/src/components/stitch/console/pages/TraceExplorer.tsx(38,7): error TS17004: Cannot use JSX unless the '--jsx' flag is provided.
apps/arcade/src/components/stitch/console/pages/TraceExplorer.tsx(39,9): error TS17004: Cannot use JSX unless the '--jsx' flag is provided.
apps/arcade/src/components/stitch/console/pages/TraceExplorer.tsx(40,11): error TS17004: Cannot use JSX unless the '--jsx' flag is provided.
apps/arcade/src/components/stitch/console/pages/TraceExplorer.tsx(41,13): error TS17004: Cannot use JSX unless the '--jsx' flag is provided.
apps/arcade/src/components/stitch/console/pages/TraceExplorer.tsx(42,15): error TS17004: Cannot use JSX unless the '--jsx' flag is provided.
apps/arcade/src/components/stitch/console/pages/TraceExplorer.tsx(45,15): error TS17004: Cannot use JSX unless the '--jsx' flag is provided.
apps/arcade/src/components/stitch/console/pages/TraceExplorer.tsx(51,13): error TS17004: Cannot use JSX unless the '--jsx' flag is provided.
apps/arcade/src/components/stitch/console/pages/TraceExplorer.tsx(53,15): error TS17004: Cannot use JSX unless the '--jsx' flag is provided.
apps/arcade/src/components/stitch/console/pages/TraceExplorer.tsx(93,17): error TS17004: Cannot use JSX unless the '--jsx' flag is provided.
apps/arcade/src/components/stitch/console/pages/TraceExplorer.tsx(97,19): error TS17004: Cannot use JSX unless the '--jsx' flag is provided.
apps/arcade/src/components/stitch/console/pages/TraceExplorer.tsx(98,21): error TS17004: Cannot use JSX unless the '--jsx' flag is provided.
apps/arcade/src/components/stitch/console/pages/TraceExplorer.tsx(100,19): error TS17004: Cannot use JSX unless the '--jsx' flag is provided.
apps/arcade/src/components/stitch/console/pages/TraceExplorer.tsx(101,21): error TS17004: Cannot use JSX unless the '--jsx' flag is provided.
apps/arcade/src/components/stitch/console/pages/TraceExplorer.tsx(102,23): error TS17004: Cannot use JSX unless the '--jsx' flag is provided.
apps/arcade/src/components/stitch/console/pages/TraceExplorer.tsx(103,25): error TS17004: Cannot use JSX unless the '--jsx' flag is provided.
apps/arcade/src/components/stitch/console/pages/TraceExplorer.tsx(106,25): error TS17004: Cannot use JSX unless the '--jsx' flag is provided.
apps/arcade/src/components/stitch/console/pages/TraceExplorer.tsx(110,23): error TS17004: Cannot use JSX unless the '--jsx' flag is provided.
apps/arcade/src/components/stitch/console/pages/TraceExplorer.tsx(111,25): error TS17004: Cannot use JSX unless the '--jsx' flag is provided.
apps/arcade/src/components/stitch/console/pages/TraceExplorer.tsx(116,25): error TS17004: Cannot use JSX unless the '--jsx' flag is provided.
apps/arcade/src/components/stitch/console/pages/TraceExplorer.tsx(121,21): error TS17004: Cannot use JSX unless the '--jsx' flag is provided.
apps/arcade/src/components/stitch/console/pages/TraceExplorer.tsx(131,9): error TS17004: Cannot use JSX unless the '--jsx' flag is provided.
apps/arcade/src/components/stitch/console/pages/TraceExplorer.tsx(132,11): error TS17004: Cannot use JSX unless the '--jsx' flag is provided.
apps/arcade/src/components/stitch/console/pages/TraceExplorer.tsx(133,13): error TS17004: Cannot use JSX unless the '--jsx' flag is provided.
apps/arcade/src/components/stitch/console/pages/TraceExplorer.tsx(136,13): error TS17004: Cannot use JSX unless the '--jsx' flag is provided.
apps/arcade/src/components/stitch/console/pages/TraceExplorer.tsx(137,15): error TS17004: Cannot use JSX unless the '--jsx' flag is provided.
apps/arcade/src/components/stitch/console/pages/TraceExplorer.tsx(138,17): error TS17004: Cannot use JSX unless the '--jsx' flag is provided.
apps/arcade/src/components/stitch/console/pages/TraceExplorer.tsx(139,17): error TS17004: Cannot use JSX unless the '--jsx' flag is provided.
apps/arcade/src/components/stitch/console/pages/TraceExplorer.tsx(141,15): error TS17004: Cannot use JSX unless the '--jsx' flag is provided.
apps/arcade/src/components/stitch/console/pages/TraceExplorer.tsx(142,17): error TS17004: Cannot use JSX unless the '--jsx' flag is provided.
apps/arcade/src/components/stitch/console/pages/TraceExplorer.tsx(143,17): error TS17004: Cannot use JSX unless the '--jsx' flag is provided.
apps/arcade/src/components/stitch/console/pages/TraceExplorer.tsx(145,15): error TS17004: Cannot use JSX unless the '--jsx' flag is provided.
apps/arcade/src/components/stitch/console/pages/TraceExplorer.tsx(146,17): error TS17004: Cannot use JSX unless the '--jsx' flag is provided.
apps/arcade/src/components/stitch/console/pages/TraceExplorer.tsx(147,17): error TS17004: Cannot use JSX unless the '--jsx' flag is provided.
apps/arcade/src/components/stitch/console/pages/TraceExplorer.tsx(151,11): error TS17004: Cannot use JSX unless the '--jsx' flag is provided.
apps/arcade/src/components/stitch/console/pages/TraceExplorer.tsx(152,13): error TS17004: Cannot use JSX unless the '--jsx' flag is provided.
apps/arcade/src/components/stitch/console/pages/TraceExplorer.tsx(155,13): error TS17004: Cannot use JSX unless the '--jsx' flag is provided.
apps/arcade/src/components/stitch/console/pages/TraceExplorer.tsx(156,15): error TS17004: Cannot use JSX unless the '--jsx' flag is provided.
apps/arcade/src/components/stitch/console/pages/TraceExplorer.tsx(168,13): error TS17004: Cannot use JSX unless the '--jsx' flag is provided.
apps/arcade/src/components/stitch/console/pages/TraceExplorer.tsx(171,13): error TS17004: Cannot use JSX unless the '--jsx' flag is provided.
apps/arcade/src/components/stitch/console/pages/TraceExplorer.tsx(172,15): error TS17004: Cannot use JSX unless the '--jsx' flag is provided.
apps/arcade/src/components/stitch/console/panels/AgentTable.tsx(2,27): error TS2307: Cannot find module '@/components/trace/TracePill' or its corresponding type declarations.
apps/arcade/src/components/stitch/console/panels/AgentTable.tsx(26,5): error TS17004: Cannot use JSX unless the '--jsx' flag is provided.
apps/arcade/src/components/stitch/console/panels/AgentTable.tsx(27,7): error TS17004: Cannot use JSX unless the '--jsx' flag is provided.
apps/arcade/src/components/stitch/console/panels/AgentTable.tsx(28,9): error TS17004: Cannot use JSX unless the '--jsx' flag is provided.
apps/arcade/src/components/stitch/console/panels/AgentTable.tsx(29,11): error TS17004: Cannot use JSX unless the '--jsx' flag is provided.
apps/arcade/src/components/stitch/console/panels/AgentTable.tsx(30,13): error TS17004: Cannot use JSX unless the '--jsx' flag is provided.
apps/arcade/src/components/stitch/console/panels/AgentTable.tsx(31,15): error TS17004: Cannot use JSX unless the '--jsx' flag is provided.
apps/arcade/src/components/stitch/console/panels/AgentTable.tsx(35,17): error TS17004: Cannot use JSX unless the '--jsx' flag is provided.
apps/arcade/src/components/stitch/console/panels/AgentTable.tsx(37,19): error TS17004: Cannot use JSX unless the '--jsx' flag is provided.
apps/arcade/src/components/stitch/console/panels/AgentTable.tsx(40,15): error TS17004: Cannot use JSX unless the '--jsx' flag is provided.
apps/arcade/src/components/stitch/console/panels/AgentTable.tsx(46,15): error TS17004: Cannot use JSX unless the '--jsx' flag is provided.
apps/arcade/src/components/stitch/console/panels/AgentTable.tsx(52,15): error TS17004: Cannot use JSX unless the '--jsx' flag is provided.
apps/arcade/src/components/stitch/console/panels/AgentTable.tsx(56,17): error TS17004: Cannot use JSX unless the '--jsx' flag is provided.
apps/arcade/src/components/stitch/console/panels/AgentTable.tsx(58,15): error TS17004: Cannot use JSX unless the '--jsx' flag is provided.
apps/arcade/src/components/stitch/console/panels/AgentTable.tsx(64,15): error TS17004: Cannot use JSX unless the '--jsx' flag is provided.
apps/arcade/src/components/stitch/console/panels/AgentTable.tsx(70,15): error TS17004: Cannot use JSX unless the '--jsx' flag is provided.
apps/arcade/src/components/stitch/console/panels/AgentTable.tsx(76,15): error TS17004: Cannot use JSX unless the '--jsx' flag is provided.
apps/arcade/src/components/stitch/console/panels/AgentTable.tsx(77,17): error TS17004: Cannot use JSX unless the '--jsx' flag is provided.
apps/arcade/src/components/stitch/console/panels/AgentTable.tsx(81,11): error TS17004: Cannot use JSX unless the '--jsx' flag is provided.
apps/arcade/src/components/stitch/console/panels/AgentTable.tsx(83,15): error TS17004: Cannot use JSX unless the '--jsx' flag is provided.
apps/arcade/src/components/stitch/console/panels/AgentTable.tsx(87,17): error TS17004: Cannot use JSX unless the '--jsx' flag is provided.
apps/arcade/src/components/stitch/console/panels/AgentTable.tsx(88,19): error TS17004: Cannot use JSX unless the '--jsx' flag is provided.
apps/arcade/src/components/stitch/console/panels/AgentTable.tsx(89,21): error TS17004: Cannot use JSX unless the '--jsx' flag is provided.
apps/arcade/src/components/stitch/console/panels/AgentTable.tsx(92,23): error TS17004: Cannot use JSX unless the '--jsx' flag is provided.
apps/arcade/src/components/stitch/console/panels/AgentTable.tsx(94,21): error TS17004: Cannot use JSX unless the '--jsx' flag is provided.
apps/arcade/src/components/stitch/console/panels/AgentTable.tsx(95,23): error TS17004: Cannot use JSX unless the '--jsx' flag is provided.
apps/arcade/src/components/stitch/console/panels/AgentTable.tsx(96,23): error TS17004: Cannot use JSX unless the '--jsx' flag is provided.
apps/arcade/src/components/stitch/console/panels/AgentTable.tsx(100,17): error TS17004: Cannot use JSX unless the '--jsx' flag is provided.
apps/arcade/src/components/stitch/console/panels/AgentTable.tsx(101,19): error TS17004: Cannot use JSX unless the '--jsx' flag is provided.
apps/arcade/src/components/stitch/console/panels/AgentTable.tsx(102,21): error TS17004: Cannot use JSX unless the '--jsx' flag is provided.
apps/arcade/src/components/stitch/console/panels/AgentTable.tsx(106,23): error TS17004: Cannot use JSX unless the '--jsx' flag is provided.
apps/arcade/src/components/stitch/console/panels/AgentTable.tsx(109,21): error TS17004: Cannot use JSX unless the '--jsx' flag is provided.
apps/arcade/src/components/stitch/console/panels/AgentTable.tsx(114,17): error TS17004: Cannot use JSX unless the '--jsx' flag is provided.
apps/arcade/src/components/stitch/console/panels/AgentTable.tsx(115,19): error TS17004: Cannot use JSX unless the '--jsx' flag is provided.
apps/arcade/src/components/stitch/console/panels/AgentTable.tsx(117,23): error TS17004: Cannot use JSX unless the '--jsx' flag is provided.
apps/arcade/src/components/stitch/console/panels/AgentTable.tsx(126,17): error TS17004: Cannot use JSX unless the '--jsx' flag is provided.
apps/arcade/src/components/stitch/console/panels/AgentTable.tsx(127,19): error TS17004: Cannot use JSX unless the '--jsx' flag is provided.
apps/arcade/src/components/stitch/console/panels/AgentTable.tsx(139,23): error TS17004: Cannot use JSX unless the '--jsx' flag is provided.
apps/arcade/src/components/stitch/console/panels/AgentTable.tsx(140,25): error TS17004: Cannot use JSX unless the '--jsx' flag is provided.
apps/arcade/src/components/stitch/console/panels/AgentTable.tsx(141,25): error TS17004: Cannot use JSX unless the '--jsx' flag is provided.
apps/arcade/src/components/stitch/console/panels/AgentTable.tsx(145,23): error TS17004: Cannot use JSX unless the '--jsx' flag is provided.
apps/arcade/src/components/stitch/console/panels/AgentTable.tsx(158,17): error TS17004: Cannot use JSX unless the '--jsx' flag is provided.
apps/arcade/src/components/stitch/console/panels/AgentTable.tsx(159,19): error TS17004: Cannot use JSX unless the '--jsx' flag is provided.
apps/arcade/src/components/stitch/console/panels/AgentTable.tsx(160,21): error TS17004: Cannot use JSX unless the '--jsx' flag is provided.
apps/arcade/src/components/stitch/console/panels/AgentTable.tsx(171,21): error TS17004: Cannot use JSX unless the '--jsx' flag is provided.
apps/arcade/src/components/stitch/console/panels/AgentTable.tsx(172,23): error TS17004: Cannot use JSX unless the '--jsx' flag is provided.
apps/arcade/src/components/stitch/console/panels/AgentTable.tsx(185,17): error TS17004: Cannot use JSX unless the '--jsx' flag is provided.
apps/arcade/src/components/stitch/console/panels/AgentTable.tsx(186,19): error TS17004: Cannot use JSX unless the '--jsx' flag is provided.
apps/arcade/src/components/stitch/console/panels/AgentTable.tsx(187,21): error TS17004: Cannot use JSX unless the '--jsx' flag is provided.
apps/arcade/src/components/stitch/console/panels/AgentTable.tsx(188,21): error TS17004: Cannot use JSX unless the '--jsx' flag is provided.
apps/arcade/src/components/stitch/console/panels/AgentTable.tsx(191,17): error TS17004: Cannot use JSX unless the '--jsx' flag is provided.
apps/arcade/src/components/stitch/console/panels/AgentTable.tsx(192,19): error TS17004: Cannot use JSX unless the '--jsx' flag is provided.
apps/arcade/src/components/stitch/console/panels/AgentTable.tsx(193,21): error TS17004: Cannot use JSX unless the '--jsx' flag is provided.
apps/arcade/src/components/stitch/console/panels/AgentTable.tsx(200,21): error TS17004: Cannot use JSX unless the '--jsx' flag is provided.
apps/arcade/src/components/stitch/console/panels/AgentTable.tsx(203,17): error TS17004: Cannot use JSX unless the '--jsx' flag is provided.
apps/arcade/src/components/stitch/console/panels/AgentTable.tsx(204,19): error TS17004: Cannot use JSX unless the '--jsx' flag is provided.
apps/arcade/src/components/stitch/console/panels/AgentTable.tsx(205,21): error TS17004: Cannot use JSX unless the '--jsx' flag is provided.
apps/arcade/src/components/stitch/console/panels/AgentTable.tsx(210,23): error TS17004: Cannot use JSX unless the '--jsx' flag is provided.
apps/arcade/src/components/stitch/console/panels/AgentTable.tsx(212,21): error TS17004: Cannot use JSX unless the '--jsx' flag is provided.
apps/arcade/src/components/stitch/console/panels/AgentTable.tsx(217,23): error TS17004: Cannot use JSX unless the '--jsx' flag is provided.
apps/arcade/src/components/stitch/console/panels/TraceTimeline.tsx(28,5): error TS17004: Cannot use JSX unless the '--jsx' flag is provided.
apps/arcade/src/components/stitch/console/panels/TraceTimeline.tsx(29,7): error TS17004: Cannot use JSX unless the '--jsx' flag is provided.
apps/arcade/src/components/stitch/console/panels/TraceTimeline.tsx(32,9): error TS17004: Cannot use JSX unless the '--jsx' flag is provided.
apps/arcade/src/components/stitch/console/panels/TraceTimeline.tsx(33,11): error TS17004: Cannot use JSX unless the '--jsx' flag is provided.
apps/arcade/src/components/stitch/console/panels/TraceTimeline.tsx(38,15): error TS17004: Cannot use JSX unless the '--jsx' flag is provided.
apps/arcade/src/components/stitch/console/panels/TraceTimeline.tsx(42,15): error TS17004: Cannot use JSX unless the '--jsx' flag is provided.
apps/arcade/src/components/stitch/console/panels/TraceTimeline.tsx(45,13): error TS17004: Cannot use JSX unless the '--jsx' flag is provided.
apps/arcade/src/components/stitch/console/panels/TraceTimeline.tsx(46,15): error TS17004: Cannot use JSX unless the '--jsx' flag is provided.
apps/arcade/src/components/stitch/console/panels/TraceTimeline.tsx(50,17): error TS17004: Cannot use JSX unless the '--jsx' flag is provided.
apps/arcade/src/components/stitch/console/panels/TraceTimeline.tsx(56,13): error TS17004: Cannot use JSX unless the '--jsx' flag is provided.
apps/arcade/src/components/stitch/console/panels/TraceTimeline.tsx(57,15): error TS17004: Cannot use JSX unless the '--jsx' flag is provided.
apps/arcade/src/components/stitch/console/panels/TraceTimeline.tsx(68,17): error TS17004: Cannot use JSX unless the '--jsx' flag is provided.
apps/arcade/src/components/stitch/console/panels/TraceTimeline.tsx(84,13): error TS17004: Cannot use JSX unless the '--jsx' flag is provided.
apps/arcade/src/components/stitch/console/panels/TraceTimeline.tsx(93,17): error TS17004: Cannot use JSX unless the '--jsx' flag is provided.
apps/arcade/src/components/stitch/console/panels/TraceTimeline.tsx(96,15): error TS17004: Cannot use JSX unless the '--jsx' flag is provided.
apps/arcade/src/components/stitch/console/panels/TraceTimeline.tsx(97,17): error TS17004: Cannot use JSX unless the '--jsx' flag is provided.
apps/arcade/src/components/stitch/console/panels/TraceTimeline.tsx(98,19): error TS17004: Cannot use JSX unless the '--jsx' flag is provided.
apps/arcade/src/components/stitch/console/panels/TraceTimeline.tsx(100,21): error TS17004: Cannot use JSX unless the '--jsx' flag is provided.
apps/arcade/src/components/stitch/console/panels/TraceTimeline.tsx(101,23): error TS17004: Cannot use JSX unless the '--jsx' flag is provided.
apps/arcade/src/components/stitch/console/panels/TraceTimeline.tsx(102,23): error TS17004: Cannot use JSX unless the '--jsx' flag is provided.
apps/arcade/src/components/stitch/console/panels/TraceTimeline.tsx(105,19): error TS17004: Cannot use JSX unless the '--jsx' flag is provided.
apps/arcade/src/components/stitch/console/panels/TraceTimeline.tsx(120,19): error TS17004: Cannot use JSX unless the '--jsx' flag is provided.
apps/arcade/src/components/stitch/console/panels/TraceTimeline.tsx(125,17): error TS17004: Cannot use JSX unless the '--jsx' flag is provided.
apps/arcade/src/components/stitch/console/panels/TraceTimeline.tsx(129,17): error TS17004: Cannot use JSX unless the '--jsx' flag is provided.
apps/arcade/src/components/stitch/console/panels/TraceTimeline.tsx(130,19): error TS17004: Cannot use JSX unless the '--jsx' flag is provided.
apps/arcade/src/components/stitch/console/panels/TraceTimeline.tsx(131,21): error TS17004: Cannot use JSX unless the '--jsx' flag is provided.
apps/arcade/src/components/stitch/console/panels/TraceTimeline.tsx(132,30): error TS17004: Cannot use JSX unless the '--jsx' flag is provided.
apps/arcade/src/components/stitch/console/panels/TraceTimeline.tsx(134,21): error TS17004: Cannot use JSX unless the '--jsx' flag is provided.
apps/arcade/src/components/stitch/console/panels/TraceTimeline.tsx(136,19): error TS17004: Cannot use JSX unless the '--jsx' flag is provided.
apps/arcade/src/components/stitch/console/panels/TraceTimeline.tsx(137,21): error TS17004: Cannot use JSX unless the '--jsx' flag is provided.
apps/arcade/src/components/stitch/console/panels/TraceTimeline.tsx(146,17): error TS17004: Cannot use JSX unless the '--jsx' flag is provided.
apps/arcade/src/components/stitch/console/panels/TraceTimeline.tsx(148,21): error TS17004: Cannot use JSX unless the '--jsx' flag is provided.
apps/arcade/src/components/stitch/console/panels/TraceTimeline.tsx(149,23): error TS17004: Cannot use JSX unless the '--jsx' flag is provided.
apps/arcade/src/components/stitch/console/panels/TraceTimeline.tsx(152,23): error TS17004: Cannot use JSX unless the '--jsx' flag is provided.
apps/arcade/src/components/stitch/console/panels/TraceTimeline.tsx(158,21): error TS17004: Cannot use JSX unless the '--jsx' flag is provided.
apps/arcade/src/components/stitch/console/panels/TraceTimeline.tsx(159,23): error TS17004: Cannot use JSX unless the '--jsx' flag is provided.
apps/arcade/src/components/stitch/console/panels/TraceTimeline.tsx(162,23): error TS17004: Cannot use JSX unless the '--jsx' flag is provided.
apps/arcade/src/components/stitch/shared/DegradedBanner.tsx(8,5): error TS17004: Cannot use JSX unless the '--jsx' flag is provided.
apps/arcade/src/components/stitch/shared/DegradedBanner.tsx(9,7): error TS17004: Cannot use JSX unless the '--jsx' flag is provided.
apps/arcade/src/components/stitch/shared/DegradedBanner.tsx(10,7): error TS17004: Cannot use JSX unless the '--jsx' flag is provided.
apps/arcade/src/components/stitch/shared/DegradedBanner.tsx(11,9): error TS17004: Cannot use JSX unless the '--jsx' flag is provided.
apps/arcade/src/components/stitch/shared/DegradedBanner.tsx(14,9): error TS17004: Cannot use JSX unless the '--jsx' flag is provided.
apps/arcade/src/components/stitch/shared/DegradedBanner.tsx(15,11): error TS17004: Cannot use JSX unless the '--jsx' flag is provided.
apps/arcade/src/components/stitch/shared/DegradedBanner.tsx(16,11): error TS17004: Cannot use JSX unless the '--jsx' flag is provided.
apps/arcade/src/components/stitch/shared/DegradedBanner.tsx(19,7): error TS17004: Cannot use JSX unless the '--jsx' flag is provided.
apps/arcade/src/components/stitch/shared/DegradedBanner.tsx(20,9): error TS17004: Cannot use JSX unless the '--jsx' flag is provided.
apps/arcade/src/components/stitch/shared/DegradedBanner.tsx(26,9): error TS17004: Cannot use JSX unless the '--jsx' flag is provided.
apps/arcade/src/components/stitch/shared/DegradedBanner.tsx(31,11): error TS17004: Cannot use JSX unless the '--jsx' flag is provided.
apps/arcade/src/components/stitch/shared/ReasonForChangeModal.tsx(23,5): error TS17004: Cannot use JSX unless the '--jsx' flag is provided.
apps/arcade/src/components/stitch/shared/ReasonForChangeModal.tsx(24,7): error TS17004: Cannot use JSX unless the '--jsx' flag is provided.
apps/arcade/src/components/stitch/shared/ReasonForChangeModal.tsx(25,9): error TS17004: Cannot use JSX unless the '--jsx' flag is provided.
apps/arcade/src/components/stitch/shared/ReasonForChangeModal.tsx(26,11): error TS17004: Cannot use JSX unless the '--jsx' flag is provided.
apps/arcade/src/components/stitch/shared/ReasonForChangeModal.tsx(29,11): error TS17004: Cannot use JSX unless the '--jsx' flag is provided.
apps/arcade/src/components/stitch/shared/ReasonForChangeModal.tsx(35,13): error TS17004: Cannot use JSX unless the '--jsx' flag is provided.
apps/arcade/src/components/stitch/shared/ReasonForChangeModal.tsx(39,9): error TS17004: Cannot use JSX unless the '--jsx' flag is provided.
apps/arcade/src/components/stitch/shared/ReasonForChangeModal.tsx(40,11): error TS17004: Cannot use JSX unless the '--jsx' flag is provided.
apps/arcade/src/components/stitch/shared/ReasonForChangeModal.tsx(41,13): error TS17004: Cannot use JSX unless the '--jsx' flag is provided.
apps/arcade/src/components/stitch/shared/ReasonForChangeModal.tsx(42,15): error TS17004: Cannot use JSX unless the '--jsx' flag is provided.
apps/arcade/src/components/stitch/shared/ReasonForChangeModal.tsx(43,23): error TS17004: Cannot use JSX unless the '--jsx' flag is provided.
apps/arcade/src/components/stitch/shared/ReasonForChangeModal.tsx(45,13): error TS17004: Cannot use JSX unless the '--jsx' flag is provided.
apps/arcade/src/components/stitch/shared/ReasonForChangeModal.tsx(50,11): error TS17004: Cannot use JSX unless the '--jsx' flag is provided.
apps/arcade/src/components/stitch/shared/ReasonForChangeModal.tsx(51,13): error TS17004: Cannot use JSX unless the '--jsx' flag is provided.
apps/arcade/src/components/stitch/shared/ReasonForChangeModal.tsx(57,13): error TS17004: Cannot use JSX unless the '--jsx' flag is provided.
apps/arcade/src/components/stitch/shared/ReasonForChangeModal.tsx(68,9): error TS17004: Cannot use JSX unless the '--jsx' flag is provided.
apps/arcade/src/components/stitch/shared/ReasonForChangeModal.tsx(69,11): error TS17004: Cannot use JSX unless the '--jsx' flag is provided.
apps/arcade/src/components/stitch/shared/ReasonForChangeModal.tsx(76,11): error TS17004: Cannot use JSX unless the '--jsx' flag is provided.
apps/arcade/src/components/stitch/web/pages/ArchitectureVisualization.tsx(5,5): error TS17004: Cannot use JSX unless the '--jsx' flag is provided.
apps/arcade/src/components/stitch/web/pages/ArchitectureVisualization.tsx(7,7): error TS17004: Cannot use JSX unless the '--jsx' flag is provided.
apps/arcade/src/components/stitch/web/pages/ArchitectureVisualization.tsx(8,7): error TS17004: Cannot use JSX unless the '--jsx' flag is provided.
apps/arcade/src/components/stitch/web/pages/ArchitectureVisualization.tsx(10,7): error TS17004: Cannot use JSX unless the '--jsx' flag is provided.
apps/arcade/src/components/stitch/web/pages/ArchitectureVisualization.tsx(12,9): error TS17004: Cannot use JSX unless the '--jsx' flag is provided.
apps/arcade/src/components/stitch/web/pages/ArchitectureVisualization.tsx(13,11): error TS17004: Cannot use JSX unless the '--jsx' flag is provided.
apps/arcade/src/components/stitch/web/pages/ArchitectureVisualization.tsx(14,28): error TS17004: Cannot use JSX unless the '--jsx' flag is provided.
apps/arcade/src/components/stitch/web/pages/ArchitectureVisualization.tsx(16,11): error TS17004: Cannot use JSX unless the '--jsx' flag is provided.
apps/arcade/src/components/stitch/web/pages/ArchitectureVisualization.tsx(23,9): error TS17004: Cannot use JSX unless the '--jsx' flag is provided.
apps/arcade/src/components/stitch/web/pages/ArchitectureVisualization.tsx(25,11): error TS17004: Cannot use JSX unless the '--jsx' flag is provided.
apps/arcade/src/components/stitch/web/pages/ArchitectureVisualization.tsx(26,13): error TS17004: Cannot use JSX unless the '--jsx' flag is provided.
apps/arcade/src/components/stitch/web/pages/ArchitectureVisualization.tsx(31,15): error TS17004: Cannot use JSX unless the '--jsx' flag is provided.
apps/arcade/src/components/stitch/web/pages/ArchitectureVisualization.tsx(33,13): error TS17004: Cannot use JSX unless the '--jsx' flag is provided.
apps/arcade/src/components/stitch/web/pages/ArchitectureVisualization.tsx(34,13): error TS17004: Cannot use JSX unless the '--jsx' flag is provided.
apps/arcade/src/components/stitch/web/pages/ArchitectureVisualization.tsx(39,15): error TS17004: Cannot use JSX unless the '--jsx' flag is provided.
apps/arcade/src/components/stitch/web/pages/ArchitectureVisualization.tsx(41,13): error TS17004: Cannot use JSX unless the '--jsx' flag is provided.
apps/arcade/src/components/stitch/web/pages/ArchitectureVisualization.tsx(46,15): error TS17004: Cannot use JSX unless the '--jsx' flag is provided.
apps/arcade/src/components/stitch/web/pages/ArchitectureVisualization.tsx(48,13): error TS17004: Cannot use JSX unless the '--jsx' flag is provided.
apps/arcade/src/components/stitch/web/pages/ArchitectureVisualization.tsx(49,13): error TS17004: Cannot use JSX unless the '--jsx' flag is provided.
apps/arcade/src/components/stitch/web/pages/ArchitectureVisualization.tsx(53,11): error TS17004: Cannot use JSX unless the '--jsx' flag is provided.
apps/arcade/src/components/stitch/web/pages/ArchitectureVisualization.tsx(54,13): error TS17004: Cannot use JSX unless the '--jsx' flag is provided.
apps/arcade/src/components/stitch/web/pages/ArchitectureVisualization.tsx(57,13): error TS17004: Cannot use JSX unless the '--jsx' flag is provided.
apps/arcade/src/components/stitch/web/pages/ArchitectureVisualization.tsx(58,15): error TS17004: Cannot use JSX unless the '--jsx' flag is provided.
apps/arcade/src/components/stitch/web/pages/ArchitectureVisualization.tsx(59,15): error TS17004: Cannot use JSX unless the '--jsx' flag is provided.
apps/arcade/src/components/stitch/web/pages/ArchitectureVisualization.tsx(61,13): error TS17004: Cannot use JSX unless the '--jsx' flag is provided.
apps/arcade/src/components/stitch/web/pages/ArchitectureVisualization.tsx(62,15): error TS17004: Cannot use JSX unless the '--jsx' flag is provided.
apps/arcade/src/components/stitch/web/pages/ArchitectureVisualization.tsx(63,15): error TS17004: Cannot use JSX unless the '--jsx' flag is provided.
apps/arcade/src/components/stitch/web/pages/ArchitectureVisualization.tsx(65,13): error TS17004: Cannot use JSX unless the '--jsx' flag is provided.
apps/arcade/src/components/stitch/web/pages/ArchitectureVisualization.tsx(66,15): error TS17004: Cannot use JSX unless the '--jsx' flag is provided.
apps/arcade/src/components/stitch/web/pages/ArchitectureVisualization.tsx(67,15): error TS17004: Cannot use JSX unless the '--jsx' flag is provided.
apps/arcade/src/components/stitch/web/pages/ArchitectureVisualization.tsx(72,11): error TS17004: Cannot use JSX unless the '--jsx' flag is provided.
apps/arcade/src/components/stitch/web/pages/ArchitectureVisualization.tsx(73,13): error TS17004: Cannot use JSX unless the '--jsx' flag is provided.
apps/arcade/src/components/stitch/web/pages/ArchitectureVisualization.tsx(75,15): error TS17004: Cannot use JSX unless the '--jsx' flag is provided.
apps/arcade/src/components/stitch/web/pages/ArchitectureVisualization.tsx(76,15): error TS17004: Cannot use JSX unless the '--jsx' flag is provided.
apps/arcade/src/components/stitch/web/pages/ArchitectureVisualization.tsx(79,15): error TS17004: Cannot use JSX unless the '--jsx' flag is provided.
apps/arcade/src/components/stitch/web/pages/ArchitectureVisualization.tsx(80,17): error TS17004: Cannot use JSX unless the '--jsx' flag is provided.
apps/arcade/src/components/stitch/web/pages/ArchitectureVisualization.tsx(81,19): error TS17004: Cannot use JSX unless the '--jsx' flag is provided.
apps/arcade/src/components/stitch/web/pages/ArchitectureVisualization.tsx(82,21): error TS17004: Cannot use JSX unless the '--jsx' flag is provided.
apps/arcade/src/components/stitch/web/pages/ArchitectureVisualization.tsx(84,19): error TS17004: Cannot use JSX unless the '--jsx' flag is provided.
apps/arcade/src/components/stitch/web/pages/ArchitectureVisualization.tsx(86,17): error TS17004: Cannot use JSX unless the '--jsx' flag is provided.
apps/arcade/src/components/stitch/web/pages/ArchitectureVisualization.tsx(87,19): error TS17004: Cannot use JSX unless the '--jsx' flag is provided.
apps/arcade/src/components/stitch/web/pages/ArchitectureVisualization.tsx(90,19): error TS17004: Cannot use JSX unless the '--jsx' flag is provided.
apps/arcade/src/components/stitch/web/pages/ArchitectureVisualization.tsx(98,15): error TS17004: Cannot use JSX unless the '--jsx' flag is provided.
apps/arcade/src/components/stitch/web/pages/ArchitectureVisualization.tsx(103,15): error TS17004: Cannot use JSX unless the '--jsx' flag is provided.
apps/arcade/src/components/stitch/web/pages/ArchitectureVisualization.tsx(104,17): error TS17004: Cannot use JSX unless the '--jsx' flag is provided.
apps/arcade/src/components/stitch/web/pages/ArchitectureVisualization.tsx(105,19): error TS17004: Cannot use JSX unless the '--jsx' flag is provided.
apps/arcade/src/components/stitch/web/pages/ArchitectureVisualization.tsx(106,19): error TS17004: Cannot use JSX unless the '--jsx' flag is provided.
apps/arcade/src/components/stitch/web/pages/ArchitectureVisualization.tsx(107,21): error TS17004: Cannot use JSX unless the '--jsx' flag is provided.
apps/arcade/src/components/stitch/web/pages/ArchitectureVisualization.tsx(109,19): error TS17004: Cannot use JSX unless the '--jsx' flag is provided.
apps/arcade/src/components/stitch/web/pages/ArchitectureVisualization.tsx(111,17): error TS17004: Cannot use JSX unless the '--jsx' flag is provided.
apps/arcade/src/components/stitch/web/pages/ArchitectureVisualization.tsx(112,19): error TS17004: Cannot use JSX unless the '--jsx' flag is provided.
apps/arcade/src/components/stitch/web/pages/ArchitectureVisualization.tsx(115,19): error TS17004: Cannot use JSX unless the '--jsx' flag is provided.
apps/arcade/src/components/stitch/web/pages/ArchitectureVisualization.tsx(122,15): error TS17004: Cannot use JSX unless the '--jsx' flag is provided.
apps/arcade/src/components/stitch/web/pages/ArchitectureVisualization.tsx(123,17): error TS17004: Cannot use JSX unless the '--jsx' flag is provided.
apps/arcade/src/components/stitch/web/pages/ArchitectureVisualization.tsx(126,17): error TS17004: Cannot use JSX unless the '--jsx' flag is provided.
apps/arcade/src/components/stitch/web/pages/ArchitectureVisualization.tsx(132,15): error TS17004: Cannot use JSX unless the '--jsx' flag is provided.
apps/arcade/src/components/stitch/web/pages/ArchitectureVisualization.tsx(133,17): error TS17004: Cannot use JSX unless the '--jsx' flag is provided.
apps/arcade/src/components/stitch/web/pages/ArchitectureVisualization.tsx(134,19): error TS17004: Cannot use JSX unless the '--jsx' flag is provided.
apps/arcade/src/components/stitch/web/pages/ArchitectureVisualization.tsx(135,21): error TS17004: Cannot use JSX unless the '--jsx' flag is provided.
apps/arcade/src/components/stitch/web/pages/ArchitectureVisualization.tsx(137,19): error TS17004: Cannot use JSX unless the '--jsx' flag is provided.
apps/arcade/src/components/stitch/web/pages/ArchitectureVisualization.tsx(140,19): error TS17004: Cannot use JSX unless the '--jsx' flag is provided.
apps/arcade/src/components/stitch/web/pages/ArchitectureVisualization.tsx(144,17): error TS17004: Cannot use JSX unless the '--jsx' flag is provided.
apps/arcade/src/components/stitch/web/pages/ArchitectureVisualization.tsx(145,19): error TS17004: Cannot use JSX unless the '--jsx' flag is provided.
apps/arcade/src/components/stitch/web/pages/ArchitectureVisualization.tsx(148,19): error TS17004: Cannot use JSX unless the '--jsx' flag is provided.
apps/arcade/src/components/stitch/web/pages/ArchitectureVisualization.tsx(155,15): error TS17004: Cannot use JSX unless the '--jsx' flag is provided.
apps/arcade/src/components/stitch/web/pages/ArchitectureVisualization.tsx(160,15): error TS17004: Cannot use JSX unless the '--jsx' flag is provided.
apps/arcade/src/components/stitch/web/pages/ArchitectureVisualization.tsx(161,17): error TS17004: Cannot use JSX unless the '--jsx' flag is provided.
apps/arcade/src/components/stitch/web/pages/ArchitectureVisualization.tsx(162,19): error TS17004: Cannot use JSX unless the '--jsx' flag is provided.
apps/arcade/src/components/stitch/web/pages/ArchitectureVisualization.tsx(163,21): error TS17004: Cannot use JSX unless the '--jsx' flag is provided.
apps/arcade/src/components/stitch/web/pages/ArchitectureVisualization.tsx(165,19): error TS17004: Cannot use JSX unless the '--jsx' flag is provided.
apps/arcade/src/components/stitch/web/pages/ArchitectureVisualization.tsx(169,17): error TS17004: Cannot use JSX unless the '--jsx' flag is provided.
apps/arcade/src/components/stitch/web/pages/ArchitectureVisualization.tsx(170,19): error TS17004: Cannot use JSX unless the '--jsx' flag is provided.
apps/arcade/src/components/stitch/web/pages/ArchitectureVisualization.tsx(173,19): error TS17004: Cannot use JSX unless the '--jsx' flag is provided.
apps/arcade/src/components/stitch/web/pages/ArchitectureVisualization.tsx(183,9): error TS17004: Cannot use JSX unless the '--jsx' flag is provided.
apps/arcade/src/components/stitch/web/pages/ArchitectureVisualization.tsx(184,11): error TS17004: Cannot use JSX unless the '--jsx' flag is provided.
apps/arcade/src/components/stitch/web/pages/ArchitectureVisualization.tsx(185,13): error TS17004: Cannot use JSX unless the '--jsx' flag is provided.
apps/arcade/src/components/stitch/web/pages/ArchitectureVisualization.tsx(186,15): error TS17004: Cannot use JSX unless the '--jsx' flag is provided.
apps/arcade/src/components/stitch/web/pages/ArchitectureVisualization.tsx(187,17): error TS17004: Cannot use JSX unless the '--jsx' flag is provided.
apps/arcade/src/components/stitch/web/pages/ArchitectureVisualization.tsx(189,15): error TS17004: Cannot use JSX unless the '--jsx' flag is provided.
apps/arcade/src/components/stitch/web/pages/ArchitectureVisualization.tsx(193,13): error TS17004: Cannot use JSX unless the '--jsx' flag is provided.
apps/arcade/src/components/stitch/web/pages/ArchitectureVisualization.tsx(198,11): error TS17004: Cannot use JSX unless the '--jsx' flag is provided.
apps/arcade/src/components/stitch/web/pages/ArchitectureVisualization.tsx(199,13): error TS17004: Cannot use JSX unless the '--jsx' flag is provided.
apps/arcade/src/components/stitch/web/pages/ArchitectureVisualization.tsx(200,15): error TS17004: Cannot use JSX unless the '--jsx' flag is provided.
apps/arcade/src/components/stitch/web/pages/ArchitectureVisualization.tsx(201,17): error TS17004: Cannot use JSX unless the '--jsx' flag is provided.
apps/arcade/src/components/stitch/web/pages/ArchitectureVisualization.tsx(203,15): error TS17004: Cannot use JSX unless the '--jsx' flag is provided.
apps/arcade/src/components/stitch/web/pages/ArchitectureVisualization.tsx(207,13): error TS17004: Cannot use JSX unless the '--jsx' flag is provided.
apps/arcade/src/components/stitch/web/pages/ArchitectureVisualization.tsx(212,11): error TS17004: Cannot use JSX unless the '--jsx' flag is provided.
apps/arcade/src/components/stitch/web/pages/ArchitectureVisualization.tsx(213,13): error TS17004: Cannot use JSX unless the '--jsx' flag is provided.
apps/arcade/src/components/stitch/web/pages/ArchitectureVisualization.tsx(214,15): error TS17004: Cannot use JSX unless the '--jsx' flag is provided.
apps/arcade/src/components/stitch/web/pages/ArchitectureVisualization.tsx(215,17): error TS17004: Cannot use JSX unless the '--jsx' flag is provided.
apps/arcade/src/components/stitch/web/pages/ArchitectureVisualization.tsx(217,15): error TS17004: Cannot use JSX unless the '--jsx' flag is provided.
apps/arcade/src/components/stitch/web/pages/ArchitectureVisualization.tsx(219,13): error TS17004: Cannot use JSX unless the '--jsx' flag is provided.
apps/arcade/src/components/stitch/web/pages/MarketplaceTemplates.tsx(69,5): error TS17004: Cannot use JSX unless the '--jsx' flag is provided.
apps/arcade/src/components/stitch/web/pages/MarketplaceTemplates.tsx(71,7): error TS17004: Cannot use JSX unless the '--jsx' flag is provided.
apps/arcade/src/components/stitch/web/pages/MarketplaceTemplates.tsx(72,9): error TS17004: Cannot use JSX unless the '--jsx' flag is provided.
apps/arcade/src/components/stitch/web/pages/MarketplaceTemplates.tsx(73,11): error TS17004: Cannot use JSX unless the '--jsx' flag is provided.
apps/arcade/src/components/stitch/web/pages/MarketplaceTemplates.tsx(74,13): error TS17004: Cannot use JSX unless the '--jsx' flag is provided.
apps/arcade/src/components/stitch/web/pages/MarketplaceTemplates.tsx(77,13): error TS17004: Cannot use JSX unless the '--jsx' flag is provided.
apps/arcade/src/components/stitch/web/pages/MarketplaceTemplates.tsx(78,15): error TS17004: Cannot use JSX unless the '--jsx' flag is provided.
apps/arcade/src/components/stitch/web/pages/MarketplaceTemplates.tsx(82,17): error TS17004: Cannot use JSX unless the '--jsx' flag is provided.
apps/arcade/src/components/stitch/web/pages/MarketplaceTemplates.tsx(83,17): error TS17004: Cannot use JSX unless the '--jsx' flag is provided.
apps/arcade/src/components/stitch/web/pages/MarketplaceTemplates.tsx(91,17): error TS17004: Cannot use JSX unless the '--jsx' flag is provided.
apps/arcade/src/components/stitch/web/pages/MarketplaceTemplates.tsx(96,19): error TS17004: Cannot use JSX unless the '--jsx' flag is provided.
apps/arcade/src/components/stitch/web/pages/MarketplaceTemplates.tsx(97,19): error TS17004: Cannot use JSX unless the '--jsx' flag is provided.
apps/arcade/src/components/stitch/web/pages/MarketplaceTemplates.tsx(102,11): error TS17004: Cannot use JSX unless the '--jsx' flag is provided.
apps/arcade/src/components/stitch/web/pages/MarketplaceTemplates.tsx(103,11): error TS17004: Cannot use JSX unless the '--jsx' flag is provided.
apps/arcade/src/components/stitch/web/pages/MarketplaceTemplates.tsx(104,13): error TS17004: Cannot use JSX unless the '--jsx' flag is provided.
apps/arcade/src/components/stitch/web/pages/MarketplaceTemplates.tsx(107,13): error TS17004: Cannot use JSX unless the '--jsx' flag is provided.
apps/arcade/src/components/stitch/web/pages/MarketplaceTemplates.tsx(109,17): error TS17004: Cannot use JSX unless the '--jsx' flag is provided.
apps/arcade/src/components/stitch/web/pages/MarketplaceTemplates.tsx(113,19): error TS17004: Cannot use JSX unless the '--jsx' flag is provided.
apps/arcade/src/components/stitch/web/pages/MarketplaceTemplates.tsx(117,19): error TS17004: Cannot use JSX unless the '--jsx' flag is provided.
apps/arcade/src/components/stitch/web/pages/MarketplaceTemplates.tsx(124,11): error TS17004: Cannot use JSX unless the '--jsx' flag is provided.
apps/arcade/src/components/stitch/web/pages/MarketplaceTemplates.tsx(125,13): error TS17004: Cannot use JSX unless the '--jsx' flag is provided.
apps/arcade/src/components/stitch/web/pages/MarketplaceTemplates.tsx(126,15): error TS17004: Cannot use JSX unless the '--jsx' flag is provided.
apps/arcade/src/components/stitch/web/pages/MarketplaceTemplates.tsx(127,17): error TS17004: Cannot use JSX unless the '--jsx' flag is provided.
apps/arcade/src/components/stitch/web/pages/MarketplaceTemplates.tsx(128,19): error TS17004: Cannot use JSX unless the '--jsx' flag is provided.
apps/arcade/src/components/stitch/web/pages/MarketplaceTemplates.tsx(132,17): error TS17004: Cannot use JSX unless the '--jsx' flag is provided.
apps/arcade/src/components/stitch/web/pages/MarketplaceTemplates.tsx(136,15): error TS17004: Cannot use JSX unless the '--jsx' flag is provided.
apps/arcade/src/components/stitch/web/pages/MarketplaceTemplates.tsx(137,15): error TS17004: Cannot use JSX unless the '--jsx' flag is provided.
apps/arcade/src/components/stitch/web/pages/MarketplaceTemplates.tsx(140,15): error TS17004: Cannot use JSX unless the '--jsx' flag is provided.
apps/arcade/src/components/stitch/web/pages/MarketplaceTemplates.tsx(152,7): error TS17004: Cannot use JSX unless the '--jsx' flag is provided.
apps/arcade/src/components/stitch/web/pages/MarketplaceTemplates.tsx(153,9): error TS17004: Cannot use JSX unless the '--jsx' flag is provided.
apps/arcade/src/components/stitch/web/pages/MarketplaceTemplates.tsx(154,11): error TS17004: Cannot use JSX unless the '--jsx' flag is provided.
apps/arcade/src/components/stitch/web/pages/MarketplaceTemplates.tsx(155,13): error TS17004: Cannot use JSX unless the '--jsx' flag is provided.
apps/arcade/src/components/stitch/web/pages/MarketplaceTemplates.tsx(156,15): error TS17004: Cannot use JSX unless the '--jsx' flag is provided.
apps/arcade/src/components/stitch/web/pages/MarketplaceTemplates.tsx(159,15): error TS17004: Cannot use JSX unless the '--jsx' flag is provided.
apps/arcade/src/components/stitch/web/pages/MarketplaceTemplates.tsx(164,13): error TS17004: Cannot use JSX unless the '--jsx' flag is provided.
apps/arcade/src/components/stitch/web/pages/MarketplaceTemplates.tsx(165,15): error TS17004: Cannot use JSX unless the '--jsx' flag is provided.
apps/arcade/src/components/stitch/web/pages/MarketplaceTemplates.tsx(166,17): error TS17004: Cannot use JSX unless the '--jsx' flag is provided.
apps/arcade/src/components/stitch/web/pages/MarketplaceTemplates.tsx(167,19): error TS17004: Cannot use JSX unless the '--jsx' flag is provided.
apps/arcade/src/components/stitch/web/pages/MarketplaceTemplates.tsx(169,17): error TS17004: Cannot use JSX unless the '--jsx' flag is provided.
apps/arcade/src/components/stitch/web/pages/MarketplaceTemplates.tsx(174,17): error TS17004: Cannot use JSX unless the '--jsx' flag is provided.
apps/arcade/src/components/stitch/web/pages/MarketplaceTemplates.tsx(175,19): error TS17004: Cannot use JSX unless the '--jsx' flag is provided.
apps/arcade/src/components/stitch/web/pages/MarketplaceTemplates.tsx(180,15): error TS17004: Cannot use JSX unless the '--jsx' flag is provided.
apps/arcade/src/components/stitch/web/pages/MarketplaceTemplates.tsx(181,17): error TS17004: Cannot use JSX unless the '--jsx' flag is provided.
apps/arcade/src/components/stitch/web/pages/MarketplaceTemplates.tsx(185,19): error TS17004: Cannot use JSX unless the '--jsx' flag is provided.
apps/arcade/src/components/stitch/web/pages/MarketplaceTemplates.tsx(186,19): error TS17004: Cannot use JSX unless the '--jsx' flag is provided.
apps/arcade/src/components/stitch/web/pages/MarketplaceTemplates.tsx(190,13): error TS17004: Cannot use JSX unless the '--jsx' flag is provided.
apps/arcade/src/components/stitch/web/pages/MarketplaceTemplates.tsx(191,15): error TS17004: Cannot use JSX unless the '--jsx' flag is provided.
apps/arcade/src/components/stitch/web/pages/MarketplaceTemplates.tsx(193,17): error TS17004: Cannot use JSX unless the '--jsx' flag is provided.
apps/arcade/src/components/stitch/web/pages/MarketplaceTemplates.tsx(204,11): error TS17004: Cannot use JSX unless the '--jsx' flag is provided.
apps/arcade/src/components/stitch/web/pages/MarketplaceTemplates.tsx(205,13): error TS17004: Cannot use JSX unless the '--jsx' flag is provided.
apps/arcade/src/components/stitch/web/pages/MarketplaceTemplates.tsx(206,15): error TS17004: Cannot use JSX unless the '--jsx' flag is provided.
apps/arcade/src/components/stitch/web/pages/MarketplaceTemplates.tsx(207,17): error TS17004: Cannot use JSX unless the '--jsx' flag is provided.
apps/arcade/src/components/stitch/web/pages/MarketplaceTemplates.tsx(208,17): error TS17004: Cannot use JSX unless the '--jsx' flag is provided.
apps/arcade/src/components/stitch/web/pages/MarketplaceTemplates.tsx(212,15): error TS17004: Cannot use JSX unless the '--jsx' flag is provided.
apps/arcade/src/components/stitch/web/pages/MarketplaceTemplates.tsx(217,17): error TS17004: Cannot use JSX unless the '--jsx' flag is provided.
apps/arcade/src/components/stitch/web/pages/MarketplaceTemplates.tsx(220,13): error TS17004: Cannot use JSX unless the '--jsx' flag is provided.
apps/arcade/src/components/stitch/web/pages/MarketplaceTemplates.tsx(222,17): error TS17004: Cannot use JSX unless the '--jsx' flag is provided.
apps/arcade/src/components/stitch/web/pages/MarketplaceTemplates.tsx(226,19): error TS17004: Cannot use JSX unless the '--jsx' flag is provided.
apps/arcade/src/components/stitch/web/pages/MarketplaceTemplates.tsx(227,21): error TS17004: Cannot use JSX unless the '--jsx' flag is provided.
apps/arcade/src/components/stitch/web/pages/MarketplaceTemplates.tsx(228,23): error TS17004: Cannot use JSX unless the '--jsx' flag is provided.
apps/arcade/src/components/stitch/web/pages/MarketplaceTemplates.tsx(231,25): error TS17004: Cannot use JSX unless the '--jsx' flag is provided.
apps/arcade/src/components/stitch/web/pages/MarketplaceTemplates.tsx(233,23): error TS17004: Cannot use JSX unless the '--jsx' flag is provided.
apps/arcade/src/components/stitch/web/pages/MarketplaceTemplates.tsx(234,25): error TS17004: Cannot use JSX unless the '--jsx' flag is provided.
apps/arcade/src/components/stitch/web/pages/MarketplaceTemplates.tsx(237,25): error TS17004: Cannot use JSX unless the '--jsx' flag is provided.
apps/arcade/src/components/stitch/web/pages/MarketplaceTemplates.tsx(242,21): error TS17004: Cannot use JSX unless the '--jsx' flag is provided.
apps/arcade/src/components/stitch/web/pages/MarketplaceTemplates.tsx(243,23): error TS17004: Cannot use JSX unless the '--jsx' flag is provided.
apps/arcade/src/components/stitch/web/pages/MarketplaceTemplates.tsx(246,23): error TS17004: Cannot use JSX unless the '--jsx' flag is provided.
apps/arcade/src/components/stitch/web/pages/MarketplaceTemplates.tsx(249,19): error TS17004: Cannot use JSX unless the '--jsx' flag is provided.
apps/arcade/src/components/stitch/web/pages/MarketplaceTemplates.tsx(250,19): error TS17004: Cannot use JSX unless the '--jsx' flag is provided.
apps/arcade/src/components/stitch/web/pages/MarketplaceTemplates.tsx(251,21): error TS17004: Cannot use JSX unless the '--jsx' flag is provided.
apps/arcade/src/components/stitch/web/pages/MarketplaceTemplates.tsx(252,23): error TS17004: Cannot use JSX unless the '--jsx' flag is provided.
apps/arcade/src/components/stitch/web/pages/MarketplaceTemplates.tsx(253,23): error TS17004: Cannot use JSX unless the '--jsx' flag is provided.
apps/arcade/src/components/stitch/web/pages/MarketplaceTemplates.tsx(255,21): error TS17004: Cannot use JSX unless the '--jsx' flag is provided.
apps/arcade/src/components/stitch/web/pages/MarketplaceTemplates.tsx(267,11): error TS17004: Cannot use JSX unless the '--jsx' flag is provided.
apps/arcade/src/components/stitch/web/pages/MarketplaceTemplates.tsx(268,13): error TS17004: Cannot use JSX unless the '--jsx' flag is provided.
apps/arcade/src/components/stitch/web/pages/MarketplaceTemplates.tsx(269,15): error TS17004: Cannot use JSX unless the '--jsx' flag is provided.
apps/arcade/src/components/stitch/web/pages/MarketplaceTemplates.tsx(270,17): error TS17004: Cannot use JSX unless the '--jsx' flag is provided.
apps/arcade/src/components/stitch/web/pages/MarketplaceTemplates.tsx(271,17): error TS17004: Cannot use JSX unless the '--jsx' flag is provided.
apps/arcade/src/components/stitch/web/pages/MarketplaceTemplates.tsx(276,13): error TS17004: Cannot use JSX unless the '--jsx' flag is provided.
apps/arcade/src/components/stitch/web/pages/MarketplaceTemplates.tsx(278,17): error TS17004: Cannot use JSX unless the '--jsx' flag is provided.
apps/arcade/src/components/stitch/web/pages/MarketplaceTemplates.tsx(282,19): error TS17004: Cannot use JSX unless the '--jsx' flag is provided.
apps/arcade/src/components/stitch/web/pages/MarketplaceTemplates.tsx(283,21): error TS17004: Cannot use JSX unless the '--jsx' flag is provided.
apps/arcade/src/components/stitch/web/pages/MarketplaceTemplates.tsx(286,23): error TS17004: Cannot use JSX unless the '--jsx' flag is provided.
apps/arcade/src/components/stitch/web/pages/MarketplaceTemplates.tsx(288,21): error TS17004: Cannot use JSX unless the '--jsx' flag is provided.
apps/arcade/src/components/stitch/web/pages/MarketplaceTemplates.tsx(294,19): error TS17004: Cannot use JSX unless the '--jsx' flag is provided.
apps/arcade/src/components/stitch/web/pages/MarketplaceTemplates.tsx(295,19): error TS17004: Cannot use JSX unless the '--jsx' flag is provided.
apps/arcade/src/components/stitch/web/pages/MarketplaceTemplates.tsx(296,19): error TS17004: Cannot use JSX unless the '--jsx' flag is provided.
apps/arcade/src/components/stitch/web/pages/MarketplaceTemplates.tsx(298,21): error TS17004: Cannot use JSX unless the '--jsx' flag is provided.
apps/arcade/src/components/stitch/web/pages/MarketplaceTemplates.tsx(307,11): error TS17004: Cannot use JSX unless the '--jsx' flag is provided.
apps/arcade/src/components/stitch/web/pages/MarketplaceTemplates.tsx(308,13): error TS17004: Cannot use JSX unless the '--jsx' flag is provided.
apps/arcade/src/components/stitch/web/pages/MarketplaceTemplates.tsx(309,15): error TS17004: Cannot use JSX unless the '--jsx' flag is provided.
apps/arcade/src/components/stitch/web/pages/MarketplaceTemplates.tsx(310,15): error TS17004: Cannot use JSX unless the '--jsx' flag is provided.
apps/arcade/src/components/stitch/web/pages/MarketplaceTemplates.tsx(311,17): error TS17004: Cannot use JSX unless the '--jsx' flag is provided.
apps/arcade/src/components/stitch/web/pages/MarketplaceTemplates.tsx(314,17): error TS17004: Cannot use JSX unless the '--jsx' flag is provided.
apps/arcade/src/components/stitch/web/pages/MarketplaceTemplates.tsx(319,15): error TS17004: Cannot use JSX unless the '--jsx' flag is provided.
apps/arcade/src/components/stitch/web/pages/MarketplaceTemplates.tsx(320,17): error TS17004: Cannot use JSX unless the '--jsx' flag is provided.
apps/arcade/src/components/stitch/web/pages/MarketplaceTemplates.tsx(326,17): error TS17004: Cannot use JSX unless the '--jsx' flag is provided.
apps/arcade/src/components/stitch/web/pages/TransparencyGovernance.tsx(5,5): error TS17004: Cannot use JSX unless the '--jsx' flag is provided.
apps/arcade/src/components/stitch/web/pages/TransparencyGovernance.tsx(7,7): error TS17004: Cannot use JSX unless the '--jsx' flag is provided.
apps/arcade/src/components/stitch/web/pages/TransparencyGovernance.tsx(8,9): error TS17004: Cannot use JSX unless the '--jsx' flag is provided.
apps/arcade/src/components/stitch/web/pages/TransparencyGovernance.tsx(9,9): error TS17004: Cannot use JSX unless the '--jsx' flag is provided.
apps/arcade/src/components/stitch/web/pages/TransparencyGovernance.tsx(10,11): error TS17004: Cannot use JSX unless the '--jsx' flag is provided.
apps/arcade/src/components/stitch/web/pages/TransparencyGovernance.tsx(11,13): error TS17004: Cannot use JSX unless the '--jsx' flag is provided.
apps/arcade/src/components/stitch/web/pages/TransparencyGovernance.tsx(12,15): error TS17004: Cannot use JSX unless the '--jsx' flag is provided.
apps/arcade/src/components/stitch/web/pages/TransparencyGovernance.tsx(15,13): error TS17004: Cannot use JSX unless the '--jsx' flag is provided.
apps/arcade/src/components/stitch/web/pages/TransparencyGovernance.tsx(16,30): error TS17004: Cannot use JSX unless the '--jsx' flag is provided.
apps/arcade/src/components/stitch/web/pages/TransparencyGovernance.tsx(17,15): error TS17004: Cannot use JSX unless the '--jsx' flag is provided.
apps/arcade/src/components/stitch/web/pages/TransparencyGovernance.tsx(21,13): error TS17004: Cannot use JSX unless the '--jsx' flag is provided.
apps/arcade/src/components/stitch/web/pages/TransparencyGovernance.tsx(27,11): error TS17004: Cannot use JSX unless the '--jsx' flag is provided.
apps/arcade/src/components/stitch/web/pages/TransparencyGovernance.tsx(28,13): error TS17004: Cannot use JSX unless the '--jsx' flag is provided.
apps/arcade/src/components/stitch/web/pages/TransparencyGovernance.tsx(31,13): error TS17004: Cannot use JSX unless the '--jsx' flag is provided.
apps/arcade/src/components/stitch/web/pages/TransparencyGovernance.tsx(32,26): error TS17004: Cannot use JSX unless the '--jsx' flag is provided.
apps/arcade/src/components/stitch/web/pages/TransparencyGovernance.tsx(39,7): error TS17004: Cannot use JSX unless the '--jsx' flag is provided.
apps/arcade/src/components/stitch/web/pages/TransparencyGovernance.tsx(40,9): error TS17004: Cannot use JSX unless the '--jsx' flag is provided.
apps/arcade/src/components/stitch/web/pages/TransparencyGovernance.tsx(41,11): error TS17004: Cannot use JSX unless the '--jsx' flag is provided.
apps/arcade/src/components/stitch/web/pages/TransparencyGovernance.tsx(62,15): error TS17004: Cannot use JSX unless the '--jsx' flag is provided.
apps/arcade/src/components/stitch/web/pages/TransparencyGovernance.tsx(66,17): error TS17004: Cannot use JSX unless the '--jsx' flag is provided.
apps/arcade/src/components/stitch/web/pages/TransparencyGovernance.tsx(67,19): error TS17004: Cannot use JSX unless the '--jsx' flag is provided.
apps/arcade/src/components/stitch/web/pages/TransparencyGovernance.tsx(68,21): error TS17004: Cannot use JSX unless the '--jsx' flag is provided.
apps/arcade/src/components/stitch/web/pages/TransparencyGovernance.tsx(69,21): error TS17004: Cannot use JSX unless the '--jsx' flag is provided.
apps/arcade/src/components/stitch/web/pages/TransparencyGovernance.tsx(72,17): error TS17004: Cannot use JSX unless the '--jsx' flag is provided.
apps/arcade/src/components/stitch/web/pages/TransparencyGovernance.tsx(73,19): error TS17004: Cannot use JSX unless the '--jsx' flag is provided.
apps/arcade/src/components/stitch/web/pages/TransparencyGovernance.tsx(75,17): error TS17004: Cannot use JSX unless the '--jsx' flag is provided.
apps/arcade/src/components/stitch/web/pages/TransparencyGovernance.tsx(76,19): error TS17004: Cannot use JSX unless the '--jsx' flag is provided.
apps/arcade/src/components/stitch/web/pages/TransparencyGovernance.tsx(79,19): error TS17004: Cannot use JSX unless the '--jsx' flag is provided.
apps/arcade/src/components/stitch/web/pages/TransparencyGovernance.tsx(83,17): error TS17004: Cannot use JSX unless the '--jsx' flag is provided.
apps/arcade/src/components/stitch/web/pages/TransparencyGovernance.tsx(84,19): error TS17004: Cannot use JSX unless the '--jsx' flag is provided.
apps/arcade/src/components/stitch/web/pages/TransparencyGovernance.tsx(95,7): error TS17004: Cannot use JSX unless the '--jsx' flag is provided.
apps/arcade/src/components/stitch/web/pages/TransparencyGovernance.tsx(96,9): error TS17004: Cannot use JSX unless the '--jsx' flag is provided.
apps/arcade/src/components/stitch/web/pages/TransparencyGovernance.tsx(97,9): error TS17004: Cannot use JSX unless the '--jsx' flag is provided.
apps/arcade/src/components/stitch/web/pages/TransparencyGovernance.tsx(98,11): error TS17004: Cannot use JSX unless the '--jsx' flag is provided.
apps/arcade/src/components/stitch/web/pages/TransparencyGovernance.tsx(99,13): error TS17004: Cannot use JSX unless the '--jsx' flag is provided.
apps/arcade/src/components/stitch/web/pages/TransparencyGovernance.tsx(100,15): error TS17004: Cannot use JSX unless the '--jsx' flag is provided.
apps/arcade/src/components/stitch/web/pages/TransparencyGovernance.tsx(103,15): error TS17004: Cannot use JSX unless the '--jsx' flag is provided.
apps/arcade/src/components/stitch/web/pages/TransparencyGovernance.tsx(108,15): error TS17004: Cannot use JSX unless the '--jsx' flag is provided.
apps/arcade/src/components/stitch/web/pages/TransparencyGovernance.tsx(109,17): error TS17004: Cannot use JSX unless the '--jsx' flag is provided.
apps/arcade/src/components/stitch/web/pages/TransparencyGovernance.tsx(110,19): error TS17004: Cannot use JSX unless the '--jsx' flag is provided.
apps/arcade/src/components/stitch/web/pages/TransparencyGovernance.tsx(113,19): error TS17004: Cannot use JSX unless the '--jsx' flag is provided.
apps/arcade/src/components/stitch/web/pages/TransparencyGovernance.tsx(117,17): error TS17004: Cannot use JSX unless the '--jsx' flag is provided.
apps/arcade/src/components/stitch/web/pages/TransparencyGovernance.tsx(118,19): error TS17004: Cannot use JSX unless the '--jsx' flag is provided.
apps/arcade/src/components/stitch/web/pages/TransparencyGovernance.tsx(121,19): error TS17004: Cannot use JSX unless the '--jsx' flag is provided.
apps/arcade/src/components/stitch/web/pages/TransparencyGovernance.tsx(126,13): error TS17004: Cannot use JSX unless the '--jsx' flag is provided.
apps/arcade/src/components/stitch/web/pages/TransparencyGovernance.tsx(127,15): error TS17004: Cannot use JSX unless the '--jsx' flag is provided.
apps/arcade/src/components/stitch/web/pages/TransparencyGovernance.tsx(128,17): error TS17004: Cannot use JSX unless the '--jsx' flag is provided.
apps/arcade/src/components/stitch/web/pages/TransparencyGovernance.tsx(130,15): error TS17004: Cannot use JSX unless the '--jsx' flag is provided.
apps/arcade/src/components/stitch/web/pages/TransparencyGovernance.tsx(131,17): error TS17004: Cannot use JSX unless the '--jsx' flag is provided.
apps/arcade/src/components/stitch/web/pages/TransparencyGovernance.tsx(134,15): error TS17004: Cannot use JSX unless the '--jsx' flag is provided.
apps/arcade/src/components/stitch/web/pages/TransparencyGovernance.tsx(155,19): error TS17004: Cannot use JSX unless the '--jsx' flag is provided.
apps/arcade/src/components/stitch/web/pages/TransparencyGovernance.tsx(159,21): error TS17004: Cannot use JSX unless the '--jsx' flag is provided.
apps/arcade/src/components/stitch/web/pages/TransparencyGovernance.tsx(160,23): error TS17004: Cannot use JSX unless the '--jsx' flag is provided.
apps/arcade/src/components/stitch/web/pages/TransparencyGovernance.tsx(163,23): error TS17004: Cannot use JSX unless the '--jsx' flag is provided.
apps/arcade/src/components/stitch/web/pages/TransparencyGovernance.tsx(164,25): error TS17004: Cannot use JSX unless the '--jsx' flag is provided.
apps/arcade/src/components/stitch/web/pages/TransparencyGovernance.tsx(165,25): error TS17004: Cannot use JSX unless the '--jsx' flag is provided.
apps/arcade/src/components/stitch/web/pages/TransparencyGovernance.tsx(168,21): error TS17004: Cannot use JSX unless the '--jsx' flag is provided.
apps/arcade/src/components/stitch/web/pages/TransparencyGovernance.tsx(179,11): error TS17004: Cannot use JSX unless the '--jsx' flag is provided.
apps/arcade/src/components/stitch/web/pages/TransparencyGovernance.tsx(180,13): error TS17004: Cannot use JSX unless the '--jsx' flag is provided.
apps/arcade/src/components/stitch/web/pages/TransparencyGovernance.tsx(181,15): error TS17004: Cannot use JSX unless the '--jsx' flag is provided.
apps/arcade/src/components/stitch/web/pages/TransparencyGovernance.tsx(208,17): error TS17004: Cannot use JSX unless the '--jsx' flag is provided.
apps/arcade/src/components/stitch/web/pages/TransparencyGovernance.tsx(209,19): error TS17004: Cannot use JSX unless the '--jsx' flag is provided.
apps/arcade/src/components/stitch/web/pages/TransparencyGovernance.tsx(210,21): error TS17004: Cannot use JSX unless the '--jsx' flag is provided.
apps/arcade/src/components/stitch/web/pages/TransparencyGovernance.tsx(217,23): error TS17004: Cannot use JSX unless the '--jsx' flag is provided.
apps/arcade/src/components/stitch/web/pages/TransparencyGovernance.tsx(220,23): error TS17004: Cannot use JSX unless the '--jsx' flag is provided.
apps/arcade/src/components/stitch/web/pages/TransparencyGovernance.tsx(229,19): error TS17004: Cannot use JSX unless the '--jsx' flag is provided.
apps/arcade/src/components/stitch/web/pages/TransparencyGovernance.tsx(230,21): error TS17004: Cannot use JSX unless the '--jsx' flag is provided.
apps/arcade/src/components/stitch/web/pages/TransparencyGovernance.tsx(233,21): error TS17004: Cannot use JSX unless the '--jsx' flag is provided.
apps/arcade/src/components/stitch/web/pages/TransparencyGovernance.tsx(235,23): error TS17004: Cannot use JSX unless the '--jsx' flag is provided.
apps/arcade/src/components/stitch/web/pages/TransparencyGovernance.tsx(236,25): error TS17004: Cannot use JSX unless the '--jsx' flag is provided.
apps/arcade/src/components/stitch/web/pages/TransparencyGovernance.tsx(245,15): error TS17004: Cannot use JSX unless the '--jsx' flag is provided.
apps/arcade/src/components/StudioShell.tsx(12,8): error TS2307: Cannot find module '@/lib/studio-utils' or its corresponding type declarations.
apps/arcade/src/components/StudioShell.tsx(151,18): error TS7006: Parameter 'current' implicitly has an 'any' type.
apps/arcade/src/components/StudioShell.tsx(189,5): error TS17004: Cannot use JSX unless the '--jsx' flag is provided.
apps/arcade/src/components/StudioShell.tsx(199,7): error TS17004: Cannot use JSX unless the '--jsx' flag is provided.
apps/arcade/src/components/StudioShell.tsx(200,9): error TS17004: Cannot use JSX unless the '--jsx' flag is provided.
apps/arcade/src/components/StudioShell.tsx(201,9): error TS17004: Cannot use JSX unless the '--jsx' flag is provided.
apps/arcade/src/components/StudioShell.tsx(205,9): error TS17004: Cannot use JSX unless the '--jsx' flag is provided.
apps/arcade/src/components/StudioShell.tsx(207,13): error TS17004: Cannot use JSX unless the '--jsx' flag is provided.
apps/arcade/src/components/StudioShell.tsx(226,7): error TS17004: Cannot use JSX unless the '--jsx' flag is provided.
apps/arcade/src/components/StudioShell.tsx(235,9): error TS17004: Cannot use JSX unless the '--jsx' flag is provided.
apps/arcade/src/components/StudioShell.tsx(243,11): error TS17004: Cannot use JSX unless the '--jsx' flag is provided.
apps/arcade/src/components/StudioShell.tsx(244,11): error TS17004: Cannot use JSX unless the '--jsx' flag is provided.
apps/arcade/src/components/StudioShell.tsx(249,13): error TS17004: Cannot use JSX unless the '--jsx' flag is provided.
apps/arcade/src/components/StudioShell.tsx(251,15): error TS17004: Cannot use JSX unless the '--jsx' flag is provided.
apps/arcade/src/components/StudioShell.tsx(256,11): error TS17004: Cannot use JSX unless the '--jsx' flag is provided.
apps/arcade/src/components/StudioShell.tsx(262,11): error TS17004: Cannot use JSX unless the '--jsx' flag is provided.
apps/arcade/src/components/StudioShell.tsx(263,13): error TS17004: Cannot use JSX unless the '--jsx' flag is provided.
apps/arcade/src/components/StudioShell.tsx(264,13): error TS17004: Cannot use JSX unless the '--jsx' flag is provided.
apps/arcade/src/components/StudioShell.tsx(265,15): error TS17004: Cannot use JSX unless the '--jsx' flag is provided.
apps/arcade/src/components/StudioShell.tsx(266,15): error TS17004: Cannot use JSX unless the '--jsx' flag is provided.
apps/arcade/src/components/StudioShell.tsx(267,15): error TS17004: Cannot use JSX unless the '--jsx' flag is provided.
apps/arcade/src/components/StudioShell.tsx(268,15): error TS17004: Cannot use JSX unless the '--jsx' flag is provided.
apps/arcade/src/components/StudioShell.tsx(274,11): error TS17004: Cannot use JSX unless the '--jsx' flag is provided.
apps/arcade/src/components/StudioShell.tsx(275,13): error TS17004: Cannot use JSX unless the '--jsx' flag is provided.
apps/arcade/src/components/StudioShell.tsx(276,13): error TS17004: Cannot use JSX unless the '--jsx' flag is provided.
apps/arcade/src/components/StudioShell.tsx(277,13): error TS17004: Cannot use JSX unless the '--jsx' flag is provided.
apps/arcade/src/components/StudioShell.tsx(278,15): error TS17004: Cannot use JSX unless the '--jsx' flag is provided.
apps/arcade/src/components/StudioShell.tsx(280,17): error TS17004: Cannot use JSX unless the '--jsx' flag is provided.
apps/arcade/src/components/StudioShell.tsx(285,19): error TS17004: Cannot use JSX unless the '--jsx' flag is provided.
apps/arcade/src/components/StudioShell.tsx(286,19): error TS17004: Cannot use JSX unless the '--jsx' flag is provided.
apps/arcade/src/components/StudioShell.tsx(289,15): error TS17004: Cannot use JSX unless the '--jsx' flag is provided.
apps/arcade/src/components/StudioShell.tsx(291,17): error TS17004: Cannot use JSX unless the '--jsx' flag is provided.
apps/arcade/src/components/StudioShell.tsx(302,15): error TS17004: Cannot use JSX unless the '--jsx' flag is provided.
apps/arcade/src/components/StudioShell.tsx(304,17): error TS17004: Cannot use JSX unless the '--jsx' flag is provided.
apps/arcade/src/components/StudioShell.tsx(316,13): error TS17004: Cannot use JSX unless the '--jsx' flag is provided.
apps/arcade/src/components/StudioShell.tsx(317,49): error TS17004: Cannot use JSX unless the '--jsx' flag is provided.
apps/arcade/src/components/StudioShell.tsx(318,51): error TS17004: Cannot use JSX unless the '--jsx' flag is provided.
apps/arcade/src/components/StudioShell.tsx(319,13): error TS17004: Cannot use JSX unless the '--jsx' flag is provided.
apps/arcade/src/components/StudioShell.tsx(320,15): error TS17004: Cannot use JSX unless the '--jsx' flag is provided.
apps/arcade/src/components/StudioShell.tsx(323,15): error TS17004: Cannot use JSX unless the '--jsx' flag is provided.
apps/arcade/src/components/StudioShell.tsx(326,15): error TS17004: Cannot use JSX unless the '--jsx' flag is provided.
apps/arcade/src/components/StudioShell.tsx(329,15): error TS17004: Cannot use JSX unless the '--jsx' flag is provided.
apps/arcade/src/components/StudioShell.tsx(337,11): error TS17004: Cannot use JSX unless the '--jsx' flag is provided.
apps/arcade/src/components/StudioShell.tsx(338,13): error TS17004: Cannot use JSX unless the '--jsx' flag is provided.
apps/arcade/src/components/StudioShell.tsx(339,13): error TS17004: Cannot use JSX unless the '--jsx' flag is provided.
apps/arcade/src/components/StudioShell.tsx(340,13): error TS17004: Cannot use JSX unless the '--jsx' flag is provided.
apps/arcade/src/components/StudioShell.tsx(341,15): error TS17004: Cannot use JSX unless the '--jsx' flag is provided.
apps/arcade/src/components/StudioShell.tsx(344,15): error TS17004: Cannot use JSX unless the '--jsx' flag is provided.
apps/arcade/src/components/StudioShell.tsx(347,15): error TS17004: Cannot use JSX unless the '--jsx' flag is provided.
apps/arcade/src/components/StudioShell.tsx(355,11): error TS17004: Cannot use JSX unless the '--jsx' flag is provided.
apps/arcade/src/components/StudioShell.tsx(356,13): error TS17004: Cannot use JSX unless the '--jsx' flag is provided.
apps/arcade/src/components/StudioShell.tsx(357,13): error TS17004: Cannot use JSX unless the '--jsx' flag is provided.
apps/arcade/src/components/StudioShell.tsx(361,13): error TS17004: Cannot use JSX unless the '--jsx' flag is provided.
apps/arcade/src/components/StudioShell.tsx(362,15): error TS17004: Cannot use JSX unless the '--jsx' flag is provided.
apps/arcade/src/components/StudioShell.tsx(365,15): error TS17004: Cannot use JSX unless the '--jsx' flag is provided.
apps/arcade/src/components/StudioShell.tsx(368,15): error TS17004: Cannot use JSX unless the '--jsx' flag is provided.
apps/arcade/src/components/StudioShell.tsx(376,11): error TS17004: Cannot use JSX unless the '--jsx' flag is provided.
apps/arcade/src/components/StudioShell.tsx(377,13): error TS17004: Cannot use JSX unless the '--jsx' flag is provided.
apps/arcade/src/components/StudioShell.tsx(378,13): error TS17004: Cannot use JSX unless the '--jsx' flag is provided.
apps/arcade/src/components/StudioShell.tsx(379,13): error TS17004: Cannot use JSX unless the '--jsx' flag is provided.
apps/arcade/src/components/StudioShell.tsx(380,15): error TS17004: Cannot use JSX unless the '--jsx' flag is provided.
apps/arcade/src/components/StudioShell.tsx(381,15): error TS17004: Cannot use JSX unless the '--jsx' flag is provided.
apps/arcade/src/components/StudioShell.tsx(382,15): error TS17004: Cannot use JSX unless the '--jsx' flag is provided.
apps/arcade/src/components/StudioShell.tsx(383,15): error TS17004: Cannot use JSX unless the '--jsx' flag is provided.
apps/arcade/src/components/StudioShell.tsx(385,13): error TS17004: Cannot use JSX unless the '--jsx' flag is provided.
apps/arcade/src/components/StudioShell.tsx(392,11): error TS17004: Cannot use JSX unless the '--jsx' flag is provided.
apps/arcade/src/components/StudioShell.tsx(393,13): error TS17004: Cannot use JSX unless the '--jsx' flag is provided.
apps/arcade/src/components/StudioShell.tsx(394,13): error TS17004: Cannot use JSX unless the '--jsx' flag is provided.
apps/arcade/src/components/StudioShell.tsx(395,13): error TS17004: Cannot use JSX unless the '--jsx' flag is provided.
apps/arcade/src/components/StudioShell.tsx(397,15): error TS17004: Cannot use JSX unless the '--jsx' flag is provided.
apps/arcade/src/components/StudioShell.tsx(405,13): error TS17004: Cannot use JSX unless the '--jsx' flag is provided.
apps/arcade/src/components/StudioShell.tsx(408,13): error TS17004: Cannot use JSX unless the '--jsx' flag is provided.
apps/arcade/src/components/StudioShell.tsx(409,13): error TS17004: Cannot use JSX unless the '--jsx' flag is provided.
apps/arcade/src/components/StudioShell.tsx(410,15): error TS17004: Cannot use JSX unless the '--jsx' flag is provided.
apps/arcade/src/components/StudioShell.tsx(413,15): error TS17004: Cannot use JSX unless the '--jsx' flag is provided.
apps/arcade/src/components/StudioShell.tsx(421,11): error TS17004: Cannot use JSX unless the '--jsx' flag is provided.
apps/arcade/src/components/StudioShell.tsx(422,13): error TS17004: Cannot use JSX unless the '--jsx' flag is provided.
apps/arcade/src/components/StudioShell.tsx(423,13): error TS17004: Cannot use JSX unless the '--jsx' flag is provided.
apps/arcade/src/components/StudioShell.tsx(427,13): error TS17004: Cannot use JSX unless the '--jsx' flag is provided.
apps/arcade/src/components/StudioShell.tsx(434,15): error TS17004: Cannot use JSX unless the '--jsx' flag is provided.
apps/arcade/src/components/StudioShell.tsx(435,15): error TS17004: Cannot use JSX unless the '--jsx' flag is provided.
apps/arcade/src/components/StudioShell.tsx(438,15): error TS17004: Cannot use JSX unless the '--jsx' flag is provided.
apps/arcade/src/components/StudioShell.tsx(439,15): error TS17004: Cannot use JSX unless the '--jsx' flag is provided.
apps/arcade/src/components/StudioShell.tsx(442,15): error TS17004: Cannot use JSX unless the '--jsx' flag is provided.
apps/arcade/src/components/StudioShell.tsx(444,13): error TS17004: Cannot use JSX unless the '--jsx' flag is provided.
apps/arcade/src/components/StudioShell.tsx(445,15): error TS17004: Cannot use JSX unless the '--jsx' flag is provided.
apps/arcade/src/components/StudioShell.tsx(448,15): error TS17004: Cannot use JSX unless the '--jsx' flag is provided.
apps/arcade/src/components/StudioShell.tsx(456,11): error TS17004: Cannot use JSX unless the '--jsx' flag is provided.
apps/arcade/src/components/StudioShell.tsx(457,13): error TS17004: Cannot use JSX unless the '--jsx' flag is provided.
apps/arcade/src/components/StudioShell.tsx(458,13): error TS17004: Cannot use JSX unless the '--jsx' flag is provided.
apps/arcade/src/components/StudioShell.tsx(459,13): error TS17004: Cannot use JSX unless the '--jsx' flag is provided.
apps/arcade/src/components/StudioShell.tsx(460,13): error TS17004: Cannot use JSX unless the '--jsx' flag is provided.
apps/arcade/src/components/StudioShell.tsx(467,11): error TS17004: Cannot use JSX unless the '--jsx' flag is provided.
apps/arcade/src/components/StudioShell.tsx(468,13): error TS17004: Cannot use JSX unless the '--jsx' flag is provided.
apps/arcade/src/components/StudioShell.tsx(469,13): error TS17004: Cannot use JSX unless the '--jsx' flag is provided.
apps/arcade/src/components/StudioShell.tsx(470,13): error TS17004: Cannot use JSX unless the '--jsx' flag is provided.
apps/arcade/src/components/StudioShell.tsx(477,11): error TS17004: Cannot use JSX unless the '--jsx' flag is provided.
apps/arcade/src/components/StudioShell.tsx(478,13): error TS17004: Cannot use JSX unless the '--jsx' flag is provided.
apps/arcade/src/components/StudioShell.tsx(479,13): error TS17004: Cannot use JSX unless the '--jsx' flag is provided.
apps/arcade/src/components/StudioShell.tsx(483,13): error TS17004: Cannot use JSX unless the '--jsx' flag is provided.
apps/arcade/src/components/StudioShell.tsx(484,15): error TS17004: Cannot use JSX unless the '--jsx' flag is provided.
apps/arcade/src/components/StudioShell.tsx(485,15): error TS17004: Cannot use JSX unless the '--jsx' flag is provided.
apps/arcade/src/components/StudioShell.tsx(493,11): error TS17004: Cannot use JSX unless the '--jsx' flag is provided.
apps/arcade/src/components/StudioShell.tsx(494,13): error TS17004: Cannot use JSX unless the '--jsx' flag is provided.
apps/arcade/src/components/StudioShell.tsx(495,13): error TS17004: Cannot use JSX unless the '--jsx' flag is provided.
apps/arcade/src/components/StudioShell.tsx(496,13): error TS17004: Cannot use JSX unless the '--jsx' flag is provided.
apps/arcade/src/components/StudioShell.tsx(497,15): error TS17004: Cannot use JSX unless the '--jsx' flag is provided.
apps/arcade/src/components/StudioShell.tsx(500,15): error TS17004: Cannot use JSX unless the '--jsx' flag is provided.
apps/arcade/src/components/StudioShell.tsx(507,9): error TS17004: Cannot use JSX unless the '--jsx' flag is provided.
apps/arcade/src/components/StudioShell.tsx(508,9): error TS17004: Cannot use JSX unless the '--jsx' flag is provided.
apps/arcade/src/components/StudioShell.tsx(509,9): error TS17004: Cannot use JSX unless the '--jsx' flag is provided.
apps/arcade/src/components/StudioShell.tsx(520,9): error TS17004: Cannot use JSX unless the '--jsx' flag is provided.
apps/arcade/src/components/StudioShell.tsx(521,9): error TS17004: Cannot use JSX unless the '--jsx' flag is provided.
apps/arcade/src/components/trace/TraceLink.tsx(4,40): error TS2307: Cannot find module '@/lib/trace/traceUrl' or its corresponding type declarations.
apps/arcade/src/components/trace/TraceLink.tsx(19,7): error TS17004: Cannot use JSX unless the '--jsx' flag is provided.
apps/arcade/src/components/trace/TraceLink.tsx(29,5): error TS17004: Cannot use JSX unless the '--jsx' flag is provided.
apps/arcade/src/components/trace/TracePill.tsx(4,40): error TS2307: Cannot find module '@/lib/trace/traceUrl' or its corresponding type declarations.
apps/arcade/src/components/trace/TracePill.tsx(18,7): error TS17004: Cannot use JSX unless the '--jsx' flag is provided.
apps/arcade/src/components/trace/TracePill.tsx(21,9): error TS17004: Cannot use JSX unless the '--jsx' flag is provided.
apps/arcade/src/components/trace/TracePill.tsx(30,5): error TS17004: Cannot use JSX unless the '--jsx' flag is provided.
apps/arcade/src/components/trace/TracePill.tsx(35,7): error TS17004: Cannot use JSX unless the '--jsx' flag is provided.
apps/arcade/src/components/ui/Tooltip.tsx(26,5): error TS17004: Cannot use JSX unless the '--jsx' flag is provided.
apps/arcade/src/components/ui/Tooltip.tsx(35,9): error TS17004: Cannot use JSX unless the '--jsx' flag is provided.
apps/arcade/src/components/ui/Tooltip.tsx(49,5): error TS17004: Cannot use JSX unless the '--jsx' flag is provided.
apps/arcade/src/components/ui/Tooltip.tsx(50,7): error TS17004: Cannot use JSX unless the '--jsx' flag is provided.
apps/arcade/src/lib/analytics-server.ts(17,44): error TS2835: Relative import paths need explicit file extensions in ECMAScript imports when '--moduleResolution' is 'node16' or 'nodenext'. Did you mean './cloud-db.js'?
apps/arcade/src/lib/permissions.ts(1,27): error TS2307: Cannot find module '@/lib/cloud-db' or its corresponding type declarations.
apps/arcade/src/lib/trace/traceUrl.ts(1,24): error TS2307: Cannot find module '@/lib/routes' or its corresponding type declarations.
apps/docs/app/docs/examples/page.tsx(1,27): error TS2307: Cannot find module '@/components/doc-layout' or its corresponding type declarations.
apps/docs/app/docs/examples/page.tsx(2,27): error TS2307: Cannot find module '@/components/code-block' or its corresponding type declarations.
apps/docs/app/docs/examples/page.tsx(51,5): error TS17004: Cannot use JSX unless the '--jsx' flag is provided.
apps/docs/app/docs/examples/page.tsx(52,7): error TS17004: Cannot use JSX unless the '--jsx' flag is provided.
apps/docs/app/docs/examples/page.tsx(57,7): error TS17004: Cannot use JSX unless the '--jsx' flag is provided.
apps/docs/app/docs/examples/page.tsx(58,7): error TS17004: Cannot use JSX unless the '--jsx' flag is provided.
apps/docs/app/docs/examples/page.tsx(68,7): error TS17004: Cannot use JSX unless the '--jsx' flag is provided.
apps/docs/app/docs/examples/page.tsx(69,7): error TS17004: Cannot use JSX unless the '--jsx' flag is provided.
apps/docs/app/docs/examples/page.tsx(71,11): error TS17004: Cannot use JSX unless the '--jsx' flag is provided.
apps/docs/app/docs/examples/page.tsx(72,13): error TS17004: Cannot use JSX unless the '--jsx' flag is provided.
apps/docs/app/docs/examples/page.tsx(73,15): error TS17004: Cannot use JSX unless the '--jsx' flag is provided.
apps/docs/app/docs/examples/page.tsx(76,15): error TS17004: Cannot use JSX unless the '--jsx' flag is provided.
apps/docs/app/docs/examples/page.tsx(78,13): error TS17004: Cannot use JSX unless the '--jsx' flag is provided.
apps/docs/app/docs/examples/page.tsx(79,13): error TS17004: Cannot use JSX unless the '--jsx' flag is provided.
apps/docs/app/docs/examples/page.tsx(80,13): error TS17004: Cannot use JSX unless the '--jsx' flag is provided.
apps/docs/app/docs/examples/page.tsx(82,17): error TS17004: Cannot use JSX unless the '--jsx' flag is provided.
apps/docs/app/docs/examples/page.tsx(94,7): error TS17004: Cannot use JSX unless the '--jsx' flag is provided.
apps/docs/app/docs/examples/page.tsx(95,7): error TS17004: Cannot use JSX unless the '--jsx' flag is provided.
apps/docs/app/docs/examples/page.tsx(99,7): error TS17004: Cannot use JSX unless the '--jsx' flag is provided.
apps/docs/app/docs/plugins/page.tsx(1,27): error TS2307: Cannot find module '@/components/doc-layout' or its corresponding type declarations.
apps/docs/app/docs/plugins/page.tsx(2,27): error TS2307: Cannot find module '@/components/code-block' or its corresponding type declarations.
apps/docs/app/docs/plugins/page.tsx(61,5): error TS17004: Cannot use JSX unless the '--jsx' flag is provided.
apps/docs/app/docs/plugins/page.tsx(62,7): error TS17004: Cannot use JSX unless the '--jsx' flag is provided.
apps/docs/app/docs/plugins/page.tsx(67,7): error TS17004: Cannot use JSX unless the '--jsx' flag is provided.
apps/docs/app/docs/plugins/page.tsx(68,7): error TS17004: Cannot use JSX unless the '--jsx' flag is provided.
apps/docs/app/docs/plugins/page.tsx(69,7): error TS17004: Cannot use JSX unless the '--jsx' flag is provided.
apps/docs/app/docs/plugins/page.tsx(70,38): error TS17004: Cannot use JSX unless the '--jsx' flag is provided.
apps/docs/app/docs/plugins/page.tsx(74,7): error TS17004: Cannot use JSX unless the '--jsx' flag is provided.
apps/docs/app/docs/plugins/page.tsx(75,7): error TS17004: Cannot use JSX unless the '--jsx' flag is provided.
apps/docs/app/docs/plugins/page.tsx(82,7): error TS17004: Cannot use JSX unless the '--jsx' flag is provided.
apps/docs/app/docs/plugins/page.tsx(83,7): error TS17004: Cannot use JSX unless the '--jsx' flag is provided.
apps/docs/app/docs/plugins/page.tsx(84,9): error TS17004: Cannot use JSX unless the '--jsx' flag is provided.
apps/docs/app/docs/plugins/page.tsx(85,11): error TS17004: Cannot use JSX unless the '--jsx' flag is provided.
apps/docs/app/docs/plugins/page.tsx(86,13): error TS17004: Cannot use JSX unless the '--jsx' flag is provided.
apps/docs/app/docs/plugins/page.tsx(87,13): error TS17004: Cannot use JSX unless the '--jsx' flag is provided.
apps/docs/app/docs/plugins/page.tsx(90,9): error TS17004: Cannot use JSX unless the '--jsx' flag is provided.
apps/docs/app/docs/plugins/page.tsx(92,13): error TS17004: Cannot use JSX unless the '--jsx' flag is provided.
apps/docs/app/docs/plugins/page.tsx(93,15): error TS17004: Cannot use JSX unless the '--jsx' flag is provided.
apps/docs/app/docs/plugins/page.tsx(94,17): error TS17004: Cannot use JSX unless the '--jsx' flag is provided.
apps/docs/app/docs/plugins/page.tsx(96,15): error TS17004: Cannot use JSX unless the '--jsx' flag is provided.
apps/docs/app/docs/plugins/page.tsx(102,7): error TS17004: Cannot use JSX unless the '--jsx' flag is provided.
apps/docs/app/docs/plugins/page.tsx(103,7): error TS17004: Cannot use JSX unless the '--jsx' flag is provided.
apps/docs/app/docs/plugins/page.tsx(104,7): error TS17004: Cannot use JSX unless the '--jsx' flag is provided.
apps/docs/app/docs/plugins/page.tsx(105,9): error TS17004: Cannot use JSX unless the '--jsx' flag is provided.
apps/docs/app/docs/plugins/page.tsx(106,9): error TS17004: Cannot use JSX unless the '--jsx' flag is provided.
apps/docs/app/docs/plugins/page.tsx(107,14): error TS17004: Cannot use JSX unless the '--jsx' flag is provided.
apps/docs/app/docs/plugins/page.tsx(109,9): error TS17004: Cannot use JSX unless the '--jsx' flag is provided.
apps/docs/app/docs/plugins/page.tsx(110,14): error TS17004: Cannot use JSX unless the '--jsx' flag is provided.
apps/docs/app/docs/plugins/page.tsx(112,9): error TS17004: Cannot use JSX unless the '--jsx' flag is provided.
apps/docs/app/docs/plugins/page.tsx(115,7): error TS17004: Cannot use JSX unless the '--jsx' flag is provided.
apps/docs/app/docs/plugins/page.tsx(116,7): error TS17004: Cannot use JSX unless the '--jsx' flag is provided.
apps/docs/app/docs/plugins/page.tsx(117,7): error TS17004: Cannot use JSX unless the '--jsx' flag is provided.
apps/docs/app/docs/plugins/page.tsx(119,11): error TS17004: Cannot use JSX unless the '--jsx' flag is provided.
apps/docs/app/docs/plugins/page.tsx(120,13): error TS17004: Cannot use JSX unless the '--jsx' flag is provided.
apps/docs/app/docs/plugins/page.tsx(121,15): error TS17004: Cannot use JSX unless the '--jsx' flag is provided.
apps/docs/app/docs/plugins/page.tsx(124,15): error TS17004: Cannot use JSX unless the '--jsx' flag is provided.
apps/docs/app/docs/plugins/page.tsx(126,13): error TS17004: Cannot use JSX unless the '--jsx' flag is provided.
apps/docs/app/docs/plugins/page.tsx(131,7): error TS17004: Cannot use JSX unless the '--jsx' flag is provided.
apps/docs/app/docs/plugins/page.tsx(132,7): error TS17004: Cannot use JSX unless the '--jsx' flag is provided.
apps/docs/app/docs/plugins/page.tsx(134,7): error TS17004: Cannot use JSX unless the '--jsx' flag is provided.
apps/docs/app/docs/plugins/page.tsx(135,7): error TS17004: Cannot use JSX unless the '--jsx' flag is provided.
apps/docs/app/docs/plugins/page.tsx(137,7): error TS17004: Cannot use JSX unless the '--jsx' flag is provided.
apps/docs/app/docs/plugins/page.tsx(138,7): error TS17004: Cannot use JSX unless the '--jsx' flag is provided.
apps/docs/app/docs/plugins/page.tsx(139,9): error TS17004: Cannot use JSX unless the '--jsx' flag is provided.
apps/docs/app/docs/plugins/page.tsx(140,11): error TS17004: Cannot use JSX unless the '--jsx' flag is provided.
apps/docs/app/docs/plugins/page.tsx(142,9): error TS17004: Cannot use JSX unless the '--jsx' flag is provided.
apps/docs/app/docs/plugins/page.tsx(143,11): error TS17004: Cannot use JSX unless the '--jsx' flag is provided.
apps/docs/app/docs/plugins/page.tsx(145,9): error TS17004: Cannot use JSX unless the '--jsx' flag is provided.
apps/docs/app/docs/plugins/page.tsx(146,11): error TS17004: Cannot use JSX unless the '--jsx' flag is provided.
apps/docs/app/docs/presets/page.tsx(1,27): error TS2307: Cannot find module '@/components/doc-layout' or its corresponding type declarations.
apps/docs/app/docs/presets/page.tsx(2,27): error TS2307: Cannot find module '@/components/code-block' or its corresponding type declarations.
apps/docs/app/docs/presets/page.tsx(29,5): error TS17004: Cannot use JSX unless the '--jsx' flag is provided.
apps/docs/app/docs/presets/page.tsx(30,7): error TS17004: Cannot use JSX unless the '--jsx' flag is provided.
apps/docs/app/docs/presets/page.tsx(35,7): error TS17004: Cannot use JSX unless the '--jsx' flag is provided.
apps/docs/app/docs/presets/page.tsx(36,7): error TS17004: Cannot use JSX unless the '--jsx' flag is provided.
apps/docs/app/docs/presets/page.tsx(37,9): error TS17004: Cannot use JSX unless the '--jsx' flag is provided.
apps/docs/app/docs/presets/page.tsx(38,11): error TS17004: Cannot use JSX unless the '--jsx' flag is provided.
apps/docs/app/docs/presets/page.tsx(39,11): error TS17004: Cannot use JSX unless the '--jsx' flag is provided.
apps/docs/app/docs/presets/page.tsx(42,11): error TS17004: Cannot use JSX unless the '--jsx' flag is provided.
apps/docs/app/docs/presets/page.tsx(44,9): error TS17004: Cannot use JSX unless the '--jsx' flag is provided.
apps/docs/app/docs/presets/page.tsx(45,11): error TS17004: Cannot use JSX unless the '--jsx' flag is provided.
apps/docs/app/docs/presets/page.tsx(46,11): error TS17004: Cannot use JSX unless the '--jsx' flag is provided.
apps/docs/app/docs/presets/page.tsx(49,11): error TS17004: Cannot use JSX unless the '--jsx' flag is provided.
apps/docs/app/docs/presets/page.tsx(51,9): error TS17004: Cannot use JSX unless the '--jsx' flag is provided.
apps/docs/app/docs/presets/page.tsx(52,11): error TS17004: Cannot use JSX unless the '--jsx' flag is provided.
apps/docs/app/docs/presets/page.tsx(53,11): error TS17004: Cannot use JSX unless the '--jsx' flag is provided.
apps/docs/app/docs/presets/page.tsx(56,11): error TS17004: Cannot use JSX unless the '--jsx' flag is provided.
apps/docs/app/docs/presets/page.tsx(58,9): error TS17004: Cannot use JSX unless the '--jsx' flag is provided.
apps/docs/app/docs/presets/page.tsx(59,11): error TS17004: Cannot use JSX unless the '--jsx' flag is provided.
apps/docs/app/docs/presets/page.tsx(60,11): error TS17004: Cannot use JSX unless the '--jsx' flag is provided.
apps/docs/app/docs/presets/page.tsx(63,11): error TS17004: Cannot use JSX unless the '--jsx' flag is provided.
apps/docs/app/docs/presets/page.tsx(67,7): error TS17004: Cannot use JSX unless the '--jsx' flag is provided.
apps/docs/app/docs/presets/page.tsx(68,7): error TS17004: Cannot use JSX unless the '--jsx' flag is provided.
apps/docs/app/docs/presets/page.tsx(70,11): error TS17004: Cannot use JSX unless the '--jsx' flag is provided.
apps/docs/app/docs/presets/page.tsx(71,13): error TS17004: Cannot use JSX unless the '--jsx' flag is provided.
apps/docs/app/docs/presets/page.tsx(72,13): error TS17004: Cannot use JSX unless the '--jsx' flag is provided.
apps/docs/app/docs/presets/page.tsx(73,13): error TS17004: Cannot use JSX unless the '--jsx' flag is provided.
apps/docs/app/docs/presets/page.tsx(75,17): error TS17004: Cannot use JSX unless the '--jsx' flag is provided.
apps/docs/app/docs/presets/page.tsx(76,19): error TS17004: Cannot use JSX unless the '--jsx' flag is provided.
apps/docs/app/docs/presets/page.tsx(84,7): error TS17004: Cannot use JSX unless the '--jsx' flag is provided.
apps/docs/app/docs/presets/page.tsx(85,7): error TS17004: Cannot use JSX unless the '--jsx' flag is provided.
apps/docs/app/docs/presets/page.tsx(87,7): error TS17004: Cannot use JSX unless the '--jsx' flag is provided.
apps/docs/app/docs/presets/page.tsx(88,7): error TS17004: Cannot use JSX unless the '--jsx' flag is provided.
apps/docs/app/docs/presets/page.tsx(95,7): error TS17004: Cannot use JSX unless the '--jsx' flag is provided.
apps/docs/app/docs/quickstart/page.tsx(1,27): error TS2307: Cannot find module '@/components/doc-layout' or its corresponding type declarations.
apps/docs/app/docs/quickstart/page.tsx(2,27): error TS2307: Cannot find module '@/components/code-block' or its corresponding type declarations.
apps/docs/app/docs/quickstart/page.tsx(6,5): error TS17004: Cannot use JSX unless the '--jsx' flag is provided.
apps/docs/app/docs/quickstart/page.tsx(7,7): error TS17004: Cannot use JSX unless the '--jsx' flag is provided.
apps/docs/app/docs/quickstart/page.tsx(12,7): error TS17004: Cannot use JSX unless the '--jsx' flag is provided.
apps/docs/app/docs/quickstart/page.tsx(13,7): error TS17004: Cannot use JSX unless the '--jsx' flag is provided.
apps/docs/app/docs/quickstart/page.tsx(14,9): error TS17004: Cannot use JSX unless the '--jsx' flag is provided.
apps/docs/app/docs/quickstart/page.tsx(15,9): error TS17004: Cannot use JSX unless the '--jsx' flag is provided.
apps/docs/app/docs/quickstart/page.tsx(16,9): error TS17004: Cannot use JSX unless the '--jsx' flag is provided.
apps/docs/app/docs/quickstart/page.tsx(17,9): error TS17004: Cannot use JSX unless the '--jsx' flag is provided.
apps/docs/app/docs/quickstart/page.tsx(20,7): error TS17004: Cannot use JSX unless the '--jsx' flag is provided.
apps/docs/app/docs/quickstart/page.tsx(21,7): error TS17004: Cannot use JSX unless the '--jsx' flag is provided.
apps/docs/app/docs/quickstart/page.tsx(27,7): error TS17004: Cannot use JSX unless the '--jsx' flag is provided.
apps/docs/app/docs/quickstart/page.tsx(28,7): error TS17004: Cannot use JSX unless the '--jsx' flag is provided.
apps/docs/app/docs/quickstart/page.tsx(29,7): error TS17004: Cannot use JSX unless the '--jsx' flag is provided.
apps/docs/app/docs/quickstart/page.tsx(34,7): error TS17004: Cannot use JSX unless the '--jsx' flag is provided.
apps/docs/app/docs/quickstart/page.tsx(35,7): error TS17004: Cannot use JSX unless the '--jsx' flag is provided.
apps/docs/app/docs/quickstart/page.tsx(36,7): error TS17004: Cannot use JSX unless the '--jsx' flag is provided.
apps/docs/app/docs/quickstart/page.tsx(40,7): error TS17004: Cannot use JSX unless the '--jsx' flag is provided.
apps/docs/app/docs/quickstart/page.tsx(41,7): error TS17004: Cannot use JSX unless the '--jsx' flag is provided.
apps/docs/app/docs/quickstart/page.tsx(45,7): error TS17004: Cannot use JSX unless the '--jsx' flag is provided.
apps/docs/app/docs/quickstart/page.tsx(55,7): error TS17004: Cannot use JSX unless the '--jsx' flag is provided.
apps/docs/app/docs/quickstart/page.tsx(56,7): error TS17004: Cannot use JSX unless the '--jsx' flag is provided.
apps/docs/app/docs/quickstart/page.tsx(57,9): error TS17004: Cannot use JSX unless the '--jsx' flag is provided.
apps/docs/app/docs/quickstart/page.tsx(59,11): error TS17004: Cannot use JSX unless the '--jsx' flag is provided.
apps/docs/app/docs/quickstart/page.tsx(63,9): error TS17004: Cannot use JSX unless the '--jsx' flag is provided.
apps/docs/app/docs/quickstart/page.tsx(65,11): error TS17004: Cannot use JSX unless the '--jsx' flag is provided.
apps/docs/app/docs/quickstart/page.tsx(70,9): error TS17004: Cannot use JSX unless the '--jsx' flag is provided.
apps/docs/app/docs/quickstart/page.tsx(72,11): error TS17004: Cannot use JSX unless the '--jsx' flag is provided.
apps/docs/app/docs/stability/page.tsx(1,27): error TS2307: Cannot find module '@/components/doc-layout' or its corresponding type declarations.
apps/docs/app/docs/stability/page.tsx(34,5): error TS17004: Cannot use JSX unless the '--jsx' flag is provided.
apps/docs/app/docs/stability/page.tsx(35,7): error TS17004: Cannot use JSX unless the '--jsx' flag is provided.
apps/docs/app/docs/stability/page.tsx(36,31): error TS17004: Cannot use JSX unless the '--jsx' flag is provided.
apps/docs/app/docs/stability/page.tsx(40,7): error TS17004: Cannot use JSX unless the '--jsx' flag is provided.
apps/docs/app/docs/stability/page.tsx(41,9): error TS17004: Cannot use JSX unless the '--jsx' flag is provided.
apps/docs/app/docs/stability/page.tsx(42,11): error TS17004: Cannot use JSX unless the '--jsx' flag is provided.
apps/docs/app/docs/stability/page.tsx(42,45): error TS17004: Cannot use JSX unless the '--jsx' flag is provided.
apps/docs/app/docs/stability/page.tsx(43,11): error TS17004: Cannot use JSX unless the '--jsx' flag is provided.
apps/docs/app/docs/stability/page.tsx(47,7): error TS17004: Cannot use JSX unless the '--jsx' flag is provided.
apps/docs/app/docs/stability/page.tsx(48,7): error TS17004: Cannot use JSX unless the '--jsx' flag is provided.
apps/docs/app/docs/stability/page.tsx(50,11): error TS17004: Cannot use JSX unless the '--jsx' flag is provided.
apps/docs/app/docs/stability/page.tsx(51,13): error TS17004: Cannot use JSX unless the '--jsx' flag is provided.
apps/docs/app/docs/stability/page.tsx(52,13): error TS17004: Cannot use JSX unless the '--jsx' flag is provided.
apps/docs/app/docs/stability/page.tsx(53,13): error TS17004: Cannot use JSX unless the '--jsx' flag is provided.
apps/docs/app/docs/stability/page.tsx(55,17): error TS17004: Cannot use JSX unless the '--jsx' flag is provided.
apps/docs/app/docs/stability/page.tsx(62,7): error TS17004: Cannot use JSX unless the '--jsx' flag is provided.
apps/docs/app/docs/stability/page.tsx(63,7): error TS17004: Cannot use JSX unless the '--jsx' flag is provided.
apps/docs/app/docs/stability/page.tsx(64,7): error TS17004: Cannot use JSX unless the '--jsx' flag is provided.
apps/docs/app/docs/stability/page.tsx(65,9): error TS17004: Cannot use JSX unless the '--jsx' flag is provided.
apps/docs/app/docs/stability/page.tsx(66,11): error TS17004: Cannot use JSX unless the '--jsx' flag is provided.
apps/docs/app/docs/stability/page.tsx(69,9): error TS17004: Cannot use JSX unless the '--jsx' flag is provided.
apps/docs/app/docs/stability/page.tsx(70,11): error TS17004: Cannot use JSX unless the '--jsx' flag is provided.
apps/docs/app/docs/stability/page.tsx(73,9): error TS17004: Cannot use JSX unless the '--jsx' flag is provided.
apps/docs/app/docs/stability/page.tsx(74,11): error TS17004: Cannot use JSX unless the '--jsx' flag is provided.
apps/docs/app/docs/stability/page.tsx(79,7): error TS17004: Cannot use JSX unless the '--jsx' flag is provided.
apps/docs/app/docs/stability/page.tsx(80,7): error TS17004: Cannot use JSX unless the '--jsx' flag is provided.
apps/docs/app/docs/stability/page.tsx(81,9): error TS17004: Cannot use JSX unless the '--jsx' flag is provided.
apps/docs/app/docs/stability/page.tsx(82,11): error TS17004: Cannot use JSX unless the '--jsx' flag is provided.
apps/docs/app/docs/stability/page.tsx(83,13): error TS17004: Cannot use JSX unless the '--jsx' flag is provided.
apps/docs/app/docs/stability/page.tsx(84,13): error TS17004: Cannot use JSX unless the '--jsx' flag is provided.
apps/docs/app/docs/stability/page.tsx(85,13): error TS17004: Cannot use JSX unless the '--jsx' flag is provided.
apps/docs/app/docs/stability/page.tsx(88,9): error TS17004: Cannot use JSX unless the '--jsx' flag is provided.
apps/docs/app/docs/stability/page.tsx(89,11): error TS17004: Cannot use JSX unless the '--jsx' flag is provided.
apps/docs/app/docs/stability/page.tsx(90,13): error TS17004: Cannot use JSX unless the '--jsx' flag is provided.
apps/docs/app/docs/stability/page.tsx(91,13): error TS17004: Cannot use JSX unless the '--jsx' flag is provided.
apps/docs/app/docs/stability/page.tsx(92,15): error TS17004: Cannot use JSX unless the '--jsx' flag is provided.
apps/docs/app/docs/stability/page.tsx(96,13): error TS17004: Cannot use JSX unless the '--jsx' flag is provided.
apps/docs/app/docs/stability/page.tsx(98,11): error TS17004: Cannot use JSX unless the '--jsx' flag is provided.
apps/docs/app/docs/stability/page.tsx(99,13): error TS17004: Cannot use JSX unless the '--jsx' flag is provided.
apps/docs/app/docs/stability/page.tsx(100,13): error TS17004: Cannot use JSX unless the '--jsx' flag is provided.
apps/docs/app/docs/stability/page.tsx(101,15): error TS17004: Cannot use JSX unless the '--jsx' flag is provided.
apps/docs/app/docs/stability/page.tsx(105,13): error TS17004: Cannot use JSX unless the '--jsx' flag is provided.
apps/docs/app/docs/stability/page.tsx(107,11): error TS17004: Cannot use JSX unless the '--jsx' flag is provided.
apps/docs/app/docs/stability/page.tsx(108,13): error TS17004: Cannot use JSX unless the '--jsx' flag is provided.
apps/docs/app/docs/stability/page.tsx(109,13): error TS17004: Cannot use JSX unless the '--jsx' flag is provided.
apps/docs/app/docs/stability/page.tsx(110,15): error TS17004: Cannot use JSX unless the '--jsx' flag is provided.
apps/docs/app/docs/stability/page.tsx(114,13): error TS17004: Cannot use JSX unless the '--jsx' flag is provided.
apps/docs/app/docs/stability/page.tsx(116,11): error TS17004: Cannot use JSX unless the '--jsx' flag is provided.
apps/docs/app/docs/stability/page.tsx(117,13): error TS17004: Cannot use JSX unless the '--jsx' flag is provided.
apps/docs/app/docs/stability/page.tsx(118,13): error TS17004: Cannot use JSX unless the '--jsx' flag is provided.
apps/docs/app/docs/stability/page.tsx(119,15): error TS17004: Cannot use JSX unless the '--jsx' flag is provided.
apps/docs/app/docs/stability/page.tsx(123,13): error TS17004: Cannot use JSX unless the '--jsx' flag is provided.
apps/docs/app/docs/stability/page.tsx(128,7): error TS17004: Cannot use JSX unless the '--jsx' flag is provided.
apps/docs/app/docs/stability/page.tsx(129,7): error TS17004: Cannot use JSX unless the '--jsx' flag is provided.
apps/docs/app/docs/stability/page.tsx(130,7): error TS17004: Cannot use JSX unless the '--jsx' flag is provided.
apps/docs/app/docs/stability/page.tsx(131,9): error TS17004: Cannot use JSX unless the '--jsx' flag is provided.
apps/docs/app/docs/stability/page.tsx(132,9): error TS17004: Cannot use JSX unless the '--jsx' flag is provided.
apps/docs/app/docs/stability/page.tsx(133,9): error TS17004: Cannot use JSX unless the '--jsx' flag is provided.
apps/docs/app/docs/stability/page.tsx(136,7): error TS17004: Cannot use JSX unless the '--jsx' flag is provided.
apps/docs/app/docs/stability/page.tsx(137,7): error TS17004: Cannot use JSX unless the '--jsx' flag is provided.
apps/docs/app/docs/stability/page.tsx(138,9): error TS17004: Cannot use JSX unless the '--jsx' flag is provided.
apps/docs/app/docs/stability/page.tsx(139,11): error TS17004: Cannot use JSX unless the '--jsx' flag is provided.
apps/docs/app/docs/stability/page.tsx(141,9): error TS17004: Cannot use JSX unless the '--jsx' flag is provided.
apps/docs/app/docs/stability/page.tsx(142,11): error TS17004: Cannot use JSX unless the '--jsx' flag is provided.
apps/docs/app/docs/stability/page.tsx(144,9): error TS17004: Cannot use JSX unless the '--jsx' flag is provided.
apps/docs/app/docs/stability/page.tsx(145,11): error TS17004: Cannot use JSX unless the '--jsx' flag is provided.
apps/docs/app/docs/stability/page.tsx(147,9): error TS17004: Cannot use JSX unless the '--jsx' flag is provided.
apps/docs/app/docs/stability/page.tsx(148,11): error TS17004: Cannot use JSX unless the '--jsx' flag is provided.
apps/docs/app/docs/troubleshooting/page.tsx(1,27): error TS2307: Cannot find module '@/components/doc-layout' or its corresponding type declarations.
apps/docs/app/docs/troubleshooting/page.tsx(2,27): error TS2307: Cannot find module '@/components/code-block' or its corresponding type declarations.
apps/docs/app/docs/troubleshooting/page.tsx(29,5): error TS17004: Cannot use JSX unless the '--jsx' flag is provided.
apps/docs/app/docs/troubleshooting/page.tsx(30,7): error TS17004: Cannot use JSX unless the '--jsx' flag is provided.
apps/docs/app/docs/troubleshooting/page.tsx(35,7): error TS17004: Cannot use JSX unless the '--jsx' flag is provided.
apps/docs/app/docs/troubleshooting/page.tsx(37,7): error TS17004: Cannot use JSX unless the '--jsx' flag is provided.
apps/docs/app/docs/troubleshooting/page.tsx(38,7): error TS17004: Cannot use JSX unless the '--jsx' flag is provided.
apps/docs/app/docs/troubleshooting/page.tsx(39,7): error TS17004: Cannot use JSX unless the '--jsx' flag is provided.
apps/docs/app/docs/troubleshooting/page.tsx(43,7): error TS17004: Cannot use JSX unless the '--jsx' flag is provided.
apps/docs/app/docs/troubleshooting/page.tsx(44,7): error TS17004: Cannot use JSX unless the '--jsx' flag is provided.
apps/docs/app/docs/troubleshooting/page.tsx(51,7): error TS17004: Cannot use JSX unless the '--jsx' flag is provided.
apps/docs/app/docs/troubleshooting/page.tsx(56,7): error TS17004: Cannot use JSX unless the '--jsx' flag is provided.
apps/docs/app/docs/troubleshooting/page.tsx(57,7): error TS17004: Cannot use JSX unless the '--jsx' flag is provided.
apps/docs/app/docs/troubleshooting/page.tsx(59,11): error TS17004: Cannot use JSX unless the '--jsx' flag is provided.
apps/docs/app/docs/troubleshooting/page.tsx(60,13): error TS17004: Cannot use JSX unless the '--jsx' flag is provided.
apps/docs/app/docs/troubleshooting/page.tsx(61,13): error TS17004: Cannot use JSX unless the '--jsx' flag is provided.
apps/docs/app/docs/troubleshooting/page.tsx(62,15): error TS17004: Cannot use JSX unless the '--jsx' flag is provided.
apps/docs/app/docs/troubleshooting/page.tsx(64,13): error TS17004: Cannot use JSX unless the '--jsx' flag is provided.
apps/docs/app/docs/troubleshooting/page.tsx(65,15): error TS17004: Cannot use JSX unless the '--jsx' flag is provided.
apps/docs/app/docs/troubleshooting/page.tsx(71,7): error TS17004: Cannot use JSX unless the '--jsx' flag is provided.
apps/docs/app/docs/troubleshooting/page.tsx(72,7): error TS17004: Cannot use JSX unless the '--jsx' flag is provided.
apps/docs/app/docs/troubleshooting/page.tsx(80,7): error TS17004: Cannot use JSX unless the '--jsx' flag is provided.
apps/docs/app/docs/troubleshooting/page.tsx(81,7): error TS17004: Cannot use JSX unless the '--jsx' flag is provided.
apps/docs/app/docs/troubleshooting/page.tsx(82,7): error TS17004: Cannot use JSX unless the '--jsx' flag is provided.
apps/docs/app/docs/troubleshooting/page.tsx(83,9): error TS17004: Cannot use JSX unless the '--jsx' flag is provided.
apps/docs/app/docs/troubleshooting/page.tsx(84,9): error TS17004: Cannot use JSX unless the '--jsx' flag is provided.
apps/docs/app/docs/troubleshooting/page.tsx(85,21): error TS17004: Cannot use JSX unless the '--jsx' flag is provided.
apps/docs/app/docs/troubleshooting/page.tsx(87,9): error TS17004: Cannot use JSX unless the '--jsx' flag is provided.
apps/docs/app/docs/troubleshooting/page.tsx(88,33): error TS17004: Cannot use JSX unless the '--jsx' flag is provided.
apps/docs/app/docs/troubleshooting/page.tsx(90,9): error TS17004: Cannot use JSX unless the '--jsx' flag is provided.
apps/docs/app/docs/troubleshooting/page.tsx(93,7): error TS17004: Cannot use JSX unless the '--jsx' flag is provided.
apps/docs/app/docs/troubleshooting/page.tsx(94,7): error TS17004: Cannot use JSX unless the '--jsx' flag is provided.
apps/docs/app/docs/troubleshooting/page.tsx(95,9): error TS17004: Cannot use JSX unless the '--jsx' flag is provided.
apps/docs/app/docs/troubleshooting/page.tsx(96,11): error TS17004: Cannot use JSX unless the '--jsx' flag is provided.
apps/docs/app/docs/troubleshooting/page.tsx(97,11): error TS17004: Cannot use JSX unless the '--jsx' flag is provided.
apps/docs/app/docs/troubleshooting/page.tsx(104,9): error TS17004: Cannot use JSX unless the '--jsx' flag is provided.
apps/docs/app/docs/troubleshooting/page.tsx(105,11): error TS17004: Cannot use JSX unless the '--jsx' flag is provided.
apps/docs/app/docs/troubleshooting/page.tsx(106,11): error TS17004: Cannot use JSX unless the '--jsx' flag is provided.
apps/docs/app/docs/troubleshooting/page.tsx(113,9): error TS17004: Cannot use JSX unless the '--jsx' flag is provided.
apps/docs/app/docs/troubleshooting/page.tsx(114,11): error TS17004: Cannot use JSX unless the '--jsx' flag is provided.
apps/docs/app/docs/troubleshooting/page.tsx(115,11): error TS17004: Cannot use JSX unless the '--jsx' flag is provided.
apps/docs/app/layout.tsx(1,31): error TS2307: Cannot find module 'next' or its corresponding type declarations.
apps/docs/app/layout.tsx(12,5): error TS17004: Cannot use JSX unless the '--jsx' flag is provided.
apps/docs/app/layout.tsx(13,7): error TS17004: Cannot use JSX unless the '--jsx' flag is provided.
apps/docs/app/page.tsx(1,18): error TS2307: Cannot find module 'next/link' or its corresponding type declarations.
apps/docs/app/page.tsx(2,27): error TS2307: Cannot find module '@/components/code-block' or its corresponding type declarations.
apps/docs/app/page.tsx(6,5): error TS17004: Cannot use JSX unless the '--jsx' flag is provided.
apps/docs/app/page.tsx(8,7): error TS17004: Cannot use JSX unless the '--jsx' flag is provided.
apps/docs/app/page.tsx(9,9): error TS17004: Cannot use JSX unless the '--jsx' flag is provided.
apps/docs/app/page.tsx(10,11): error TS17004: Cannot use JSX unless the '--jsx' flag is provided.
apps/docs/app/page.tsx(11,11): error TS17004: Cannot use JSX unless the '--jsx' flag is provided.
apps/docs/app/page.tsx(16,11): error TS17004: Cannot use JSX unless the '--jsx' flag is provided.
apps/docs/app/page.tsx(17,13): error TS17004: Cannot use JSX unless the '--jsx' flag is provided.
apps/docs/app/page.tsx(23,13): error TS17004: Cannot use JSX unless the '--jsx' flag is provided.
apps/docs/app/page.tsx(34,7): error TS17004: Cannot use JSX unless the '--jsx' flag is provided.
apps/docs/app/page.tsx(35,9): error TS17004: Cannot use JSX unless the '--jsx' flag is provided.
apps/docs/app/page.tsx(36,11): error TS17004: Cannot use JSX unless the '--jsx' flag is provided.
apps/docs/app/page.tsx(37,11): error TS17004: Cannot use JSX unless the '--jsx' flag is provided.
apps/docs/app/page.tsx(51,7): error TS17004: Cannot use JSX unless the '--jsx' flag is provided.
apps/docs/app/page.tsx(52,9): error TS17004: Cannot use JSX unless the '--jsx' flag is provided.
apps/docs/app/page.tsx(53,11): error TS17004: Cannot use JSX unless the '--jsx' flag is provided.
apps/docs/app/page.tsx(54,11): error TS17004: Cannot use JSX unless the '--jsx' flag is provided.
apps/docs/app/page.tsx(65,11): error TS17004: Cannot use JSX unless the '--jsx' flag is provided.
apps/docs/app/page.tsx(66,13): error TS17004: Cannot use JSX unless the '--jsx' flag is provided.
apps/docs/app/page.tsx(74,7): error TS17004: Cannot use JSX unless the '--jsx' flag is provided.
apps/docs/app/page.tsx(75,9): error TS17004: Cannot use JSX unless the '--jsx' flag is provided.
apps/docs/app/page.tsx(76,11): error TS17004: Cannot use JSX unless the '--jsx' flag is provided.
apps/docs/app/page.tsx(77,11): error TS17004: Cannot use JSX unless the '--jsx' flag is provided.
apps/docs/app/page.tsx(78,13): error TS17004: Cannot use JSX unless the '--jsx' flag is provided.
apps/docs/app/page.tsx(82,15): error TS17004: Cannot use JSX unless the '--jsx' flag is provided.
apps/docs/app/page.tsx(83,15): error TS17004: Cannot use JSX unless the '--jsx' flag is provided.
apps/docs/app/page.tsx(87,13): error TS17004: Cannot use JSX unless the '--jsx' flag is provided.
apps/docs/app/page.tsx(91,15): error TS17004: Cannot use JSX unless the '--jsx' flag is provided.
apps/docs/app/page.tsx(92,15): error TS17004: Cannot use JSX unless the '--jsx' flag is provided.
apps/docs/app/page.tsx(96,13): error TS17004: Cannot use JSX unless the '--jsx' flag is provided.
apps/docs/app/page.tsx(100,15): error TS17004: Cannot use JSX unless the '--jsx' flag is provided.
apps/docs/app/page.tsx(101,15): error TS17004: Cannot use JSX unless the '--jsx' flag is provided.
apps/docs/app/page.tsx(105,13): error TS17004: Cannot use JSX unless the '--jsx' flag is provided.
apps/docs/app/page.tsx(109,15): error TS17004: Cannot use JSX unless the '--jsx' flag is provided.
apps/docs/app/page.tsx(110,15): error TS17004: Cannot use JSX unless the '--jsx' flag is provided.
apps/docs/app/page.tsx(114,13): error TS17004: Cannot use JSX unless the '--jsx' flag is provided.
apps/docs/app/page.tsx(118,15): error TS17004: Cannot use JSX unless the '--jsx' flag is provided.
apps/docs/app/page.tsx(119,15): error TS17004: Cannot use JSX unless the '--jsx' flag is provided.
apps/docs/app/page.tsx(123,13): error TS17004: Cannot use JSX unless the '--jsx' flag is provided.
apps/docs/app/page.tsx(127,15): error TS17004: Cannot use JSX unless the '--jsx' flag is provided.
apps/docs/app/page.tsx(128,15): error TS17004: Cannot use JSX unless the '--jsx' flag is provided.
apps/docs/app/page.tsx(137,7): error TS17004: Cannot use JSX unless the '--jsx' flag is provided.
apps/docs/app/page.tsx(138,9): error TS17004: Cannot use JSX unless the '--jsx' flag is provided.
apps/docs/app/page.tsx(139,11): error TS17004: Cannot use JSX unless the '--jsx' flag is provided.
apps/docs/app/page.tsx(140,11): error TS17004: Cannot use JSX unless the '--jsx' flag is provided.
apps/docs/app/page.tsx(144,11): error TS17004: Cannot use JSX unless the '--jsx' flag is provided.
apps/docs/app/page.tsx(145,13): error TS17004: Cannot use JSX unless the '--jsx' flag is provided.
apps/docs/app/page.tsx(151,13): error TS17004: Cannot use JSX unless the '--jsx' flag is provided.
apps/docs/app/page.tsx(162,7): error TS17004: Cannot use JSX unless the '--jsx' flag is provided.
apps/docs/app/page.tsx(163,9): error TS17004: Cannot use JSX unless the '--jsx' flag is provided.
apps/docs/components/code-block.tsx(3,26): error TS2307: Cannot find module 'react' or its corresponding type declarations.
apps/docs/components/code-block.tsx(20,5): error TS17004: Cannot use JSX unless the '--jsx' flag is provided.
apps/docs/components/code-block.tsx(21,7): error TS17004: Cannot use JSX unless the '--jsx' flag is provided.
apps/docs/components/code-block.tsx(22,9): error TS17004: Cannot use JSX unless the '--jsx' flag is provided.
apps/docs/components/code-block.tsx(24,7): error TS17004: Cannot use JSX unless the '--jsx' flag is provided.
apps/docs/components/doc-layout.tsx(1,21): error TS6142: Module './nav' was resolved to 'C:/Users/scott/Documents/GitHub/Reach/apps/docs/components/nav.tsx', but '--jsx' is not set.
apps/docs/components/doc-layout.tsx(11,5): error TS17004: Cannot use JSX unless the '--jsx' flag is provided.
apps/docs/components/doc-layout.tsx(12,7): error TS17004: Cannot use JSX unless the '--jsx' flag is provided.
apps/docs/components/doc-layout.tsx(13,7): error TS17004: Cannot use JSX unless the '--jsx' flag is provided.
apps/docs/components/doc-layout.tsx(14,9): error TS17004: Cannot use JSX unless the '--jsx' flag is provided.
apps/docs/components/doc-layout.tsx(15,9): error TS17004: Cannot use JSX unless the '--jsx' flag is provided.
apps/docs/components/nav.tsx(1,18): error TS2307: Cannot find module 'next/link' or its corresponding type declarations.
apps/docs/components/nav.tsx(18,5): error TS17004: Cannot use JSX unless the '--jsx' flag is provided.
apps/docs/components/nav.tsx(19,7): error TS17004: Cannot use JSX unless the '--jsx' flag is provided.
apps/docs/components/nav.tsx(22,7): error TS17004: Cannot use JSX unless the '--jsx' flag is provided.
apps/docs/components/nav.tsx(24,11): error TS17004: Cannot use JSX unless the '--jsx' flag is provided.
apps/docs/components/nav.tsx(25,13): error TS17004: Cannot use JSX unless the '--jsx' flag is provided.
apps/docs/tailwind.config.ts(1,29): error TS2307: Cannot find module 'tailwindcss' or its corresponding type declarations.
scripts/__tests__/fixtures/clean-component.tsx(4,5): error TS17004: Cannot use JSX unless the '--jsx' flag is provided.
scripts/__tests__/fixtures/clean-component.tsx(5,7): error TS17004: Cannot use JSX unless the '--jsx' flag is provided.
scripts/__tests__/fixtures/clean-component.tsx(6,7): error TS17004: Cannot use JSX unless the '--jsx' flag is provided.
scripts/__tests__/fixtures/clean-component.tsx(7,7): error TS17004: Cannot use JSX unless the '--jsx' flag is provided.
scripts/__tests__/fixtures/escaped-component.tsx(4,5): error TS17004: Cannot use JSX unless the '--jsx' flag is provided.
scripts/__tests__/fixtures/escaped-component.tsx(5,7): error TS17004: Cannot use JSX unless the '--jsx' flag is provided.
scripts/__tests__/fixtures/escaped-component.tsx(7,7): error TS17004: Cannot use JSX unless the '--jsx' flag is provided.
scripts/__tests__/fixtures/violation-component.tsx(4,5): error TS17004: Cannot use JSX unless the '--jsx' flag is provided.
scripts/__tests__/fixtures/violation-component.tsx(5,7): error TS17004: Cannot use JSX unless the '--jsx' flag is provided.
scripts/__tests__/fixtures/violation-component.tsx(6,7): error TS17004: Cannot use JSX unless the '--jsx' flag is provided.
scripts/__tests__/fixtures/violation-component.tsx(7,7): error TS17004: Cannot use JSX unless the '--jsx' flag is provided.
scripts/__tests__/fixtures/violation-component.tsx(8,7): error TS17004: Cannot use JSX unless the '--jsx' flag is provided.
scripts/repo-health.ts(5,34): error TS1470: The 'import.meta' meta-property is not allowed in files which will build into CommonJS output.
scripts/validate-brand.ts(17,34): error TS1470: The 'import.meta' meta-property is not allowed in files which will build into CommonJS output.
scripts/validate-canonical-language.ts(22,34): error TS1470: The 'import.meta' meta-property is not allowed in files which will build into CommonJS output.
scripts/validate-docs-index.ts(5,34): error TS1470: The 'import.meta' meta-property is not allowed in files which will build into CommonJS output.
scripts/validate-simplicity.ts(25,34): error TS1470: The 'import.meta' meta-property is not allowed in files which will build into CommonJS output.
src/cli/doctor-cli.ts(20,33): error TS2307: Cannot find module '@zeo/env' or its corresponding type declarations.
src/cli/doctor-cli.ts(26,17): error TS1309: The current file is a CommonJS module and cannot use 'await' at the top level.
src/cli/doctor-cli.ts(41,41): error TS1470: The 'import.meta' meta-property is not allowed in files which will build into CommonJS output.
src/cli/doctor-cli.ts(1038,13): error TS7006: Parameter 'e' implicitly has an 'any' type.
src/cli/doctor-cli.ts(1166,25): error TS18046: 'e' is of type 'unknown'.
src/cli/llm-cli.ts(54,9): error TS2551: Property 'ZEO_LLM_PROVIDER' does not exist on type 'ReachConfig'. Did you mean 'ZEO_PROVIDER'?
src/cli/llm-cli.ts(61,9): error TS2551: Property 'ZEO_LLM_MODEL' does not exist on type 'ReachConfig'. Did you mean 'ZEO_MODEL'?
src/cli/llm-cli.ts(68,9): error TS2339: Property 'ZEO_LLM_BASE_URL' does not exist on type 'ReachConfig'.
src/cli/llm-cli.ts(74,9): error TS2339: Property 'ZEO_LLM_API_KEY' does not exist on type 'ReachConfig'.
src/cli/llm-cli.ts(80,27): error TS2339: Property 'ZEO_LLM_SEED' does not exist on type 'ReachConfig'.
src/cli/perf-cli.ts(30,8): error TS2307: Cannot find module '@zeo/perf' or its corresponding type declarations.
src/cli/perf-cli.ts(32,3): error TS2305: Module '"@zeo/core"' has no exported member 'makeNegotiationExample'.
src/cli/perf-cli.ts(33,3): error TS2305: Module '"@zeo/core"' has no exported member 'makeOpsExample'.
src/cli/perf-cli.ts(34,3): error TS2305: Module '"@zeo/core"' has no exported member 'runDecision'.
src/cli/perf-cli.ts(35,3): error TS2305: Module '"@zeo/core"' has no exported member 'computeDeterministicSeed'.
src/cli/perf-cli.ts(36,3): error TS2305: Module '"@zeo/core"' has no exported member 'hashDecisionSpec'.
src/cli/perf-cli.ts(37,3): error TS2305: Module '"@zeo/core"' has no exported member 'canonicalizeDecisionSpec'.
src/cli/perf-cli.ts(39,28): error TS2307: Cannot find module '@zeo/replay' or its corresponding type declarations.
src/cli/perf-cli.ts(40,10): error TS2614: Module '"@zeo/contracts"' has no exported member 'ZeoError'. Did you mean to use 'import ZeoError from "@zeo/contracts"' instead?
src/cli/perf-cli.ts(40,45): error TS2614: Module '"@zeo/contracts"' has no exported member 'ReplayOptions'. Did you mean to use 'import ReplayOptions from "@zeo/contracts"' instead?
src/cli/perf-cli.ts(666,34): error TS2339: Property 'cases' does not exist on type 'ReplayDataset'.
src/cli/perf-cli.ts(668,31): error TS2339: Property 'cases' does not exist on type 'ReplayDataset'.
src/cli/perf-cli.ts(669,30): error TS2339: Property 'cases' does not exist on type 'ReplayDataset'.
src/cli/perf-cli.ts(670,53): error TS2339: Property 'cases' does not exist on type 'ReplayDataset'.
src/cli/perf-cli.ts(722,26): error TS2339: Property 'datasetId' does not exist on type 'ReplayDataset'.
src/cli/plugins-cli.ts(60,71): error TS2345: Argument of type 'string | undefined' is not assignable to parameter of type 'string'.
  Type 'undefined' is not assignable to type 'string'.
src/cli/render-cli.ts(40,17): error TS18046: 'policy.id' is of type 'unknown'.
src/cli/render-cli.ts(40,60): error TS18046: 'policy.id' is of type 'unknown'.
src/cli/render-cli.ts(66,9): error TS18046: 'b.severity' is of type 'unknown'.
src/cli/render-cli.ts(66,22): error TS18046: 'a.severity' is of type 'unknown'.
src/cli/render-cli.ts(67,26): error TS2345: Argument of type '{}' is not assignable to parameter of type 'string'.
src/cli/render-cli.ts(68,26): error TS2345: Argument of type 'unknown' is not assignable to parameter of type 'string'.
src/cli/render-cli.ts(80,21): error TS18046: 'b.severity' is of type 'unknown'.
src/cli/render-cli.ts(80,34): error TS18046: 'a.severity' is of type 'unknown'.
src/cli/render-cli.ts(80,65): error TS2345: Argument of type 'unknown' is not assignable to parameter of type 'string'.
src/cli/status-cli.ts(3,37): error TS2307: Cannot find module '@zeo/ledger' or its corresponding type declarations.
src/cli/status-cli.ts(11,33): error TS7006: Parameter 'a' implicitly has an 'any' type.
src/cli/status-cli.ts(14,28): error TS7006: Parameter 'a' implicitly has an 'any' type.
src/cli/status-cli.ts(14,31): error TS7006: Parameter 'b' implicitly has an 'any' type.
src/cli/status-cli.ts(22,19): error TS7006: Parameter 'a' implicitly has an 'any' type.
src/cli/studio-cli.ts(131,27): error TS2339: Property 'loadSnapshot' does not exist on type '{ default: typeof import("C:/Users/scott/Documents/GitHub/Reach/src/core/shim"); activateDeterministicMode(opts: { seed: string; clock?: { now: () => string; timestamp: () => number; } | undefined; }): void; ... 21 more ...; HASH_VERSION: "sha256-cjson-v1"; }'.
src/cli/studio-cli.ts(173,33): error TS2339: Property 'replayRun' does not exist on type '{ default: typeof import("C:/Users/scott/Documents/GitHub/Reach/src/core/shim"); activateDeterministicMode(opts: { seed: string; clock?: { now: () => string; timestamp: () => number; } | undefined; }): void; ... 21 more ...; HASH_VERSION: "sha256-cjson-v1"; }'.
src/cli/studio-cli.ts(188,26): error TS2339: Property 'loadEvidenceGraph' does not exist on type '{ default: typeof import("C:/Users/scott/Documents/GitHub/Reach/src/core/shim"); activateDeterministicMode(opts: { seed: string; clock?: { now: () => string; timestamp: () => number; } | undefined; }): void; ... 21 more ...; HASH_VERSION: "sha256-cjson-v1"; }'.
src/cli/studio-cli.ts(195,31): error TS2339: Property 'getDefaultToolRegistry' does not exist on type '{ default: typeof import("C:/Users/scott/Documents/GitHub/Reach/src/core/shim"); activateDeterministicMode(opts: { seed: string; clock?: { now: () => string; timestamp: () => number; } | undefined; }): void; ... 21 more ...; HASH_VERSION: "sha256-cjson-v1"; }'.
src/cli/workflow-cli.ts(190,5): error TS2353: Object literal may only specify known properties, and 'decisionType' does not exist in type 'DecisionSpec'.
src/cli/workflow-cli.ts(714,30): error TS7006: Parameter 'e' implicitly has an 'any' type.
src/cli/workflow-cli.ts(720,65): error TS7006: Parameter 'f' implicitly has an 'any' type.
src/cli/workflow-cli.ts(747,59): error TS7006: Parameter 'item' implicitly has an 'any' type.
src/cli/workflow-cli.ts(1886,9): error TS2345: Argument of type 'boolean | undefined' is not assignable to parameter of type 'boolean'.
  Type 'undefined' is not assignable to type 'boolean'.
src/cli/workflow-cli.ts(1953,7): error TS2367: This comparison appears to be unintentional because the types '"evidence" | "decision" | "template" | "streaks" | "review"' and '"summary"' have no overlap.
